- 1131569110 2005.11.09 en6 Nov 9 12:45:10 en6/en6 smartd[1971]: Device: /dev/sda, Temperature changed 2 Celsius to 25 Celsius since last report
- 1131569121 2005.11.09 en26 Nov 9 12:45:21 en26/en26 smartd[1973]: Device: /dev/sda, Temperature changed 2 Celsius to 32 Celsius since last report
- 1131569198 2005.11.09 en39 Nov 9 12:46:38 en39/en39 smartd[1971]: Device: /dev/sda, Temperature changed 2 Celsius to 24 Celsius since last report
- 1131569452 2005.11.09 en257 Nov 9 12:50:52 en257/en257 -- root[8815]: ROOT LOGIN ON tty1
- 1131569452 2005.11.09 en257 Nov 9 12:50:52 en257/en257 login(pam_unix)[8815]: session opened for user root by LOGIN(uid=0)
- 1131569465 2005.11.09 en257 Nov 9 12:51:05 en257/en257 login(pam_unix)[8815]: session closed for user root
- 1131570876 2005.11.09 en306 Nov 9 13:14:36 en306/en306 smartd[1960]: Device: /dev/sda, Temperature changed 2 Celsius to 27 Celsius since last report
- 1131570913 2005.11.09 en286 Nov 9 13:15:13 en286/en286 smartd[1971]: Device: /dev/sda, Temperature changed 2 Celsius to 23 Celsius since last report
- 1131570998 2005.11.09 en317 Nov 9 13:16:38 en317/en317 smartd[1971]: Device: /dev/sda, Temperature changed 2 Celsius to 27 Celsius since last report
- 1131570998 2005.11.09 en37 Nov 9 13:16:38 en37/en37 smartd[1976]: Device: /dev/sda, Temperature changed 2 Celsius to 23 Celsius since last report
- 1131570998 2005.11.09 en38 Nov 9 13:16:38 en38/en38 smartd[1976]: Device: /dev/sda, Temperature changed 2 Celsius to 24 Celsius since last report
- 1131571000 2005.11.09 en314 Nov 9 13:16:40 en314/en314 smartd[1971]: Device: /dev/sda, Temperature changed 2 Celsius to 28 Celsius since last report
- 1131571000 2005.11.09 en320 Nov 9 13:16:40 en320/en320 smartd[1973]: Device: /dev/sda, Temperature changed 2 Celsius to 25 Celsius since last report
- 1131571427 2005.11.09 en263 Nov 9 13:23:47 en263/en263 kernel: BIOS-e820: 0000000000000000 - 00000000000a0000 (usable)
- 1131571427 2005.11.09 en263 Nov 9 13:23:47 en263/en263 kernel: BIOS-e820: 0000000000100000 - 00000000bffc0000 (usable)
- 1131571427 2005.11.09 en263 Nov 9 13:23:47 en263/en263 kernel: BIOS-provided physical RAM map:
- 1131571427 2005.11.09 en263 Nov 9 13:23:47 en263/en263 kernel: Bootdata ok (command line is ro root=LABEL=/1 tsc console=tty0 console=ttyS0,19200 rhgb quiet)
- 1131571427 2005.11.09 en263 Nov 9 13:23:47 en263/en263 kernel: Linux version 2.6.9-15.EL.rootsmp (#7#@#9#) (gcc version 3.4.3 20050227 (Red Hat 3.4.3-22.1)) #1 SMP Tue Aug 16 12:32:24 MDT 2005
- 1131571427 2005.11.09 en263 Nov 9 13:23:47 en263/en263 kernel: klogd 1.4.1, log source = /proc/kmsg started.
- 1131571427 2005.11.09 en263 Nov 9 13:23:47 en263/en263 syslog: syslogd startup succeeded
- 1131571427 2005.11.09 en263 Nov 9 13:23:47 en263/en263 syslogd 1.4.1: restart.
- 1131571428 2005.11.09 en263 Nov 9 13:23:48 en263/en263 irqbalance: irqbalance startup succeeded
- 1131571428 2005.11.09 en263 Nov 9 13:23:48 en263/en263 kernel: DMA zone: 4096 pages, LIFO batch:1
- 1131571428 2005.11.09 en263 Nov 9 13:23:48 en263/en263 kernel: HighMem zone: 0 pages, LIFO batch:1
- 1131571428 2005.11.09 en263 Nov 9 13:23:48 en263/en263 kernel: Normal zone: 1830912 pages, LIFO batch:16
- 1131571428 2005.11.09 en263 Nov 9 13:23:48 en263/en263 kernel: BIOS-e820: 00000000bffc0000 - 00000000bffcfc00 (ACPI data)
- 1131571428 2005.11.09 en263 Nov 9 13:23:48 en263/en263 kernel: BIOS-e820: 00000000bffcfc00 - 00000000bffff000 (reserved)
- 1131571428 2005.11.09 en263 Nov 9 13:23:48 en263/en263 kernel: BIOS-e820: 00000000e0000000 - 00000000fec90000 (reserved)
- 1131571428 2005.11.09 en263 Nov 9 13:23:48 en263/en263 kernel: BIOS-e820: 00000000fed00000 - 00000000fed00400 (reserved)
- 1131571428 2005.11.09 en263 Nov 9 13:23:48 en263/en263 kernel: BIOS-e820: 00000000fee00000 - 00000000fee10000 (reserved)
- 1131571428 2005.11.09 en263 Nov 9 13:23:48 en263/en263 kernel: BIOS-e820: 00000000ffb00000 - 0000000100000000 (reserved)
- 1131571428 2005.11.09 en263 Nov 9 13:23:48 en263/en263 kernel: BIOS-e820: 0000000100000000 - 00000001c0000000 (usable)
- 1131571428 2005.11.09 en263 Nov 9 13:23:48 en263/en263 kernel: ACPI: DSDT (v001 DELL PE BKC 0x00000001 MSFT 0x0100000e) @ 0x0000000000000000
- 1131571428 2005.11.09 en263 Nov 9 13:23:48 en263/en263 kernel: ACPI: FADT (v001 DELL PE BKC 0x00000001 MSFT 0x0100000a) @ 0x00000000000fd6b0
- 1131571428 2005.11.09 en263 Nov 9 13:23:48 en263/en263 kernel: ACPI: HPET (v001 DELL PE BKC 0x00000001 MSFT 0x0100000a) @ 0x00000000000fd81c
- 1131571428 2005.11.09 en263 Nov 9 13:23:48 en263/en263 kernel: ACPI: LAPIC (acpi_id[0x01] lapic_id[0x00] enabled)
- 1131571428 2005.11.09 en263 Nov 9 13:23:48 en263/en263 kernel: ACPI: LAPIC (acpi_id[0x02] lapic_id[0x06] enabled)
- 1131571428 2005.11.09 en263 Nov 9 13:23:48 en263/en263 kernel: ACPI: LAPIC (acpi_id[0x03] lapic_id[0x01] disabled)
- 1131571428 2005.11.09 en263 Nov 9 13:23:48 en263/en263 kernel: ACPI: LAPIC (acpi_id[0x04] lapic_id[0x07] disabled)
- 1131571428 2005.11.09 en263 Nov 9 13:23:48 en263/en263 kernel: ACPI: LAPIC_NMI (acpi_id[0x01] high edge lint[0x1])
- 1131571428 2005.11.09 en263 Nov 9 13:23:48 en263/en263 kernel: ACPI: LAPIC_NMI (acpi_id[0x02] high edge lint[0x1])
- 1131571428 2005.11.09 en263 Nov 9 13:23:48 en263/en263 kernel: ACPI: Local APIC address 0xfee00000
- 1131571428 2005.11.09 en263 Nov 9 13:23:48 en263/en263 kernel: ACPI: MADT (v001 DELL PE BKC 0x00000001 MSFT 0x0100000a) @ 0x00000000000fd724
- 1131571428 2005.11.09 en263 Nov 9 13:23:48 en263/en263 kernel: ACPI: MCFG (v001 DELL PE BKC 0x00000001 MSFT 0x0100000a) @ 0x00000000000fd854
- 1131571428 2005.11.09 en263 Nov 9 13:23:48 en263/en263 kernel: ACPI: RSDP (v000 DELL ) @ 0x00000000000fd650
- 1131571428 2005.11.09 en263 Nov 9 13:23:48 en263/en263 kernel: ACPI: RSDT (v001 DELL PE BKC 0x00000001 MSFT 0x0100000a) @ 0x00000000000fd664
- 1131571428 2005.11.09 en263 Nov 9 13:23:48 en263/en263 kernel: ACPI: SPCR (v001 DELL PE BKC 0x00000001 MSFT 0x0100000a) @ 0x00000000000fd7cc
- 1131571428 2005.11.09 en263 Nov 9 13:23:48 en263/en263 kernel: Bootmem setup node 0 0000000000000000-00000001c0000000
- 1131571428 2005.11.09 en263 Nov 9 13:23:48 en263/en263 kernel: DMI 2.3 present.
- 1131571428 2005.11.09 en263 Nov 9 13:23:48 en263/en263 kernel: Faking a node at 0000000000000000-00000001c0000000
- 1131571428 2005.11.09 en263 Nov 9 13:23:48 en263/en263 kernel: No NUMA configuration found
- 1131571428 2005.11.09 en263 Nov 9 13:23:48 en263/en263 kernel: No mptable found.
- 1131571428 2005.11.09 en263 Nov 9 13:23:48 en263/en263 kernel: On node 0 totalpages: 1835008
- 1131571428 2005.11.09 en263 Nov 9 13:23:48 en263/en263 kernel: Processor #0 15:4 APIC version 16
- 1131571428 2005.11.09 en263 Nov 9 13:23:48 en263/en263 kernel: Processor #6 15:4 APIC version 16
- 1131571428 2005.11.09 en263 Nov 9 13:23:48 en263/en263 kernel: Warning: acpi_table_parse(ACPI_SLIT) returned 0!
- 1131571428 2005.11.09 en263 Nov 9 13:23:48 en263/en263 kernel: Warning: acpi_table_parse(ACPI_SRAT) returned 0!
- 1131571428 2005.11.09 en263 Nov 9 13:23:48 en263/en263 nfslock: rpc.statd startup succeeded
- 1131571428 2005.11.09 en263 Nov 9 13:23:48 en263/en263 portmap: portmap startup succeeded
- 1131571428 2005.11.09 en263 Nov 9 13:23:48 en263/en263 rpc.statd[1842]: Version 1.0.6 Starting
- 1131571428 2005.11.09 en263 Nov 9 13:23:48 en263/en263 syslog: klogd startup succeeded
- 1131571429 2005.11.09 en263 Nov 9 13:23:49 en263/en263 kernel: ACPI: HPET id: 0xffffffff base: 0xfed00000
- 1131571429 2005.11.09 en263 Nov 9 13:23:49 en263/en263 kernel: ACPI: INT_SRC_OVR (bus 0 bus_irq 0 global_irq 2 dfl dfl)
- 1131571429 2005.11.09 en263 Nov 9 13:23:49 en263/en263 kernel: ACPI: INT_SRC_OVR (bus 0 bus_irq 9 global_irq 9 high level)
- 1131571429 2005.11.09 en263 Nov 9 13:23:49 en263/en263 kernel: ACPI: IOAPIC (id[0x07] address[0xfec00000] gsi_base[0])
- 1131571429 2005.11.09 en263 Nov 9 13:23:49 en263/en263 kernel: ACPI: IOAPIC (id[0x08] address[0xfec80000] gsi_base[32])
- 1131571429 2005.11.09 en263 Nov 9 13:23:49 en263/en263 kernel: ACPI: IOAPIC (id[0x09] address[0xfec83000] gsi_base[64])
- 1131571429 2005.11.09 en263 Nov 9 13:23:49 en263/en263 kernel: ACPI: IRQ0 used by override.
- 1131571429 2005.11.09 en263 Nov 9 13:23:49 en263/en263 kernel: ACPI: IRQ2 used by override.
- 1131571429 2005.11.09 en263 Nov 9 13:23:49 en263/en263 kernel: ACPI: IRQ9 used by override.
- 1131571429 2005.11.09 en263 Nov 9 13:23:49 en263/en263 kernel: ACPI: LAPIC_NMI (acpi_id[0x03] high edge lint[0x1])
- 1131571429 2005.11.09 en263 Nov 9 13:23:49 en263/en263 kernel: ACPI: LAPIC_NMI (acpi_id[0x04] high edge lint[0x1])
- 1131571429 2005.11.09 en263 Nov 9 13:23:49 en263/en263 kernel: Built 1 zonelists
- 1131571429 2005.11.09 en263 Nov 9 13:23:49 en263/en263 kernel: CPU0: Intel(R) Xeon(TM) CPU 3.60GHz stepping 03
- 1131571429 2005.11.09 en263 Nov 9 13:23:49 en263/en263 kernel: CPU: Hyper-Threading is disabled
- 1131571429 2005.11.09 en263 Nov 9 13:23:49 en263/en263 kernel: CPU: Hyper-Threading is disabled
- 1131571429 2005.11.09 en263 Nov 9 13:23:49 en263/en263 kernel: CPU: L2 cache: 2048K
- 1131571429 2005.11.09 en263 Nov 9 13:23:49 en263/en263 kernel: CPU: L2 cache: 2048K
- 1131571429 2005.11.09 en263 Nov 9 13:23:49 en263/en263 kernel: CPU: Trace cache: 12K uops, L1 D cache: 16K
- 1131571429 2005.11.09 en263 Nov 9 13:23:49 en263/en263 kernel: CPU: Trace cache: 12K uops, L1 D cache: 16K
- 1131571429 2005.11.09 en263 Nov 9 13:23:49 en263/en263 kernel: Calibrating delay loop... 7127.04 BogoMIPS (lpj=3563520)
- 1131571429 2005.11.09 en263 Nov 9 13:23:49 en263/en263 kernel: Capability LSM initialized as secondary
- 1131571429 2005.11.09 en263 Nov 9 13:23:49 en263/en263 kernel: Checking aperture...
- 1131571429 2005.11.09 en263 Nov 9 13:23:49 en263/en263 kernel: Console: colour VGA+ 80x25
- 1131571429 2005.11.09 en263 Nov 9 13:23:49 en263/en263 kernel: Dentry cache hash table entries: 1048576 (order: 11, 8388608 bytes)
- 1131571429 2005.11.09 en263 Nov 9 13:23:49 en263/en263 kernel: IOAPIC[0]: apic_id 7, version 32, address 0xfec00000, GSI 0-23
- 1131571429 2005.11.09 en263 Nov 9 13:23:49 en263/en263 kernel: IOAPIC[1]: apic_id 8, version 32, address 0xfec80000, GSI 32-55
- 1131571429 2005.11.09 en263 Nov 9 13:23:49 en263/en263 kernel: IOAPIC[2]: apic_id 9, version 32, address 0xfec83000, GSI 64-87
- 1131571429 2005.11.09 en263 Nov 9 13:23:49 en263/en263 kernel: Initializing CPU#0
- 1131571429 2005.11.09 en263 Nov 9 13:23:49 en263/en263 kernel: Inode-cache hash table entries: 524288 (order: 10, 4194304 bytes)
- 1131571429 2005.11.09 en263 Nov 9 13:23:49 en263/en263 kernel: Kernel command line: ro root=LABEL=/1 tsc console=tty0 console=ttyS0,19200 rhgb quiet
- 1131571429 2005.11.09 en263 Nov 9 13:23:49 en263/en263 kernel: Memory: 6106088k/7340032k available (2076k kernel code, 0k reserved, 1278k data, 188k init)
- 1131571429 2005.11.09 en263 Nov 9 13:23:49 en263/en263 kernel: Mount-cache hash table entries: 256 (order: 0, 4096 bytes)
- 1131571429 2005.11.09 en263 Nov 9 13:23:49 en263/en263 kernel: PID hash table entries: 4096 (order: 12, 131072 bytes)
- 1131571429 2005.11.09 en263 Nov 9 13:23:49 en263/en263 kernel: Placing software IO TLB between 0x7eb5000 - 0xbeb5000
- 1131571429 2005.11.09 en263 Nov 9 13:23:49 en263/en263 kernel: SELinux: Initializing.
- 1131571429 2005.11.09 en263 Nov 9 13:23:49 en263/en263 kernel: SELinux: Starting in permissive mode
- 1131571429 2005.11.09 en263 Nov 9 13:23:49 en263/en263 kernel: Security Scaffold v1.0.0 initialized
- 1131571429 2005.11.09 en263 Nov 9 13:23:49 en263/en263 kernel: Setting APIC routing to flat
- 1131571429 2005.11.09 en263 Nov 9 13:23:49 en263/en263 kernel: There is already a security framework initialized, register_security failed.
- 1131571429 2005.11.09 en263 Nov 9 13:23:49 en263/en263 kernel: Using ACPI (MADT) for SMP configuration information
- 1131571429 2005.11.09 en263 Nov 9 13:23:49 en263/en263 kernel: Using IO APIC NMI watchdog
- 1131571429 2005.11.09 en263 Nov 9 13:23:49 en263/en263 kernel: per-CPU timeslice cutoff: 851.47 usecs.
- 1131571429 2005.11.09 en263 Nov 9 13:23:49 en263/en263 kernel: selinux_register_security: Registering secondary module capability
- 1131571429 2005.11.09 en263 Nov 9 13:23:49 en263/en263 kernel: time.c: Detected 3591.142 MHz processor.
- 1131571429 2005.11.09 en263 Nov 9 13:23:49 en263/en263 kernel: time.c: Using 14.318180 MHz HPET timer.
- 1131571429 2005.11.09 en263 Nov 9 13:23:49 en263/en263 kernel: using mwait in idle threads.
- 1131571429 2005.11.09 en263 Nov 9 13:23:49 en263/en263 rc: Starting ts_fixup: succeeded
- 1131571429 2005.11.09 en263 Nov 9 13:23:49 en263/en263 rpcidmapd: rpc.idmapd startup succeeded
- 1131571429 2005.11.09 en263 Nov 9 13:23:49 en263/en263 ts_fixup:
- 1131571429 2005.11.09 en263 Nov 9 13:23:49 en263/en263 ts_fixup: Creating Topspin /dev entries:
- 1131571430 2005.11.09 en263 Nov 9 13:23:50 en263/en263 kernel: Intel(R) Xeon(TM) CPU 3.60GHz stepping 03
- 1131571430 2005.11.09 en263 Nov 9 13:23:50 en263/en263 kernel: ACPI: Interpreter enabled
- 1131571430 2005.11.09 en263 Nov 9 13:23:50 en263/en263 kernel: ACPI: PCI Interrupt Routing Table [\_SB_.PCI0._PRT]
- 1131571430 2005.11.09 en263 Nov 9 13:23:50 en263/en263 kernel: ACPI: PCI Root Bridge [PCI0] (00:00)
- 1131571430 2005.11.09 en263 Nov 9 13:23:50 en263/en263 kernel: ACPI: Subsystem revision 20040816
- 1131571430 2005.11.09 en263 Nov 9 13:23:50 en263/en263 kernel: ACPI: Using IOAPIC for interrupt routing
- 1131571430 2005.11.09 en263 Nov 9 13:23:50 en263/en263 kernel: Booting processor 1/6 rip 6000 rsp 100bff05f58
- 1131571430 2005.11.09 en263 Nov 9 13:23:50 en263/en263 kernel: Brought up 2 CPUs
- 1131571430 2005.11.09 en263 Nov 9 13:23:50 en263/en263 kernel: CPU: Hyper-Threading is disabled
- 1131571430 2005.11.09 en263 Nov 9 13:23:50 en263/en263 kernel: CPU: L2 cache: 2048K
- 1131571430 2005.11.09 en263 Nov 9 13:23:50 en263/en263 kernel: CPU: Trace cache: 12K uops, L1 D cache: 16K
- 1131571430 2005.11.09 en263 Nov 9 13:23:50 en263/en263 kernel: Calibrating delay loop... 7176.19 BogoMIPS (lpj=3588096)
- 1131571430 2005.11.09 en263 Nov 9 13:23:50 en263/en263 kernel: Detected 12.469 MHz APIC timer.
- 1131571430 2005.11.09 en263 Nov 9 13:23:50 en263/en263 kernel: Initializing CPU#1
- 1131571430 2005.11.09 en263 Nov 9 13:23:50 en263/en263 kernel: NET: Registered protocol family 16
- 1131571430 2005.11.09 en263 Nov 9 13:23:50 en263/en263 kernel: PCI: Probing PCI hardware (bus 00)
- 1131571430 2005.11.09 en263 Nov 9 13:23:50 en263/en263 kernel: PCI: Transparent bridge - 0000:00:1e.0
- 1131571430 2005.11.09 en263 Nov 9 13:23:50 en263/en263 kernel: PCI: Using MMCONFIG at e0000000
- 1131571430 2005.11.09 en263 Nov 9 13:23:50 en263/en263 kernel: PCI: Using configuration type 1
- 1131571430 2005.11.09 en263 Nov 9 13:23:50 en263/en263 kernel: Total of 2 processors activated (14303.23 BogoMIPS).
- 1131571430 2005.11.09 en263 Nov 9 13:23:50 en263/en263 kernel: Using local APIC timer interrupts.
- 1131571430 2005.11.09 en263 Nov 9 13:23:50 en263/en263 kernel: activating NMI Watchdog ... done.
- 1131571430 2005.11.09 en263 Nov 9 13:23:50 en263/en263 kernel: checking TSC synchronization across 2 CPUs: passed.
- 1131571430 2005.11.09 en263 Nov 9 13:23:50 en263/en263 kernel: checking if image is initramfs... it is
- 1131571430 2005.11.09 en263 Nov 9 13:23:50 en263/en263 kernel: mtrr: v2.0 (20020519)
- 1131571430 2005.11.09 en263 Nov 9 13:23:50 en263/en263 kernel: task migration cache decay timeout: 1 msecs.
- 1131571430 2005.11.09 en263 Nov 9 13:23:50 en263/en263 kernel: testing NMI watchdog ... OK.
- 1131571430 2005.11.09 en263 Nov 9 13:23:50 en263/en263 kernel: time.c: Using HPET based timekeeping.
- 1131571430 2005.11.09 en263 Nov 9 13:23:50 en263/en263 rc.sysinit: -e
- 1131571430 2005.11.09 en263 Nov 9 13:23:50 en263/en263 start_udev: Starting udev: succeeded
- 1131571430 2005.11.09 en263 Nov 9 13:23:50 en263/en263 sysctl: kernel.core_uses_pid = 1
- 1131571430 2005.11.09 en263 Nov 9 13:23:50 en263/en263 sysctl: kernel.sysrq = 0
- 1131571430 2005.11.09 en263 Nov 9 13:23:50 en263/en263 sysctl: net.core.rmem_default = 262144
- 1131571430 2005.11.09 en263 Nov 9 13:23:50 en263/en263 sysctl: net.core.rmem_max = 262144
- 1131571430 2005.11.09 en263 Nov 9 13:23:50 en263/en263 sysctl: net.core.wmem_default = 262144
- 1131571430 2005.11.09 en263 Nov 9 13:23:50 en263/en263 sysctl: net.core.wmem_max = 262144
- 1131571430 2005.11.09 en263 Nov 9 13:23:50 en263/en263 sysctl: net.ipv4.conf.default.accept_source_route = 0
- 1131571430 2005.11.09 en263 Nov 9 13:23:50 en263/en263 sysctl: net.ipv4.conf.default.rp_filter = 1
- 1131571430 2005.11.09 en263 Nov 9 13:23:50 en263/en263 sysctl: net.ipv4.ip_forward = 0
- 1131571430 2005.11.09 en263 Nov 9 13:23:50 en263/en263 sysctl: net.ipv4.neigh.default.gc_thresh3 = 8192
- 1131571430 2005.11.09 en263 Nov 9 13:23:50 en263/en263 udevsend[881]: starting udevd daemon
- 1131571431 2005.11.09 en263 Nov 9 13:23:51 en263/en263 date: Thu Nov 10 04:23:43 MST 2005
- 1131571431 2005.11.09 en263 Nov 9 13:23:51 en263/en263 fsck: /1: clean, 179578/1026144 files, 1020777/2048287 blocks
- 1131571431 2005.11.09 en263 Nov 9 13:23:51 en263/en263 fsck: Checking all file systems.
- 1131571431 2005.11.09 en263 Nov 9 13:23:51 en263/en263 fsck: [/sbin/fsck.ext3 (1) -- /] fsck.ext3 -a /dev/sda3
- 1131571431 2005.11.09 en263 Nov 9 13:23:51 en263/en263 fsck: [/sbin/fsck.ext3 (1) -- /boot] fsck.ext3 -a /dev/sda1
- 1131571431 2005.11.09 en263 Nov 9 13:23:51 en263/en263 kernel: ACPI: PCI Interrupt Link [LNKA] (IRQs 3 4 5 6 7 10 11 12) *15
- 1131571431 2005.11.09 en263 Nov 9 13:23:51 en263/en263 kernel: ACPI: PCI Interrupt Link [LNKB] (IRQs 3 4 5 6 *7 10 11 12)
- 1131571431 2005.11.09 en263 Nov 9 13:23:51 en263/en263 kernel: ACPI: PCI Interrupt Link [LNKC] (IRQs 3 4 5 6 7 10 *11 12)
- 1131571431 2005.11.09 en263 Nov 9 13:23:51 en263/en263 kernel: ACPI: PCI Interrupt Link [LNKD] (IRQs 3 4 5 6 7 10 11 12) *14
- 1131571431 2005.11.09 en263 Nov 9 13:23:51 en263/en263 kernel: ACPI: PCI Interrupt Link [LNKE] (IRQs 3 4 5 6 7 10 11 12) *0, disabled.
- 1131571431 2005.11.09 en263 Nov 9 13:23:51 en263/en263 kernel: ACPI: PCI Interrupt Link [LNKF] (IRQs 3 4 5 6 7 10 11 12) *0, disabled.
- 1131571431 2005.11.09 en263 Nov 9 13:23:51 en263/en263 kernel: ACPI: PCI Interrupt Link [LNKG] (IRQs 3 4 5 6 7 10 11 12) *0, disabled.
- 1131571431 2005.11.09 en263 Nov 9 13:23:51 en263/en263 kernel: ACPI: PCI Interrupt Link [LNKH] (IRQs 3 4 5 6 7 *10 11 12)
- 1131571431 2005.11.09 en263 Nov 9 13:23:51 en263/en263 kernel: ACPI: PCI Interrupt Routing Table [\_SB_.PCI0.PALO.DOBA._PRT]
- 1131571431 2005.11.09 en263 Nov 9 13:23:51 en263/en263 kernel: ACPI: PCI Interrupt Routing Table [\_SB_.PCI0.PALO.DOBB._PRT]
- 1131571431 2005.11.09 en263 Nov 9 13:23:51 en263/en263 kernel: ACPI: PCI Interrupt Routing Table [\_SB_.PCI0.PALO._PRT]
- 1131571431 2005.11.09 en263 Nov 9 13:23:51 en263/en263 kernel: ACPI: PCI Interrupt Routing Table [\_SB_.PCI0.PBHI.PXB1._PRT]
- 1131571431 2005.11.09 en263 Nov 9 13:23:51 en263/en263 kernel: ACPI: PCI Interrupt Routing Table [\_SB_.PCI0.PBHI.PXB2._PRT]
- 1131571431 2005.11.09 en263 Nov 9 13:23:51 en263/en263 kernel: ACPI: PCI Interrupt Routing Table [\_SB_.PCI0.PBHI._PRT]
- 1131571431 2005.11.09 en263 Nov 9 13:23:51 en263/en263 kernel: ACPI: PCI Interrupt Routing Table [\_SB_.PCI0.PBLO._PRT]
- 1131571431 2005.11.09 en263 Nov 9 13:23:51 en263/en263 kernel: ACPI: PCI Interrupt Routing Table [\_SB_.PCI0.PICH._PRT]
- 1131571431 2005.11.09 en263 Nov 9 13:23:51 en263/en263 kernel: ACPI: PCI Interrupt Routing Table [\_SB_.PCI0.VPR0._PRT]
- 1131571431 2005.11.09 en263 Nov 9 13:23:51 en263/en263 kernel: usbcore: registered new driver usbfs
- 1131571431 2005.11.09 en263 Nov 9 13:23:51 en263/en263 lvm.static: No volume groups found
- 1131571431 2005.11.09 en263 Nov 9 13:23:51 en263/en263 mount: mount.panfs error: mount request rejected because client-realm clock skew exceeds 10 seconds
- 1131571431 2005.11.09 en263 Nov 9 13:23:51 en263/en263 netfs: Mounting NFS filesystems: succeeded
- 1131571431 2005.11.09 en263 Nov 9 13:23:51 en263/en263 netfs: Mounting other filesystems: failed
- 1131571431 2005.11.09 en263 Nov 9 13:23:51 en263/en263 rc.sysinit: Checking root filesystem succeeded
- 1131571431 2005.11.09 en263 Nov 9 13:23:51 en263/en263 rc.sysinit: Configuring kernel parameters: succeeded
- 1131571431 2005.11.09 en263 Nov 9 13:23:51 en263/en263 rc.sysinit: Remounting root filesystem in read-write mode: succeeded
- 1131571431 2005.11.09 en263 Nov 9 13:23:51 en263/en263 rc.sysinit: Setting clock (localtime): Thu Nov 10 04:23:43 MST 2005 succeeded
- 1131571431 2005.11.09 en263 Nov 9 13:23:51 en263/en263 rc.sysinit: Setting hostname en263: succeeded
- 1131571431 2005.11.09 en263 Nov 9 13:23:51 en263/en263 rc.sysinit: Setting up Logical Volume Management: succeeded
- 1131571431 2005.11.09 en263 Nov 9 13:23:51 en263/en263 sysctl: fs.file-max = 562454
- 1131571431 2005.11.09 en263 Nov 9 13:23:51 en263/en263 sysctl: kernel.sysrq = 1
- 1131571431 2005.11.09 en263 Nov 9 13:23:51 en263/en263 sysctl: net.ipv4.neigh.default.gc_thresh1 = 8192
- 1131571431 2005.11.09 en263 Nov 9 13:23:51 en263/en263 sysctl: net.ipv4.neigh.default.gc_thresh2 = 8192
- 1131571431 2005.11.09 en263 Nov 9 13:23:51 en263/en263 sysctl: net.ipv4.route.gc_thresh = 8192
- 1131571432 2005.11.09 en263 Nov 9 13:23:52 en263/en263 fsck: /boot1: clean, 42/64256 files, 24969/257008 blocks
- 1131571432 2005.11.09 en263 Nov 9 13:23:52 en263/en263 fsck: /boot1: recovering journal
- 1131571432 2005.11.09 en263 Nov 9 13:23:52 en263/en263 fsck: /tmp1: clean, 19/4964352 files, 176275/9920129 blocks
- 1131571432 2005.11.09 en263 Nov 9 13:23:52 en263/en263 fsck: /tmp1: recovering journal
- 1131571432 2005.11.09 en263 Nov 9 13:23:52 en263/en263 fsck: /var1: clean, 3722/1281696 files, 90173/2560351 blocks
- 1131571432 2005.11.09 en263 Nov 9 13:23:52 en263/en263 fsck: /var1: recovering journal
- 1131571432 2005.11.09 en263 Nov 9 13:23:52 en263/en263 fsck: [/sbin/fsck.ext3 (1) -- /tmp] fsck.ext3 -a /dev/sda6
- 1131571432 2005.11.09 en263 Nov 9 13:23:52 en263/en263 fsck: [/sbin/fsck.ext3 (1) -- /var] fsck.ext3 -a /dev/sda5
- 1131571432 2005.11.09 en263 Nov 9 13:23:52 en263/en263 kernel: ACPI: PCI interrupt 0000:00:02.0[A] -> GSI 16 (level, low) -> IRQ 169
- 1131571432 2005.11.09 en263 Nov 9 13:23:52 en263/en263 kernel: ACPI: PCI interrupt 0000:00:04.0[A] -> GSI 16 (level, low) -> IRQ 169
- 1131571432 2005.11.09 en263 Nov 9 13:23:52 en263/en263 kernel: ACPI: PCI interrupt 0000:00:05.0[A] -> GSI 16 (level, low) -> IRQ 169
- 1131571432 2005.11.09 en263 Nov 9 13:23:52 en263/en263 kernel: ACPI: PCI interrupt 0000:00:06.0[A] -> GSI 16 (level, low) -> IRQ 169
- 1131571432 2005.11.09 en263 Nov 9 13:23:52 en263/en263 kernel: ACPI: PCI interrupt 0000:00:1d.0[A] -> GSI 16 (level, low) -> IRQ 169
- 1131571432 2005.11.09 en263 Nov 9 13:23:52 en263/en263 kernel: ACPI: PCI interrupt 0000:00:1d.1[B] -> GSI 19 (level, low) -> IRQ 177
- 1131571432 2005.11.09 en263 Nov 9 13:23:52 en263/en263 kernel: ACPI: PCI interrupt 0000:00:1d.2[C] -> GSI 18 (level, low) -> IRQ 185
- 1131571432 2005.11.09 en263 Nov 9 13:23:52 en263/en263 kernel: ACPI: PCI interrupt 0000:00:1d.7[D] -> GSI 23 (level, low) -> IRQ 193
- 1131571432 2005.11.09 en263 Nov 9 13:23:52 en263/en263 kernel: ACPI: PCI interrupt 0000:02:05.0[A] -> GSI 34 (level, low) -> IRQ 201
- 1131571432 2005.11.09 en263 Nov 9 13:23:52 en263/en263 kernel: ACPI: PCI interrupt 0000:06:07.0[A] -> GSI 64 (level, low) -> IRQ 209
- 1131571432 2005.11.09 en263 Nov 9 13:23:52 en263/en263 kernel: PCI: Using ACPI for IRQ routing
- 1131571432 2005.11.09 en263 Nov 9 13:23:52 en263/en263 kernel: usbcore: registered new driver hub
- 1131571432 2005.11.09 en263 Nov 9 13:23:52 en263/en263 mount.panfs: bindcache: failed init IPS: 0x5 (Out of memory)
- 1131571432 2005.11.09 en263 Nov 9 13:23:52 en263/en263 mount.panfs: pan_ips: error -- cfg target addresses, 0x5 (Out of memory), err_loc=1, rhel_4_amd64/release/build/panfs/ips/pan_ips_cfg.c:294
- 1131571432 2005.11.09 en263 Nov 9 13:23:52 en263/en263 mount: bindcache: failed init IPS: 0x5 (Out of memory)
- 1131571432 2005.11.09 en263 Nov 9 13:23:52 en263/en263 rc.sysinit: Checking filesystems succeeded
- 1131571432 2005.11.09 en263 Nov 9 13:23:52 en263/en263 rc: Starting lm_sensors: succeeded
- 1131571432 2005.11.09 en263 Nov 9 13:23:52 en263/en263 smartd[1954]: [trip Temperature is 68 Celsius]
- 1131571432 2005.11.09 en263 Nov 9 13:23:52 en263/en263 smartd[1954]: Configuration file /etc/smartd.conf parsed.
- 1131571432 2005.11.09 en263 Nov 9 13:23:52 en263/en263 smartd[1954]: Device: /dev/sda, initial Temperature is 18 Celsius
- 1131571432 2005.11.09 en263 Nov 9 13:23:52 en263/en263 smartd[1954]: Device: /dev/sda, is SMART capable. Adding to "monitor" list.
- 1131571432 2005.11.09 en263 Nov 9 13:23:52 en263/en263 smartd[1954]: Device: /dev/sda, opened
- 1131571432 2005.11.09 en263 Nov 9 13:23:52 en263/en263 smartd[1954]: Home page is http://#20#/
- 1131571432 2005.11.09 en263 Nov 9 13:23:52 en263/en263 smartd[1954]: Monitoring 0 ATA and 1 SCSI devices
- 1131571432 2005.11.09 en263 Nov 9 13:23:52 en263/en263 smartd[1954]: Opened configuration file /etc/smartd.conf
- 1131571432 2005.11.09 en263 Nov 9 13:23:52 en263/en263 smartd[1954]: smartd version 5.33 [x86_64-redhat-linux-gnu] Copyright (C) 2002-4 Bruce Allen
- 1131571433 2005.11.09 en263 Nov 9 13:23:53 en263/en263 acpid: acpid startup succeeded
- 1131571433 2005.11.09 en263 Nov 9 13:23:53 en263/en263 init: Entering runlevel: 3
- 1131571433 2005.11.09 en263 Nov 9 13:23:53 en263/en263 kernel: ACPI: PCI interrupt 0000:07:08.0[A] -> GSI 65 (level, low) -> IRQ 217
- 1131571433 2005.11.09 en263 Nov 9 13:23:53 en263/en263 kernel: ACPI: PCI interrupt 0000:08:00.0[A] -> GSI 16 (level, low) -> IRQ 169
- 1131571433 2005.11.09 en263 Nov 9 13:23:53 en263/en263 kernel: ACPI: PCI interrupt 0000:09:0d.0[A] -> GSI 18 (level, low) -> IRQ 185
- 1131571433 2005.11.09 en263 Nov 9 13:23:53 en263/en263 kernel: IA32 emulation $Id: sys_ia32.c,v 1.32 2002/03/24 13:02:28 ak Exp $
- 1131571433 2005.11.09 en263 Nov 9 13:23:53 en263/en263 kernel: PCI-DMA: Using software bounce buffering for IO (SWIOTLB)
- 1131571433 2005.11.09 en263 Nov 9 13:23:53 en263/en263 kernel: Total HugeTLB memory allocated, 0
- 1131571433 2005.11.09 en263 Nov 9 13:23:53 en263/en263 kernel: VFS: Disk quotas dquot_6.5.1
- 1131571433 2005.11.09 en263 Nov 9 13:23:53 en263/en263 kernel: audit(1131596598.371:1): initialized
- 1131571433 2005.11.09 en263 Nov 9 13:23:53 en263/en263 kernel: audit: initializing netlink socket (disabled)
- 1131571433 2005.11.09 en263 Nov 9 13:23:53 en263/en263 mount: debug: could not init rm_client: 0x5 (Out of memory)
- 1131571433 2005.11.09 en263 Nov 9 13:23:53 en263/en263 mount: mount.panfs: cannot init pan_fm_util_path_util module: 0x5 (Out of memory)
- 1131571433 2005.11.09 en263 Nov 9 13:23:53 en263/en263 rc.sysinit: Enabling local filesystem quotas: succeeded
- 1131571433 2005.11.09 en263 Nov 9 13:23:53 en263/en263 rc.sysinit: Enabling swap space: succeeded
- 1131571433 2005.11.09 en263 Nov 9 13:23:53 en263/en263 rc.sysinit: Mounting local filesystems: failed
- 1131571433 2005.11.09 en263 Nov 9 13:23:53 en263/en263 smartd: smartd startup succeeded
- 1131571433 2005.11.09 en263 Nov 9 13:23:53 en263/en263 smartd[1956]: smartd has fork()ed into background mode. New PID=1956.
- 1131571433 2005.11.09 en263 Nov 9 13:23:53 en263/en263 sysctl: net.ipv4.conf.default.rp_filter = 1
- 1131571433 2005.11.09 en263 Nov 9 13:23:53 en263/en263 sysctl: net.ipv4.ip_forward = 0
- 1131571434 2005.11.09 en263 Nov 9 13:23:54 en263/en263 instsvcdrv: dcdbas device driver loaded
- 1131571434 2005.11.09 en263 Nov 9 13:23:54 en263/en263 kernel: - Added public key EA232A604969C61D
- 1131571434 2005.11.09 en263 Nov 9 13:23:54 en263/en263 kernel: - User ID: Red Hat, Inc. (Kernel Module GPG key)
- 1131571434 2005.11.09 en263 Nov 9 13:23:54 en263/en263 kernel: ACPI: Processor [CPU0] (supports C1)
- 1131571434 2005.11.09 en263 Nov 9 13:23:54 en263/en263 kernel: ACPI: Processor [CPU1] (supports C1)
- 1131571434 2005.11.09 en263 Nov 9 13:23:54 en263/en263 kernel: Dquot-cache hash table entries: 512 (order 0, 4096 bytes)
- 1131571434 2005.11.09 en263 Nov 9 13:23:54 en263/en263 kernel: Initializing Cryptographic API
- 1131571434 2005.11.09 en263 Nov 9 13:23:54 en263/en263 kernel: Intel E7520/7320/7525 detected.<6>pci_hotplug: PCI Hot Plug PCI Core version: 0.5
- 1131571434 2005.11.09 en263 Nov 9 13:23:54 en263/en263 kernel: Loading keyring
- 1131571434 2005.11.09 en263 Nov 9 13:23:54 en263/en263 kernel: SELinux: Registering netfilter hooks
- 1131571434 2005.11.09 en263 Nov 9 13:23:54 en263/en263 kernel: ksign: Installing public key data
- 1131571434 2005.11.09 en263 Nov 9 13:23:54 en263/en263 snmpd: snmpd startup succeeded
- 1131571434 2005.11.09 en263 Nov 9 13:23:54 en263/en263 sysctl: kernel.core_uses_pid = 1
- 1131571434 2005.11.09 en263 Nov 9 13:23:54 en263/en263 sysctl: kernel.sysrq = 0
- 1131571434 2005.11.09 en263 Nov 9 13:23:54 en263/en263 sysctl: net.core.rmem_default = 262144
- 1131571434 2005.11.09 en263 Nov 9 13:23:54 en263/en263 sysctl: net.core.rmem_max = 262144
- 1131571434 2005.11.09 en263 Nov 9 13:23:54 en263/en263 sysctl: net.core.wmem_default = 262144
- 1131571434 2005.11.09 en263 Nov 9 13:23:54 en263/en263 sysctl: net.core.wmem_max = 262144
- 1131571434 2005.11.09 en263 Nov 9 13:23:54 en263/en263 sysctl: net.ipv4.conf.default.accept_source_route = 0
- 1131571434 2005.11.09 en263 Nov 9 13:23:54 en263/en263 sysctl: net.ipv4.neigh.default.gc_thresh1 = 8192
- 1131571434 2005.11.09 en263 Nov 9 13:23:54 en263/en263 sysctl: net.ipv4.neigh.default.gc_thresh2 = 8192
- 1131571434 2005.11.09 en263 Nov 9 13:23:54 en263/en263 sysctl: net.ipv4.neigh.default.gc_thresh3 = 8192
- 1131571435 2005.11.09 en263 Nov 9 13:23:55 en263/en263 kernel: IP: routing cache hash table of 32768 buckets, 512Kbytes
- 1131571435 2005.11.09 en263 Nov 9 13:23:55 en263/en263 kernel: Initializing IPsec netlink socket
- 1131571435 2005.11.09 en263 Nov 9 13:23:55 en263/en263 kernel: Linux agpgart interface v0.100 (c) Dave Jones
- 1131571435 2005.11.09 en263 Nov 9 13:23:55 en263/en263 kernel: NET: Registered protocol family 2
- 1131571435 2005.11.09 en263 Nov 9 13:23:55 en263/en263 kernel: Probing IDE interface ide0...
- 1131571435 2005.11.09 en263 Nov 9 13:23:55 en263/en263 kernel: Probing IDE interface ide1...
- 1131571435 2005.11.09 en263 Nov 9 13:23:55 en263/en263 kernel: Probing IDE interface ide2...
- 1131571435 2005.11.09 en263 Nov 9 13:23:55 en263/en263 kernel: Probing IDE interface ide3...
- 1131571435 2005.11.09 en263 Nov 9 13:23:55 en263/en263 kernel: Probing IDE interface ide4...
- 1131571435 2005.11.09 en263 Nov 9 13:23:55 en263/en263 kernel: Probing IDE interface ide5...
- 1131571435 2005.11.09 en263 Nov 9 13:23:55 en263/en263 kernel: RAMDISK driver initialized: 16 RAM disks of 16384K size 1024 blocksize
- 1131571435 2005.11.09 en263 Nov 9 13:23:55 en263/en263 kernel: Real Time Clock Driver v1.12
- 1131571435 2005.11.09 en263 Nov 9 13:23:55 en263/en263 kernel: Serial: 8250/16550 driver $Revision: 1.90 $ 8 ports, IRQ sharing enabled
- 1131571435 2005.11.09 en263 Nov 9 13:23:55 en263/en263 kernel: TCP: Hash tables configured (established 262144 bind 65536)
- 1131571435 2005.11.09 en263 Nov 9 13:23:55 en263/en263 kernel: Uniform Multi-Platform E-IDE driver Revision: 7.00alpha2
- 1131571435 2005.11.09 en263 Nov 9 13:23:55 en263/en263 kernel: divert: not allocating divert_blk for non-ethernet device lo
- 1131571435 2005.11.09 en263 Nov 9 13:23:55 en263/en263 kernel: drivers/usb/input/hid-core.c: v2.0:USB HID core driver
- 1131571435 2005.11.09 en263 Nov 9 13:23:55 en263/en263 kernel: ide-floppy driver 0.99.newide
- 1131571435 2005.11.09 en263 Nov 9 13:23:55 en263/en263 kernel: ide: Assuming 33MHz system bus speed for PIO modes; override with idebus=xx
- 1131571435 2005.11.09 en263 Nov 9 13:23:55 en263/en263 kernel: input: AT Translated Set 2 keyboard on isa0060/serio0
- 1131571435 2005.11.09 en263 Nov 9 13:23:55 en263/en263 kernel: md: md driver 0.90.0 MAX_MD_DEVS=256, MD_SB_DISKS=27
- 1131571435 2005.11.09 en263 Nov 9 13:23:55 en263/en263 kernel: mice: PS/2 mouse device common for all mice
- 1131571435 2005.11.09 en263 Nov 9 13:23:55 en263/en263 kernel: serio: i8042 AUX port at 0x60,0x64 irq 12
- 1131571435 2005.11.09 en263 Nov 9 13:23:55 en263/en263 kernel: serio: i8042 KBD port at 0x60,0x64 irq 1
- 1131571435 2005.11.09 en263 Nov 9 13:23:55 en263/en263 kernel: ttyS0 at I/O 0x3f8 (irq = 4) is a 16550A
- 1131571435 2005.11.09 en263 Nov 9 13:23:55 en263/en263 kernel: usbcore: registered new driver hiddev
- 1131571435 2005.11.09 en263 Nov 9 13:23:55 en263/en263 kernel: usbcore: registered new driver usbhid
- 1131571435 2005.11.09 en263 Nov 9 13:23:55 en263/en263 network: Bringing up interface eth0: succeeded
- 1131571435 2005.11.09 en263 Nov 9 13:23:55 en263/en263 network: Bringing up interface ib0: succeeded
- 1131571435 2005.11.09 en263 Nov 9 13:23:55 en263/en263 network: Bringing up loopback interface: succeeded
- 1131571435 2005.11.09 en263 Nov 9 13:23:55 en263/en263 network: Setting network parameters: succeeded
- 1131571435 2005.11.09 en263 Nov 9 13:23:55 en263/en263 snmpd[1987]: NET-SNMP version 5.1.2
- 1131571435 2005.11.09 en263 Nov 9 13:23:55 en263/en263 sysctl: fs.file-max = 562454
- 1131571435 2005.11.09 en263 Nov 9 13:23:55 en263/en263 sysctl: kernel.sysrq = 1
- 1131571435 2005.11.09 en263 Nov 9 13:23:55 en263/en263 sysctl: net.ipv4.route.gc_thresh = 8192
- 1131571436 2005.11.09 en263 Nov 9 13:23:56 en263/en263 instsvcdrv: dcdipm device driver loaded
- 1131571436 2005.11.09 en263 Nov 9 13:23:56 en263/en263 kernel:
- 1131571436 2005.11.09 en263 Nov 9 13:23:56 en263/en263 kernel:
- 1131571436 2005.11.09 en263 Nov 9 13:23:56 en263/en263 kernel: Type: Direct-Access ANSI SCSI revision: 03
- 1131571436 2005.11.09 en263 Nov 9 13:23:56 en263/en263 kernel: Type: Processor ANSI SCSI revision: 02
- 1131571436 2005.11.09 en263 Nov 9 13:23:56 en263/en263 kernel: Vendor: PE/PV Model: 1x2 SCSI BP Rev: 1.0
- 1131571436 2005.11.09 en263 Nov 9 13:23:56 en263/en263 kernel: Vendor: SEAGATE Model: ST373207LC Rev: D701
- 1131571436 2005.11.09 en263 Nov 9 13:23:56 en263/en263 kernel: RHH kernel module initialized successfully
- 1131571436 2005.11.09 en263 Nov 9 13:23:56 en263/en263 kernel: THH kernel module initialized successfully
- 1131571436 2005.11.09 en263 Nov 9 13:23:56 en263/en263 kernel: sda: sda1 sda2 sda3 sda4 < sda5 sda6 >
- 1131571436 2005.11.09 en263 Nov 9 13:23:56 en263/en263 kernel: ACPI wakeup devices:
- 1131571436 2005.11.09 en263 Nov 9 13:23:56 en263/en263 kernel: ACPI: (supports S0 S4 S5)
- 1131571436 2005.11.09 en263 Nov 9 13:23:56 en263/en263 kernel: ACPI: PCI interrupt 0000:02:05.0[A] -> GSI 34 (level, low) -> IRQ 201
- 1131571436 2005.11.09 en263 Nov 9 13:23:56 en263/en263 kernel: ACPI: PCI interrupt 0000:06:07.0[A] -> GSI 64 (level, low) -> IRQ 209
- 1131571436 2005.11.09 en263 Nov 9 13:23:56 en263/en263 kernel: ACPI: PCI interrupt 0000:07:08.0[A] -> GSI 65 (level, low) -> IRQ 217
- 1131571436 2005.11.09 en263 Nov 9 13:23:56 en263/en263 kernel: ACPI: PCI interrupt 0000:08:00.0[A] -> GSI 16 (level, low) -> IRQ 169
- 1131571436 2005.11.09 en263 Nov 9 13:23:56 en263/en263 kernel: Attached scsi disk sda at scsi0, channel 0, id 0, lun 0
- 1131571436 2005.11.09 en263 Nov 9 13:23:56 en263/en263 kernel: Attached scsi generic sg0 at scsi0, channel 0, id 0, lun 0, type 0
- 1131571436 2005.11.09 en263 Nov 9 13:23:56 en263/en263 kernel: Attached scsi generic sg1 at scsi0, channel 0, id 6, lun 0, type 3
- 1131571436 2005.11.09 en263 Nov 9 13:23:56 en263/en263 kernel: Copyright (c) 1999-2004 Intel Corporation.
- 1131571436 2005.11.09 en263 Nov 9 13:23:56 en263/en263 kernel: Copyright (c) 1999-2005 LSI Logic Corporation
