KERNMNTF 1125030896 2005.08.25 R55-M1-N4-I:J18-U11 2005-08-25-21.34.56.325500 R55-M1-N4-I:J18-U11 RAS KERNEL FATAL Lustre mount FAILED : bglio727 : block_id : location
KERNMNTF 1125030896 2005.08.25 R55-M1-N4-I:J18-U01 2005-08-25-21.34.56.456974 R55-M1-N4-I:J18-U01 RAS KERNEL FATAL Lustre mount FAILED : bglio728 : block_id : location
KERNMNTF 1125030897 2005.08.25 R55-M0-N4-I:J18-U11 2005-08-25-21.34.57.793621 R55-M0-N4-I:J18-U11 RAS KERNEL FATAL Lustre mount FAILED : bglio723 : block_id : location
KERNMNTF 1125030897 2005.08.25 R55-M0-N8-I:J18-U11 2005-08-25-21.34.57.900238 R55-M0-N8-I:J18-U11 RAS KERNEL FATAL Lustre mount FAILED : bglio729 : block_id : location
KERNMNTF 1125030898 2005.08.25 R55-M0-NC-I:J18-U11 2005-08-25-21.34.58.655781 R55-M0-NC-I:J18-U11 RAS KERNEL FATAL Lustre mount FAILED : bglio731 : block_id : location
KERNMNTF 1125030898 2005.08.25 R55-M1-N0-I:J18-U01 2005-08-25-21.34.58.828910 R55-M1-N0-I:J18-U01 RAS KERNEL FATAL Lustre mount FAILED : bglio726 : block_id : location
KERNMNTF 1125030898 2005.08.25 R40-M1-N4-I:J18-U11 2005-08-25-21.34.58.945450 R40-M1-N4-I:J18-U11 RAS KERNEL FATAL Lustre mount FAILED : bglio519 : block_id : location
KERNMNTF 1125030899 2005.08.25 R22-M1-N8-I:J18-U01 2005-08-25-21.34.59.770529 R22-M1-N8-I:J18-U01 RAS KERNEL FATAL Lustre mount FAILED : bglio302 : block_id : location
KERNMNTF 1125030899 2005.08.25 R40-M1-N8-I:J18-U01 2005-08-25-21.34.59.884500 R40-M1-N8-I:J18-U01 RAS KERNEL FATAL Lustre mount FAILED : bglio526 : block_id : location
KERNMNTF 1125030900 2005.08.25 R40-M0-N4-I:J18-U01 2005-08-25-21.35.00.212242 R40-M0-N4-I:J18-U01 RAS KERNEL FATAL Lustre mount FAILED : bglio516 : block_id : location
KERNMNTF 1125030900 2005.08.25 R40-M0-N0-I:J18-U01 2005-08-25-21.35.00.453599 R40-M0-N0-I:J18-U01 RAS KERNEL FATAL Lustre mount FAILED : bglio514 : block_id : location
KERNMNTF 1125030900 2005.08.25 R31-M0-N0-I:J18-U11 2005-08-25-21.35.00.554118 R31-M0-N0-I:J18-U11 RAS KERNEL FATAL Lustre mount FAILED : bglio401 : block_id : location
KERNMNTF 1125030900 2005.08.25 R43-M1-N0-I:J18-U11 2005-08-25-21.35.00.662858 R43-M1-N0-I:J18-U11 RAS KERNEL FATAL Lustre mount FAILED : bglio565 : block_id : location
KERNMNTF 1125030901 2005.08.25 R31-M0-N8-I:J18-U01 2005-08-25-21.35.01.049481 R31-M0-N8-I:J18-U01 RAS KERNEL FATAL Lustre mount FAILED : bglio410 : block_id : location
KERNMNTF 1125030901 2005.08.25 R22-M1-NC-I:J18-U11 2005-08-25-21.35.01.155035 R22-M1-NC-I:J18-U11 RAS KERNEL FATAL Lustre mount FAILED : bglio303 : block_id : location
KERNMNTF 1125030901 2005.08.25 R37-M0-NC-I:J18-U11 2005-08-25-21.35.01.953935 R37-M0-NC-I:J18-U11 RAS KERNEL FATAL Lustre mount FAILED : bglio507 : block_id : location
KERNMNTF 1125030902 2005.08.25 R37-M0-N8-I:J18-U11 2005-08-25-21.35.02.178726 R37-M0-N8-I:J18-U11 RAS KERNEL FATAL Lustre mount FAILED : bglio505 : block_id : location
KERNMNTF 1125030902 2005.08.25 R37-M1-N8-I:J18-U11 2005-08-25-21.35.02.489607 R37-M1-N8-I:J18-U11 RAS KERNEL FATAL Lustre mount FAILED : bglio509 : block_id : location
KERNMNTF 1125030902 2005.08.25 R37-M1-N8-I:J18-U01 2005-08-25-21.35.02.581256 R37-M1-N8-I:J18-U01 RAS KERNEL FATAL Lustre mount FAILED : bglio510 : block_id : location
KERNMNTF 1125030902 2005.08.25 R37-M1-NC-I:J18-U01 2005-08-25-21.35.02.678671 R37-M1-NC-I:J18-U01 RAS KERNEL FATAL Lustre mount FAILED : bglio512 : block_id : location
KERNMNTF 1125030903 2005.08.25 R40-M0-NC-I:J18-U01 2005-08-25-21.35.03.210002 R40-M0-NC-I:J18-U01 RAS KERNEL FATAL Lustre mount FAILED : bglio524 : block_id : location
KERNMNTF 1125030905 2005.08.25 R40-M1-N0-I:J18-U01 2005-08-25-21.35.05.881814 R40-M1-N0-I:J18-U01 RAS KERNEL FATAL Lustre mount FAILED : bglio518 : block_id : location
KERNMNTF 1125030906 2005.08.25 R22-M0-N0-I:J18-U11 2005-08-25-21.35.06.741705 R22-M0-N0-I:J18-U11 RAS KERNEL FATAL Lustre mount FAILED : bglio289 : block_id : location
KERNMNTF 1125030906 2005.08.25 R67-M0-N0-I:J18-U01 2005-08-25-21.35.06.867731 R67-M0-N0-I:J18-U01 RAS KERNEL FATAL Lustre mount FAILED : bglio882 : block_id : location
KERNMNTF 1125030907 2005.08.25 R46-M1-NC-I:J18-U01 2005-08-25-21.35.07.359575 R46-M1-NC-I:J18-U01 RAS KERNEL FATAL Lustre mount FAILED : bglio624 : block_id : location
KERNMNTF 1125030908 2005.08.25 R52-M1-N8-I:J18-U11 2005-08-25-21.35.08.169418 R52-M1-N8-I:J18-U11 RAS KERNEL FATAL Lustre mount FAILED : bglio685 : block_id : location
KERNMNTF 1125030908 2005.08.25 R52-M1-N8-I:J18-U01 2005-08-25-21.35.08.264675 R52-M1-N8-I:J18-U01 RAS KERNEL FATAL Lustre mount FAILED : bglio686 : block_id : location
KERNMNTF 1125030908 2005.08.25 R52-M1-NC-I:J18-U11 2005-08-25-21.35.08.370980 R52-M1-NC-I:J18-U11 RAS KERNEL FATAL Lustre mount FAILED : bglio687 : block_id : location
KERNMNTF 1125030909 2005.08.25 R52-M1-N4-I:J18-U11 2005-08-25-21.35.09.497890 R52-M1-N4-I:J18-U11 RAS KERNEL FATAL Lustre mount FAILED : bglio679 : block_id : location
KERNMNTF 1125030910 2005.08.25 R55-M1-N8-I:J18-U11 2005-08-25-21.35.10.334028 R55-M1-N8-I:J18-U11 RAS KERNEL FATAL Lustre mount FAILED : bglio733 : block_id : location
KERNMNTF 1125030910 2005.08.25 R55-M1-N8-I:J18-U01 2005-08-25-21.35.10.424612 R55-M1-N8-I:J18-U01 RAS KERNEL FATAL Lustre mount FAILED : bglio734 : block_id : location
KERNMNTF 1125030910 2005.08.25 R64-M1-NC-I:J18-U01 2005-08-25-21.35.10.553931 R64-M1-NC-I:J18-U01 RAS KERNEL FATAL Lustre mount FAILED : bglio848 : block_id : location
KERNMNTF 1125030910 2005.08.25 R31-M1-N8-I:J18-U11 2005-08-25-21.35.10.647047 R31-M1-N8-I:J18-U11 RAS KERNEL FATAL Lustre mount FAILED : bglio413 : block_id : location
KERNMNTF 1125030910 2005.08.25 R43-M0-N4-I:J18-U11 2005-08-25-21.35.10.750765 R43-M0-N4-I:J18-U11 RAS KERNEL FATAL Lustre mount FAILED : bglio563 : block_id : location
KERNMNTF 1125030911 2005.08.25 R34-M0-N4-I:J18-U11 2005-08-25-21.35.11.179920 R34-M0-N4-I:J18-U11 RAS KERNEL FATAL Lustre mount FAILED : bglio451 : block_id : location
KERNMNTF 1125030911 2005.08.25 R34-M0-N0-I:J18-U01 2005-08-25-21.35.11.291063 R34-M0-N0-I:J18-U01 RAS KERNEL FATAL Lustre mount FAILED : bglio450 : block_id : location
KERNMNTF 1125030911 2005.08.25 R34-M0-N8-I:J18-U01 2005-08-25-21.35.11.392219 R34-M0-N8-I:J18-U01 RAS KERNEL FATAL Lustre mount FAILED : bglio458 : block_id : location
KERNMNTF 1125030911 2005.08.25 R34-M1-N8-I:J18-U11 2005-08-25-21.35.11.587815 R34-M1-N8-I:J18-U11 RAS KERNEL FATAL Lustre mount FAILED : bglio461 : block_id : location
KERNMNTF 1125030911 2005.08.25 R34-M1-N8-I:J18-U01 2005-08-25-21.35.11.691179 R34-M1-N8-I:J18-U01 RAS KERNEL FATAL Lustre mount FAILED : bglio462 : block_id : location
KERNMNTF 1125030911 2005.08.25 R22-M0-NC-I:J18-U01 2005-08-25-21.35.11.807609 R22-M0-NC-I:J18-U01 RAS KERNEL FATAL Lustre mount FAILED : bglio300 : block_id : location
KERNMNTF 1125030912 2005.08.25 R25-M0-N8-I:J18-U01 2005-08-25-21.35.12.043770 R25-M0-N8-I:J18-U01 RAS KERNEL FATAL Lustre mount FAILED : bglio346 : block_id : location
KERNMNTF 1125030912 2005.08.25 R34-M1-N4-I:J18-U11 2005-08-25-21.35.12.138156 R34-M1-N4-I:J18-U11 RAS KERNEL FATAL Lustre mount FAILED : bglio455 : block_id : location
KERNMNTF 1125030912 2005.08.25 R34-M1-N4-I:J18-U01 2005-08-25-21.35.12.235309 R34-M1-N4-I:J18-U01 RAS KERNEL FATAL Lustre mount FAILED : bglio456 : block_id : location
KERNMNTF 1125030912 2005.08.25 R52-M0-NC-I:J18-U11 2005-08-25-21.35.12.750129 R52-M0-NC-I:J18-U11 RAS KERNEL FATAL Lustre mount FAILED : bglio683 : block_id : location
KERNMNTF 1125030912 2005.08.25 R25-M1-N4-I:J18-U11 2005-08-25-21.35.12.876347 R25-M1-N4-I:J18-U11 RAS KERNEL FATAL Lustre mount FAILED : bglio343 : block_id : location
KERNMNTF 1125030913 2005.08.25 R52-M0-N8-I:J18-U01 2005-08-25-21.35.13.335041 R52-M0-N8-I:J18-U01 RAS KERNEL FATAL Lustre mount FAILED : bglio682 : block_id : location
KERNMNTF 1125030913 2005.08.25 R34-M1-N0-I:J18-U01 2005-08-25-21.35.13.530873 R34-M1-N0-I:J18-U01 RAS KERNEL FATAL Lustre mount FAILED : bglio454 : block_id : location
KERNMNTF 1125030913 2005.08.25 R64-M1-N8-I:J18-U01 2005-08-25-21.35.13.741225 R64-M1-N8-I:J18-U01 RAS KERNEL FATAL Lustre mount FAILED : bglio846 : block_id : location
KERNMNTF 1125030914 2005.08.25 R25-M1-N0-I:J18-U11 2005-08-25-21.35.14.014645 R25-M1-N0-I:J18-U11 RAS KERNEL FATAL Lustre mount FAILED : bglio341 : block_id : location
KERNMNTF 1125030914 2005.08.25 R25-M1-N0-I:J18-U01 2005-08-25-21.35.14.150599 R25-M1-N0-I:J18-U01 RAS KERNEL FATAL Lustre mount FAILED : bglio342 : block_id : location
KERNMNTF 1125030914 2005.08.25 R52-M0-N0-I:J18-U11 2005-08-25-21.35.14.353915 R52-M0-N0-I:J18-U11 RAS KERNEL FATAL Lustre mount FAILED : bglio673 : block_id : location
KERNMNTF 1125030914 2005.08.25 R52-M0-N0-I:J18-U01 2005-08-25-21.35.14.464014 R52-M0-N0-I:J18-U01 RAS KERNEL FATAL Lustre mount FAILED : bglio674 : block_id : location
KERNMNTF 1125030914 2005.08.25 R22-M1-N4-I:J18-U11 2005-08-25-21.35.14.836133 R22-M1-N4-I:J18-U11 RAS KERNEL FATAL Lustre mount FAILED : bglio295 : block_id : location
KERNMNTF 1125030915 2005.08.25 R43-M0-NC-I:J18-U11 2005-08-25-21.35.15.465247 R43-M0-NC-I:J18-U11 RAS KERNEL FATAL Lustre mount FAILED : bglio571 : block_id : location
KERNMNTF 1125030915 2005.08.25 R64-M0-NC-I:J18-U11 2005-08-25-21.35.15.614843 R64-M0-NC-I:J18-U11 RAS KERNEL FATAL Lustre mount FAILED : bglio843 : block_id : location
KERNMNTF 1125030915 2005.08.25 R64-M0-NC-I:J18-U01 2005-08-25-21.35.15.709217 R64-M0-NC-I:J18-U01 RAS KERNEL FATAL Lustre mount FAILED : bglio844 : block_id : location
KERNMNTF 1125030915 2005.08.25 R64-M1-N0-I:J18-U11 2005-08-25-21.35.15.806039 R64-M1-N0-I:J18-U11 RAS KERNEL FATAL Lustre mount FAILED : bglio837 : block_id : location
KERNMNTF 1125030915 2005.08.25 R64-M1-N0-I:J18-U01 2005-08-25-21.35.15.904545 R64-M1-N0-I:J18-U01 RAS KERNEL FATAL Lustre mount FAILED : bglio838 : block_id : location
KERNMNTF 1125030916 2005.08.25 R25-M1-NC-I:J18-U01 2005-08-25-21.35.16.035857 R25-M1-NC-I:J18-U01 RAS KERNEL FATAL Lustre mount FAILED : bglio352 : block_id : location
KERNMNTF 1125030916 2005.08.25 R67-M1-N4-I:J18-U01 2005-08-25-21.35.16.361160 R67-M1-N4-I:J18-U01 RAS KERNEL FATAL Lustre mount FAILED : bglio888 : block_id : location
KERNMNTF 1125030917 2005.08.25 R64-M0-N0-I:J18-U11 2005-08-25-21.35.17.133877 R64-M0-N0-I:J18-U11 RAS KERNEL FATAL Lustre mount FAILED : bglio833 : block_id : location
KERNMNTF 1125030917 2005.08.25 R64-M0-N0-I:J18-U01 2005-08-25-21.35.17.226620 R64-M0-N0-I:J18-U01 RAS KERNEL FATAL Lustre mount FAILED : bglio834 : block_id : location
KERNMNTF 1125030917 2005.08.25 R64-M0-N4-I:J18-U01 2005-08-25-21.35.17.324756 R64-M0-N4-I:J18-U01 RAS KERNEL FATAL Lustre mount FAILED : bglio836 : block_id : location
KERNMNTF 1125030920 2005.08.25 R61-M0-N8-I:J18-U11 2005-08-25-21.35.20.328468 R61-M0-N8-I:J18-U11 RAS KERNEL FATAL Lustre mount FAILED : bglio793 : block_id : location
KERNMNTF 1125030920 2005.08.25 R73-M0-NC-I:J18-U11 2005-08-25-21.35.20.432706 R73-M0-NC-I:J18-U11 RAS KERNEL FATAL Lustre mount FAILED : bglio955 : block_id : location
KERNMNTF 1125030920 2005.08.25 R73-M1-N8-I:J18-U11 2005-08-25-21.35.20.751286 R73-M1-N8-I:J18-U11 RAS KERNEL FATAL Lustre mount FAILED : bglio957 : block_id : location
KERNMNTF 1125030921 2005.08.25 R76-M0-NC-I:J18-U11 2005-08-25-21.35.21.480323 R76-M0-NC-I:J18-U11 RAS KERNEL FATAL Lustre mount FAILED : bglio1003 : block_id : location
KERNMNTF 1125030921 2005.08.25 R76-M1-N8-I:J18-U11 2005-08-25-21.35.21.594443 R76-M1-N8-I:J18-U11 RAS KERNEL FATAL Lustre mount FAILED : bglio1005 : block_id : location
KERNMNTF 1125030921 2005.08.25 R70-M1-N0-I:J18-U11 2005-08-25-21.35.21.888742 R70-M1-N0-I:J18-U11 RAS KERNEL FATAL Lustre mount FAILED : bglio901 : block_id : location
KERNMNTF 1125030922 2005.08.25 R73-M1-N0-I:J18-U11 2005-08-25-21.35.22.124150 R73-M1-N0-I:J18-U11 RAS KERNEL FATAL Lustre mount FAILED : bglio949 : block_id : location
KERNMNTF 1125030922 2005.08.25 R73-M1-N0-I:J18-U01 2005-08-25-21.35.22.219528 R73-M1-N0-I:J18-U01 RAS KERNEL FATAL Lustre mount FAILED : bglio950 : block_id : location
KERNMNTF 1125030922 2005.08.25 R70-M0-NC-I:J18-U01 2005-08-25-21.35.22.324557 R70-M0-NC-I:J18-U01 RAS KERNEL FATAL Lustre mount FAILED : bglio908 : block_id : location
KERNMNTF 1125030922 2005.08.25 R70-M1-N4-I:J18-U11 2005-08-25-21.35.22.423895 R70-M1-N4-I:J18-U11 RAS KERNEL FATAL Lustre mount FAILED : bglio903 : block_id : location
KERNMNTF 1125030922 2005.08.25 R70-M1-N4-I:J18-U01 2005-08-25-21.35.22.518730 R70-M1-N4-I:J18-U01 RAS KERNEL FATAL Lustre mount FAILED : bglio904 : block_id : location
KERNMNTF 1125030922 2005.08.25 R70-M1-NC-I:J18-U11 2005-08-25-21.35.22.614577 R70-M1-NC-I:J18-U11 RAS KERNEL FATAL Lustre mount FAILED : bglio911 : block_id : location
KERNMNTF 1125030922 2005.08.25 R70-M1-NC-I:J18-U01 2005-08-25-21.35.22.710761 R70-M1-NC-I:J18-U01 RAS KERNEL FATAL Lustre mount FAILED : bglio912 : block_id : location
KERNMNTF 1125030922 2005.08.25 R70-M0-N0-I:J18-U01 2005-08-25-21.35.22.820552 R70-M0-N0-I:J18-U01 RAS KERNEL FATAL Lustre mount FAILED : bglio898 : block_id : location
KERNMNTF 1125030923 2005.08.25 R61-M0-N0-I:J18-U01 2005-08-25-21.35.23.374938 R61-M0-N0-I:J18-U01 RAS KERNEL FATAL Lustre mount FAILED : bglio786 : block_id : location
KERNMNTF 1125030923 2005.08.25 R61-M1-NC-I:J18-U01 2005-08-25-21.35.23.478739 R61-M1-NC-I:J18-U01 RAS KERNEL FATAL Lustre mount FAILED : bglio800 : block_id : location
KERNMNTF 1125030923 2005.08.25 R76-M0-N8-I:J18-U11 2005-08-25-21.35.23.572397 R76-M0-N8-I:J18-U11 RAS KERNEL FATAL Lustre mount FAILED : bglio1001 : block_id : location
KERNMNTF 1125030923 2005.08.25 R76-M0-N8-I:J18-U01 2005-08-25-21.35.23.669475 R76-M0-N8-I:J18-U01 RAS KERNEL FATAL Lustre mount FAILED : bglio1002 : block_id : location
KERNMNTF 1125030923 2005.08.25 R73-M0-N4-I:J18-U01 2005-08-25-21.35.23.770348 R73-M0-N4-I:J18-U01 RAS KERNEL FATAL Lustre mount FAILED : bglio948 : block_id : location
KERNMNTF 1125030923 2005.08.25 R73-M1-N4-I:J18-U11 2005-08-25-21.35.23.973745 R73-M1-N4-I:J18-U11 RAS KERNEL FATAL Lustre mount FAILED : bglio951 : block_id : location
KERNMNTF 1125030924 2005.08.25 R76-M1-N4-I:J18-U01 2005-08-25-21.35.24.155478 R76-M1-N4-I:J18-U01 RAS KERNEL FATAL Lustre mount FAILED : bglio1000 : block_id : location
KERNMNTF 1125030924 2005.08.25 R73-M0-N8-I:J18-U11 2005-08-25-21.35.24.404197 R73-M0-N8-I:J18-U11 RAS KERNEL FATAL Lustre mount FAILED : bglio953 : block_id : location
KERNMNTF 1125030924 2005.08.25 R73-M0-N8-I:J18-U01 2005-08-25-21.35.24.583733 R73-M0-N8-I:J18-U01 RAS KERNEL FATAL Lustre mount FAILED : bglio954 : block_id : location
KERNMNTF 1125030924 2005.08.25 R61-M1-N8-I:J18-U11 2005-08-25-21.35.24.964506 R61-M1-N8-I:J18-U11 RAS KERNEL FATAL Lustre mount FAILED : bglio797 : block_id : location
KERNMNTF 1125030925 2005.08.25 R61-M0-N4-I:J18-U01 2005-08-25-21.35.25.096508 R61-M0-N4-I:J18-U01 RAS KERNEL FATAL Lustre mount FAILED : bglio788 : block_id : location
KERNMNTF 1125030926 2005.08.25 R46-M1-N0-I:J18-U11 2005-08-25-21.35.26.099950 R46-M1-N0-I:J18-U11 RAS KERNEL FATAL Lustre mount FAILED : bglio613 : block_id : location
KERNMNTF 1125030926 2005.08.25 R46-M1-N0-I:J18-U01 2005-08-25-21.35.26.261728 R46-M1-N0-I:J18-U01 RAS KERNEL FATAL Lustre mount FAILED : bglio614 : block_id : location
KERNMNTF 1125030926 2005.08.25 R46-M0-NC-I:J18-U11 2005-08-25-21.35.26.388954 R46-M0-NC-I:J18-U11 RAS KERNEL FATAL Lustre mount FAILED : bglio619 : block_id : location
KERNMNTF 1125030926 2005.08.25 R73-M0-N0-I:J18-U01 2005-08-25-21.35.26.502826 R73-M0-N0-I:J18-U01 RAS KERNEL FATAL Lustre mount FAILED : bglio946 : block_id : location
KERNMNTF 1125030926 2005.08.25 R76-M0-N0-I:J18-U11 2005-08-25-21.35.26.600229 R76-M0-N0-I:J18-U11 RAS KERNEL FATAL Lustre mount FAILED : bglio993 : block_id : location
KERNMNTF 1125030926 2005.08.25 R76-M0-N0-I:J18-U01 2005-08-25-21.35.26.695770 R76-M0-N0-I:J18-U01 RAS KERNEL FATAL Lustre mount FAILED : bglio994 : block_id : location
KERNMNTF 1125030927 2005.08.25 R76-M1-N0-I:J18-U01 2005-08-25-21.35.27.318307 R76-M1-N0-I:J18-U01 RAS KERNEL FATAL Lustre mount FAILED : bglio998 : block_id : location
KERNMNTF 1125030928 2005.08.25 R46-M0-N8-I:J18-U11 2005-08-25-21.35.28.065832 R46-M0-N8-I:J18-U11 RAS KERNEL FATAL Lustre mount FAILED : bglio617 : block_id : location
KERNMNTF 1125030928 2005.08.25 R46-M0-N8-I:J18-U01 2005-08-25-21.35.28.166913 R46-M0-N8-I:J18-U01 RAS KERNEL FATAL Lustre mount FAILED : bglio618 : block_id : location
KERNMNTF 1125030929 2005.08.25 R10-M1-NC-I:J18-U01 2005-08-25-21.35.29.152106 R10-M1-NC-I:J18-U01 RAS KERNEL FATAL Lustre mount FAILED : bglio144 : block_id : location
- 1125031523 2005.08.25 R10-M1-N5-C:J04-U11 2005-08-25-21.45.23.669155 R10-M1-N5-C:J04-U11 RAS KERNEL INFO 1 ddr errors(s) detected and corrected on rank 0, symbol 3, bit 0
- 1125031523 2005.08.25 R10-M1-N5-C:J04-U11 2005-08-25-21.45.23.961984 R10-M1-N5-C:J04-U11 RAS KERNEL INFO CE sym 3, at 0x07d02da0, mask 0x80
- 1125031524 2005.08.25 R10-M1-N5-C:J04-U11 2005-08-25-21.45.24.198893 R10-M1-N5-C:J04-U11 RAS KERNEL INFO total of 1 ddr error(s) detected and corrected
- 1125031639 2005.08.25 R10-M1-N5-C:J04-U11 2005-08-25-21.47.19.977741 R10-M1-N5-C:J04-U11 RAS KERNEL INFO 1 ddr errors(s) detected and corrected on rank 0, symbol 3, bit 0
- 1125031640 2005.08.25 R10-M1-N5-C:J04-U11 2005-08-25-21.47.20.326635 R10-M1-N5-C:J04-U11 RAS KERNEL INFO CE sym 3, at 0x07d02da0, mask 0x80
- 1125031640 2005.08.25 R10-M1-N5-C:J04-U11 2005-08-25-21.47.20.698870 R10-M1-N5-C:J04-U11 RAS KERNEL INFO total of 1 ddr error(s) detected and corrected
- 1125031758 2005.08.25 R10-M1-N5-C:J04-U11 2005-08-25-21.49.18.376942 R10-M1-N5-C:J04-U11 RAS KERNEL INFO 1 ddr errors(s) detected and corrected on rank 0, symbol 3, bit 0
- 1125031758 2005.08.25 R10-M1-N5-C:J04-U11 2005-08-25-21.49.18.674012 R10-M1-N5-C:J04-U11 RAS KERNEL INFO CE sym 3, at 0x07d02da0, mask 0x80
- 1125031758 2005.08.25 R10-M1-N5-C:J04-U11 2005-08-25-21.49.18.912222 R10-M1-N5-C:J04-U11 RAS KERNEL INFO total of 1 ddr error(s) detected and corrected
- 1125032461 2005.08.25 R10-M1-N5-C:J04-U11 2005-08-25-22.01.01.312765 R10-M1-N5-C:J04-U11 RAS KERNEL INFO 1 ddr errors(s) detected and corrected on rank 0, symbol 3, bit 0
- 1125032461 2005.08.25 R10-M1-N5-C:J04-U11 2005-08-25-22.01.01.616585 R10-M1-N5-C:J04-U11 RAS KERNEL INFO CE sym 3, at 0x07d02da0, mask 0x80
- 1125032464 2005.08.25 R10-M1-N5-C:J04-U11 2005-08-25-22.01.04.238773 R10-M1-N5-C:J04-U11 RAS KERNEL INFO total of 1 ddr error(s) detected and corrected
- 1125032568 2005.08.25 R10-M1-N5-C:J04-U11 2005-08-25-22.02.48.443764 R10-M1-N5-C:J04-U11 RAS KERNEL INFO 1 ddr errors(s) detected and corrected on rank 0, symbol 3, bit 0
- 1125032568 2005.08.25 R10-M1-N5-C:J04-U11 2005-08-25-22.02.48.687926 R10-M1-N5-C:J04-U11 RAS KERNEL INFO CE sym 3, at 0x07d02da0, mask 0x80
- 1125032568 2005.08.25 R10-M1-N5-C:J04-U11 2005-08-25-22.02.48.924687 R10-M1-N5-C:J04-U11 RAS KERNEL INFO total of 1 ddr error(s) detected and corrected
- 1125032672 2005.08.25 R10-M1-N5-C:J04-U11 2005-08-25-22.04.32.523107 R10-M1-N5-C:J04-U11 RAS KERNEL INFO 1 ddr errors(s) detected and corrected on rank 0, symbol 3, bit 0
- 1125032672 2005.08.25 R10-M1-N5-C:J04-U11 2005-08-25-22.04.32.816461 R10-M1-N5-C:J04-U11 RAS KERNEL INFO CE sym 3, at 0x07d02da0, mask 0x80
- 1125032673 2005.08.25 R10-M1-N5-C:J04-U11 2005-08-25-22.04.33.064767 R10-M1-N5-C:J04-U11 RAS KERNEL INFO total of 1 ddr error(s) detected and corrected
- 1125036117 2005.08.25 R10-M1-N5-C:J04-U11 2005-08-25-23.01.57.572360 R10-M1-N5-C:J04-U11 RAS KERNEL INFO 1 ddr errors(s) detected and corrected on rank 0, symbol 3, bit 0
- 1125036117 2005.08.25 R10-M1-N5-C:J04-U11 2005-08-25-23.01.57.758255 R10-M1-N5-C:J04-U11 RAS KERNEL INFO CE sym 3, at 0x07d02da0, mask 0x80
- 1125036117 2005.08.25 R10-M1-N5-C:J04-U11 2005-08-25-23.01.57.911192 R10-M1-N5-C:J04-U11 RAS KERNEL INFO total of 1 ddr error(s) detected and corrected
- 1125037060 2005.08.25 R01-M1-ND-C:J15-U11 2005-08-25-23.17.40.931057 R01-M1-ND-C:J15-U11 RAS KERNEL INFO 3 ddr errors(s) detected and corrected on rank 0, symbol 5, bit 5
- 1125037061 2005.08.25 R31-M1-N6-C:J14-U01 2005-08-25-23.17.41.230561 R31-M1-N6-C:J14-U01 RAS KERNEL INFO 1 ddr errors(s) detected and corrected on rank 0, symbol 7, bit 7
- 1125037061 2005.08.25 R10-M1-N5-C:J04-U11 2005-08-25-23.17.41.331272 R10-M1-N5-C:J04-U11 RAS KERNEL INFO 1 ddr errors(s) detected and corrected on rank 0, symbol 3, bit 0
- 1125037061 2005.08.25 R01-M1-ND-C:J15-U11 2005-08-25-23.17.41.521188 R01-M1-ND-C:J15-U11 RAS KERNEL INFO CE sym 5, at 0x11042a80, mask 0x04
- 1125037061 2005.08.25 R31-M1-N6-C:J14-U01 2005-08-25-23.17.41.802939 R31-M1-N6-C:J14-U01 RAS KERNEL INFO CE sym 7, at 0x11596a00, mask 0x01
- 1125037061 2005.08.25 R10-M1-N5-C:J04-U11 2005-08-25-23.17.41.903334 R10-M1-N5-C:J04-U11 RAS KERNEL INFO CE sym 3, at 0x07d02da0, mask 0x80
- 1125037062 2005.08.25 R01-M1-ND-C:J15-U11 2005-08-25-23.17.42.098627 R01-M1-ND-C:J15-U11 RAS KERNEL INFO CE sym 5, at 0x11042a80, mask 0x04
- 1125037062 2005.08.25 R31-M1-N6-C:J14-U01 2005-08-25-23.17.42.377531 R31-M1-N6-C:J14-U01 RAS KERNEL INFO total of 1 ddr error(s) detected and corrected
- 1125037062 2005.08.25 R10-M1-N5-C:J04-U11 2005-08-25-23.17.42.481173 R10-M1-N5-C:J04-U11 RAS KERNEL INFO total of 1 ddr error(s) detected and corrected
- 1125037062 2005.08.25 R01-M1-ND-C:J15-U11 2005-08-25-23.17.42.659893 R01-M1-ND-C:J15-U11 RAS KERNEL INFO CE sym 5, at 0x11042a80, mask 0x04
- 1125037062 2005.08.25 R01-M1-ND-C:J15-U11 2005-08-25-23.17.42.806867 R01-M1-ND-C:J15-U11 RAS KERNEL INFO total of 3 ddr error(s) detected and corrected
- 1125037674 2005.08.25 R10-M1-N5-C:J04-U11 2005-08-25-23.27.54.526579 R10-M1-N5-C:J04-U11 RAS KERNEL INFO 1 ddr errors(s) detected and corrected on rank 0, symbol 3, bit 0
- 1125037674 2005.08.25 R10-M1-N5-C:J04-U11 2005-08-25-23.27.54.743895 R10-M1-N5-C:J04-U11 RAS KERNEL INFO CE sym 3, at 0x07d02da0, mask 0x80
- 1125037674 2005.08.25 R10-M1-N5-C:J04-U11 2005-08-25-23.27.54.965136 R10-M1-N5-C:J04-U11 RAS KERNEL INFO total of 1 ddr error(s) detected and corrected
- 1125039478 2005.08.25 R10-M1-N5-C:J04-U11 2005-08-25-23.57.58.904018 R10-M1-N5-C:J04-U11 RAS KERNEL INFO 1 ddr errors(s) detected and corrected on rank 0, symbol 3, bit 0
- 1125039479 2005.08.25 R10-M1-N5-C:J04-U11 2005-08-25-23.57.59.236339 R10-M1-N5-C:J04-U11 RAS KERNEL INFO CE sym 3, at 0x07d02da0, mask 0x80
- 1125039479 2005.08.25 R10-M1-N5-C:J04-U11 2005-08-25-23.57.59.480693 R10-M1-N5-C:J04-U11 RAS KERNEL INFO total of 1 ddr error(s) detected and corrected
KERNMC 1125039806 2005.08.26 R01-M1-ND-C:J03-U01 2005-08-26-00.03.26.362833 R01-M1-ND-C:J03-U01 RAS KERNEL FATAL machine check interrupt (bit=0x1d): L2 dcache unit data parity error
- 1125039806 2005.08.26 R01-M1-ND-C:J03-U01 2005-08-26-00.03.26.494879 R01-M1-ND-C:J03-U01 RAS KERNEL FATAL instruction address: 0x00158d70
- 1125039806 2005.08.26 R01-M1-ND-C:J03-U01 2005-08-26-00.03.26.658805 R01-M1-ND-C:J03-U01 RAS KERNEL FATAL machine check status register: 0x91800000
- 1125039806 2005.08.26 R01-M1-ND-C:J03-U01 2005-08-26-00.03.26.828744 R01-M1-ND-C:J03-U01 RAS KERNEL FATAL summary...........................1
- 1125039806 2005.08.26 R01-M1-ND-C:J03-U01 2005-08-26-00.03.26.994726 R01-M1-ND-C:J03-U01 RAS KERNEL FATAL instruction plb error.............0
- 1125039807 2005.08.26 R01-M1-ND-C:J03-U01 2005-08-26-00.03.27.162814 R01-M1-ND-C:J03-U01 RAS KERNEL FATAL data read plb error...............0
- 1125039807 2005.08.26 R01-M1-ND-C:J03-U01 2005-08-26-00.03.27.325041 R01-M1-ND-C:J03-U01 RAS KERNEL FATAL data write plb error..............1
- 1125039807 2005.08.26 R01-M1-ND-C:J03-U01 2005-08-26-00.03.27.485956 R01-M1-ND-C:J03-U01 RAS KERNEL FATAL tlb error.........................0
- 1125039807 2005.08.26 R01-M1-ND-C:J03-U01 2005-08-26-00.03.27.650876 R01-M1-ND-C:J03-U01 RAS KERNEL FATAL i-cache parity error..............0
- 1125039807 2005.08.26 R01-M1-ND-C:J03-U01 2005-08-26-00.03.27.814468 R01-M1-ND-C:J03-U01 RAS KERNEL FATAL d-cache search parity error.......0
- 1125039807 2005.08.26 R01-M1-ND-C:J03-U01 2005-08-26-00.03.27.976551 R01-M1-ND-C:J03-U01 RAS KERNEL FATAL d-cache flush parity error........1
- 1125039808 2005.08.26 R01-M1-ND-C:J03-U01 2005-08-26-00.03.28.142093 R01-M1-ND-C:J03-U01 RAS KERNEL FATAL imprecise machine check...........1
- 1125039808 2005.08.26 R01-M1-ND-C:J03-U01 2005-08-26-00.03.28.304966 R01-M1-ND-C:J03-U01 RAS KERNEL FATAL machine state register: 0x0002f900
- 1125039808 2005.08.26 R01-M1-ND-C:J03-U01 2005-08-26-00.03.28.469451 R01-M1-ND-C:J03-U01 RAS KERNEL FATAL wait state enable.................0
- 1125039808 2005.08.26 R01-M1-ND-C:J03-U01 2005-08-26-00.03.28.644246 R01-M1-ND-C:J03-U01 RAS KERNEL FATAL critical input interrupt enable...1
- 1125039808 2005.08.26 R01-M1-ND-C:J03-U01 2005-08-26-00.03.28.807690 R01-M1-ND-C:J03-U01 RAS KERNEL FATAL external input interrupt enable...1
- 1125039808 2005.08.26 R01-M1-ND-C:J03-U01 2005-08-26-00.03.28.974232 R01-M1-ND-C:J03-U01 RAS KERNEL FATAL problem state (0=sup,1=usr).......1
- 1125039809 2005.08.26 R01-M1-ND-C:J03-U01 2005-08-26-00.03.29.145103 R01-M1-ND-C:J03-U01 RAS KERNEL FATAL floating point instr. enabled.....1
- 1125039809 2005.08.26 R01-M1-ND-C:J03-U01 2005-08-26-00.03.29.313498 R01-M1-ND-C:J03-U01 RAS KERNEL FATAL machine check enable..............1
- 1125039809 2005.08.26 R01-M1-ND-C:J03-U01 2005-08-26-00.03.29.479913 R01-M1-ND-C:J03-U01 RAS KERNEL FATAL floating pt ex mode 0 enable......1
- 1125039809 2005.08.26 R01-M1-ND-C:J03-U01 2005-08-26-00.03.29.655381 R01-M1-ND-C:J03-U01 RAS KERNEL FATAL debug wait enable.................0
- 1125039809 2005.08.26 R01-M1-ND-C:J03-U01 2005-08-26-00.03.29.958552 R01-M1-ND-C:J03-U01 RAS KERNEL FATAL debug interrupt enable............0
- 1125039810 2005.08.26 R01-M1-ND-C:J03-U01 2005-08-26-00.03.30.574718 R01-M1-ND-C:J03-U01 RAS KERNEL FATAL floating pt ex mode 1 enable......1
- 1125039811 2005.08.26 R10-M1-N5-C:J04-U11 2005-08-26-00.03.31.674627 R10-M1-N5-C:J04-U11 RAS KERNEL INFO 1 ddr errors(s) detected and corrected on rank 0, symbol 3, bit 0
- 1125039812 2005.08.26 R01-M1-ND-C:J03-U01 2005-08-26-00.03.32.124553 R01-M1-ND-C:J03-U01 RAS KERNEL FATAL instruction address space.........0
- 1125039814 2005.08.26 R10-M1-N5-C:J04-U11 2005-08-26-00.03.34.512104 R10-M1-N5-C:J04-U11 RAS KERNEL INFO CE sym 3, at 0x07d02da0, mask 0x80
- 1125039815 2005.08.26 R01-M1-ND-C:J03-U01 2005-08-26-00.03.35.155624 R01-M1-ND-C:J03-U01 RAS KERNEL FATAL data address space................0
- 1125039819 2005.08.26 R10-M1-N5-C:J04-U11 2005-08-26-00.03.39.591763 R10-M1-N5-C:J04-U11 RAS KERNEL INFO total of 1 ddr error(s) detected and corrected
- 1125039820 2005.08.26 R01-M1-ND-C:J03-U01 2005-08-26-00.03.40.224482 R01-M1-ND-C:J03-U01 RAS KERNEL FATAL core configuration register: 0x00002000
- 1125039824 2005.08.26 R01-M1-ND-C:J03-U01 2005-08-26-00.03.44.985439 R01-M1-ND-C:J03-U01 RAS KERNEL FATAL disable store gathering..................0
- 1125039830 2005.08.26 R01-M1-ND-C:J03-U01 2005-08-26-00.03.50.000910 R01-M1-ND-C:J03-U01 RAS KERNEL FATAL disable apu instruction broadcast........0
- 1125039835 2005.08.26 R01-M1-ND-C:J03-U01 2005-08-26-00.03.55.127764 R01-M1-ND-C:J03-U01 RAS KERNEL FATAL disable trace broadcast..................0
- 1125039838 2005.08.26 R01-M1-ND-C:J03-U01 2005-08-26-00.03.58.545442 R01-M1-ND-C:J03-U01 RAS KERNEL FATAL guaranteed instruction cache block touch.0
- 1125039839 2005.08.26 R01-M1-ND-C:J03-U01 2005-08-26-00.03.59.404274 R01-M1-ND-C:J03-U01 RAS KERNEL FATAL guaranteed data cache block touch........1
- 1125039839 2005.08.26 R01-M1-ND-C:J03-U01 2005-08-26-00.03.59.554897 R01-M1-ND-C:J03-U01 RAS KERNEL FATAL force load/store alignment...............0
- 1125039839 2005.08.26 R01-M1-ND-C:J03-U01 2005-08-26-00.03.59.705413 R01-M1-ND-C:J03-U01 RAS KERNEL FATAL icache prefetch depth....................0
- 1125039839 2005.08.26 R01-M1-ND-C:J03-U01 2005-08-26-00.03.59.861139 R01-M1-ND-C:J03-U01 RAS KERNEL FATAL icache prefetch threshold................0
- 1125039840 2005.08.26 R01-M1-ND-C:J03-U01 2005-08-26-00.04.00.035705 R01-M1-ND-C:J03-U01 RAS KERNEL FATAL general purpose registers:
- 1125039840 2005.08.26 R01-M1-ND-C:J03-U01 2005-08-26-00.04.00.200159 R01-M1-ND-C:J03-U01 RAS KERNEL FATAL 0:00158e00 1:0feea1a0 2:1eeeeeee 3:00e4bc60
- 1125039840 2005.08.26 R01-M1-ND-C:J03-U01 2005-08-26-00.04.00.325631 R01-M1-ND-C:J03-U01 RAS KERNEL FATAL 4:0feea2b0 5:00000000 6:00000010 7:0feea2a0
- 1125039840 2005.08.26 R01-M1-ND-C:J03-U01 2005-08-26-00.04.00.477702 R01-M1-ND-C:J03-U01 RAS KERNEL FATAL 8:00000000 9:00000100 10:b1140400 11:00000060
- 1125039840 2005.08.26 R01-M1-ND-C:J03-U01 2005-08-26-00.04.00.634040 R01-M1-ND-C:J03-U01 RAS KERNEL FATAL 12:b1140400 13:1eeeeeee 14:00000030 15:00000002
- 1125039840 2005.08.26 R01-M1-ND-C:J03-U01 2005-08-26-00.04.00.788522 R01-M1-ND-C:J03-U01 RAS KERNEL FATAL 16:84000000 17:00000000 18:00000002 19:0098e760
- 1125039840 2005.08.26 R01-M1-ND-C:J03-U01 2005-08-26-00.04.00.945320 R01-M1-ND-C:J03-U01 RAS KERNEL FATAL 20:00000001 21:4c00010d 22:00000100 23:0feea2f0
- 1125039841 2005.08.26 R01-M1-ND-C:J03-U01 2005-08-26-00.04.01.105917 R01-M1-ND-C:J03-U01 RAS KERNEL FATAL 24:00000000 25:00220aa0 26:00004c42 27:0feea1b0
- 1125039841 2005.08.26 R01-M1-ND-C:J03-U01 2005-08-26-00.04.01.262019 R01-M1-ND-C:J03-U01 RAS KERNEL FATAL 28:00220400 29:00220480 30:00000010 31:00220450
- 1125039841 2005.08.26 R01-M1-ND-C:J03-U01 2005-08-26-00.04.01.674954 R01-M1-ND-C:J03-U01 RAS KERNEL FATAL special purpose registers:
- 1125039841 2005.08.26 R01-M1-ND-C:J03-U01 2005-08-26-00.04.01.883270 R01-M1-ND-C:J03-U01 RAS KERNEL FATAL lr:00158e00 cr:204044e2 xer:00000002 ctr:00000000
KERNRTSP 1125039842 2005.08.26 R01-M1-ND-C:J03-U01 2005-08-26-00.04.02.039833 R01-M1-ND-C:J03-U01 RAS KERNEL FATAL rts panic! - stopping execution
- 1125043511 2005.08.26 R10-M1-N5-C:J04-U11 2005-08-26-01.05.11.171086 R10-M1-N5-C:J04-U11 RAS KERNEL INFO 1 ddr errors(s) detected and corrected on rank 0, symbol 3, bit 0
- 1125043511 2005.08.26 R10-M1-N5-C:J04-U11 2005-08-26-01.05.11.457907 R10-M1-N5-C:J04-U11 RAS KERNEL INFO CE sym 3, at 0x07d02da0, mask 0x80
- 1125043511 2005.08.26 R10-M1-N5-C:J04-U11 2005-08-26-01.05.11.698599 R10-M1-N5-C:J04-U11 RAS KERNEL INFO total of 1 ddr error(s) detected and corrected
- 1125044771 2005.08.26 R07-M0-N6-C:J11-U01 2005-08-26-01.26.11.826837 R07-M0-N6-C:J11-U01 RAS KERNEL INFO 1 ddr errors(s) detected and corrected on rank 0, symbol 18, bit 0
- 1125044772 2005.08.26 R10-M1-N5-C:J04-U11 2005-08-26-01.26.12.390516 R10-M1-N5-C:J04-U11 RAS KERNEL INFO 1 ddr errors(s) detected and corrected on rank 0, symbol 3, bit 0
- 1125044772 2005.08.26 R07-M0-N6-C:J11-U01 2005-08-26-01.26.12.639587 R07-M0-N6-C:J11-U01 RAS KERNEL INFO CE sym 18, at 0x1808d120, mask 0x80
- 1125044773 2005.08.26 R10-M1-N5-C:J04-U11 2005-08-26-01.26.13.058333 R10-M1-N5-C:J04-U11 RAS KERNEL INFO CE sym 3, at 0x07d02da0, mask 0x80
- 1125044773 2005.08.26 R07-M0-N6-C:J11-U01 2005-08-26-01.26.13.315650 R07-M0-N6-C:J11-U01 RAS KERNEL INFO total of 1 ddr error(s) detected and corrected
- 1125044773 2005.08.26 R10-M1-N5-C:J04-U11 2005-08-26-01.26.13.726105 R10-M1-N5-C:J04-U11 RAS KERNEL INFO total of 1 ddr error(s) detected and corrected
- 1125045995 2005.08.26 R10-M1-N5-C:J04-U11 2005-08-26-01.46.35.947597 R10-M1-N5-C:J04-U11 RAS KERNEL INFO 1 ddr errors(s) detected and corrected on rank 0, symbol 3, bit 0
- 1125045996 2005.08.26 R10-M1-N5-C:J04-U11 2005-08-26-01.46.36.344267 R10-M1-N5-C:J04-U11 RAS KERNEL INFO CE sym 3, at 0x07d02da0, mask 0x80
- 1125045996 2005.08.26 R10-M1-N5-C:J04-U11 2005-08-26-01.46.36.757223 R10-M1-N5-C:J04-U11 RAS KERNEL INFO total of 1 ddr error(s) detected and corrected
- 1125053784 2005.08.26 R10-M1-N5-C:J04-U11 2005-08-26-03.56.24.294756 R10-M1-N5-C:J04-U11 RAS KERNEL INFO 1 ddr errors(s) detected and corrected on rank 0, symbol 3, bit 0
- 1125053784 2005.08.26 R10-M1-N5-C:J04-U11 2005-08-26-03.56.24.795004 R10-M1-N5-C:J04-U11 RAS KERNEL INFO CE sym 3, at 0x07d02da0, mask 0x80
- 1125053785 2005.08.26 R10-M1-N5-C:J04-U11 2005-08-26-03.56.25.321530 R10-M1-N5-C:J04-U11 RAS KERNEL INFO total of 1 ddr error(s) detected and corrected
- 1125056716 2005.08.26 R07-M0-N6-C:J11-U01 2005-08-26-04.45.16.427186 R07-M0-N6-C:J11-U01 RAS KERNEL INFO 1 ddr errors(s) detected and corrected on rank 0, symbol 18, bit 0
- 1125056717 2005.08.26 R61-M1-N9-C:J07-U11 2005-08-26-04.45.17.015152 R61-M1-N9-C:J07-U11 RAS KERNEL INFO 1 tree receiver 2 in re-synch state event(s) (dcr 0x019a) detected
- 1125056717 2005.08.26 R61-M1-N9-C:J07-U11 2005-08-26-04.45.17.108233 R61-M1-N9-C:J07-U11 RAS KERNEL INFO 1 tree receiver 2 in re-synch state event(s) (dcr 0x019a) detected
- 1125056717 2005.08.26 R40-M0-NE-C:J12-U11 2005-08-26-04.45.17.490189 R40-M0-NE-C:J12-U11 RAS KERNEL INFO 1 ddr errors(s) detected and corrected on rank 0, symbol 10, bit 1
- 1125056717 2005.08.26 R10-M1-N5-C:J04-U11 2005-08-26-04.45.17.688120 R10-M1-N5-C:J04-U11 RAS KERNEL INFO 1 ddr errors(s) detected and corrected on rank 0, symbol 3, bit 0
- 1125056718 2005.08.26 R07-M0-N6-C:J11-U01 2005-08-26-04.45.18.021489 R07-M0-N6-C:J11-U01 RAS KERNEL INFO CE sym 18, at 0x1808d120, mask 0x80
- 1125056718 2005.08.26 R40-M0-NE-C:J12-U11 2005-08-26-04.45.18.532447 R40-M0-NE-C:J12-U11 RAS KERNEL INFO CE sym 10, at 0x09f33f60, mask 0x40
- 1125056718 2005.08.26 R10-M1-N5-C:J04-U11 2005-08-26-04.45.18.645840 R10-M1-N5-C:J04-U11 RAS KERNEL INFO CE sym 3, at 0x07d02da0, mask 0x80
- 1125056718 2005.08.26 R07-M0-N6-C:J11-U01 2005-08-26-04.45.18.919753 R07-M0-N6-C:J11-U01 RAS KERNEL INFO total of 1 ddr error(s) detected and corrected
- 1125056719 2005.08.26 R40-M0-NE-C:J12-U11 2005-08-26-04.45.19.423563 R40-M0-NE-C:J12-U11 RAS KERNEL INFO total of 1 ddr error(s) detected and corrected
- 1125056719 2005.08.26 R10-M1-N5-C:J04-U11 2005-08-26-04.45.19.537405 R10-M1-N5-C:J04-U11 RAS KERNEL INFO total of 1 ddr error(s) detected and corrected
- 1125066890 2005.08.26 R10-M1-N5-C:J04-U11 2005-08-26-07.34.50.470710 R10-M1-N5-C:J04-U11 RAS KERNEL INFO 1 ddr errors(s) detected and corrected on rank 0, symbol 3, bit 0
- 1125066891 2005.08.26 R10-M1-N5-C:J04-U11 2005-08-26-07.34.51.207102 R10-M1-N5-C:J04-U11 RAS KERNEL INFO CE sym 3, at 0x07d02da0, mask 0x80
- 1125066891 2005.08.26 R10-M1-N5-C:J04-U11 2005-08-26-07.34.51.859054 R10-M1-N5-C:J04-U11 RAS KERNEL INFO total of 1 ddr error(s) detected and corrected
- 1125067081 2005.08.26 R73-M0-N7-C:J11-U01 2005-08-26-07.38.01.230790 R73-M0-N7-C:J11-U01 RAS KERNEL INFO 1 ddr errors(s) detected and corrected on rank 0, symbol 6, bit 1
- 1125067081 2005.08.26 R07-M0-N6-C:J11-U01 2005-08-26-07.38.01.368529 R07-M0-N6-C:J11-U01 RAS KERNEL INFO 1 ddr errors(s) detected and corrected on rank 0, symbol 18, bit 0
- 1125067082 2005.08.26 R10-M1-N5-C:J04-U11 2005-08-26-07.38.02.206602 R10-M1-N5-C:J04-U11 RAS KERNEL INFO 1 ddr errors(s) detected and corrected on rank 0, symbol 3, bit 0
- 1125067082 2005.08.26 R73-M0-N7-C:J11-U01 2005-08-26-07.38.02.471306 R73-M0-N7-C:J11-U01 RAS KERNEL INFO CE sym 6, at 0x034b7e80, mask 0x40
- 1125067082 2005.08.26 R07-M0-N6-C:J11-U01 2005-08-26-07.38.02.557937 R07-M0-N6-C:J11-U01 RAS KERNEL INFO CE sym 18, at 0x1808d120, mask 0x80
- 1125067083 2005.08.26 R10-M1-N5-C:J04-U11 2005-08-26-07.38.03.018835 R10-M1-N5-C:J04-U11 RAS KERNEL INFO CE sym 3, at 0x07d02da0, mask 0x80
- 1125067083 2005.08.26 R07-M0-N8-C:J06-U01 2005-08-26-07.38.03.120882 R07-M0-N8-C:J06-U01 RAS KERNEL INFO 1 ddr errors(s) detected and corrected on rank 0, symbol 33, bit 1
- 1125067083 2005.08.26 R73-M0-N7-C:J11-U01 2005-08-26-07.38.03.392197 R73-M0-N7-C:J11-U01 RAS KERNEL INFO total of 1 ddr error(s) detected and corrected
- 1125067083 2005.08.26 R07-M0-N6-C:J11-U01 2005-08-26-07.38.03.473748 R07-M0-N6-C:J11-U01 RAS KERNEL INFO total of 1 ddr error(s) detected and corrected
- 1125067083 2005.08.26 R10-M1-N5-C:J04-U11 2005-08-26-07.38.03.958520 R10-M1-N5-C:J04-U11 RAS KERNEL INFO total of 1 ddr error(s) detected and corrected
- 1125067084 2005.08.26 R07-M0-N8-C:J06-U01 2005-08-26-07.38.04.053125 R07-M0-N8-C:J06-U01 RAS KERNEL INFO CE sym 33, at 0x127496e0, mask 0x40
- 1125067084 2005.08.26 R07-M0-N8-C:J06-U01 2005-08-26-07.38.04.313622 R07-M0-N8-C:J06-U01 RAS KERNEL INFO total of 1 ddr error(s) detected and corrected
- 1125067255 2005.08.26 R10-M1-N5-C:J04-U11 2005-08-26-07.40.55.125675 R10-M1-N5-C:J04-U11 RAS KERNEL INFO 1 ddr errors(s) detected and corrected on rank 0, symbol 3, bit 0
- 1125067255 2005.08.26 R07-M0-N8-C:J06-U01 2005-08-26-07.40.55.258338 R07-M0-N8-C:J06-U01 RAS KERNEL INFO 1 ddr errors(s) detected and corrected on rank 0, symbol 33, bit 1
- 1125067255 2005.08.26 R10-M1-N5-C:J04-U11 2005-08-26-07.40.55.506398 R10-M1-N5-C:J04-U11 RAS KERNEL INFO CE sym 3, at 0x07d02da0, mask 0x80
- 1125067256 2005.08.26 R07-M0-N8-C:J06-U01 2005-08-26-07.40.56.058842 R07-M0-N8-C:J06-U01 RAS KERNEL INFO CE sym 33, at 0x127496e0, mask 0x40
- 1125067256 2005.08.26 R10-M1-N5-C:J04-U11 2005-08-26-07.40.56.352943 R10-M1-N5-C:J04-U11 RAS KERNEL INFO total of 1 ddr error(s) detected and corrected
- 1125067256 2005.08.26 R07-M0-N8-C:J06-U01 2005-08-26-07.40.56.436015 R07-M0-N8-C:J06-U01 RAS KERNEL INFO total of 1 ddr error(s) detected and corrected
- 1125067419 2005.08.26 R10-M1-N5-C:J04-U11 2005-08-26-07.43.39.752681 R10-M1-N5-C:J04-U11 RAS KERNEL INFO 1 ddr errors(s) detected and corrected on rank 0, symbol 3, bit 0
- 1125067419 2005.08.26 R07-M0-N8-C:J06-U01 2005-08-26-07.43.39.886554 R07-M0-N8-C:J06-U01 RAS KERNEL INFO 2 ddr errors(s) detected and corrected on rank 0, symbol 33, bit 1
- 1125067420 2005.08.26 R10-M1-N5-C:J04-U11 2005-08-26-07.43.40.134284 R10-M1-N5-C:J04-U11 RAS KERNEL INFO CE sym 3, at 0x07d02da0, mask 0x80
- 1125067420 2005.08.26 R07-M0-N8-C:J06-U01 2005-08-26-07.43.40.231831 R07-M0-N8-C:J06-U01 RAS KERNEL INFO CE sym 33, at 0x127496e0, mask 0x40
- 1125067420 2005.08.26 R10-M1-N5-C:J04-U11 2005-08-26-07.43.40.500702 R10-M1-N5-C:J04-U11 RAS KERNEL INFO total of 1 ddr error(s) detected and corrected
- 1125067420 2005.08.26 R07-M0-N8-C:J06-U01 2005-08-26-07.43.40.587457 R07-M0-N8-C:J06-U01 RAS KERNEL INFO CE sym 33, at 0x127496e0, mask 0x40
- 1125067420 2005.08.26 R07-M0-N8-C:J06-U01 2005-08-26-07.43.40.844221 R07-M0-N8-C:J06-U01 RAS KERNEL INFO total of 2 ddr error(s) detected and corrected
- 1125067578 2005.08.26 R10-M1-N5-C:J04-U11 2005-08-26-07.46.18.607644 R10-M1-N5-C:J04-U11 RAS KERNEL INFO 1 ddr errors(s) detected and corrected on rank 0, symbol 3, bit 0
- 1125067579 2005.08.26 R10-M1-N5-C:J04-U11 2005-08-26-07.46.19.067600 R10-M1-N5-C:J04-U11 RAS KERNEL INFO CE sym 3, at 0x07d02da0, mask 0x80
- 1125067579 2005.08.26 R10-M1-N5-C:J04-U11 2005-08-26-07.46.19.311982 R10-M1-N5-C:J04-U11 RAS KERNEL INFO total of 1 ddr error(s) detected and corrected
- 1125067842 2005.08.26 R10-M1-N5-C:J04-U11 2005-08-26-07.50.42.040225 R10-M1-N5-C:J04-U11 RAS KERNEL INFO 1 ddr errors(s) detected and corrected on rank 0, symbol 3, bit 0
- 1125067842 2005.08.26 R10-M1-N5-C:J04-U11 2005-08-26-07.50.42.383609 R10-M1-N5-C:J04-U11 RAS KERNEL INFO CE sym 3, at 0x07d02da0, mask 0x80
- 1125067842 2005.08.26 R10-M1-N5-C:J04-U11 2005-08-26-07.50.42.719499 R10-M1-N5-C:J04-U11 RAS KERNEL INFO total of 1 ddr error(s) detected and corrected
- 1125067949 2005.08.26 R10-M1-N5-C:J04-U11 2005-08-26-07.52.29.347370 R10-M1-N5-C:J04-U11 RAS KERNEL INFO 1 ddr errors(s) detected and corrected on rank 0, symbol 3, bit 0
- 1125067949 2005.08.26 R10-M1-N5-C:J04-U11 2005-08-26-07.52.29.642613 R10-M1-N5-C:J04-U11 RAS KERNEL INFO CE sym 3, at 0x07d02da0, mask 0x80
- 1125067949 2005.08.26 R10-M1-N5-C:J04-U11 2005-08-26-07.52.29.885913 R10-M1-N5-C:J04-U11 RAS KERNEL INFO total of 1 ddr error(s) detected and corrected
- 1125068060 2005.08.26 R10-M1-N5-C:J04-U11 2005-08-26-07.54.20.015366 R10-M1-N5-C:J04-U11 RAS KERNEL INFO 1 ddr errors(s) detected and corrected on rank 0, symbol 3, bit 0
- 1125068060 2005.08.26 R10-M1-N5-C:J04-U11 2005-08-26-07.54.20.306567 R10-M1-N5-C:J04-U11 RAS KERNEL INFO CE sym 3, at 0x07d02da0, mask 0x80
- 1125068060 2005.08.26 R10-M1-N5-C:J04-U11 2005-08-26-07.54.20.545198 R10-M1-N5-C:J04-U11 RAS KERNEL INFO total of 1 ddr error(s) detected and corrected
- 1125068175 2005.08.26 R73-M0-N7-C:J11-U01 2005-08-26-07.56.15.157684 R73-M0-N7-C:J11-U01 RAS KERNEL INFO 1 ddr errors(s) detected and corrected on rank 0, symbol 6, bit 1
- 1125068175 2005.08.26 R10-M1-N5-C:J04-U11 2005-08-26-07.56.15.297188 R10-M1-N5-C:J04-U11 RAS KERNEL INFO 1 ddr errors(s) detected and corrected on rank 0, symbol 3, bit 0
- 1125068175 2005.08.26 R73-M0-N7-C:J11-U01 2005-08-26-07.56.15.543986 R73-M0-N7-C:J11-U01 RAS KERNEL INFO CE sym 6, at 0x034b7e80, mask 0x40
- 1125068175 2005.08.26 R10-M1-N5-C:J04-U11 2005-08-26-07.56.15.796750 R10-M1-N5-C:J04-U11 RAS KERNEL INFO CE sym 3, at 0x07d02da0, mask 0x80
- 1125068176 2005.08.26 R73-M0-N7-C:J11-U01 2005-08-26-07.56.16.090327 R73-M0-N7-C:J11-U01 RAS KERNEL INFO total of 1 ddr error(s) detected and corrected
- 1125068176 2005.08.26 R10-M1-N5-C:J04-U11 2005-08-26-07.56.16.178376 R10-M1-N5-C:J04-U11 RAS KERNEL INFO total of 1 ddr error(s) detected and corrected
- 1125068288 2005.08.26 R10-M1-N5-C:J04-U11 2005-08-26-07.58.08.322779 R10-M1-N5-C:J04-U11 RAS KERNEL INFO 1 ddr errors(s) detected and corrected on rank 0, symbol 3, bit 0
- 1125068288 2005.08.26 R10-M1-N5-C:J04-U11 2005-08-26-07.58.08.608533 R10-M1-N5-C:J04-U11 RAS KERNEL INFO CE sym 3, at 0x07d02da0, mask 0x80
- 1125068288 2005.08.26 R10-M1-N5-C:J04-U11 2005-08-26-07.58.08.865429 R10-M1-N5-C:J04-U11 RAS KERNEL INFO total of 1 ddr error(s) detected and corrected
- 1125070643 2005.08.26 R43-M0-N5-C:J08-U11 2005-08-26-08.37.23.488977 R43-M0-N5-C:J08-U11 RAS KERNEL INFO critical input interrupt (unit=0x0b bit=0x0b): warning for torus z- wire
- 1125070643 2005.08.26 R43-M0-N5-C:J08-U11 2005-08-26-08.37.23.782608 R43-M0-N5-C:J08-U11 RAS KERNEL INFO suppressing further interrupts of same type
- 1125070664 2005.08.26 R13-M1-N2-C:J07-U01 2005-08-26-08.37.44.142387 R13-M1-N2-C:J07-U01 RAS KERNEL INFO ddr: activating redundant bit steering: rank=0 symbol=15
- 1125070729 2005.08.26 R10-M1-N5-C:J04-U11 2005-08-26-08.38.49.274391 R10-M1-N5-C:J04-U11 RAS KERNEL INFO 1 ddr errors(s) detected and corrected on rank 0, symbol 3, bit 0
- 1125070729 2005.08.26 R73-M1-NA-C:J07-U01 2005-08-26-08.38.49.718379 R73-M1-NA-C:J07-U01 RAS KERNEL INFO 2 torus receiver x+ input pipe error(s) (dcr 0x02ec) detected and corrected
- 1125070729 2005.08.26 R13-M0-N2-C:J09-U01 2005-08-26-08.38.49.806675 R13-M0-N2-C:J09-U01 RAS KERNEL INFO 1 torus receiver z- input pipe error(s) (dcr 0x02f1) detected and corrected
- 1125070729 2005.08.26 R13-M1-N2-C:J07-U01 2005-08-26-08.38.49.886381 R13-M1-N2-C:J07-U01 RAS KERNEL INFO 23 ddr errors(s) detected and corrected on rank 0, symbol 15, bit 0
- 1125070730 2005.08.26 R10-M1-N5-C:J04-U11 2005-08-26-08.38.50.164522 R10-M1-N5-C:J04-U11 RAS KERNEL INFO CE sym 3, at 0x07d02da0, mask 0x80
- 1125070730 2005.08.26 R73-M1-NA-C:J07-U01 2005-08-26-08.38.50.664200 R73-M1-NA-C:J07-U01 RAS KERNEL INFO 1 torus receiver x- input pipe error(s) (dcr 0x02ed) detected and corrected
- 1125070730 2005.08.26 R13-M1-N2-C:J07-U01 2005-08-26-08.38.50.831652 R13-M1-N2-C:J07-U01 RAS KERNEL INFO 8 ddr errors(s) detected and corrected on rank 0, symbol 15, bit 1
- 1125070731 2005.08.26 R10-M1-N5-C:J04-U11 2005-08-26-08.38.51.026075 R10-M1-N5-C:J04-U11 RAS KERNEL INFO total of 1 ddr error(s) detected and corrected
- 1125070731 2005.08.26 R73-M1-NA-C:J07-U01 2005-08-26-08.38.51.370423 R73-M1-NA-C:J07-U01 RAS KERNEL INFO 1 torus receiver y+ input pipe error(s) (dcr 0x02ee) detected and corrected
- 1125070731 2005.08.26 R13-M1-N2-C:J07-U01 2005-08-26-08.38.51.469818 R13-M1-N2-C:J07-U01 RAS KERNEL INFO CE sym 15, at 0x03efaea0, mask 0x80
- 1125070731 2005.08.26 R73-M1-NA-C:J07-U01 2005-08-26-08.38.51.923041 R73-M1-NA-C:J07-U01 RAS KERNEL INFO 1 torus receiver y- input pipe error(s) (dcr 0x02ef) detected and corrected
- 1125070732 2005.08.26 R13-M1-N2-C:J07-U01 2005-08-26-08.38.52.020840 R13-M1-N2-C:J07-U01 RAS KERNEL INFO CE sym 15, at 0x03efaea0, mask 0x80
- 1125070732 2005.08.26 R73-M1-NA-C:J07-U01 2005-08-26-08.38.52.357734 R73-M1-NA-C:J07-U01 RAS KERNEL INFO 1 torus receiver z+ input pipe error(s) (dcr 0x02f0) detected and corrected
- 1125070732 2005.08.26 R13-M1-N2-C:J07-U01 2005-08-26-08.38.52.450867 R13-M1-N2-C:J07-U01 RAS KERNEL INFO CE sym 15, at 0x03efaea0, mask 0x80
- 1125070732 2005.08.26 R73-M1-NA-C:J07-U01 2005-08-26-08.38.52.791839 R73-M1-NA-C:J07-U01 RAS KERNEL INFO 1 torus receiver z- input pipe error(s) (dcr 0x02f1) detected and corrected
- 1125070732 2005.08.26 R13-M1-N2-C:J07-U01 2005-08-26-08.38.52.887713 R13-M1-N2-C:J07-U01 RAS KERNEL INFO CE sym 15, at 0x03efaea0, mask 0x40
- 1125070733 2005.08.26 R13-M1-N2-C:J07-U01 2005-08-26-08.38.53.234807 R13-M1-N2-C:J07-U01 RAS KERNEL INFO CE sym 15, at 0x03efaea0, mask 0x80
- 1125070733 2005.08.26 R13-M1-N2-C:J07-U01 2005-08-26-08.38.53.560134 R13-M1-N2-C:J07-U01 RAS KERNEL INFO CE sym 15, at 0x03efaea0, mask 0x40
- 1125070733 2005.08.26 R13-M1-N2-C:J07-U01 2005-08-26-08.38.53.876976 R13-M1-N2-C:J07-U01 RAS KERNEL INFO CE sym 15, at 0x03efaea0, mask 0x80
- 1125070734 2005.08.26 R13-M1-N2-C:J07-U01 2005-08-26-08.38.54.196049 R13-M1-N2-C:J07-U01 RAS KERNEL INFO CE sym 15, at 0x03efaea0, mask 0x80
- 1125070734 2005.08.26 R13-M1-N2-C:J07-U01 2005-08-26-08.38.54.549777 R13-M1-N2-C:J07-U01 RAS KERNEL INFO CE sym 15, at 0x03efaea0, mask 0x80
- 1125070734 2005.08.26 R13-M1-N2-C:J07-U01 2005-08-26-08.38.54.796839 R13-M1-N2-C:J07-U01 RAS KERNEL INFO CE sym 15, at 0x03efaea0, mask 0x80
- 1125070735 2005.08.26 R13-M1-N2-C:J07-U01 2005-08-26-08.38.55.055163 R13-M1-N2-C:J07-U01 RAS KERNEL INFO CE sym 15, at 0x03efaea0, mask 0x80
- 1125070735 2005.08.26 R13-M1-N2-C:J07-U01 2005-08-26-08.38.55.296325 R13-M1-N2-C:J07-U01 RAS KERNEL INFO CE sym 15, at 0x03efaea0, mask 0x80
- 1125070735 2005.08.26 R13-M1-N2-C:J07-U01 2005-08-26-08.38.55.538741 R13-M1-N2-C:J07-U01 RAS KERNEL INFO CE sym 15, at 0x03efaea0, mask 0x80
- 1125070735 2005.08.26 R13-M1-N2-C:J07-U01 2005-08-26-08.38.55.776937 R13-M1-N2-C:J07-U01 RAS KERNEL INFO CE sym 15, at 0x03efaea0, mask 0x80
- 1125070736 2005.08.26 R13-M1-N2-C:J07-U01 2005-08-26-08.38.56.018152 R13-M1-N2-C:J07-U01 RAS KERNEL INFO CE sym 15, at 0x03efaea0, mask 0x80
- 1125070736 2005.08.26 R13-M1-N2-C:J07-U01 2005-08-26-08.38.56.257029 R13-M1-N2-C:J07-U01 RAS KERNEL INFO CE sym 15, at 0x03efaea0, mask 0x80
- 1125070736 2005.08.26 R13-M1-N2-C:J07-U01 2005-08-26-08.38.56.495891 R13-M1-N2-C:J07-U01 RAS KERNEL INFO CE sym 15, at 0x03efaea0, mask 0x40
- 1125070736 2005.08.26 R13-M1-N2-C:J07-U01 2005-08-26-08.38.56.734023 R13-M1-N2-C:J07-U01 RAS KERNEL INFO CE sym 15, at 0x03efaea0, mask 0xc0
- 1125070737 2005.08.26 R13-M1-N2-C:J07-U01 2005-08-26-08.38.57.014198 R13-M1-N2-C:J07-U01 RAS KERNEL INFO CE sym 15, at 0x03efaea0, mask 0x40
- 1125070737 2005.08.26 R13-M1-N2-C:J07-U01 2005-08-26-08.38.57.265060 R13-M1-N2-C:J07-U01 RAS KERNEL INFO CE sym 15, at 0x03efaea0, mask 0x40
- 1125070737 2005.08.26 R13-M1-N2-C:J07-U01 2005-08-26-08.38.57.507431 R13-M1-N2-C:J07-U01 RAS KERNEL INFO CE sym 15, at 0x03efaea0, mask 0x80
- 1125070737 2005.08.26 R13-M1-N2-C:J07-U01 2005-08-26-08.38.57.745393 R13-M1-N2-C:J07-U01 RAS KERNEL INFO CE sym 15, at 0x03efaea0, mask 0x80
- 1125070737 2005.08.26 R13-M1-N2-C:J07-U01 2005-08-26-08.38.57.985660 R13-M1-N2-C:J07-U01 RAS KERNEL INFO CE sym 15, at 0x03efaea0, mask 0x80
- 1125070738 2005.08.26 R13-M1-N2-C:J07-U01 2005-08-26-08.38.58.225185 R13-M1-N2-C:J07-U01 RAS KERNEL INFO CE sym 15, at 0x03efaea0, mask 0x40
- 1125070738 2005.08.26 R13-M1-N2-C:J07-U01 2005-08-26-08.38.58.461312 R13-M1-N2-C:J07-U01 RAS KERNEL INFO CE sym 15, at 0x03efaea0, mask 0x80
- 1125070738 2005.08.26 R13-M1-N2-C:J07-U01 2005-08-26-08.38.58.700449 R13-M1-N2-C:J07-U01 RAS KERNEL INFO CE sym 15, at 0x03efaea0, mask 0x40
- 1125070738 2005.08.26 R13-M1-N2-C:J07-U01 2005-08-26-08.38.58.939794 R13-M1-N2-C:J07-U01 RAS KERNEL INFO CE sym 15, at 0x03efaea0, mask 0x80
- 1125070739 2005.08.26 R13-M1-N2-C:J07-U01 2005-08-26-08.38.59.181736 R13-M1-N2-C:J07-U01 RAS KERNEL INFO CE sym 15, at 0x03efaea0, mask 0x80
- 1125070739 2005.08.26 R13-M1-N2-C:J07-U01 2005-08-26-08.38.59.418985 R13-M1-N2-C:J07-U01 RAS KERNEL INFO CE sym 15, at 0x03efaea0, mask 0x80
- 1125070739 2005.08.26 R13-M1-N2-C:J07-U01 2005-08-26-08.38.59.667021 R13-M1-N2-C:J07-U01 RAS KERNEL INFO CE sym 15, at 0x03efaea0, mask 0x80
- 1125073450 2005.08.26 R22-M1-N7-C:J16-U11 2005-08-26-09.24.10.262371 R22-M1-N7-C:J16-U11 RAS KERNEL INFO 1 ddr errors(s) detected and corrected on rank 0, symbol 23, bit 2
- 1125073450 2005.08.26 R40-M0-NE-C:J12-U11 2005-08-26-09.24.10.345214 R40-M0-NE-C:J12-U11 RAS KERNEL INFO 1 ddr errors(s) detected and corrected on rank 0, symbol 10, bit 1
- 1125073450 2005.08.26 R10-M1-N5-C:J04-U11 2005-08-26-09.24.10.518526 R10-M1-N5-C:J04-U11 RAS KERNEL INFO 1 ddr errors(s) detected and corrected on rank 0, symbol 3, bit 0
- 1125073450 2005.08.26 R07-M0-NC-C:J04-U11 2005-08-26-09.24.10.609596 R07-M0-NC-C:J04-U11 RAS KERNEL INFO 1 ddr errors(s) detected and corrected on rank 0, symbol 17, bit 5
- 1125073451 2005.08.26 R22-M1-N7-C:J16-U11 2005-08-26-09.24.11.180311 R22-M1-N7-C:J16-U11 RAS KERNEL INFO CE sym 23, at 0x141cd3a0, mask 0x20
- 1125073451 2005.08.26 R40-M0-NE-C:J12-U11 2005-08-26-09.24.11.264071 R40-M0-NE-C:J12-U11 RAS KERNEL INFO CE sym 10, at 0x09f33f60, mask 0x40
- 1125073451 2005.08.26 R10-M1-N5-C:J04-U11 2005-08-26-09.24.11.441668 R10-M1-N5-C:J04-U11 RAS KERNEL INFO CE sym 3, at 0x07d02da0, mask 0x80
- 1125073451 2005.08.26 R07-M0-NC-C:J04-U11 2005-08-26-09.24.11.525659 R07-M0-NC-C:J04-U11 RAS KERNEL INFO CE sym 17, at 0x0034b000, mask 0x04
- 1125073452 2005.08.26 R22-M1-N7-C:J16-U11 2005-08-26-09.24.12.113492 R22-M1-N7-C:J16-U11 RAS KERNEL INFO total of 1 ddr error(s) detected and corrected
- 1125073452 2005.08.26 R40-M0-NE-C:J12-U11 2005-08-26-09.24.12.191762 R40-M0-NE-C:J12-U11 RAS KERNEL INFO total of 1 ddr error(s) detected and corrected
- 1125073452 2005.08.26 R10-M1-N5-C:J04-U11 2005-08-26-09.24.12.354930 R10-M1-N5-C:J04-U11 RAS KERNEL INFO total of 1 ddr error(s) detected and corrected
- 1125073452 2005.08.26 R07-M0-NC-C:J04-U11 2005-08-26-09.24.12.445816 R07-M0-NC-C:J04-U11 RAS KERNEL INFO total of 1 ddr error(s) detected and corrected
- 1125075949 2005.08.26 R10-M1-N5-C:J04-U11 2005-08-26-10.05.49.076386 R10-M1-N5-C:J04-U11 RAS KERNEL INFO ddr: activating redundant bit steering: rank=0 symbol=3
- 1125076029 2005.08.26 R01-M1-N0-C:J08-U11 2005-08-26-10.07.09.114701 R01-M1-N0-C:J08-U11 RAS KERNEL INFO critical input interrupt (unit=0x0b bit=0x06): warning for torus y+ wire
- 1125076029 2005.08.26 R01-M1-N0-C:J08-U11 2005-08-26-10.07.09.414381 R01-M1-N0-C:J08-U11 RAS KERNEL INFO suppressing further interrupts of same type
- 1125076097 2005.08.26 R61-M1-N8-C:J03-U11 2005-08-26-10.08.17.745433 R61-M1-N8-C:J03-U11 RAS KERNEL INFO 2 ddr errors(s) detected and corrected on rank 0, symbol 35, bit 5
- 1125076097 2005.08.26 R07-M1-N6-C:J05-U01 2005-08-26-10.08.17.912997 R07-M1-N6-C:J05-U01 RAS KERNEL INFO 1 ddr errors(s) detected and corrected on rank 0, symbol 35, bit 1
- 1125076098 2005.08.26 R22-M1-N7-C:J16-U11 2005-08-26-10.08.18.088059 R22-M1-N7-C:J16-U11 RAS KERNEL INFO 1 ddr errors(s) detected and corrected on rank 0, symbol 23, bit 2
- 1125076098 2005.08.26 R76-M1-ND-C:J08-U11 2005-08-26-10.08.18.604454 R76-M1-ND-C:J08-U11 RAS KERNEL INFO 1 L3 EDRAM error(s) (dcr 0x0157) detected and corrected
- 1125076098 2005.08.26 R10-M1-N5-C:J04-U11 2005-08-26-10.08.18.693190 R10-M1-N5-C:J04-U11 RAS KERNEL INFO 30 ddr errors(s) detected and corrected on rank 0, symbol 3, bit 0
- 1125076099 2005.08.26 R61-M1-N8-C:J03-U11 2005-08-26-10.08.19.296051 R61-M1-N8-C:J03-U11 RAS KERNEL INFO CE sym 35, at 0x0c3b8c40, mask 0x04
- 1125076099 2005.08.26 R07-M1-N6-C:J05-U01 2005-08-26-10.08.19.463426 R07-M1-N6-C:J05-U01 RAS KERNEL INFO CE sym 35, at 0x094df2a0, mask 0x40
- 1125076099 2005.08.26 R22-M1-N7-C:J16-U11 2005-08-26-10.08.19.630454 R22-M1-N7-C:J16-U11 RAS KERNEL INFO CE sym 23, at 0x141cd3a0, mask 0x20
- 1125076100 2005.08.26 R10-M1-N5-C:J04-U11 2005-08-26-10.08.20.062822 R10-M1-N5-C:J04-U11 RAS KERNEL INFO CE sym 3, at 0x07d02da0, mask 0x80
- 1125076100 2005.08.26 R61-M1-N8-C:J03-U11 2005-08-26-10.08.20.732590 R61-M1-N8-C:J03-U11 RAS KERNEL INFO CE sym 35, at 0x0c3b8c40, mask 0x04
- 1125076100 2005.08.26 R07-M1-N6-C:J05-U01 2005-08-26-10.08.20.900250 R07-M1-N6-C:J05-U01 RAS KERNEL INFO total of 1 ddr error(s) detected and corrected
- 1125076101 2005.08.26 R22-M1-N7-C:J16-U11 2005-08-26-10.08.21.061938 R22-M1-N7-C:J16-U11 RAS KERNEL INFO total of 1 ddr error(s) detected and corrected
- 1125076101 2005.08.26 R10-M1-N5-C:J04-U11 2005-08-26-10.08.21.450481 R10-M1-N5-C:J04-U11 RAS KERNEL INFO CE sym 3, at 0x07d02da0, mask 0x80
- 1125076101 2005.08.26 R61-M1-N8-C:J03-U11 2005-08-26-10.08.21.863084 R61-M1-N8-C:J03-U11 RAS KERNEL INFO total of 2 ddr error(s) detected and corrected
- 1125076102 2005.08.26 R10-M1-N5-C:J04-U11 2005-08-26-10.08.22.096387 R10-M1-N5-C:J04-U11 RAS KERNEL INFO CE sym 3, at 0x07d02da0, mask 0x80
- 1125076102 2005.08.26 R10-M1-N5-C:J04-U11 2005-08-26-10.08.22.691677 R10-M1-N5-C:J04-U11 RAS KERNEL INFO CE sym 3, at 0x07d02da0, mask 0x80
- 1125076103 2005.08.26 R10-M1-N5-C:J04-U11 2005-08-26-10.08.23.301859 R10-M1-N5-C:J04-U11 RAS KERNEL INFO CE sym 3, at 0x07d02da0, mask 0x80
- 1125076103 2005.08.26 R10-M1-N5-C:J04-U11 2005-08-26-10.08.23.828490 R10-M1-N5-C:J04-U11 RAS KERNEL INFO CE sym 3, at 0x07d02da0, mask 0x80
- 1125076104 2005.08.26 R10-M1-N5-C:J04-U11 2005-08-26-10.08.24.251212 R10-M1-N5-C:J04-U11 RAS KERNEL INFO CE sym 3, at 0x07d02da0, mask 0x80
- 1125076104 2005.08.26 R10-M1-N5-C:J04-U11 2005-08-26-10.08.24.683515 R10-M1-N5-C:J04-U11 RAS KERNEL INFO CE sym 3, at 0x07d02da0, mask 0x80
- 1125076105 2005.08.26 R10-M1-N5-C:J04-U11 2005-08-26-10.08.25.101455 R10-M1-N5-C:J04-U11 RAS KERNEL INFO CE sym 3, at 0x07d02da0, mask 0x80
- 1125076105 2005.08.26 R10-M1-N5-C:J04-U11 2005-08-26-10.08.25.526413 R10-M1-N5-C:J04-U11 RAS KERNEL INFO CE sym 3, at 0x07d02da0, mask 0x80
- 1125076105 2005.08.26 R10-M1-N5-C:J04-U11 2005-08-26-10.08.25.970094 R10-M1-N5-C:J04-U11 RAS KERNEL INFO CE sym 3, at 0x07d02da0, mask 0x80
- 1125076106 2005.08.26 R10-M1-N5-C:J04-U11 2005-08-26-10.08.26.436378 R10-M1-N5-C:J04-U11 RAS KERNEL INFO CE sym 3, at 0x07d02da0, mask 0x80
- 1125076106 2005.08.26 R10-M1-N5-C:J04-U11 2005-08-26-10.08.26.846953 R10-M1-N5-C:J04-U11 RAS KERNEL INFO CE sym 3, at 0x07d02da0, mask 0x80
- 1125076107 2005.08.26 R10-M1-N5-C:J04-U11 2005-08-26-10.08.27.242671 R10-M1-N5-C:J04-U11 RAS KERNEL INFO CE sym 3, at 0x07d02da0, mask 0x80
- 1125076107 2005.08.26 R10-M1-N5-C:J04-U11 2005-08-26-10.08.27.625878 R10-M1-N5-C:J04-U11 RAS KERNEL INFO CE sym 3, at 0x07d02da0, mask 0x80
- 1125076108 2005.08.26 R10-M1-N5-C:J04-U11 2005-08-26-10.08.28.032945 R10-M1-N5-C:J04-U11 RAS KERNEL INFO CE sym 3, at 0x07d02da0, mask 0x80
- 1125076108 2005.08.26 R10-M1-N5-C:J04-U11 2005-08-26-10.08.28.433183 R10-M1-N5-C:J04-U11 RAS KERNEL INFO CE sym 3, at 0x07d02da0, mask 0x80
- 1125076108 2005.08.26 R10-M1-N5-C:J04-U11 2005-08-26-10.08.28.828912 R10-M1-N5-C:J04-U11 RAS KERNEL INFO CE sym 3, at 0x07d02da0, mask 0x80
- 1125076109 2005.08.26 R10-M1-N5-C:J04-U11 2005-08-26-10.08.29.236052 R10-M1-N5-C:J04-U11 RAS KERNEL INFO CE sym 3, at 0x07d02da0, mask 0x80
- 1125076109 2005.08.26 R10-M1-N5-C:J04-U11 2005-08-26-10.08.29.631164 R10-M1-N5-C:J04-U11 RAS KERNEL INFO CE sym 3, at 0x07d02da0, mask 0x80
- 1125076110 2005.08.26 R10-M1-N5-C:J04-U11 2005-08-26-10.08.30.022952 R10-M1-N5-C:J04-U11 RAS KERNEL INFO CE sym 3, at 0x07d02da0, mask 0x80
- 1125076110 2005.08.26 R10-M1-N5-C:J04-U11 2005-08-26-10.08.30.424727 R10-M1-N5-C:J04-U11 RAS KERNEL INFO CE sym 3, at 0x07d02da0, mask 0x80
- 1125076110 2005.08.26 R10-M1-N5-C:J04-U11 2005-08-26-10.08.30.807054 R10-M1-N5-C:J04-U11 RAS KERNEL INFO CE sym 3, at 0x07d02da0, mask 0x80
- 1125076111 2005.08.26 R10-M1-N5-C:J04-U11 2005-08-26-10.08.31.280431 R10-M1-N5-C:J04-U11 RAS KERNEL INFO CE sym 3, at 0x07d02da0, mask 0x80
- 1125076111 2005.08.26 R10-M1-N5-C:J04-U11 2005-08-26-10.08.31.725150 R10-M1-N5-C:J04-U11 RAS KERNEL INFO CE sym 3, at 0x07d02da0, mask 0x80
- 1125076112 2005.08.26 R10-M1-N5-C:J04-U11 2005-08-26-10.08.32.124434 R10-M1-N5-C:J04-U11 RAS KERNEL INFO CE sym 3, at 0x07d02da0, mask 0x80
- 1125076112 2005.08.26 R10-M1-N5-C:J04-U11 2005-08-26-10.08.32.517013 R10-M1-N5-C:J04-U11 RAS KERNEL INFO CE sym 3, at 0x07d02da0, mask 0x80
- 1125076112 2005.08.26 R10-M1-N5-C:J04-U11 2005-08-26-10.08.32.898490 R10-M1-N5-C:J04-U11 RAS KERNEL INFO CE sym 3, at 0x07d02da0, mask 0x80
- 1125076113 2005.08.26 R10-M1-N5-C:J04-U11 2005-08-26-10.08.33.325236 R10-M1-N5-C:J04-U11 RAS KERNEL INFO CE sym 3, at 0x07d02da0, mask 0x80
- 1125076113 2005.08.26 R10-M1-N5-C:J04-U11 2005-08-26-10.08.33.738176 R10-M1-N5-C:J04-U11 RAS KERNEL INFO CE sym 3, at 0x07d02da0, mask 0x80
- 1125078418 2005.08.26 R61-M1-NF-C:J15-U11 2005-08-26-10.46.58.925528 R61-M1-NF-C:J15-U11 RAS KERNEL INFO 4 ddr errors(s) detected and corrected on rank 0, symbol 13, bit 6
- 1125078419 2005.08.26 R22-M0-NB-C:J05-U01 2005-08-26-10.46.59.134400 R22-M0-NB-C:J05-U01 RAS KERNEL INFO 1 ddr errors(s) detected and corrected on rank 0, symbol 16, bit 6
- 1125078419 2005.08.26 R40-M0-NE-C:J12-U11 2005-08-26-10.46.59.418726 R40-M0-NE-C:J12-U11 RAS KERNEL INFO 1 ddr errors(s) detected and corrected on rank 0, symbol 10, bit 1
- 1125078419 2005.08.26 R25-M1-N3-C:J12-U11 2005-08-26-10.46.59.513861 R25-M1-N3-C:J12-U11 RAS KERNEL INFO 1 ddr errors(s) detected and corrected on rank 0, symbol 33, bit 6
- 1125078420 2005.08.26 R07-M0-NC-C:J04-U11 2005-08-26-10.47.00.084992 R07-M0-NC-C:J04-U11 RAS KERNEL INFO 1 ddr errors(s) detected and corrected on rank 0, symbol 17, bit 5
- 1125078420 2005.08.26 R61-M1-NF-C:J15-U11 2005-08-26-10.47.00.340995 R61-M1-NF-C:J15-U11 RAS KERNEL INFO CE sym 13, at 0x09e42d40, mask 0x02
- 1125078420 2005.08.26 R22-M0-NB-C:J05-U01 2005-08-26-10.47.00.501034 R22-M0-NB-C:J05-U01 RAS KERNEL INFO CE sym 16, at 0x19672cc0, mask 0x02
- 1125078420 2005.08.26 R40-M0-NE-C:J12-U11 2005-08-26-10.47.00.740930 R40-M0-NE-C:J12-U11 RAS KERNEL INFO CE sym 10, at 0x09f33f60, mask 0x40
- 1125078420 2005.08.26 R25-M1-N3-C:J12-U11 2005-08-26-10.47.00.837105 R25-M1-N3-C:J12-U11 RAS KERNEL INFO CE sym 33, at 0x1ab3c520, mask 0x02
- 1125078421 2005.08.26 R07-M0-NC-C:J04-U11 2005-08-26-10.47.01.231125 R07-M0-NC-C:J04-U11 RAS KERNEL INFO CE sym 17, at 0x0034b000, mask 0x04
- 1125078421 2005.08.26 R61-M1-NF-C:J15-U11 2005-08-26-10.47.01.487779 R61-M1-NF-C:J15-U11 RAS KERNEL INFO CE sym 13, at 0x09e42d40, mask 0x02
- 1125078421 2005.08.26 R22-M0-NB-C:J05-U01 2005-08-26-10.47.01.644356 R22-M0-NB-C:J05-U01 RAS KERNEL INFO total of 1 ddr error(s) detected and corrected
- 1125078421 2005.08.26 R40-M0-NE-C:J12-U11 2005-08-26-10.47.01.884484 R40-M0-NE-C:J12-U11 RAS KERNEL INFO total of 1 ddr error(s) detected and corrected
- 1125078421 2005.08.26 R25-M1-N3-C:J12-U11 2005-08-26-10.47.01.961583 R25-M1-N3-C:J12-U11 RAS KERNEL INFO total of 1 ddr error(s) detected and corrected
- 1125078422 2005.08.26 R07-M0-NC-C:J04-U11 2005-08-26-10.47.02.350193 R07-M0-NC-C:J04-U11 RAS KERNEL INFO total of 1 ddr error(s) detected and corrected
- 1125078422 2005.08.26 R61-M1-NF-C:J15-U11 2005-08-26-10.47.02.602164 R61-M1-NF-C:J15-U11 RAS KERNEL INFO CE sym 13, at 0x09e42d40, mask 0x02
- 1125078423 2005.08.26 R61-M1-NF-C:J15-U11 2005-08-26-10.47.03.103916 R61-M1-NF-C:J15-U11 RAS KERNEL INFO CE sym 13, at 0x09e42d40, mask 0x02
- 1125078423 2005.08.26 R61-M1-NF-C:J15-U11 2005-08-26-10.47.03.510656 R61-M1-NF-C:J15-U11 RAS KERNEL INFO total of 4 ddr error(s) detected and corrected
- 1125080669 2005.08.26 R43-M0-N7-C:J08-U11 2005-08-26-11.24.29.845715 R43-M0-N7-C:J08-U11 RAS KERNEL INFO critical input interrupt (unit=0x0b bit=0x06): warning for torus y+ wire
- 1125080670 2005.08.26 R43-M0-N7-C:J08-U11 2005-08-26-11.24.30.009814 R43-M0-N7-C:J08-U11 RAS KERNEL INFO suppressing further interrupts of same type
- 1125081173 2005.08.26 R73-M1-NA-C:J07-U01 2005-08-26-11.32.53.711168 R73-M1-NA-C:J07-U01 RAS KERNEL INFO 1 torus receiver x+ input pipe error(s) (dcr 0x02ec) detected and corrected
- 1125081359 2005.08.26 R22-M0-NB-C:J05-U01 2005-08-26-11.35.59.989940 R22-M0-NB-C:J05-U01 RAS KERNEL INFO 1 ddr errors(s) detected and corrected on rank 0, symbol 16, bit 6
- 1125081360 2005.08.26 R07-M1-N6-C:J05-U01 2005-08-26-11.36.00.198330 R07-M1-N6-C:J05-U01 RAS KERNEL INFO 4 ddr errors(s) detected and corrected on rank 0, symbol 35, bit 1
- 1125081360 2005.08.26 R22-M0-NB-C:J05-U01 2005-08-26-11.36.00.809271 R22-M0-NB-C:J05-U01 RAS KERNEL INFO CE sym 16, at 0x19672cc0, mask 0x02
- 1125081360 2005.08.26 R07-M1-N6-C:J05-U01 2005-08-26-11.36.00.967248 R07-M1-N6-C:J05-U01 RAS KERNEL INFO CE sym 35, at 0x094df2a0, mask 0x40
- 1125081361 2005.08.26 R22-M0-NB-C:J05-U01 2005-08-26-11.36.01.575713 R22-M0-NB-C:J05-U01 RAS KERNEL INFO total of 1 ddr error(s) detected and corrected
- 1125081361 2005.08.26 R07-M1-N6-C:J05-U01 2005-08-26-11.36.01.722551 R07-M1-N6-C:J05-U01 RAS KERNEL INFO CE sym 35, at 0x094df2a0, mask 0x40
- 1125081362 2005.08.26 R07-M1-N6-C:J05-U01 2005-08-26-11.36.02.333305 R07-M1-N6-C:J05-U01 RAS KERNEL INFO CE sym 35, at 0x094df2a0, mask 0x40
- 1125081362 2005.08.26 R07-M1-N6-C:J05-U01 2005-08-26-11.36.02.781449 R07-M1-N6-C:J05-U01 RAS KERNEL INFO CE sym 35, at 0x094df2a0, mask 0x40
- 1125081363 2005.08.26 R07-M1-N6-C:J05-U01 2005-08-26-11.36.03.118129 R07-M1-N6-C:J05-U01 RAS KERNEL INFO total of 4 ddr error(s) detected and corrected
- 1125081707 2005.08.26 R46-M1-N5-C:J16-U01 2005-08-26-11.41.47.292757 R46-M1-N5-C:J16-U01 RAS KERNEL INFO 1 ddr errors(s) detected and corrected on rank 0, symbol 11, bit 3
- 1125081707 2005.08.26 R46-M1-N5-C:J16-U01 2005-08-26-11.41.47.478939 R46-M1-N5-C:J16-U01 RAS KERNEL INFO CE sym 11, at 0x0cc67ce0, mask 0x10
- 1125081707 2005.08.26 R46-M1-N5-C:J16-U01 2005-08-26-11.41.47.650981 R46-M1-N5-C:J16-U01 RAS KERNEL INFO total of 1 ddr error(s) detected and corrected
- 1125082035 2005.08.26 R22-M0-NB-C:J05-U01 2005-08-26-11.47.15.133342 R22-M0-NB-C:J05-U01 RAS KERNEL INFO 1 ddr errors(s) detected and corrected on rank 0, symbol 16, bit 6
- 1125082035 2005.08.26 R22-M0-NB-C:J05-U01 2005-08-26-11.47.15.349623 R22-M0-NB-C:J05-U01 RAS KERNEL INFO CE sym 16, at 0x19672cc0, mask 0x02
- 1125082035 2005.08.26 R22-M0-NB-C:J05-U01 2005-08-26-11.47.15.583113 R22-M0-NB-C:J05-U01 RAS KERNEL INFO total of 1 ddr error(s) detected and corrected
