1117839710 2005.06.03 R16-M1-N2-C:J17-U01 2005-06-03-16.01.50.687138 R16-M1-N2-C:J17-U01 RAS KERNEL INFO 1 ddr errors(s) detected and corrected on rank 0, symbol 0, bit 3
1117839710 2005.06.03 R13-M0-NA-C:J14-U01 2005-06-03-16.01.50.728205 R13-M0-NA-C:J14-U01 RAS KERNEL INFO 3450051 L3 EDRAM error(s) (dcr 0x0157) detected and corrected
1117839710 2005.06.03 R16-M1-N2-C:J17-U01 2005-06-03-16.01.50.945374 R16-M1-N2-C:J17-U01 RAS KERNEL INFO CE sym 0, at 0x0b8580c0, mask 0x10
1117839711 2005.06.03 R16-M1-N2-C:J17-U01 2005-06-03-16.01.51.141964 R16-M1-N2-C:J17-U01 RAS KERNEL INFO total of 1 ddr error(s) detected and corrected
1117840108 2005.06.03 R25-M1-N0-C:J17-U11 2005-06-03-16.08.28.444567 R25-M1-N0-C:J17-U11 RAS KERNEL INFO generating core.1916
1117840108 2005.06.03 R25-M1-N1-C:J11-U01 2005-06-03-16.08.28.713229 R25-M1-N1-C:J11-U01 RAS KERNEL INFO generating core.2033
1117840108 2005.06.03 R25-M1-N1-C:J10-U11 2005-06-03-16.08.28.743130 R25-M1-N1-C:J10-U11 RAS KERNEL INFO generating core.2025
1117840108 2005.06.03 R25-M1-N1-C:J04-U11 2005-06-03-16.08.28.762925 R25-M1-N1-C:J04-U11 RAS KERNEL INFO generating core.1899
1117840320 2005.06.03 R16-M1-N2-C:J17-U01 2005-06-03-16.12.00.444970 R16-M1-N2-C:J17-U01 RAS KERNEL INFO ddr: activating redundant bit steering: rank=0 symbol=0
1117840321 2005.06.03 R16-M1-N2-C:J17-U01 2005-06-03-16.12.01.215908 R16-M1-N2-C:J17-U01 RAS KERNEL INFO ddr: excessive soft failures, consider replacing the card
1117840341 2005.06.03 R13-M0-NA-C:J14-U01 2005-06-03-16.12.21.821525 R13-M0-NA-C:J14-U01 RAS KERNEL INFO 207907 L3 EDRAM error(s) (dcr 0x0157) detected and corrected
1117840342 2005.06.03 R16-M1-N2-C:J17-U01 2005-06-03-16.12.22.564337 R16-M1-N2-C:J17-U01 RAS KERNEL INFO 13 ddr errors(s) detected and corrected on rank 0, symbol 0, bit 0
1117840342 2005.06.03 R16-M1-N2-C:J17-U01 2005-06-03-16.12.22.810364 R16-M1-N2-C:J17-U01 RAS KERNEL INFO 14 ddr errors(s) detected and corrected on rank 0, symbol 0, bit 1
1117840343 2005.06.03 R16-M1-N2-C:J17-U01 2005-06-03-16.12.23.037608 R16-M1-N2-C:J17-U01 RAS KERNEL INFO 16 ddr errors(s) detected and corrected on rank 0, symbol 0, bit 2
1117840343 2005.06.03 R16-M1-N2-C:J17-U01 2005-06-03-16.12.23.237865 R16-M1-N2-C:J17-U01 RAS KERNEL INFO 12 ddr errors(s) detected and corrected on rank 0, symbol 0, bit 3
1117840343 2005.06.03 R16-M1-N2-C:J17-U01 2005-06-03-16.12.23.469659 R16-M1-N2-C:J17-U01 RAS KERNEL INFO 12 ddr errors(s) detected and corrected on rank 0, symbol 2, bit 4
1117840343 2005.06.03 R16-M1-N2-C:J17-U01 2005-06-03-16.12.23.675733 R16-M1-N2-C:J17-U01 RAS KERNEL INFO 9 ddr errors(s) detected and corrected on rank 0, symbol 2, bit 5
1117840343 2005.06.03 R16-M1-N2-C:J17-U01 2005-06-03-16.12.23.866715 R16-M1-N2-C:J17-U01 RAS KERNEL INFO 17 ddr errors(s) detected and corrected on rank 0, symbol 2, bit 6
1117840344 2005.06.03 R16-M1-N2-C:J17-U01 2005-06-03-16.12.24.113978 R16-M1-N2-C:J17-U01 RAS KERNEL INFO 8 ddr errors(s) detected and corrected on rank 0, symbol 2, bit 7
1117840344 2005.06.03 R16-M1-N2-C:J17-U01 2005-06-03-16.12.24.343710 R16-M1-N2-C:J17-U01 RAS KERNEL INFO CE sym 0, at 0x0b8580c0, mask 0xd0
1117840344 2005.06.03 R16-M1-N2-C:J17-U01 2005-06-03-16.12.24.492830 R16-M1-N2-C:J17-U01 RAS KERNEL INFO CE sym 0, at 0x0b8580c0, mask 0xd0
1117840344 2005.06.03 R16-M1-N2-C:J17-U01 2005-06-03-16.12.24.641419 R16-M1-N2-C:J17-U01 RAS KERNEL INFO CE sym 0, at 0x0b858280, mask 0xa0
1117840344 2005.06.03 R16-M1-N2-C:J17-U01 2005-06-03-16.12.24.857272 R16-M1-N2-C:J17-U01 RAS KERNEL INFO CE sym 0, at 0x0b858480, mask 0xc0
1117840345 2005.06.03 R16-M1-N2-C:J17-U01 2005-06-03-16.12.25.011057 R16-M1-N2-C:J17-U01 RAS KERNEL INFO CE sym 0, at 0x0b858680, mask 0x10
1117840345 2005.06.03 R16-M1-N2-C:J17-U01 2005-06-03-16.12.25.201320 R16-M1-N2-C:J17-U01 RAS KERNEL INFO CE sym 0, at 0x0b858880, mask 0x80
1117840345 2005.06.03 R16-M1-N2-C:J17-U01 2005-06-03-16.12.25.378687 R16-M1-N2-C:J17-U01 RAS KERNEL INFO CE sym 0, at 0x0b858a80, mask 0xc0
1117840345 2005.06.03 R16-M1-N2-C:J17-U01 2005-06-03-16.12.25.634275 R16-M1-N2-C:J17-U01 RAS KERNEL INFO CE sym 0, at 0x0b858c80, mask 0x30
1117840345 2005.06.03 R16-M1-N2-C:J17-U01 2005-06-03-16.12.25.862013 R16-M1-N2-C:J17-U01 RAS KERNEL INFO CE sym 0, at 0x0b858e80, mask 0x30
1117840346 2005.06.03 R16-M1-N2-C:J17-U01 2005-06-03-16.12.26.134500 R16-M1-N2-C:J17-U01 RAS KERNEL INFO CE sym 0, at 0x0b859080, mask 0xc0
1117840346 2005.06.03 R16-M1-N2-C:J17-U01 2005-06-03-16.12.26.353636 R16-M1-N2-C:J17-U01 RAS KERNEL INFO CE sym 0, at 0x0b859280, mask 0xc0
1117840346 2005.06.03 R16-M1-N2-C:J17-U01 2005-06-03-16.12.26.520635 R16-M1-N2-C:J17-U01 RAS KERNEL INFO CE sym 0, at 0x0b8594a0, mask 0x10
1117840346 2005.06.03 R16-M1-N2-C:J17-U01 2005-06-03-16.12.26.677588 R16-M1-N2-C:J17-U01 RAS KERNEL INFO CE sym 2, at 0x0b85ea80, mask 0x08
1117840346 2005.06.03 R16-M1-N2-C:J17-U01 2005-06-03-16.12.26.882931 R16-M1-N2-C:J17-U01 RAS KERNEL INFO CE sym 2, at 0x0b85ec80, mask 0x07
1117840347 2005.06.03 R16-M1-N2-C:J17-U01 2005-06-03-16.12.27.037058 R16-M1-N2-C:J17-U01 RAS KERNEL INFO CE sym 2, at 0x0b85ee80, mask 0x0f
1117840347 2005.06.03 R16-M1-N2-C:J17-U01 2005-06-03-16.12.27.184229 R16-M1-N2-C:J17-U01 RAS KERNEL INFO CE sym 2, at 0x0b85f080, mask 0x0c
1117840347 2005.06.03 R16-M1-N2-C:J17-U01 2005-06-03-16.12.27.393981 R16-M1-N2-C:J17-U01 RAS KERNEL INFO CE sym 2, at 0x0b85f2a0, mask 0x0c
1117840347 2005.06.03 R16-M1-N2-C:J17-U01 2005-06-03-16.12.27.549442 R16-M1-N2-C:J17-U01 RAS KERNEL INFO CE sym 2, at 0x0b85f480, mask 0x08
1117840347 2005.06.03 R16-M1-N2-C:J17-U01 2005-06-03-16.12.27.697305 R16-M1-N2-C:J17-U01 RAS KERNEL INFO CE sym 2, at 0x0b85f680, mask 0x0e
1117840347 2005.06.03 R16-M1-N2-C:J17-U01 2005-06-03-16.12.27.924018 R16-M1-N2-C:J17-U01 RAS KERNEL INFO CE sym 2, at 0x0b85f880, mask 0x04
1117840348 2005.06.03 R16-M1-N2-C:J17-U01 2005-06-03-16.12.28.089327 R16-M1-N2-C:J17-U01 RAS KERNEL INFO CE sym 2, at 0x0b85fa80, mask 0x02
1117840348 2005.06.03 R16-M1-N2-C:J17-U01 2005-06-03-16.12.28.264731 R16-M1-N2-C:J17-U01 RAS KERNEL INFO CE sym 2, at 0x0b85fc80, mask 0x08
1117840348 2005.06.03 R16-M1-N2-C:J17-U01 2005-06-03-16.12.28.445250 R16-M1-N2-C:J17-U01 RAS KERNEL INFO CE sym 2, at 0x0b85fea0, mask 0x03
1117840348 2005.06.03 R16-M1-N2-C:J17-U01 2005-06-03-16.12.28.681436 R16-M1-N2-C:J17-U01 RAS KERNEL INFO CE sym 0, at 0x1b858080, mask 0x40
1117840348 2005.06.03 R16-M1-N2-C:J17-U01 2005-06-03-16.12.28.904784 R16-M1-N2-C:J17-U01 RAS KERNEL INFO CE sym 0, at 0x1b858280, mask 0x70
1117840349 2005.06.03 R16-M1-N2-C:J17-U01 2005-06-03-16.12.29.075218 R16-M1-N2-C:J17-U01 RAS KERNEL INFO CE sym 0, at 0x1b858480, mask 0x20
1117840349 2005.06.03 R16-M1-N2-C:J17-U01 2005-06-03-16.12.29.229873 R16-M1-N2-C:J17-U01 RAS KERNEL INFO CE sym 0, at 0x1b858680, mask 0x20
1117840349 2005.06.03 R16-M1-N2-C:J17-U01 2005-06-03-16.12.29.433303 R16-M1-N2-C:J17-U01 RAS KERNEL INFO CE sym 0, at 0x1b8588a0, mask 0x20
1117840349 2005.06.03 R16-M1-N2-C:J17-U01 2005-06-03-16.12.29.587368 R16-M1-N2-C:J17-U01 RAS KERNEL INFO CE sym 0, at 0x1b858a80, mask 0x20
1117840349 2005.06.03 R16-M1-N2-C:J17-U01 2005-06-03-16.12.29.733363 R16-M1-N2-C:J17-U01 RAS KERNEL INFO CE sym 0, at 0x1b858c80, mask 0xc0
1117840349 2005.06.03 R16-M1-N2-C:J17-U01 2005-06-03-16.12.29.950273 R16-M1-N2-C:J17-U01 RAS KERNEL INFO CE sym 0, at 0x1b858ec0, mask 0xd0
1117840350 2005.06.03 R16-M1-N2-C:J17-U01 2005-06-03-16.12.30.100029 R16-M1-N2-C:J17-U01 RAS KERNEL INFO CE sym 0, at 0x1b859080, mask 0x70
1117840350 2005.06.03 R16-M1-N2-C:J17-U01 2005-06-03-16.12.30.377971 R16-M1-N2-C:J17-U01 RAS KERNEL INFO CE sym 0, at 0x1b8592a0, mask 0x20
1117840350 2005.06.03 R16-M1-N2-C:J17-U01 2005-06-03-16.12.30.536872 R16-M1-N2-C:J17-U01 RAS KERNEL INFO CE sym 0, at 0x1b859480, mask 0xb0
1117840350 2005.06.03 R16-M1-N2-C:J17-U01 2005-06-03-16.12.30.709932 R16-M1-N2-C:J17-U01 RAS KERNEL INFO CE sym 2, at 0x1b85ea80, mask 0x02
1117840350 2005.06.03 R16-M1-N2-C:J17-U01 2005-06-03-16.12.30.940817 R16-M1-N2-C:J17-U01 RAS KERNEL INFO CE sym 2, at 0x1b85ec80, mask 0x03
1117840351 2005.06.03 R16-M1-N2-C:J17-U01 2005-06-03-16.12.31.095398 R16-M1-N2-C:J17-U01 RAS KERNEL INFO CE sym 2, at 0x1b85ee80, mask 0x08
1117840351 2005.06.03 R16-M1-N2-C:J17-U01 2005-06-03-16.12.31.253607 R16-M1-N2-C:J17-U01 RAS KERNEL INFO CE sym 2, at 0x1b85f0e0, mask 0x0a
1117840351 2005.06.03 R16-M1-N2-C:J17-U01 2005-06-03-16.12.31.513895 R16-M1-N2-C:J17-U01 RAS KERNEL INFO CE sym 2, at 0x1b85f280, mask 0x0c
1117840351 2005.06.03 R16-M1-N2-C:J17-U01 2005-06-03-16.12.31.760384 R16-M1-N2-C:J17-U01 RAS KERNEL INFO CE sym 2, at 0x1b85f480, mask 0x08
1117840352 2005.06.03 R16-M1-N2-C:J17-U01 2005-06-03-16.12.32.025800 R16-M1-N2-C:J17-U01 RAS KERNEL INFO CE sym 2, at 0x1b85f680, mask 0x02
1117840352 2005.06.03 R16-M1-N2-C:J17-U01 2005-06-03-16.12.32.239534 R16-M1-N2-C:J17-U01 RAS KERNEL INFO CE sym 2, at 0x1b85f8a0, mask 0x01
1117840352 2005.06.03 R16-M1-N2-C:J17-U01 2005-06-03-16.12.32.427686 R16-M1-N2-C:J17-U01 RAS KERNEL INFO CE sym 2, at 0x1b85fa80, mask 0x04
1117840352 2005.06.03 R16-M1-N2-C:J17-U01 2005-06-03-16.12.32.585331 R16-M1-N2-C:J17-U01 RAS KERNEL INFO CE sym 2, at 0x1b85fc80, mask 0x03
1117840352 2005.06.03 R16-M1-N2-C:J17-U01 2005-06-03-16.12.32.854857 R16-M1-N2-C:J17-U01 RAS KERNEL INFO CE sym 2, at 0x1b85fe80, mask 0x02
1117840353 2005.06.03 R16-M1-N2-C:J17-U01 2005-06-03-16.12.33.029069 R16-M1-N2-C:J17-U01 RAS KERNEL INFO CE sym 0, at 0x1b8580e0, mask 0xb0
1117840353 2005.06.03 R16-M1-N2-C:J17-U01 2005-06-03-16.12.33.224356 R16-M1-N2-C:J17-U01 RAS KERNEL INFO CE sym 0, at 0x1b858280, mask 0x60
1117840353 2005.06.03 R16-M1-N2-C:J17-U01 2005-06-03-16.12.33.408266 R16-M1-N2-C:J17-U01 RAS KERNEL INFO CE sym 0, at 0x1b8584e0, mask 0x80
1117840353 2005.06.03 R16-M1-N2-C:J17-U01 2005-06-03-16.12.33.578755 R16-M1-N2-C:J17-U01 RAS KERNEL INFO CE sym 0, at 0x1b858680, mask 0x20
1117840353 2005.06.03 R16-M1-N2-C:J17-U01 2005-06-03-16.12.33.806258 R16-M1-N2-C:J17-U01 RAS KERNEL INFO CE sym 0, at 0x1b858ca0, mask 0x60
1117840354 2005.06.03 R16-M1-N2-C:J17-U01 2005-06-03-16.12.34.026289 R16-M1-N2-C:J17-U01 RAS KERNEL INFO CE sym 0, at 0x1b858ec0, mask 0x50
1117840354 2005.06.03 R16-M1-N2-C:J17-U01 2005-06-03-16.12.34.184412 R16-M1-N2-C:J17-U01 RAS KERNEL INFO CE sym 0, at 0x1b859080, mask 0x20
1117840354 2005.06.03 R16-M1-N2-C:J17-U01 2005-06-03-16.12.34.384043 R16-M1-N2-C:J17-U01 RAS KERNEL INFO CE sym 2, at 0x1b85ea80, mask 0x02
1117840354 2005.06.03 R16-M1-N2-C:J17-U01 2005-06-03-16.12.34.557453 R16-M1-N2-C:J17-U01 RAS KERNEL INFO CE sym 2, at 0x1b85ecc0, mask 0x01
1117840354 2005.06.03 R16-M1-N2-C:J17-U01 2005-06-03-16.12.34.727476 R16-M1-N2-C:J17-U01 RAS KERNEL INFO CE sym 2, at 0x1b85f0e0, mask 0x02
1117840354 2005.06.03 R16-M1-N2-C:J17-U01 2005-06-03-16.12.34.898036 R16-M1-N2-C:J17-U01 RAS KERNEL INFO CE sym 2, at 0x1b85f2c0, mask 0x02
1117840355 2005.06.03 R16-M1-N2-C:J17-U01 2005-06-03-16.12.35.089658 R16-M1-N2-C:J17-U01 RAS KERNEL INFO CE sym 2, at 0x1b85f480, mask 0x08
1117840355 2005.06.03 R16-M1-N2-C:J17-U01 2005-06-03-16.12.35.342233 R16-M1-N2-C:J17-U01 RAS KERNEL INFO CE sym 2, at 0x1b85f680, mask 0x02
1117840355 2005.06.03 R16-M1-N2-C:J17-U01 2005-06-03-16.12.35.561572 R16-M1-N2-C:J17-U01 RAS KERNEL INFO CE sym 2, at 0x1b85fa80, mask 0x04
1117840355 2005.06.03 R16-M1-N2-C:J17-U01 2005-06-03-16.12.35.710226 R16-M1-N2-C:J17-U01 RAS KERNEL INFO CE sym 2, at 0x1b85fc80, mask 0x03
1117840355 2005.06.03 R16-M1-N2-C:J17-U01 2005-06-03-16.12.35.912433 R16-M1-N2-C:J17-U01 RAS KERNEL INFO CE sym 2, at 0x1b85fe80, mask 0x02
1117840356 2005.06.03 R16-M1-N2-C:J17-U01 2005-06-03-16.12.36.079052 R16-M1-N2-C:J17-U01 RAS KERNEL INFO total of 31 ddr error(s) detected and corrected
1117840586 2005.06.03 R22-M0-NB-C:J12-U01 2005-06-03-16.16.26.300513 R22-M0-NB-C:J12-U01 RAS KERNEL INFO generating core.257
1117840586 2005.06.03 R22-M0-N9-C:J12-U01 2005-06-03-16.16.26.320765 R22-M0-N9-C:J12-U01 RAS KERNEL INFO generating core.385
1117840586 2005.06.03 R22-M0-NF-C:J10-U01 2005-06-03-16.16.26.862154 R22-M0-NF-C:J10-U01 RAS KERNEL INFO generating core.65
1117840586 2005.06.03 R22-M0-NF-C:J12-U01 2005-06-03-16.16.26.880599 R22-M0-NF-C:J12-U01 RAS KERNEL INFO generating core.1
