1117838840 2005.06.03 R27-M1-L3-U18-C 2005-06-03-15.47.20.852959 R27-M1-L3-U18-C RAS LINKCARD INFO MidplaneSwitchController performing bit sparing on R27-M1-L3-U18-C bit 3
1117839085 2005.06.03 R24-M1-N6-C:J11-U11 2005-06-03-15.51.25.890083 R24-M1-N6-C:J11-U11 RAS KERNEL INFO generating core.253
1117839085 2005.06.03 R24-M1-ND-C:J16-U01 2005-06-03-15.51.25.911004 R24-M1-ND-C:J16-U01 RAS KERNEL INFO generating core.320
1117839085 2005.06.03 R24-M1-NF-C:J12-U01 2005-06-03-15.51.25.931402 R24-M1-NF-C:J12-U01 RAS KERNEL INFO generating core.65
1117839086 2005.06.03 R21-M1-NF-C:J16-U01 2005-06-03-15.51.26.055566 R21-M1-NF-C:J16-U01 RAS KERNEL INFO generating core.1024
1117839086 2005.06.03 R24-M1-NF-C:J08-U01 2005-06-03-15.51.26.546599 R24-M1-NF-C:J08-U01 RAS KERNEL INFO generating core.66
1117839086 2005.06.03 R24-M1-NF-C:J04-U01 2005-06-03-15.51.26.670375 R24-M1-NF-C:J04-U01 RAS KERNEL INFO generating core.67
1117839086 2005.06.03 R24-M1-N6-C:J06-U11 2005-06-03-15.51.26.713752 R24-M1-N6-C:J06-U11 RAS KERNEL INFO generating core.238
1117839291 2005.06.03 R27-M1-L3-U18-C 2005-06-03-15.54.51.633111 R27-M1-L3-U18-C RAS LINKCARD INFO MidplaneSwitchController performing bit sparing on R27-M1-L3-U18-C bit 3
1117839902 2005.06.03 R27-M1-L3-U18-C 2005-06-03-16.05.02.256430 R27-M1-L3-U18-C RAS LINKCARD INFO MidplaneSwitchController performing bit sparing on R27-M1-L3-U18-C bit 3
1117840187 2005.06.03 R27-M1-L3-U18-C 2005-06-03-16.09.47.366032 R27-M1-L3-U18-C RAS LINKCARD INFO MidplaneSwitchController performing bit sparing on R27-M1-L3-U18-C bit 3
1117840342 2005.06.03 R00-M0-ND-C:J03-U11 2005-06-03-16.12.22.591111 R00-M0-ND-C:J03-U11 RAS KERNEL INFO 6 ddr errors(s) detected and corrected on rank 0, symbol 25, bit 2
1117840342 2005.06.03 R00-M0-ND-C:J03-U11 2005-06-03-16.12.22.828104 R00-M0-ND-C:J03-U11 RAS KERNEL INFO CE sym 25, at 0x04bfb9e0, mask 0x20
1117840343 2005.06.03 R00-M0-ND-C:J03-U11 2005-06-03-16.12.23.056320 R00-M0-ND-C:J03-U11 RAS KERNEL INFO CE sym 25, at 0x04bfb9e0, mask 0x20
1117840343 2005.06.03 R00-M0-ND-C:J03-U11 2005-06-03-16.12.23.285028 R00-M0-ND-C:J03-U11 RAS KERNEL INFO CE sym 25, at 0x04bfb9e0, mask 0x20
1117840343 2005.06.03 R00-M0-ND-C:J03-U11 2005-06-03-16.12.23.487512 R00-M0-ND-C:J03-U11 RAS KERNEL INFO CE sym 25, at 0x04bfb9e0, mask 0x20
1117840343 2005.06.03 R00-M0-ND-C:J03-U11 2005-06-03-16.12.23.693545 R00-M0-ND-C:J03-U11 RAS KERNEL INFO CE sym 25, at 0x04bfb9e0, mask 0x20
1117840343 2005.06.03 R00-M0-ND-C:J03-U11 2005-06-03-16.12.23.885161 R00-M0-ND-C:J03-U11 RAS KERNEL INFO CE sym 25, at 0x04bfb9e0, mask 0x20
1117840344 2005.06.03 R00-M0-ND-C:J03-U11 2005-06-03-16.12.24.141149 R00-M0-ND-C:J03-U11 RAS KERNEL INFO total of 6 ddr error(s) detected and corrected
1117840660 2005.06.03 R27-M1-NC-I:J18-U11 2005-06-03-16.17.40.445858 R27-M1-NC-I:J18-U11 RAS APP FATAL ciod: Error loading /p/gb2/stella/RAPTOR/65641/raptor: invalid or missing program image, No such file or directory
1117840660 2005.06.03 R27-M1-NC-I:J18-U01 2005-06-03-16.17.40.467076 R27-M1-NC-I:J18-U01 RAS APP FATAL ciod: Error loading /p/gb2/stella/RAPTOR/65641/raptor: invalid or missing program image, No such file or directory
1117840660 2005.06.03 R27-M1-N8-I:J18-U11 2005-06-03-16.17.40.486945 R27-M1-N8-I:J18-U11 RAS APP FATAL ciod: Error loading /p/gb2/stella/RAPTOR/65641/raptor: invalid or missing program image, No such file or directory
1117840660 2005.06.03 R27-M1-N8-I:J18-U01 2005-06-03-16.17.40.506906 R27-M1-N8-I:J18-U01 RAS APP FATAL ciod: Error loading /p/gb2/stella/RAPTOR/65641/raptor: invalid or missing program image, No such file or directory
