- 1131571436 2005.11.09 en263 Nov 9 13:23:56 en263/en263 kernel: EXT3-fs: INFO: recovery required on readonly filesystem.
- 1131571436 2005.11.09 en263 Nov 9 13:23:56 en263/en263 kernel: EXT3-fs: mounted filesystem with ordered data mode.
- 1131571436 2005.11.09 en263 Nov 9 13:23:56 en263/en263 kernel: EXT3-fs: recovery complete.
- 1131571436 2005.11.09 en263 Nov 9 13:23:56 en263/en263 kernel: EXT3-fs: write access #15# be enabled during recovery.
- 1131571436 2005.11.09 en263 Nov 9 13:23:56 en263/en263 kernel: Freeing unused kernel memory: 188k freed
- 1131571436 2005.11.09 en263 Nov 9 13:23:56 en263/en263 kernel: Fusion MPT SCSI Host driver 3.02.18
- 1131571436 2005.11.09 en263 Nov 9 13:23:56 en263/en263 kernel: Fusion MPT base driver 3.02.18
- 1131571436 2005.11.09 en263 Nov 9 13:23:56 en263/en263 kernel: Intel(R) PRO/1000 Network Driver - version 6.0.54-k2-NAPI
- 1131571436 2005.11.09 en263 Nov 9 13:23:56 en263/en263 kernel: Mellanox Tavor Device Driver is creating device "InfiniHost0" (domain=00, bus=08, devfn=00)
- 1131571436 2005.11.09 en263 Nov 9 13:23:56 en263/en263 kernel: NET: Registered protocol family 1
- 1131571436 2005.11.09 en263 Nov 9 13:23:56 en263/en263 kernel: NET: Registered protocol family 17
- 1131571436 2005.11.09 en263 Nov 9 13:23:56 en263/en263 kernel: PCI0 PALO PBLO VPR0 PBHI PICH
- 1131571436 2005.11.09 en263 Nov 9 13:23:56 en263/en263 kernel: PCI: Setting latency timer of device 0000:08:00.0 to 64
- 1131571436 2005.11.09 en263 Nov 9 13:23:56 en263/en263 kernel: SCSI device sda: 143374650 512-byte hdwr sectors (73408 MB)
- 1131571436 2005.11.09 en263 Nov 9 13:23:56 en263/en263 kernel: SCSI device sda: drive cache: write through
- 1131571436 2005.11.09 en263 Nov 9 13:23:56 en263/en263 kernel: SCSI subsystem initialized
- 1131571436 2005.11.09 en263 Nov 9 13:23:56 en263/en263 kernel: SELinux: Disabled at runtime.
- 1131571436 2005.11.09 en263 Nov 9 13:23:56 en263/en263 kernel: SELinux: Unregistering netfilter hooks
- 1131571436 2005.11.09 en263 Nov 9 13:23:56 en263/en263 kernel: Using cfq io scheduler
- 1131571436 2005.11.09 en263 Nov 9 13:23:56 en263/en263 kernel: [KERNEL_IB][ib_mad_static_compute_base][/mnt_projects/sysapps/src/ib/topspin/topspin-src-3.2.0-16/ib/ts_api_ng/mad/obj_host_amd64_custom1_rhel4/ts_ib_mad/mad_static.c:132]Couldn't find a suitable network device; setting lid_base to 1
- 1131571436 2005.11.09 en263 Nov 9 13:23:56 en263/en263 kernel: divert: allocating divert_blk for eth0
- 1131571436 2005.11.09 en263 Nov 9 13:23:56 en263/en263 kernel: divert: allocating divert_blk for eth1
- 1131571436 2005.11.09 en263 Nov 9 13:23:56 en263/en263 kernel: divert: allocating divert_blk for ib0
- 1131571436 2005.11.09 en263 Nov 9 13:23:56 en263/en263 kernel: e1000: eth0: e1000_probe: Intel(R) PRO/1000 Network Connection
- 1131571436 2005.11.09 en263 Nov 9 13:23:56 en263/en263 kernel: e1000: eth1: e1000_probe: Intel(R) PRO/1000 Network Connection
- 1131571436 2005.11.09 en263 Nov 9 13:23:56 en263/en263 kernel: floppy0: no floppy controllers found
- 1131571436 2005.11.09 en263 Nov 9 13:23:56 en263/en263 kernel: inserting floppy driver for 2.6.9-15.EL.rootsmp
- 1131571436 2005.11.09 en263 Nov 9 13:23:56 en263/en263 kernel: ioc0: 53C1030: Capabilities={Initiator,Target}
- 1131571436 2005.11.09 en263 Nov 9 13:23:56 en263/en263 kernel: kjournald starting. Commit interval 5 seconds
- 1131571436 2005.11.09 en263 Nov 9 13:23:56 en263/en263 kernel: mptbase: Initiating ioc0 bringup
- 1131571436 2005.11.09 en263 Nov 9 13:23:56 en263/en263 kernel: scsi0 : ioc0: LSI53C1030, FwRev=01032300h, Ports=1, MaxQ=203, IRQ=201
- 1131571436 2005.11.09 en263 Nov 9 13:23:56 en263/en263 kernel: ts_kernel_services: module license 'Proprietary' taints kernel.
- 1131571437 2005.11.09 en263 Nov 9 13:23:57 en263/en263 kernel: ACPI: PCI interrupt 0000:00:1d.0[A] -> GSI 16 (level, low) -> IRQ 169
- 1131571437 2005.11.09 en263 Nov 9 13:23:57 en263/en263 kernel: ACPI: PCI interrupt 0000:00:1d.1[B] -> GSI 19 (level, low) -> IRQ 177
- 1131571437 2005.11.09 en263 Nov 9 13:23:57 en263/en263 kernel: ACPI: PCI interrupt 0000:00:1d.2[C] -> GSI 18 (level, low) -> IRQ 185
- 1131571437 2005.11.09 en263 Nov 9 13:23:57 en263/en263 kernel: ACPI: PCI interrupt 0000:00:1d.7[D] -> GSI 23 (level, low) -> IRQ 193
- 1131571437 2005.11.09 en263 Nov 9 13:23:57 en263/en263 kernel: ACPI: Power Button (FF) [PWRF]
- 1131571437 2005.11.09 en263 Nov 9 13:23:57 en263/en263 kernel: EXT3 FS on sda1, internal journal
- 1131571437 2005.11.09 en263 Nov 9 13:23:57 en263/en263 kernel: EXT3 FS on sda3, internal journal
- 1131571437 2005.11.09 en263 Nov 9 13:23:57 en263/en263 kernel: EXT3-fs: mounted filesystem with ordered data mode.
- 1131571437 2005.11.09 en263 Nov 9 13:23:57 en263/en263 kernel: NET: Registered protocol family 26
- 1131571437 2005.11.09 en263 Nov 9 13:23:57 en263/en263 kernel: PCI: Setting latency timer of device 0000:00:1d.0 to 64
- 1131571437 2005.11.09 en263 Nov 9 13:23:57 en263/en263 kernel: PCI: Setting latency timer of device 0000:00:1d.1 to 64
- 1131571437 2005.11.09 en263 Nov 9 13:23:57 en263/en263 kernel: PCI: Setting latency timer of device 0000:00:1d.2 to 64
- 1131571437 2005.11.09 en263 Nov 9 13:23:57 en263/en263 kernel: PCI: Setting latency timer of device 0000:00:1d.7 to 64
- 1131571437 2005.11.09 en263 Nov 9 13:23:57 en263/en263 kernel: PCI: cache line size of 128 is not supported by device 0000:00:1d.7
- 1131571437 2005.11.09 en263 Nov 9 13:23:57 en263/en263 kernel: USB Universal Host Controller Interface driver v2.2
- 1131571437 2005.11.09 en263 Nov 9 13:23:57 en263/en263 kernel: device-mapper: 4.4.0-ioctl (2005-01-12) initialised: dm-#16#@#17#
- 1131571437 2005.11.09 en263 Nov 9 13:23:57 en263/en263 kernel: divert: allocating divert_blk for ib1
- 1131571437 2005.11.09 en263 Nov 9 13:23:57 en263/en263 kernel: ehci_hcd 0000:00:1d.7: EHCI Host Controller
- 1131571437 2005.11.09 en263 Nov 9 13:23:57 en263/en263 kernel: ehci_hcd 0000:00:1d.7: USB 2.0 enabled, EHCI 1.00, driver 2004-May-10
- 1131571437 2005.11.09 en263 Nov 9 13:23:57 en263/en263 kernel: ehci_hcd 0000:00:1d.7: irq 193, pci mem ffffff00106dc000
- 1131571437 2005.11.09 en263 Nov 9 13:23:57 en263/en263 kernel: ehci_hcd 0000:00:1d.7: new USB bus registered, assigned bus number 1
- 1131571437 2005.11.09 en263 Nov 9 13:23:57 en263/en263 kernel: hub 1-0:1.0: 6 ports detected
- 1131571437 2005.11.09 en263 Nov 9 13:23:57 en263/en263 kernel: hub 1-0:1.0: USB hub found
- 1131571437 2005.11.09 en263 Nov 9 13:23:57 en263/en263 kernel: hub 1-3:1.0: 2 ports detected
- 1131571437 2005.11.09 en263 Nov 9 13:23:57 en263/en263 kernel: hub 1-3:1.0: USB hub found
- 1131571437 2005.11.09 en263 Nov 9 13:23:57 en263/en263 kernel: hub 2-0:1.0: 2 ports detected
- 1131571437 2005.11.09 en263 Nov 9 13:23:57 en263/en263 kernel: hub 2-0:1.0: USB hub found
- 1131571437 2005.11.09 en263 Nov 9 13:23:57 en263/en263 kernel: hub 3-0:1.0: 2 ports detected
- 1131571437 2005.11.09 en263 Nov 9 13:23:57 en263/en263 kernel: hub 3-0:1.0: USB hub found
- 1131571437 2005.11.09 en263 Nov 9 13:23:57 en263/en263 kernel: hub 4-0:1.0: 2 ports detected
- 1131571437 2005.11.09 en263 Nov 9 13:23:57 en263/en263 kernel: hub 4-0:1.0: USB hub found
- 1131571437 2005.11.09 en263 Nov 9 13:23:57 en263/en263 kernel: hw_random hardware driver 1.0.0 loaded
- 1131571437 2005.11.09 en263 Nov 9 13:23:57 en263/en263 kernel: ib0: InfiniHost0 port 1
- 1131571437 2005.11.09 en263 Nov 9 13:23:57 en263/en263 kernel: ib1: InfiniHost0 port 2
- 1131571437 2005.11.09 en263 Nov 9 13:23:57 en263/en263 kernel: kjournald starting. Commit interval 5 seconds
- 1131571437 2005.11.09 en263 Nov 9 13:23:57 en263/en263 kernel: kjournald starting. Commit interval 5 seconds
- 1131571437 2005.11.09 en263 Nov 9 13:23:57 en263/en263 kernel: md: ... autorun DONE.
- 1131571437 2005.11.09 en263 Nov 9 13:23:57 en263/en263 kernel: md: Autodetecting RAID arrays.
- 1131571437 2005.11.09 en263 Nov 9 13:23:57 en263/en263 kernel: md: autorun ...
- 1131571437 2005.11.09 en263 Nov 9 13:23:57 en263/en263 kernel: uhci_hcd 0000:00:1d.0: UHCI Host Controller
- 1131571437 2005.11.09 en263 Nov 9 13:23:57 en263/en263 kernel: uhci_hcd 0000:00:1d.0: irq 169, io base 0000000000009ce0
- 1131571437 2005.11.09 en263 Nov 9 13:23:57 en263/en263 kernel: uhci_hcd 0000:00:1d.0: new USB bus registered, assigned bus number 2
- 1131571437 2005.11.09 en263 Nov 9 13:23:57 en263/en263 kernel: uhci_hcd 0000:00:1d.1: UHCI Host Controller
- 1131571437 2005.11.09 en263 Nov 9 13:23:57 en263/en263 kernel: uhci_hcd 0000:00:1d.1: irq 177, io base 0000000000009cc0
- 1131571437 2005.11.09 en263 Nov 9 13:23:57 en263/en263 kernel: uhci_hcd 0000:00:1d.1: new USB bus registered, assigned bus number 3
- 1131571437 2005.11.09 en263 Nov 9 13:23:57 en263/en263 kernel: uhci_hcd 0000:00:1d.2: UHCI Host Controller
- 1131571437 2005.11.09 en263 Nov 9 13:23:57 en263/en263 kernel: uhci_hcd 0000:00:1d.2: irq 185, io base 0000000000009ca0
- 1131571437 2005.11.09 en263 Nov 9 13:23:57 en263/en263 kernel: uhci_hcd 0000:00:1d.2: new USB bus registered, assigned bus number 4
- 1131571437 2005.11.09 en263 Nov 9 13:23:57 en263/en263 kernel: usb 1-3: new high speed USB device using address 2
- 1131571438 2005.11.09 en263 Nov 9 13:23:58 en263/en263 kernel: Adding 13309844k swap on /dev/sda2. Priority:-1 extents:1
- 1131571438 2005.11.09 en263 Nov 9 13:23:58 en263/en263 kernel: EXT3 FS on sda5, internal journal
- 1131571438 2005.11.09 en263 Nov 9 13:23:58 en263/en263 kernel: EXT3 FS on sda6, internal journal
- 1131571438 2005.11.09 en263 Nov 9 13:23:58 en263/en263 kernel: EXT3-fs: mounted filesystem with ordered data mode.
- 1131571438 2005.11.09 en263 Nov 9 13:23:58 en263/en263 kernel: EXT3-fs: mounted filesystem with ordered data mode.
- 1131571438 2005.11.09 en263 Nov 9 13:23:58 en263/en263 kernel: e1000: eth0: e1000_watchdog: NIC Link is Up 1000 Mbps Full Duplex
- 1131571438 2005.11.09 en263 Nov 9 13:23:58 en263/en263 kernel: i2c /dev entries driver
- 1131571438 2005.11.09 en263 Nov 9 13:23:58 en263/en263 kernel: ip_tables: (C) 2000-2002 Netfilter core team
- 1131571438 2005.11.09 en263 Nov 9 13:23:58 en263/en263 kernel: ip_tables: (C) 2000-2002 Netfilter core team
- 1131571438 2005.11.09 en263 Nov 9 13:23:58 en263/en263 kernel: ip_tables: (C) 2000-2002 Netfilter core team
- 1131571438 2005.11.09 en263 Nov 9 13:23:58 en263/en263 kernel: kjournald starting. Commit interval 5 seconds
- 1131571440 2005.11.09 en263 Nov 9 13:24:00 en263/en263 dataeng: dcstor32d startup succeeded
- 1131571441 2005.11.09 en263 Nov 9 13:24:01 en263/en263 Server Administrator: Instrumentation Service EventID: 1000 Server Administrator starting
- 1131571441 2005.11.09 en263 Nov 9 13:24:01 en263/en263 Server Administrator: Instrumentation Service EventID: 1001 Server Administrator startup complete
- 1131571441 2005.11.09 en263 Nov 9 13:24:01 en263/en263 dataeng: dcevt32d startup succeeded
- 1131571441 2005.11.09 en263 Nov 9 13:24:01 en263/en263 dataeng: dcsnmp32d startup succeeded
- 1131571441 2005.11.09 en263 Nov 9 13:24:01 en263/en263 kernel: Disabled Privacy Extensions on device ffffffff803fa160(lo)
- 1131571441 2005.11.09 en263 Nov 9 13:24:01 en263/en263 kernel: IPv6 over IPv4 tunneling driver
- 1131571441 2005.11.09 en263 Nov 9 13:24:01 en263/en263 kernel: NET: Registered protocol family 10
- 1131571441 2005.11.09 en263 Nov 9 13:24:01 en263/en263 kernel: divert: not allocating divert_blk for non-ethernet device sit0
- 1131571441 2005.11.09 en263 Nov 9 13:24:01 en263/en263 sshd: succeeded
- 1131571441 2005.11.09 en263 Nov 9 13:24:01 en263/en263 sshd[2189]: Server listening on :: port 22.
- 1131571441 2005.11.09 en263 Nov 9 13:24:01 en263/en263 sshd[2189]: error: Bind to port 22 on 0.0.0.0 failed: Address already in use.
- 1131571441 2005.11.09 en263 Nov 9 13:24:01 en263/en263 xinetd: xinetd startup succeeded
- 1131571441 2005.11.09 en263 Nov 9 13:24:01 en263/en263 xinetd[2204]: Reading included configuration file: /etc/xinetd.d/chargen [file=/etc/xinetd.conf] [line=15]
- 1131571441 2005.11.09 en263 Nov 9 13:24:01 en263/en263 xinetd[2204]: Reading included configuration file: /etc/xinetd.d/chargen-udp [file=/etc/xinetd.d/chargen-udp] [line=18]
- 1131571441 2005.11.09 en263 Nov 9 13:24:01 en263/en263 xinetd[2204]: Reading included configuration file: /etc/xinetd.d/cups-lpd [file=/etc/xinetd.d/cups-lpd] [line=17]
- 1131571441 2005.11.09 en263 Nov 9 13:24:01 en263/en263 xinetd[2204]: Reading included configuration file: /etc/xinetd.d/daytime [file=/etc/xinetd.d/daytime] [line=11]
- 1131571441 2005.11.09 en263 Nov 9 13:24:01 en263/en263 xinetd[2204]: Reading included configuration file: /etc/xinetd.d/daytime-udp [file=/etc/xinetd.d/daytime-udp] [line=15]
- 1131571441 2005.11.09 en263 Nov 9 13:24:01 en263/en263 xinetd[2204]: Reading included configuration file: /etc/xinetd.d/echo [file=/etc/xinetd.d/echo] [line=15]
- 1131571441 2005.11.09 en263 Nov 9 13:24:01 en263/en263 xinetd[2204]: Reading included configuration file: /etc/xinetd.d/echo-udp [file=/etc/xinetd.d/echo-udp] [line=14]
- 1131571441 2005.11.09 en263 Nov 9 13:24:01 en263/en263 xinetd[2204]: Reading included configuration file: /etc/xinetd.d/eklogin [file=/etc/xinetd.d/eklogin] [line=15]
- 1131571442 2005.11.09 en263 Nov 9 13:24:02 en263/en263 crond: crond startup succeeded
- 1131571442 2005.11.09 en263 Nov 9 13:24:02 en263/en263 crond[2240]: (CRON) STARTUP (V5.0)
- 1131571442 2005.11.09 en263 Nov 9 13:24:02 en263/en263 gmond: gmond startup succeeded
- 1131571442 2005.11.09 en263 Nov 9 13:24:02 en263/en263 ntpd: succeeded
- 1131571442 2005.11.09 en263 Nov 9 13:24:02 en263/en263 ntpd: ntpd startup succeeded
- 1131571442 2005.11.09 en263 Nov 9 13:24:02 en263/en263 ntpd[2220]: Listening on interface eth0, 10.100.34.7#123
- 1131571442 2005.11.09 en263 Nov 9 13:24:02 en263/en263 ntpd[2220]: Listening on interface ib0, 10.100.162.7#123
- 1131571442 2005.11.09 en263 Nov 9 13:24:02 en263/en263 ntpd[2220]: Listening on interface lo, 127.0.0.1#123
- 1131571442 2005.11.09 en263 Nov 9 13:24:02 en263/en263 ntpd[2220]: Listening on interface wildcard, 0.0.0.0#123
- 1131571442 2005.11.09 en263 Nov 9 13:24:02 en263/en263 ntpd[2220]: Listening on interface wildcard, ::#123
- 1131571442 2005.11.09 en263 Nov 9 13:24:02 en263/en263 ntpd[2220]: configure: keyword "authenticate" unknown, line ignored
- 1131571442 2005.11.09 en263 Nov 9 13:24:02 en263/en263 ntpd[2220]: frequency initialized 141.861 PPM from /var/lib/ntp/drift
- 1131571442 2005.11.09 en263 Nov 9 13:24:02 en263/en263 ntpd[2220]: kernel time sync status 0040
- 1131571442 2005.11.09 en263 Nov 9 13:24:02 en263/en263 ntpd[2220]: ntpd #2#@1.1190-r Mon Oct 11 09:15:58 EDT 2004 (1)
- 1131571442 2005.11.09 en263 Nov 9 13:24:02 en263/en263 ntpd[2220]: precision = 1.000 usec
- 1131571442 2005.11.09 en263 Nov 9 13:24:02 en263/en263 ntpdate[2216]: step time server 10.100.34.250 offset -54008.631096 sec
- 1131571442 2005.11.09 en263 Nov 9 13:24:02 en263/en263 pbs_mom: pbs_mom startup succeeded
- 1131571442 2005.11.09 en263 Nov 9 13:24:02 en263/en263 xinetd[2204]: Reading included configuration file: /etc/xinetd.d/gssftp [file=/etc/xinetd.d/gssftp] [line=13]
- 1131571442 2005.11.09 en263 Nov 9 13:24:02 en263/en263 xinetd[2204]: Reading included configuration file: /etc/xinetd.d/klogin [file=/etc/xinetd.d/klogin] [line=14]
- 1131571442 2005.11.09 en263 Nov 9 13:24:02 en263/en263 xinetd[2204]: Reading included configuration file: /etc/xinetd.d/krb5-telnet [file=/etc/xinetd.d/krb5-telnet] [line=13]
- 1131571442 2005.11.09 en263 Nov 9 13:24:02 en263/en263 xinetd[2204]: Reading included configuration file: /etc/xinetd.d/kshell [file=/etc/xinetd.d/kshell] [line=13]
- 1131571442 2005.11.09 en263 Nov 9 13:24:02 en263/en263 xinetd[2204]: Reading included configuration file: /etc/xinetd.d/ktalk [file=/etc/xinetd.d/ktalk] [line=13]
- 1131571442 2005.11.09 en263 Nov 9 13:24:02 en263/en263 xinetd[2204]: Reading included configuration file: /etc/xinetd.d/rsync [file=/etc/xinetd.d/rsync] [line=12]
- 1131571442 2005.11.09 en263 Nov 9 13:24:02 en263/en263 xinetd[2204]: Reading included configuration file: /etc/xinetd.d/time [file=/etc/xinetd.d/time] [line=13]
- 1131571442 2005.11.09 en263 Nov 9 13:24:02 en263/en263 xinetd[2204]: Reading included configuration file: /etc/xinetd.d/time-udp [file=/etc/xinetd.d/time-udp] [line=17]
- 1131571442 2005.11.09 en263 Nov 9 13:24:02 en263/en263 xinetd[2204]: Started working: 0 available services
- 1131571442 2005.11.09 en263 Nov 9 13:24:02 en263/en263 xinetd[2204]: removing chargen
- 1131571442 2005.11.09 en263 Nov 9 13:24:02 en263/en263 xinetd[2204]: removing chargen
- 1131571442 2005.11.09 en263 Nov 9 13:24:02 en263/en263 xinetd[2204]: removing daytime
- 1131571442 2005.11.09 en263 Nov 9 13:24:02 en263/en263 xinetd[2204]: removing daytime
- 1131571442 2005.11.09 en263 Nov 9 13:24:02 en263/en263 xinetd[2204]: removing echo
- 1131571442 2005.11.09 en263 Nov 9 13:24:02 en263/en263 xinetd[2204]: removing echo
- 1131571442 2005.11.09 en263 Nov 9 13:24:02 en263/en263 xinetd[2204]: removing eklogin
- 1131571442 2005.11.09 en263 Nov 9 13:24:02 en263/en263 xinetd[2204]: removing ftp
- 1131571442 2005.11.09 en263 Nov 9 13:24:02 en263/en263 xinetd[2204]: removing klogin
- 1131571442 2005.11.09 en263 Nov 9 13:24:02 en263/en263 xinetd[2204]: removing kshell
- 1131571442 2005.11.09 en263 Nov 9 13:24:02 en263/en263 xinetd[2204]: removing ntalk
- 1131571442 2005.11.09 en263 Nov 9 13:24:02 en263/en263 xinetd[2204]: removing printer
- 1131571442 2005.11.09 en263 Nov 9 13:24:02 en263/en263 xinetd[2204]: removing rsync
- 1131571442 2005.11.09 en263 Nov 9 13:24:02 en263/en263 xinetd[2204]: removing telnet
- 1131571442 2005.11.09 en263 Nov 9 13:24:02 en263/en263 xinetd[2204]: removing time
- 1131571442 2005.11.09 en263 Nov 9 13:24:02 en263/en263 xinetd[2204]: removing time
- 1131571442 2005.11.09 en263 Nov 9 13:24:02 en263/en263 xinetd[2204]: xinetd Version 2.3.13 started with libwrap loadavg options compiled in.
- 1131571443 2005.11.09 en263 Nov 9 13:24:03 en263/en263 messagebus: messagebus startup succeeded
- 1131571443 2005.11.09 en263 Nov 9 13:24:03 en263/en263 omsad: omsad32 startup succeeded
- 1131571444 2005.11.09 en263 Nov 9 13:24:04 en263/en263 fstab-sync[2328]: removed all generated mount points
- 1131571444 2005.11.09 en263 Nov 9 13:24:04 en263/en263 haldaemon: haldaemon startup succeeded
- 1131571444 2005.11.09 en263 Nov 9 13:24:04 en263/en263 snmpd[1987]: [smux_accept] accepted fd 13 from 127.0.0.1:32772
- 1131571444 2005.11.09 en263 Nov 9 13:24:04 en263/en263 snmpd[1987]: accepted smux peer: oid SNMPv2-SMI::enterprises.674.10892.1, password , descr Systems Management SNMP MIB Plug-in Manager
- 1131571449 2005.11.09 en263 Nov 9 13:24:09 en263/en263 snmpd[1987]: Got trap from peer on fd 13
- 1131571452 2005.11.09 en263 Nov 9 13:24:12 en263/en263 kernel: eth0: no IPv6 routers present
- 1131571452 2005.11.09 en263 Nov 9 13:24:12 en263/en263 kernel: ib0: no IPv6 routers present
- 1131571894 2005.11.09 en263 Nov 9 13:31:34 en263/en263 ntpd[2220]: kernel time sync enabled 0001
- 1131572708 2005.11.09 en25 Nov 9 13:45:08 en25/en25 smartd[1971]: Device: /dev/sda, Temperature changed 2 Celsius to 33 Celsius since last report
- 1131572890 2005.11.09 en369 Nov 9 13:48:10 en369/en369 smartd[1970]: Device: /dev/sda, Temperature changed 2 Celsius to 23 Celsius since last report
- 1131572893 2005.11.09 en344 Nov 9 13:48:13 en344/en344 smartd[1973]: Device: /dev/sda, Temperature changed 2 Celsius to 28 Celsius since last report
- 1131573232 2005.11.09 en263 Nov 9 13:53:52 en263/en263 smartd[1956]: System clock time adjusted to the past. Resetting next wakeup time.
- 1131573536 2005.11.09 en34 Nov 9 13:58:56 en34/en34 smartd[1965]: Device: /dev/sda, Temperature changed 2 Celsius to 25 Celsius since last report
