- 1150158421 2006.06.12 tsqe2 Jun 12 17:27:01 tsqe2/tsqe2 sshd[2466]: connection from "#569#"
- 1150158422 2006.06.12 #56# Jun 12 17:27:02 #56#/#56# crond(pam_unix)[7377]: session closed for user #57#
- 1150158425 2006.06.12 .99 Jun 12 17:27:05 .99 MDT: %RPM0-P:CP %IFMGR-5-OSTATE_DN: Changed interface state to down: Gi 4/88
- 1150158427 2006.06.12 .516 Jun 12 17:27:07 .516 MDT: %RPM0-P:CP %IFMGR-5-OSTATE_UP: Changed interface state to up: Gi 4/88
- 1150158427 2006.06.12 tsqe2 Jun 12 17:27:07 tsqe2/tsqe2 sshd[27754]: Remote host disconnected: Authentication cancelled by user.
- 1150158427 2006.06.12 tsqe2 Jun 12 17:27:07 tsqe2/tsqe2 sshd[27754]: authentication cancelled by user: 'Authentication cancelled by user.'
- 1150158428 2006.06.12 tsqe2 Jun 12 17:27:08 tsqe2/tsqe2 sshd[2466]: connection from "#569#"
- 1150158429 2006.06.12 .516 Jun 12 17:27:09 .516 MDT: %RPM0-P:CP %IFMGR-5-OSTATE_DN: Changed interface state to down: Gi 4/88
- 1150158429 2006.06.12 tsqe2 Jun 12 17:27:09 tsqe2/tsqe2 sshd[27765]: Remote host disconnected: Authentication cancelled by user.
- 1150158429 2006.06.12 tsqe2 Jun 12 17:27:09 tsqe2/tsqe2 sshd[27765]: authentication cancelled by user: 'Authentication cancelled by user.'
- 1150158430 2006.06.12 tsqe2 Jun 12 17:27:10 tsqe2/tsqe2 sshd[2466]: connection from "#569#"
- 1150158430 2006.06.12 tsqe2 Jun 12 17:27:10 tsqe2/tsqe2 sshd[27774]: Remote host disconnected: Authentication cancelled by user.
- 1150158430 2006.06.12 tsqe2 Jun 12 17:27:10 tsqe2/tsqe2 sshd[27774]: authentication cancelled by user: 'Authentication cancelled by user.'
- 1150158431 2006.06.12 .616 Jun 12 17:27:11 .616 MDT: %RPM0-P:CP %IFMGR-5-OSTATE_UP: Changed interface state to up: Gi 4/88
- 1150158431 2006.06.12 tsqe2 Jun 12 17:27:11 tsqe2/tsqe2 sshd[2466]: connection from "#569#"
- 1150158432 2006.06.12 tsqe2 Jun 12 17:27:12 tsqe2/tsqe2 sshd[27783]: Remote host disconnected: Authentication cancelled by user.
- 1150158432 2006.06.12 tsqe2 Jun 12 17:27:12 tsqe2/tsqe2 sshd[27783]: authentication cancelled by user: 'Authentication cancelled by user.'
- 1150158433 2006.06.12 tsqe2 Jun 12 17:27:13 tsqe2/tsqe2 sshd[2466]: connection from "#569#"
- 1150158434 2006.06.12 tsqe2 Jun 12 17:27:14 tsqe2/tsqe2 sshd[27792]: Remote host disconnected: Authentication cancelled by user.
- 1150158434 2006.06.12 tsqe2 Jun 12 17:27:14 tsqe2/tsqe2 sshd[27792]: authentication cancelled by user: 'Authentication cancelled by user.'
- 1150158435 2006.06.12 .83 Jun 12 17:27:15 .83 MDT: %RPM0-P:CP %IFMGR-5-OSTATE_DN: Changed interface state to down: Gi 4/88
- 1150158435 2006.06.12 tsqe2 Jun 12 17:27:15 tsqe2/tsqe2 sshd[2466]: connection from "#569#"
- 1150158436 2006.06.12 tsqe2 Jun 12 17:27:16 tsqe2/tsqe2 sshd[27801]: Remote host disconnected: Authentication cancelled by user.
- 1150158436 2006.06.12 tsqe2 Jun 12 17:27:16 tsqe2/tsqe2 sshd[27801]: authentication cancelled by user: 'Authentication cancelled by user.'
- 1150158437 2006.06.12 aadmin1 Jun 12 17:27:17 src@aadmin1 /usr/sbin/gmetad[8292]: data_thread() got not answer from any [Thunderbird_A1] datasource
- 1150158437 2006.06.12 tsqe2 Jun 12 17:27:17 tsqe2/tsqe2 sshd[2466]: connection from "#569#"
- 1150158438 2006.06.12 .749 Jun 12 17:27:18 .749 MDT: %RPM0-P:CP %IFMGR-5-OSTATE_UP: Changed interface state to up: Gi 4/88
- 1150158438 2006.06.12 tsqe2 Jun 12 17:27:18 tsqe2/tsqe2 sshd[27812]: Remote host disconnected: Authentication cancelled by user.
- 1150158438 2006.06.12 tsqe2 Jun 12 17:27:18 tsqe2/tsqe2 sshd[27812]: authentication cancelled by user: 'Authentication cancelled by user.'
- 1150158439 2006.06.12 aadmin1 Jun 12 17:27:19 src@aadmin1 /usr/sbin/gmetad[8292]: data_thread() got not answer from any [Thunderbird_A2] datasource
- 1150158439 2006.06.12 tsqe2 Jun 12 17:27:19 tsqe2/tsqe2 sshd[2466]: connection from "#569#"
- 1150158439 2006.06.12 tsqe2 Jun 12 17:27:19 tsqe2/tsqe2 sshd[27821]: Remote host disconnected: Authentication cancelled by user.
- 1150158440 2006.06.12 tsqe2 Jun 12 17:27:20 tsqe2/tsqe2 sshd[27821]: authentication cancelled by user: 'Authentication cancelled by user.'
- 1150158441 2006.06.12 tsqe2 Jun 12 17:27:21 tsqe2/tsqe2 sshd[2466]: connection from "#569#"
- 1150158441 2006.06.12 tsqe2 Jun 12 17:27:21 tsqe2/tsqe2 sshd[27830]: Remote host disconnected: Authentication cancelled by user.
- 1150158441 2006.06.12 tsqe2 Jun 12 17:27:21 tsqe2/tsqe2 sshd[27830]: authentication cancelled by user: 'Authentication cancelled by user.'
- 1150158442 2006.06.12 tsqe2 Jun 12 17:27:22 tsqe2/tsqe2 sshd[2466]: connection from "#569#"
- 1150158443 2006.06.12 tsqe2 Jun 12 17:27:23 tsqe2/tsqe2 sshd[27839]: Remote host disconnected: Authentication cancelled by user.
- 1150158443 2006.06.12 tsqe2 Jun 12 17:27:23 tsqe2/tsqe2 sshd[27839]: authentication cancelled by user: 'Authentication cancelled by user.'
- 1150158444 2006.06.12 tsqe2 Jun 12 17:27:24 tsqe2/tsqe2 sshd[2466]: connection from "#569#"
- 1150158445 2006.06.12 tsqe2 Jun 12 17:27:25 tsqe2/tsqe2 sshd[27848]: Remote host disconnected: Authentication cancelled by user.
- 1150158445 2006.06.12 tsqe2 Jun 12 17:27:25 tsqe2/tsqe2 sshd[27848]: authentication cancelled by user: 'Authentication cancelled by user.'
- 1150158446 2006.06.12 tsqe2 Jun 12 17:27:26 tsqe2/tsqe2 sshd[2466]: connection from "#569#"
- 1150158446 2006.06.12 tsqe2 Jun 12 17:27:26 tsqe2/tsqe2 sshd[27857]: Remote host disconnected: Authentication cancelled by user.
- 1150158446 2006.06.12 tsqe2 Jun 12 17:27:26 tsqe2/tsqe2 sshd[27857]: authentication cancelled by user: 'Authentication cancelled by user.'
- 1150158448 2006.06.12 tsqe2 Jun 12 17:27:28 tsqe2/tsqe2 sshd[2466]: connection from "#569#"
- 1150158448 2006.06.12 tsqe2 Jun 12 17:27:28 tsqe2/tsqe2 sshd[27868]: Remote host disconnected: Authentication cancelled by user.
- 1150158448 2006.06.12 tsqe2 Jun 12 17:27:28 tsqe2/tsqe2 sshd[27868]: authentication cancelled by user: 'Authentication cancelled by user.'
- 1150158449 2006.06.12 tsqe2 Jun 12 17:27:29 tsqe2/tsqe2 sshd[2466]: connection from "#569#"
- 1150158450 2006.06.12 tsqe2 Jun 12 17:27:30 tsqe2/tsqe2 sshd[27877]: Remote host disconnected: Authentication cancelled by user.
- 1150158450 2006.06.12 tsqe2 Jun 12 17:27:30 tsqe2/tsqe2 sshd[27877]: authentication cancelled by user: 'Authentication cancelled by user.'
- 1150158451 2006.06.12 tsqe2 Jun 12 17:27:31 tsqe2/tsqe2 sshd[2466]: connection from "#569#"
- 1150158452 2006.06.12 tsqe2 Jun 12 17:27:32 tsqe2/tsqe2 sshd[27886]: Remote host disconnected: Authentication cancelled by user.
- 1150158452 2006.06.12 tsqe2 Jun 12 17:27:32 tsqe2/tsqe2 sshd[27886]: authentication cancelled by user: 'Authentication cancelled by user.'
- 1150158453 2006.06.12 tsqe2 Jun 12 17:27:33 tsqe2/tsqe2 sshd[2466]: connection from "#569#"
- 1150158453 2006.06.12 tsqe2 Jun 12 17:27:33 tsqe2/tsqe2 sshd[27895]: Remote host disconnected: Authentication cancelled by user.
- 1150158453 2006.06.12 tsqe2 Jun 12 17:27:33 tsqe2/tsqe2 sshd[27895]: authentication cancelled by user: 'Authentication cancelled by user.'
- 1150158454 2006.06.12 tsqe2 Jun 12 17:27:34 tsqe2/tsqe2 sshd[2466]: connection from "#569#"
- 1150158455 2006.06.12 tsqe2 Jun 12 17:27:35 tsqe2/tsqe2 sshd[27904]: Remote host disconnected: Authentication cancelled by user.
- 1150158455 2006.06.12 tsqe2 Jun 12 17:27:35 tsqe2/tsqe2 sshd[27904]: authentication cancelled by user: 'Authentication cancelled by user.'
- 1150158456 2006.06.12 tsqe2 Jun 12 17:27:36 tsqe2/tsqe2 sshd[2466]: connection from "#569#"
- 1150158457 2006.06.12 .449 Jun 12 17:27:37 .449 MDT: %RPM0-P:CP %IFMGR-5-OSTATE_DN: Changed interface state to down: Gi 4/88
- 1150158457 2006.06.12 tsqe2 Jun 12 17:27:37 tsqe2/tsqe2 sshd[27913]: Remote host disconnected: Authentication cancelled by user.
- 1150158457 2006.06.12 tsqe2 Jun 12 17:27:37 tsqe2/tsqe2 sshd[27913]: authentication cancelled by user: 'Authentication cancelled by user.'
- 1150158458 2006.06.12 tsqe2 Jun 12 17:27:38 tsqe2/tsqe2 sshd[2466]: connection from "#569#"
- 1150158459 2006.06.12 tsqe2 Jun 12 17:27:39 tsqe2/tsqe2 sshd[27924]: Remote host disconnected: Authentication cancelled by user.
- 1150158459 2006.06.12 tsqe2 Jun 12 17:27:39 tsqe2/tsqe2 sshd[27924]: authentication cancelled by user: 'Authentication cancelled by user.'
- 1150158460 2006.06.12 tsqe2 Jun 12 17:27:40 tsqe2/tsqe2 sshd[2466]: connection from "#569#"
- 1150158465 2006.06.12 badmin1 Jun 12 17:27:45 src@badmin1 dhcpd: DHCPDISCOVER from 00:11:43:de:04:5e via eth1: network B_net: no free leases
- 1150158465 2006.06.12 badmin2 Jun 12 17:27:45 src@badmin2 dhcpd: DHCPDISCOVER from 00:11:43:de:04:5e via eth1: network B_net: no free leases
- 1150158465 2006.06.12 badmin3 Jun 12 17:27:45 src@badmin3 dhcpd: DHCPDISCOVER from 00:11:43:de:04:5e via eth1: network B_net: no free leases
- 1150158465 2006.06.12 badmin4 Jun 12 17:27:45 src@badmin4 dhcpd: DHCPDISCOVER from 00:11:43:de:04:5e via eth1: network B_net: no free leases
- 1150158465 2006.06.12 tsqe2 Jun 12 17:27:45 tsqe2/tsqe2 sshd[27933]: Remote host disconnected: Authentication cancelled by user.
- 1150158466 2006.06.12 tsqe2 Jun 12 17:27:46 tsqe2/tsqe2 sshd[27933]: authentication cancelled by user: 'Authentication cancelled by user.'
- 1150158467 2006.06.12 tsqe2 Jun 12 17:27:47 tsqe2/tsqe2 sshd[2466]: connection from "#569#"
- 1150158467 2006.06.12 tsqe2 Jun 12 17:27:47 tsqe2/tsqe2 sshd[27942]: Remote host disconnected: Authentication cancelled by user.
- 1150158467 2006.06.12 tsqe2 Jun 12 17:27:47 tsqe2/tsqe2 sshd[27942]: authentication cancelled by user: 'Authentication cancelled by user.'
- 1150158468 2006.06.12 tsqe2 Jun 12 17:27:48 tsqe2/tsqe2 sshd[2466]: connection from "#569#"
- 1150158469 2006.06.12 tsqe2 Jun 12 17:27:49 tsqe2/tsqe2 sshd[27953]: Remote host disconnected: Authentication cancelled by user.
- 1150158469 2006.06.12 tsqe2 Jun 12 17:27:49 tsqe2/tsqe2 sshd[27953]: authentication cancelled by user: 'Authentication cancelled by user.'
- 1150158470 2006.06.12 aadmin1 Jun 12 17:27:50 src@aadmin1 /usr/sbin/gmetad[8292]: data_thread() got not answer from any [Thunderbird_A1] datasource
- 1150158470 2006.06.12 tsqe2 Jun 12 17:27:50 tsqe2/tsqe2 sshd[2466]: connection from "#569#"
- 1150158470 2006.06.12 tsqe2 Jun 12 17:27:50 tsqe2/tsqe2 sshd[2466]: connection from "#2888#"
- 1150158471 2006.06.12 aadmin1 Jun 12 17:27:51 src@aadmin1 /usr/sbin/gmetad[8292]: data_thread() got not answer from any [Thunderbird_A2] datasource
- 1150158471 2006.06.12 #56# Jun 12 17:27:51 #56#/#56# crond(pam_unix)[7371]: session closed for user #26#
- 1150158471 2006.06.12 tsqe1 Jun 12 17:27:51 tsqe1/tsqe1 sshd[2395]: connection from "#2888#"
- 1150158471 2006.06.12 tsqe2 Jun 12 17:27:51 tsqe2/tsqe2 sshd2[27968]: Now running on idooley's privileges.
- 1150158471 2006.06.12 tsqe2 Jun 12 17:27:51 tsqe2/tsqe2 sshd[27962]: Remote host disconnected: Authentication cancelled by user.
- 1150158471 2006.06.12 tsqe2 Jun 12 17:27:51 tsqe2/tsqe2 sshd[27962]: authentication cancelled by user: 'Authentication cancelled by user.'
- 1150158471 2006.06.12 tsqe2 Jun 12 17:27:51 tsqe2/tsqe2 sshd[27966]: User idooley, coming from #331#, authenticated.
- 1150158472 2006.06.12 tsqe1 Jun 12 17:27:52 tsqe1/tsqe1 sshd2[25853]: Now running on idooley's privileges.
- 1150158472 2006.06.12 tsqe1 Jun 12 17:27:52 tsqe1/tsqe1 sshd[25851]: Local disconnected: Connection closed.
- 1150158472 2006.06.12 tsqe1 Jun 12 17:27:52 tsqe1/tsqe1 sshd[25851]: User idooley, coming from #331#, authenticated.
- 1150158472 2006.06.12 tsqe1 Jun 12 17:27:52 tsqe1/tsqe1 sshd[25851]: connection lost: 'Connection closed.'
- 1150158472 2006.06.12 tsqe2 Jun 12 17:27:52 tsqe2/tsqe2 sshd[2466]: connection from "#569#"
- 1150158472 2006.06.12 tsqe2 Jun 12 17:27:52 tsqe2/tsqe2 sshd[27966]: Local disconnected: Connection closed.
- 1150158472 2006.06.12 tsqe2 Jun 12 17:27:52 tsqe2/tsqe2 sshd[27966]: connection lost: 'Connection closed.'
- 1150158473 2006.06.12 tsqe2 Jun 12 17:27:53 tsqe2/tsqe2 sshd[27982]: Remote host disconnected: Authentication cancelled by user.
- 1150158473 2006.06.12 tsqe2 Jun 12 17:27:53 tsqe2/tsqe2 sshd[27982]: authentication cancelled by user: 'Authentication cancelled by user.'
- 1150158474 2006.06.12 tsqe2 Jun 12 17:27:54 tsqe2/tsqe2 sshd[2466]: connection from "#569#"
- 1150158474 2006.06.12 tsqe2 Jun 12 17:27:54 tsqe2/tsqe2 sshd[27991]: Remote host disconnected: Authentication cancelled by user.
- 1150158474 2006.06.12 tsqe2 Jun 12 17:27:54 tsqe2/tsqe2 sshd[27991]: authentication cancelled by user: 'Authentication cancelled by user.'
- 1150158475 2006.06.12 tsqe2 Jun 12 17:27:55 tsqe2/tsqe2 sshd[2466]: connection from "#569#"
- 1150158476 2006.06.12 tsqe2 Jun 12 17:27:56 tsqe2/tsqe2 sshd[28000]: Remote host disconnected: Authentication cancelled by user.
- 1150158476 2006.06.12 tsqe2 Jun 12 17:27:56 tsqe2/tsqe2 sshd[28000]: authentication cancelled by user: 'Authentication cancelled by user.'
- 1150158477 2006.06.12 tsqe2 Jun 12 17:27:57 tsqe2/tsqe2 sshd[2466]: connection from "#569#"
- 1150158478 2006.06.12 tsqe2 Jun 12 17:27:58 tsqe2/tsqe2 sshd[28010]: Remote host disconnected: Authentication cancelled by user.
- 1150158478 2006.06.12 tsqe2 Jun 12 17:27:58 tsqe2/tsqe2 sshd[28010]: authentication cancelled by user: 'Authentication cancelled by user.'
- 1150158479 2006.06.12 tsqe2 Jun 12 17:27:59 tsqe2/tsqe2 sshd[2466]: connection from "#569#"
- 1150158479 2006.06.12 tsqe2 Jun 12 17:27:59 tsqe2/tsqe2 sshd[28020]: Remote host disconnected: Authentication cancelled by user.
- 1150158479 2006.06.12 tsqe2 Jun 12 17:27:59 tsqe2/tsqe2 sshd[28020]: authentication cancelled by user: 'Authentication cancelled by user.'
- 1150158481 2006.06.12 tsqe2 Jun 12 17:28:01 tsqe2/tsqe2 sshd[2466]: connection from "#569#"
- 1150158481 2006.06.12 tsqe2 Jun 12 17:28:01 tsqe2/tsqe2 sshd[28029]: Remote host disconnected: Authentication cancelled by user.
- 1150158481 2006.06.12 tsqe2 Jun 12 17:28:01 tsqe2/tsqe2 sshd[28029]: authentication cancelled by user: 'Authentication cancelled by user.'
- 1150158482 2006.06.12 tsqe2 Jun 12 17:28:02 tsqe2/tsqe2 sshd[2466]: connection from "#569#"
- 1150158483 2006.06.12 tsqe2 Jun 12 17:28:03 tsqe2/tsqe2 sshd[28038]: Remote host disconnected: Authentication cancelled by user.
- 1150158483 2006.06.12 tsqe2 Jun 12 17:28:03 tsqe2/tsqe2 sshd[28038]: authentication cancelled by user: 'Authentication cancelled by user.'
- 1150158484 2006.06.12 tsqe2 Jun 12 17:28:04 tsqe2/tsqe2 sshd[2466]: connection from "#569#"
- 1150158485 2006.06.12 tsqe2 Jun 12 17:28:05 tsqe2/tsqe2 sshd[28047]: Remote host disconnected: Authentication cancelled by user.
- 1150158485 2006.06.12 tsqe2 Jun 12 17:28:05 tsqe2/tsqe2 sshd[28047]: authentication cancelled by user: 'Authentication cancelled by user.'
- 1150158486 2006.06.12 tsqe2 Jun 12 17:28:06 tsqe2/tsqe2 sshd[2466]: connection from "#569#"
- 1150158486 2006.06.12 tsqe2 Jun 12 17:28:06 tsqe2/tsqe2 sshd[28056]: Remote host disconnected: Authentication cancelled by user.
- 1150158486 2006.06.12 tsqe2 Jun 12 17:28:06 tsqe2/tsqe2 sshd[28056]: authentication cancelled by user: 'Authentication cancelled by user.'
- 1150158487 2006.06.12 tsqe1 Jun 12 17:28:07 tsqe1/tsqe1 sshd[2395]: connection from "#2888#"
- 1150158487 2006.06.12 tsqe2 Jun 12 17:28:07 tsqe2/tsqe2 sshd[2466]: connection from "#2888#"
- 1150158488 2006.06.12 tsqe1 Jun 12 17:28:08 tsqe1/tsqe1 sshd2[25864]: Now running on idooley's privileges.
- 1150158488 2006.06.12 tsqe1 Jun 12 17:28:08 tsqe1/tsqe1 sshd[25862]: User idooley, coming from #331#, authenticated.
- 1150158488 2006.06.12 tsqe2 Jun 12 17:28:08 tsqe2/tsqe2 sshd[2466]: connection from "#569#"
- 1150158488 2006.06.12 tsqe2 Jun 12 17:28:08 tsqe2/tsqe2 sshd[28061]: User idooley, coming from #331#, authenticated.
- 1150158489 2006.06.12 tsqe2 Jun 12 17:28:09 tsqe2/tsqe2 sshd2[28073]: Now running on idooley's privileges.
- 1150158492 2006.06.12 aadmin1 Jun 12 17:28:12 src@aadmin1 xinetd[9151]: START: rsync pid=28658 from=10.100.1.15
- 1150158493 2006.06.12 aadmin1 Jun 12 17:28:13 src@aadmin1 xinetd[9151]: START: rsync pid=28659 from=10.100.1.15
- 1150158493 2006.06.12 aadmin1 Jun 12 17:28:13 src@aadmin1 xinetd[9151]: START: rsync pid=28660 from=10.100.1.15
- 1150158493 2006.06.12 aadmin1 Jun 12 17:28:13 src@aadmin1 xinetd[9151]: START: rsync pid=28661 from=10.100.1.15
- 1150158493 2006.06.12 aadmin1 Jun 12 17:28:13 src@aadmin1 xinetd[9151]: START: rsync pid=28662 from=10.100.1.15
- 1150158493 2006.06.12 aadmin1 Jun 12 17:28:13 src@aadmin1 xinetd[9151]: START: rsync pid=28663 from=10.100.1.15
- 1150158494 2006.06.12 tsqe2 Jun 12 17:28:14 tsqe2/tsqe2 sshd[28069]: Remote host disconnected: Authentication cancelled by user.
- 1150158494 2006.06.12 tsqe2 Jun 12 17:28:14 tsqe2/tsqe2 sshd[28069]: authentication cancelled by user: 'Authentication cancelled by user.'
- 1150158495 2006.06.12 tsqe2 Jun 12 17:28:15 tsqe2/tsqe2 sshd[2466]: connection from "#569#"
- 1150158495 2006.06.12 tsqe2 Jun 12 17:28:15 tsqe2/tsqe2 sshd[28061]: Local disconnected: Connection closed.
- 1150158495 2006.06.12 tsqe2 Jun 12 17:28:15 tsqe2/tsqe2 sshd[28061]: connection lost: 'Connection closed.'
- 1150158496 2006.06.12 tsqe1 Jun 12 17:28:16 tsqe1/tsqe1 sshd[25862]: Local disconnected: Connection closed.
- 1150158496 2006.06.12 tsqe1 Jun 12 17:28:16 tsqe1/tsqe1 sshd[25862]: connection lost: 'Connection closed.'
- 1150158496 2006.06.12 tsqe2 Jun 12 17:28:16 tsqe2/tsqe2 sshd[28310]: Remote host disconnected: Authentication cancelled by user.
- 1150158496 2006.06.12 tsqe2 Jun 12 17:28:16 tsqe2/tsqe2 sshd[28310]: authentication cancelled by user: 'Authentication cancelled by user.'
- 1150158497 2006.06.12 #2116# Jun 12 17:28:17 #2116#/#2116# crond(pam_unix)[6548]: session closed for user root
- 1150158497 2006.06.12 #2116# Jun 12 17:28:17 #2116#/#2116# crond(pam_unix)[6548]: session opened for user root by (uid=0)
- 1150158497 2006.06.12 #2116# Jun 12 17:28:17 #2116#/#2116# crond[6549]: (root) CMD (/usr/bin/mrtg /etc/mrtg/mrtg.cfg --lock-file /var/lock/mrtg/mrtg_l --confcache-file /var/lib/mrtg/mrtg.ok)
- 1150158497 2006.06.12 tsqe2 Jun 12 17:28:17 tsqe2/tsqe2 sshd[2466]: connection from "#569#"
- 1150158497 2006.06.12 tsqe2 Jun 12 17:28:17 tsqe2/tsqe2 sshd[28319]: Remote host disconnected: Authentication cancelled by user.
- 1150158497 2006.06.12 tsqe2 Jun 12 17:28:17 tsqe2/tsqe2 sshd[28319]: authentication cancelled by user: 'Authentication cancelled by user.'
- 1150158498 2006.06.12 tsqe2 Jun 12 17:28:18 tsqe2/tsqe2 sshd[2466]: connection from "#569#"
- 1150158499 2006.06.12 .316 Jun 12 17:28:19 .316 MDT: %RPM0-P:CP %IFMGR-5-OSTATE_UP: Changed interface state to up: Gi 4/88
- 1150158499 2006.06.12 tsqe2 Jun 12 17:28:19 tsqe2/tsqe2 sshd[28330]: Remote host disconnected: Authentication cancelled by user.
- 1150158499 2006.06.12 tsqe2 Jun 12 17:28:19 tsqe2/tsqe2 sshd[28330]: authentication cancelled by user: 'Authentication cancelled by user.'
- 1150158500 2006.06.12 aadmin1 Jun 12 17:28:20 src@aadmin1 /usr/sbin/gmetad[8292]: data_thread() got not answer from any [Thunderbird_A1] datasource
- 1150158500 2006.06.12 tsqe2 Jun 12 17:28:20 tsqe2/tsqe2 sshd[2466]: connection from "#569#"
- 1150158501 2006.06.12 .266 Jun 12 17:28:21 .266 MDT: %RPM0-P:CP %IFMGR-5-OSTATE_DN: Changed interface state to down: Gi 4/88
- 1150158501 2006.06.12 tsqe2 Jun 12 17:28:21 tsqe2/tsqe2 sshd[28339]: Remote host disconnected: Authentication cancelled by user.
- 1150158501 2006.06.12 tsqe2 Jun 12 17:28:21 tsqe2/tsqe2 sshd[28339]: authentication cancelled by user: 'Authentication cancelled by user.'
- 1150158502 2006.06.12 tsqe2 Jun 12 17:28:22 tsqe2/tsqe2 sshd[2466]: connection from "#569#"
- 1150158503 2006.06.12 aadmin1 Jun 12 17:28:23 src@aadmin1 /usr/sbin/gmetad[8292]: data_thread() got not answer from any [Thunderbird_A2] datasource
- 1150158503 2006.06.12 tsqe2 Jun 12 17:28:23 tsqe2/tsqe2 sshd[28348]: Remote host disconnected: Authentication cancelled by user.
- 1150158503 2006.06.12 tsqe2 Jun 12 17:28:23 tsqe2/tsqe2 sshd[28348]: authentication cancelled by user: 'Authentication cancelled by user.'
- 1150158504 2006.06.12 tsqe2 Jun 12 17:28:24 tsqe2/tsqe2 sshd[2466]: connection from "#569#"
- 1150158504 2006.06.12 tsqe2 Jun 12 17:28:24 tsqe2/tsqe2 sshd[28357]: Remote host disconnected: Authentication cancelled by user.
- 1150158504 2006.06.12 tsqe2 Jun 12 17:28:24 tsqe2/tsqe2 sshd[28357]: authentication cancelled by user: 'Authentication cancelled by user.'
- 1150158505 2006.06.12 tsqe2 Jun 12 17:28:25 tsqe2/tsqe2 sshd[2466]: connection from "#569#"
- 1150158506 2006.06.12 tsqe2 Jun 12 17:28:26 tsqe2/tsqe2 sshd[28366]: Remote host disconnected: Authentication cancelled by user.
- 1150158506 2006.06.12 tsqe2 Jun 12 17:28:26 tsqe2/tsqe2 sshd[28366]: authentication cancelled by user: 'Authentication cancelled by user.'
- 1150158507 2006.06.12 tsqe2 Jun 12 17:28:27 tsqe2/tsqe2 sshd[2466]: connection from "#569#"
- 1150158508 2006.06.12 tsqe2 Jun 12 17:28:28 tsqe2/tsqe2 sshd[28375]: Remote host disconnected: Authentication cancelled by user.
- 1150158508 2006.06.12 tsqe2 Jun 12 17:28:28 tsqe2/tsqe2 sshd[28375]: authentication cancelled by user: 'Authentication cancelled by user.'
- 1150158509 2006.06.12 tsqe2 Jun 12 17:28:29 tsqe2/tsqe2 sshd[2466]: connection from "#569#"
- 1150158510 2006.06.12 tsqe2 Jun 12 17:28:30 tsqe2/tsqe2 sshd[28386]: Remote host disconnected: Authentication cancelled by user.
- 1150158510 2006.06.12 tsqe2 Jun 12 17:28:30 tsqe2/tsqe2 sshd[28386]: authentication cancelled by user: 'Authentication cancelled by user.'
- 1150158511 2006.06.12 tsqe2 Jun 12 17:28:31 tsqe2/tsqe2 sshd[2466]: connection from "#569#"
- 1150158511 2006.06.12 tsqe2 Jun 12 17:28:31 tsqe2/tsqe2 sshd[28395]: Remote host disconnected: Authentication cancelled by user.
- 1150158511 2006.06.12 tsqe2 Jun 12 17:28:31 tsqe2/tsqe2 sshd[28395]: authentication cancelled by user: 'Authentication cancelled by user.'
- 1150158512 2006.06.12 tsqe2 Jun 12 17:28:32 tsqe2/tsqe2 sshd[2466]: connection from "#569#"
- 1150158513 2006.06.12 tsqe2 Jun 12 17:28:33 tsqe2/tsqe2 sshd[28404]: Remote host disconnected: Authentication cancelled by user.
- 1150158513 2006.06.12 tsqe2 Jun 12 17:28:33 tsqe2/tsqe2 sshd[28404]: authentication cancelled by user: 'Authentication cancelled by user.'
- 1150158514 2006.06.12 tsqe2 Jun 12 17:28:34 tsqe2/tsqe2 sshd[2466]: connection from "#569#"
- 1150158515 2006.06.12 tsqe2 Jun 12 17:28:35 tsqe2/tsqe2 sshd[28413]: Remote host disconnected: Authentication cancelled by user.
- 1150158515 2006.06.12 tsqe2 Jun 12 17:28:35 tsqe2/tsqe2 sshd[28413]: authentication cancelled by user: 'Authentication cancelled by user.'
- 1150158516 2006.06.12 tsqe2 Jun 12 17:28:36 tsqe2/tsqe2 sshd[2466]: connection from "#569#"
- 1150158522 2006.06.12 tsqe2 Jun 12 17:28:42 tsqe2/tsqe2 sshd[28422]: Remote host disconnected: Authentication cancelled by user.
- 1150158522 2006.06.12 tsqe2 Jun 12 17:28:42 tsqe2/tsqe2 sshd[28422]: authentication cancelled by user: 'Authentication cancelled by user.'
- 1150158523 2006.06.12 tsqe2 Jun 12 17:28:43 tsqe2/tsqe2 sshd[2466]: connection from "#569#"
- 1150158524 2006.06.12 tsqe2 Jun 12 17:28:44 tsqe2/tsqe2 sshd[28433]: Remote host disconnected: Authentication cancelled by user.
- 1150158524 2006.06.12 tsqe2 Jun 12 17:28:44 tsqe2/tsqe2 sshd[28433]: authentication cancelled by user: 'Authentication cancelled by user.'
- 1150158525 2006.06.12 tsqe2 Jun 12 17:28:45 tsqe2/tsqe2 sshd[2466]: connection from "#569#"
- 1150158525 2006.06.12 tsqe2 Jun 12 17:28:45 tsqe2/tsqe2 sshd[28442]: Remote host disconnected: Authentication cancelled by user.
- 1150158525 2006.06.12 tsqe2 Jun 12 17:28:45 tsqe2/tsqe2 sshd[28442]: authentication cancelled by user: 'Authentication cancelled by user.'
- 1150158526 2006.06.12 tsqe2 Jun 12 17:28:46 tsqe2/tsqe2 sshd[2466]: connection from "#569#"
- 1150158527 2006.06.12 aadmin1 Jun 12 17:28:47 src@aadmin1 /usr/sbin/gmetad[8292]: data_thread() got not answer from any [Thunderbird_A1] datasource
- 1150158527 2006.06.12 tsqe2 Jun 12 17:28:47 tsqe2/tsqe2 sshd[28451]: Remote host disconnected: Authentication cancelled by user.
- 1150158527 2006.06.12 tsqe2 Jun 12 17:28:47 tsqe2/tsqe2 sshd[28451]: authentication cancelled by user: 'Authentication cancelled by user.'
- 1150158528 2006.06.12 tsqe2 Jun 12 17:28:48 tsqe2/tsqe2 sshd[2466]: connection from "#569#"
- 1150158529 2006.06.12 badmin1 Jun 12 17:28:49 src@badmin1 dhcpd: DHCPDISCOVER from 00:11:43:de:04:5e via eth1: network B_net: no free leases
- 1150158529 2006.06.12 badmin2 Jun 12 17:28:49 src@badmin2 dhcpd: DHCPDISCOVER from 00:11:43:de:04:5e via eth1: network B_net: no free leases
- 1150158529 2006.06.12 badmin3 Jun 12 17:28:49 src@badmin3 dhcpd: DHCPDISCOVER from 00:11:43:de:04:5e via eth1: network B_net: no free leases
- 1150158529 2006.06.12 badmin4 Jun 12 17:28:49 src@badmin4 dhcpd: DHCPDISCOVER from 00:11:43:de:04:5e via eth1: network B_net: no free leases
- 1150158529 2006.06.12 tsqe2 Jun 12 17:28:49 tsqe2/tsqe2 sshd[28460]: Remote host disconnected: Authentication cancelled by user.
- 1150158529 2006.06.12 tsqe2 Jun 12 17:28:49 tsqe2/tsqe2 sshd[28460]: authentication cancelled by user: 'Authentication cancelled by user.'
- 1150158530 2006.06.12 tsqe2 Jun 12 17:28:50 tsqe2/tsqe2 sshd[2466]: connection from "#569#"
- 1150158531 2006.06.12 aadmin1 Jun 12 17:28:51 src@aadmin1 /usr/sbin/gmetad[8292]: data_thread() got not answer from any [Thunderbird_A2] datasource
- 1150158531 2006.06.12 tsqe2 Jun 12 17:28:51 tsqe2/tsqe2 sshd[28471]: Remote host disconnected: Authentication cancelled by user.
- 1150158531 2006.06.12 tsqe2 Jun 12 17:28:51 tsqe2/tsqe2 sshd[28471]: authentication cancelled by user: 'Authentication cancelled by user.'
- 1150158532 2006.06.12 tsqe2 Jun 12 17:28:52 tsqe2/tsqe2 sshd[2466]: connection from "#569#"
- 1150158532 2006.06.12 tsqe2 Jun 12 17:28:52 tsqe2/tsqe2 sshd[28480]: Remote host disconnected: Authentication cancelled by user.
- 1150158532 2006.06.12 tsqe2 Jun 12 17:28:52 tsqe2/tsqe2 sshd[28480]: authentication cancelled by user: 'Authentication cancelled by user.'
- 1150158533 2006.06.12 badmin3 Jun 12 17:28:53 src@badmin3 ntpd[1882]: synchronized to 10.100.24.251, stratum 2
- 1150158533 2006.06.12 tsqe2 Jun 12 17:28:53 tsqe2/tsqe2 sshd[2466]: connection from "#569#"
- 1150158534 2006.06.12 tsqe2 Jun 12 17:28:54 tsqe2/tsqe2 sshd[28489]: Remote host disconnected: Authentication cancelled by user.
- 1150158534 2006.06.12 tsqe2 Jun 12 17:28:54 tsqe2/tsqe2 sshd[28489]: authentication cancelled by user: 'Authentication cancelled by user.'
- 1150158535 2006.06.12 tsqe2 Jun 12 17:28:55 tsqe2/tsqe2 sshd[2466]: connection from "#569#"
- 1150158536 2006.06.12 tsqe2 Jun 12 17:28:56 tsqe2/tsqe2 sshd[28498]: Remote host disconnected: Authentication cancelled by user.
- 1150158536 2006.06.12 tsqe2 Jun 12 17:28:56 tsqe2/tsqe2 sshd[28498]: authentication cancelled by user: 'Authentication cancelled by user.'
- 1150158537 2006.06.12 tsqe2 Jun 12 17:28:57 tsqe2/tsqe2 sshd[2466]: connection from "#569#"
- 1150158538 2006.06.12 tsqe2 Jun 12 17:28:58 tsqe2/tsqe2 sshd[28507]: Remote host disconnected: Authentication cancelled by user.
- 1150158538 2006.06.12 tsqe2 Jun 12 17:28:58 tsqe2/tsqe2 sshd[28507]: authentication cancelled by user: 'Authentication cancelled by user.'
- 1150158539 2006.06.12 tsqe2 Jun 12 17:28:59 tsqe2/tsqe2 sshd[2466]: connection from "#569#"
- 1150158539 2006.06.12 tsqe2 Jun 12 17:28:59 tsqe2/tsqe2 sshd[28516]: Remote host disconnected: Authentication cancelled by user.
- 1150158539 2006.06.12 tsqe2 Jun 12 17:28:59 tsqe2/tsqe2 sshd[28516]: authentication cancelled by user: 'Authentication cancelled by user.'
- 1150158540 2006.06.12 tsqe2 Jun 12 17:29:00 tsqe2/tsqe2 sshd[2466]: connection from "#569#"
- 1150158541 2006.06.12 #56# Jun 12 17:29:01 #56#/#56# crond(pam_unix)[7411]: session opened for user #57# by (uid=0)
- 1150158541 2006.06.12 #56# Jun 12 17:29:01 #56#/#56# crond[7412]: (#57#) CMD (/home/#57#/ping2.sh)
- 1150158541 2006.06.12 tsqe2 Jun 12 17:29:01 tsqe2/tsqe2 sshd[28527]: Remote host disconnected: Authentication cancelled by user.
- 1150158541 2006.06.12 tsqe2 Jun 12 17:29:01 tsqe2/tsqe2 sshd[28527]: authentication cancelled by user: 'Authentication cancelled by user.'
- 1150158542 2006.06.12 #56# Jun 12 17:29:02 #56#/#56# crond(pam_unix)[7411]: session closed for user #57#
- 1150158542 2006.06.12 tsqe2 Jun 12 17:29:02 tsqe2/tsqe2 sshd[2466]: connection from "#569#"
- 1150158543 2006.06.12 tsqe2 Jun 12 17:29:03 tsqe2/tsqe2 sshd[28536]: Remote host disconnected: Authentication cancelled by user.
- 1150158543 2006.06.12 tsqe2 Jun 12 17:29:03 tsqe2/tsqe2 sshd[28536]: authentication cancelled by user: 'Authentication cancelled by user.'
- 1150158544 2006.06.12 tsqe2 Jun 12 17:29:04 tsqe2/tsqe2 sshd[2466]: connection from "#569#"
- 1150158545 2006.06.12 tsqe2 Jun 12 17:29:05 tsqe2/tsqe2 sshd[28545]: Remote host disconnected: Authentication cancelled by user.
- 1150158545 2006.06.12 tsqe2 Jun 12 17:29:05 tsqe2/tsqe2 sshd[28545]: authentication cancelled by user: 'Authentication cancelled by user.'
- 1150158546 2006.06.12 tsqe2 Jun 12 17:29:06 tsqe2/tsqe2 sshd[2466]: connection from "#569#"
- 1150158547 2006.06.12 tsqe2 Jun 12 17:29:07 tsqe2/tsqe2 sshd[28554]: Remote host disconnected: Authentication cancelled by user.
- 1150158547 2006.06.12 tsqe2 Jun 12 17:29:07 tsqe2/tsqe2 sshd[28554]: authentication cancelled by user: 'Authentication cancelled by user.'
- 1150158548 2006.06.12 tsqe2 Jun 12 17:29:08 tsqe2/tsqe2 sshd[2466]: connection from "#569#"
- 1150158548 2006.06.12 tsqe2 Jun 12 17:29:08 tsqe2/tsqe2 sshd[28563]: Remote host disconnected: Authentication cancelled by user.
- 1150158548 2006.06.12 tsqe2 Jun 12 17:29:08 tsqe2/tsqe2 sshd[28563]: authentication cancelled by user: 'Authentication cancelled by user.'
- 1150158549 2006.06.12 tsqe2 Jun 12 17:29:09 tsqe2/tsqe2 sshd[2466]: connection from "#569#"
- 1150158550 2006.06.12 tsqe2 Jun 12 17:29:10 tsqe2/tsqe2 sshd[28572]: Remote host disconnected: Authentication cancelled by user.
- 1150158550 2006.06.12 tsqe2 Jun 12 17:29:10 tsqe2/tsqe2 sshd[28572]: authentication cancelled by user: 'Authentication cancelled by user.'
- 1150158551 2006.06.12 tsqe2 Jun 12 17:29:11 tsqe2/tsqe2 sshd[2466]: connection from "#569#"
- 1150158552 2006.06.12 tsqe2 Jun 12 17:29:12 tsqe2/tsqe2 sshd[28583]: Remote host disconnected: Authentication cancelled by user.
- 1150158552 2006.06.12 tsqe2 Jun 12 17:29:12 tsqe2/tsqe2 sshd[28583]: authentication cancelled by user: 'Authentication cancelled by user.'
- 1150158553 2006.06.12 tsqe2 Jun 12 17:29:13 tsqe2/tsqe2 sshd[2466]: connection from "#569#"
- 1150158554 2006.06.12 aadmin1 Jun 12 17:29:14 src@aadmin1 /usr/sbin/gmetad[8292]: data_thread() got not answer from any [Thunderbird_A1] datasource
- 1150158554 2006.06.12 tsqe2 Jun 12 17:29:14 tsqe2/tsqe2 sshd[28592]: Remote host disconnected: Authentication cancelled by user.
- 1150158554 2006.06.12 tsqe2 Jun 12 17:29:14 tsqe2/tsqe2 sshd[28592]: authentication cancelled by user: 'Authentication cancelled by user.'
- 1150158555 2006.06.12 tsqe2 Jun 12 17:29:15 tsqe2/tsqe2 sshd[2466]: connection from "#569#"
- 1150158555 2006.06.12 tsqe2 Jun 12 17:29:15 tsqe2/tsqe2 sshd[28601]: Remote host disconnected: Authentication cancelled by user.
- 1150158555 2006.06.12 tsqe2 Jun 12 17:29:15 tsqe2/tsqe2 sshd[28601]: authentication cancelled by user: 'Authentication cancelled by user.'
- 1150158557 2006.06.12 tsqe2 Jun 12 17:29:17 tsqe2/tsqe2 sshd[2466]: connection from "#569#"
- 1150158557 2006.06.12 tsqe2 Jun 12 17:29:17 tsqe2/tsqe2 sshd[28610]: Remote host disconnected: Authentication cancelled by user.
- 1150158557 2006.06.12 tsqe2 Jun 12 17:29:17 tsqe2/tsqe2 sshd[28610]: authentication cancelled by user: 'Authentication cancelled by user.'
- 1150158558 2006.06.12 tsqe2 Jun 12 17:29:18 tsqe2/tsqe2 sshd[2466]: connection from "#569#"
- 1150158559 2006.06.12 tsqe2 Jun 12 17:29:19 tsqe2/tsqe2 sshd[28619]: Remote host disconnected: Authentication cancelled by user.
- 1150158559 2006.06.12 tsqe2 Jun 12 17:29:19 tsqe2/tsqe2 sshd[28619]: authentication cancelled by user: 'Authentication cancelled by user.'
- 1150158560 2006.06.12 tsqe2 Jun 12 17:29:20 tsqe2/tsqe2 sshd[2466]: connection from "#569#"
- 1150158561 2006.06.12 tsqe2 Jun 12 17:29:21 tsqe2/tsqe2 sshd[28629]: Remote host disconnected: Authentication cancelled by user.
- 1150158561 2006.06.12 tsqe2 Jun 12 17:29:21 tsqe2/tsqe2 sshd[28629]: authentication cancelled by user: 'Authentication cancelled by user.'
- 1150158562 2006.06.12 tsqe2 Jun 12 17:29:22 tsqe2/tsqe2 sshd[2466]: connection from "#569#"
- 1150158562 2006.06.12 tsqe2 Jun 12 17:29:22 tsqe2/tsqe2 sshd[28639]: Remote host disconnected: Authentication cancelled by user.
- 1150158562 2006.06.12 tsqe2 Jun 12 17:29:22 tsqe2/tsqe2 sshd[28639]: authentication cancelled by user: 'Authentication cancelled by user.'
- 1150158563 2006.06.12 tsqe2 Jun 12 17:29:23 tsqe2/tsqe2 sshd[2466]: connection from "#569#"
- 1150158564 2006.06.12 aadmin1 Jun 12 17:29:24 src@aadmin1 /usr/sbin/gmetad[8292]: data_thread() got not answer from any [Thunderbird_A2] datasource
- 1150158564 2006.06.12 tsqe2 Jun 12 17:29:24 tsqe2/tsqe2 sshd[28648]: Remote host disconnected: Authentication cancelled by user.
- 1150158564 2006.06.12 tsqe2 Jun 12 17:29:24 tsqe2/tsqe2 sshd[28648]: authentication cancelled by user: 'Authentication cancelled by user.'
- 1150158565 2006.06.12 tsqe2 Jun 12 17:29:25 tsqe2/tsqe2 sshd[2466]: connection from "#569#"
- 1150158566 2006.06.12 .983 Jun 12 17:29:26 .983 MDT: %RPM0-P:CP %IFMGR-5-OSTATE_UP: Changed interface state to up: Gi 4/88
- 1150158566 2006.06.12 tsqe2 Jun 12 17:29:26 tsqe2/tsqe2 sshd[28657]: Remote host disconnected: Authentication cancelled by user.
- 1150158566 2006.06.12 tsqe2 Jun 12 17:29:26 tsqe2/tsqe2 sshd[28657]: authentication cancelled by user: 'Authentication cancelled by user.'
- 1150158567 2006.06.12 tsqe2 Jun 12 17:29:27 tsqe2/tsqe2 sshd[2466]: connection from "#569#"
- 1150158568 2006.06.12 tsqe2 Jun 12 17:29:28 tsqe2/tsqe2 sshd[28666]: Remote host disconnected: Authentication cancelled by user.
- 1150158568 2006.06.12 tsqe2 Jun 12 17:29:28 tsqe2/tsqe2 sshd[28666]: authentication cancelled by user: 'Authentication cancelled by user.'
- 1150158569 2006.06.12 .0 Jun 12 17:29:29 .0 MDT: %RPM0-P:CP %IFMGR-5-OSTATE_DN: Changed interface state to down: Gi 4/88
- 1150158569 2006.06.12 tsqe2 Jun 12 17:29:29 tsqe2/tsqe2 sshd[2466]: connection from "#569#"
- 1150158569 2006.06.12 tsqe2 Jun 12 17:29:29 tsqe2/tsqe2 sshd[28675]: Remote host disconnected: Authentication cancelled by user.
- 1150158569 2006.06.12 tsqe2 Jun 12 17:29:29 tsqe2/tsqe2 sshd[28675]: authentication cancelled by user: 'Authentication cancelled by user.'
- 1150158571 2006.06.12 .116 Jun 12 17:29:31 .116 MDT: %RPM0-P:CP %IFMGR-5-OSTATE_UP: Changed interface state to up: Gi 4/88
- 1150158574 2006.06.12 .483 Jun 12 17:29:34 .483 MDT: %RPM0-P:CP %IFMGR-5-OSTATE_DN: Changed interface state to down: Gi 4/88
- 1150158575 2006.06.12 tsqe2 Jun 12 17:29:35 tsqe2/tsqe2 sshd[2466]: connection from "#569#"
- 1150158576 2006.06.12 .716 Jun 12 17:29:36 .716 MDT: %RPM0-P:CP %IFMGR-5-OSTATE_UP: Changed interface state to up: Gi 4/88
- 1150158576 2006.06.12 tsqe2 Jun 12 17:29:36 tsqe2/tsqe2 sshd[28686]: Remote host disconnected: Authentication cancelled by user.
- 1150158576 2006.06.12 tsqe2 Jun 12 17:29:36 tsqe2/tsqe2 sshd[28686]: authentication cancelled by user: 'Authentication cancelled by user.'
- 1150158577 2006.06.12 tsqe2 Jun 12 17:29:37 tsqe2/tsqe2 sshd[2466]: connection from "#569#"
- 1150158578 2006.06.12 tsqe2 Jun 12 17:29:38 tsqe2/tsqe2 sshd[28695]: Remote host disconnected: Authentication cancelled by user.
- 1150158578 2006.06.12 tsqe2 Jun 12 17:29:38 tsqe2/tsqe2 sshd[28695]: authentication cancelled by user: 'Authentication cancelled by user.'
- 1150158579 2006.06.12 tsqe2 Jun 12 17:29:39 tsqe2/tsqe2 sshd[2466]: connection from "#569#"
- 1150158580 2006.06.12 tsqe2 Jun 12 17:29:40 tsqe2/tsqe2 sshd[28704]: Remote host disconnected: Authentication cancelled by user.
- 1150158580 2006.06.12 tsqe2 Jun 12 17:29:40 tsqe2/tsqe2 sshd[28704]: authentication cancelled by user: 'Authentication cancelled by user.'
- 1150158581 2006.06.12 tsqe2 Jun 12 17:29:41 tsqe2/tsqe2 sshd[2466]: connection from "#569#"
- 1150158581 2006.06.12 tsqe2 Jun 12 17:29:41 tsqe2/tsqe2 sshd[28713]: Remote host disconnected: Authentication cancelled by user.
- 1150158581 2006.06.12 tsqe2 Jun 12 17:29:41 tsqe2/tsqe2 sshd[28713]: authentication cancelled by user: 'Authentication cancelled by user.'
- 1150158582 2006.06.12 tsqe2 Jun 12 17:29:42 tsqe2/tsqe2 sshd[2466]: connection from "#569#"
- 1150158583 2006.06.12 tsqe2 Jun 12 17:29:43 tsqe2/tsqe2 sshd[28724]: Remote host disconnected: Authentication cancelled by user.
- 1150158583 2006.06.12 tsqe2 Jun 12 17:29:43 tsqe2/tsqe2 sshd[28724]: authentication cancelled by user: 'Authentication cancelled by user.'
- 1150158584 2006.06.12 aadmin1 Jun 12 17:29:44 src@aadmin1 /usr/sbin/gmetad[8292]: data_thread() got not answer from any [Thunderbird_A1] datasource
- 1150158584 2006.06.12 tsqe2 Jun 12 17:29:44 tsqe2/tsqe2 sshd[2466]: connection from "#569#"
- 1150158585 2006.06.12 tsqe2 Jun 12 17:29:45 tsqe2/tsqe2 sshd[28733]: Remote host disconnected: Authentication cancelled by user.
- 1150158585 2006.06.12 tsqe2 Jun 12 17:29:45 tsqe2/tsqe2 sshd[28733]: authentication cancelled by user: 'Authentication cancelled by user.'
- 1150158586 2006.06.12 tsqe2 Jun 12 17:29:46 tsqe2/tsqe2 sshd[2466]: connection from "#569#"
- 1150158586 2006.06.12 tsqe2 Jun 12 17:29:46 tsqe2/tsqe2 sshd[28742]: Remote host disconnected: Authentication cancelled by user.
- 1150158586 2006.06.12 tsqe2 Jun 12 17:29:46 tsqe2/tsqe2 sshd[28742]: authentication cancelled by user: 'Authentication cancelled by user.'
- 1150158587 2006.06.12 tsqe2 Jun 12 17:29:47 tsqe2/tsqe2 sshd[2466]: connection from "#569#"
- 1150158588 2006.06.12 tsqe2 Jun 12 17:29:48 tsqe2/tsqe2 sshd[28751]: Remote host disconnected: Authentication cancelled by user.
- 1150158588 2006.06.12 tsqe2 Jun 12 17:29:48 tsqe2/tsqe2 sshd[28751]: authentication cancelled by user: 'Authentication cancelled by user.'
- 1150158591 2006.06.12 aadmin1 Jun 12 17:29:51 src@aadmin1 /usr/sbin/gmetad[8292]: data_thread() got not answer from any [Thunderbird_A2] datasource
- 1150158593 2006.06.12 badmin1 Jun 12 17:29:53 src@badmin1 dhcpd: DHCPDISCOVER from 00:11:43:de:04:5e via eth1: network B_net: no free leases
- 1150158593 2006.06.12 badmin2 Jun 12 17:29:53 src@badmin2 dhcpd: DHCPDISCOVER from 00:11:43:de:04:5e via eth1: network B_net: no free leases
- 1150158593 2006.06.12 badmin3 Jun 12 17:29:53 src@badmin3 dhcpd: DHCPDISCOVER from 00:11:43:de:04:5e via eth1: network B_net: no free leases
- 1150158593 2006.06.12 badmin4 Jun 12 17:29:53 src@badmin4 dhcpd: DHCPDISCOVER from 00:11:43:de:04:5e via eth1: network B_net: no free leases
- 1150158594 2006.06.12 tsqe2 Jun 12 17:29:54 tsqe2/tsqe2 sshd[2466]: connection from "#569#"
- 1150158595 2006.06.12 tsqe2 Jun 12 17:29:55 tsqe2/tsqe2 sshd[28762]: Remote host disconnected: Authentication cancelled by user.
- 1150158595 2006.06.12 tsqe2 Jun 12 17:29:55 tsqe2/tsqe2 sshd[28762]: authentication cancelled by user: 'Authentication cancelled by user.'
- 1150158596 2006.06.12 tsqe2 Jun 12 17:29:56 tsqe2/tsqe2 sshd[2466]: connection from "#569#"
- 1150158597 2006.06.12 tsqe2 Jun 12 17:29:57 tsqe2/tsqe2 sshd[28771]: Remote host disconnected: Authentication cancelled by user.
- 1150158597 2006.06.12 tsqe2 Jun 12 17:29:57 tsqe2/tsqe2 sshd[28771]: authentication cancelled by user: 'Authentication cancelled by user.'
- 1150158598 2006.06.12 tsqe2 Jun 12 17:29:58 tsqe2/tsqe2 sshd[2466]: connection from "#569#"
- 1150158598 2006.06.12 tsqe2 Jun 12 17:29:58 tsqe2/tsqe2 sshd[28780]: Remote host disconnected: Authentication cancelled by user.
- 1150158598 2006.06.12 tsqe2 Jun 12 17:29:58 tsqe2/tsqe2 sshd[28780]: authentication cancelled by user: 'Authentication cancelled by user.'
- 1150158599 2006.06.12 tsqe2 Jun 12 17:29:59 tsqe2/tsqe2 sshd[2466]: connection from "#569#"
- 1150158600 2006.06.12 tsqe2 Jun 12 17:30:00 tsqe2/tsqe2 sshd[28789]: Remote host disconnected: Authentication cancelled by user.
- 1150158600 2006.06.12 tsqe2 Jun 12 17:30:00 tsqe2/tsqe2 sshd[28789]: authentication cancelled by user: 'Authentication cancelled by user.'
- 1150158601 2006.06.12 aadmin1 Jun 12 17:30:01 src@aadmin1 crond(pam_unix)[28664]: session opened for user root by (uid=0)
- 1150158601 2006.06.12 aadmin1 Jun 12 17:30:01 src@aadmin1 crond[28665]: (root) CMD (/projects/tbird/temps/get_temps a &> /dev/null)
- 1150158601 2006.06.12 #8# Jun 12 17:30:01 #8#/#8# crond(pam_unix)[31594]: session closed for user root
- 1150158601 2006.06.12 #8# Jun 12 17:30:01 #8#/#8# crond[31594]: pam_krb5[31594]: banner: Kerberos 5
- 1150158601 2006.06.12 #8# Jun 12 17:30:01 #8#/#8# crond[31594]: pam_krb5[31594]: ccache dir: /tmp
- 1150158601 2006.06.12 #8# Jun 12 17:30:01 #8#/#8# crond[31594]: pam_krb5[31594]: configured realm '#24#'
- 1150158601 2006.06.12 #8# Jun 12 17:30:01 #8#/#8# crond[31594]: pam_krb5[31594]: flag: no ignore_afs
- 1150158601 2006.06.12 #8# Jun 12 17:30:01 #8#/#8# crond[31594]: pam_krb5[31594]: flag: no krb4_convert
- 1150158601 2006.06.12 #8# Jun 12 17:30:01 #8#/#8# crond[31594]: pam_krb5[31594]: flag: user_check
- 1150158601 2006.06.12 #8# Jun 12 17:30:01 #8#/#8# crond[31594]: pam_krb5[31594]: flag: validate
- 1150158601 2006.06.12 #8# Jun 12 17:30:01 #8#/#8# crond[31594]: pam_krb5[31594]: flag: warn
- 1150158601 2006.06.12 #8# Jun 12 17:30:01 #8#/#8# crond[31594]: pam_krb5[31594]: flags: forwardable not proxiable
- 1150158601 2006.06.12 #8# Jun 12 17:30:01 #8#/#8# crond[31594]: pam_krb5[31594]: keytab: /etc/v5srvtab
- 1150158601 2006.06.12 #8# Jun 12 17:30:01 #8#/#8# crond[31594]: pam_krb5[31594]: keytab: /etc/v5srvtab
- 1150158601 2006.06.12 #8# Jun 12 17:30:01 #8#/#8# crond[31594]: pam_krb5[31594]: no v5 creds for user 'root', skipping session cleanup
- 1150158601 2006.06.12 #8# Jun 12 17:30:01 #8#/#8# crond[31594]: pam_krb5[31594]: no v5 creds for user 'root', skipping session setup
- 1150158601 2006.06.12 #8# Jun 12 17:30:01 #8#/#8# crond[31594]: pam_krb5[31594]: pam_close_session returning 0 (Success)
- 1150158601 2006.06.12 #8# Jun 12 17:30:01 #8#/#8# crond[31594]: pam_krb5[31594]: pam_open_session returning 0 (Success)
- 1150158601 2006.06.12 #8# Jun 12 17:30:01 #8#/#8# crond[31594]: pam_krb5[31594]: renewable lifetime: 36000
- 1150158601 2006.06.12 #8# Jun 12 17:30:01 #8#/#8# crond[31594]: pam_krb5[31594]: ticket lifetime: 36000
- 1150158601 2006.06.12 #8# Jun 12 17:30:01 #8#/#8# crond[31595]: (root) CMD (/usr/lib64/sa/sa1 1 1)
- 1150158601 2006.06.12 #1# Jun 12 17:30:01 #1#/#1# crond(pam_unix)[27887]: session closed for user root
- 1150158601 2006.06.12 #1# Jun 12 17:30:01 #1#/#1# crond(pam_unix)[27887]: session opened for user root by (uid=0)
- 1150158601 2006.06.12 #1# Jun 12 17:30:01 #1#/#1# crond[27887]: pam_krb5[27887]: banner: Kerberos 5
- 1150158601 2006.06.12 #1# Jun 12 17:30:01 #1#/#1# crond[27887]: pam_krb5[27887]: banner: Kerberos 5
- 1150158601 2006.06.12 #1# Jun 12 17:30:01 #1#/#1# crond[27887]: pam_krb5[27887]: ccache dir: /tmp
- 1150158601 2006.06.12 #1# Jun 12 17:30:01 #1#/#1# crond[27887]: pam_krb5[27887]: ccache dir: /tmp
- 1150158601 2006.06.12 #1# Jun 12 17:30:01 #1#/#1# crond[27887]: pam_krb5[27887]: configured realm '#24#'
- 1150158601 2006.06.12 #1# Jun 12 17:30:01 #1#/#1# crond[27887]: pam_krb5[27887]: configured realm '#24#'
- 1150158601 2006.06.12 #1# Jun 12 17:30:01 #1#/#1# crond[27887]: pam_krb5[27887]: flag: no ignore_afs
- 1150158601 2006.06.12 #1# Jun 12 17:30:01 #1#/#1# crond[27887]: pam_krb5[27887]: flag: no ignore_afs
- 1150158601 2006.06.12 #1# Jun 12 17:30:01 #1#/#1# crond[27887]: pam_krb5[27887]: flag: no krb4_convert
- 1150158601 2006.06.12 #1# Jun 12 17:30:01 #1#/#1# crond[27887]: pam_krb5[27887]: flag: no krb4_convert
- 1150158601 2006.06.12 #1# Jun 12 17:30:01 #1#/#1# crond[27887]: pam_krb5[27887]: flag: user_check
- 1150158601 2006.06.12 #1# Jun 12 17:30:01 #1#/#1# crond[27887]: pam_krb5[27887]: flag: user_check
- 1150158601 2006.06.12 #1# Jun 12 17:30:01 #1#/#1# crond[27887]: pam_krb5[27887]: flag: validate
- 1150158601 2006.06.12 #1# Jun 12 17:30:01 #1#/#1# crond[27887]: pam_krb5[27887]: flag: validate
- 1150158601 2006.06.12 #1# Jun 12 17:30:01 #1#/#1# crond[27887]: pam_krb5[27887]: flag: warn
- 1150158601 2006.06.12 #1# Jun 12 17:30:01 #1#/#1# crond[27887]: pam_krb5[27887]: flag: warn
- 1150158601 2006.06.12 #1# Jun 12 17:30:01 #1#/#1# crond[27887]: pam_krb5[27887]: flags: forwardable not proxiable
- 1150158601 2006.06.12 #1# Jun 12 17:30:01 #1#/#1# crond[27887]: pam_krb5[27887]: flags: forwardable not proxiable
- 1150158601 2006.06.12 #1# Jun 12 17:30:01 #1#/#1# crond[27887]: pam_krb5[27887]: keytab: /etc/v5srvtab
- 1150158601 2006.06.12 #1# Jun 12 17:30:01 #1#/#1# crond[27887]: pam_krb5[27887]: keytab: /etc/v5srvtab
- 1150158601 2006.06.12 #1# Jun 12 17:30:01 #1#/#1# crond[27887]: pam_krb5[27887]: no v5 creds for user 'root', skipping session cleanup
- 1150158601 2006.06.12 #1# Jun 12 17:30:01 #1#/#1# crond[27887]: pam_krb5[27887]: no v5 creds for user 'root', skipping session setup
- 1150158601 2006.06.12 #1# Jun 12 17:30:01 #1#/#1# crond[27887]: pam_krb5[27887]: pam_close_session returning 0 (Success)
- 1150158601 2006.06.12 #1# Jun 12 17:30:01 #1#/#1# crond[27887]: pam_krb5[27887]: pam_open_session returning 0 (Success)
- 1150158601 2006.06.12 #1# Jun 12 17:30:01 #1#/#1# crond[27887]: pam_krb5[27887]: renewable lifetime: 36000
- 1150158601 2006.06.12 #1# Jun 12 17:30:01 #1#/#1# crond[27887]: pam_krb5[27887]: renewable lifetime: 36000
- 1150158601 2006.06.12 #1# Jun 12 17:30:01 #1#/#1# crond[27887]: pam_krb5[27887]: ticket lifetime: 36000
- 1150158601 2006.06.12 #1# Jun 12 17:30:01 #1#/#1# crond[27887]: pam_krb5[27887]: ticket lifetime: 36000
- 1150158601 2006.06.12 #1# Jun 12 17:30:01 #1#/#1# crond[27888]: (root) CMD (/usr/lib64/sa/sa1 1 1)
- 1150158601 2006.06.12 badmin1 Jun 12 17:30:01 src@badmin1 crond(pam_unix)[16889]: session opened for user root by (uid=0)
- 1150158601 2006.06.12 badmin1 Jun 12 17:30:01 src@badmin1 crond[16890]: (root) CMD (/projects/tbird/temps/get_temps b &> /dev/null)
- 1150158601 2006.06.12 #21# Jun 12 17:30:01 #21#/#21# crond(pam_unix)[1526]: session closed for user root
- 1150158601 2006.06.12 #21# Jun 12 17:30:01 #21#/#21# crond[1526]: pam_krb5[1526]: banner: Kerberos 5
- 1150158601 2006.06.12 #21# Jun 12 17:30:01 #21#/#21# crond[1526]: pam_krb5[1526]: ccache dir: /tmp
- 1150158601 2006.06.12 #21# Jun 12 17:30:01 #21#/#21# crond[1526]: pam_krb5[1526]: configured realm '#24#'
- 1150158601 2006.06.12 #21# Jun 12 17:30:01 #21#/#21# crond[1526]: pam_krb5[1526]: flag: no ignore_afs
- 1150158601 2006.06.12 #21# Jun 12 17:30:01 #21#/#21# crond[1526]: pam_krb5[1526]: flag: no krb4_convert
- 1150158601 2006.06.12 #21# Jun 12 17:30:01 #21#/#21# crond[1526]: pam_krb5[1526]: flag: user_check
- 1150158601 2006.06.12 #21# Jun 12 17:30:01 #21#/#21# crond[1526]: pam_krb5[1526]: flag: validate
- 1150158601 2006.06.12 #21# Jun 12 17:30:01 #21#/#21# crond[1526]: pam_krb5[1526]: flag: warn
- 1150158601 2006.06.12 #21# Jun 12 17:30:01 #21#/#21# crond[1526]: pam_krb5[1526]: flags: forwardable not proxiable
- 1150158601 2006.06.12 #21# Jun 12 17:30:01 #21#/#21# crond[1526]: pam_krb5[1526]: keytab: /etc/v5srvtab
- 1150158601 2006.06.12 #21# Jun 12 17:30:01 #21#/#21# crond[1526]: pam_krb5[1526]: keytab: /etc/v5srvtab
- 1150158601 2006.06.12 #21# Jun 12 17:30:01 #21#/#21# crond[1526]: pam_krb5[1526]: no v5 creds for user 'root', skipping session cleanup
- 1150158601 2006.06.12 #21# Jun 12 17:30:01 #21#/#21# crond[1526]: pam_krb5[1526]: no v5 creds for user 'root', skipping session setup
- 1150158601 2006.06.12 #21# Jun 12 17:30:01 #21#/#21# crond[1526]: pam_krb5[1526]: pam_close_session returning 0 (Success)
- 1150158601 2006.06.12 #21# Jun 12 17:30:01 #21#/#21# crond[1526]: pam_krb5[1526]: pam_open_session returning 0 (Success)
- 1150158601 2006.06.12 #21# Jun 12 17:30:01 #21#/#21# crond[1526]: pam_krb5[1526]: renewable lifetime: 36000
- 1150158601 2006.06.12 #21# Jun 12 17:30:01 #21#/#21# crond[1526]: pam_krb5[1526]: ticket lifetime: 36000
- 1150158601 2006.06.12 #21# Jun 12 17:30:01 #21#/#21# crond[1527]: (root) CMD (/usr/lib64/sa/sa1 1 1)
- 1150158601 2006.06.12 #31# Jun 12 17:30:01 #31#/#31# crond(pam_unix)[19313]: session closed for user root
- 1150158601 2006.06.12 #31# Jun 12 17:30:01 #31#/#31# crond[19313]: pam_krb5[19313]: banner: Kerberos 5
- 1150158601 2006.06.12 #31# Jun 12 17:30:01 #31#/#31# crond[19313]: pam_krb5[19313]: ccache dir: /tmp
- 1150158601 2006.06.12 #31# Jun 12 17:30:01 #31#/#31# crond[19313]: pam_krb5[19313]: configured realm '#24#'
- 1150158601 2006.06.12 #31# Jun 12 17:30:01 #31#/#31# crond[19313]: pam_krb5[19313]: flag: no ignore_afs
- 1150158601 2006.06.12 #31# Jun 12 17:30:01 #31#/#31# crond[19313]: pam_krb5[19313]: flag: no krb4_convert
- 1150158601 2006.06.12 #31# Jun 12 17:30:01 #31#/#31# crond[19313]: pam_krb5[19313]: flag: user_check
- 1150158601 2006.06.12 #31# Jun 12 17:30:01 #31#/#31# crond[19313]: pam_krb5[19313]: flag: validate
- 1150158601 2006.06.12 #31# Jun 12 17:30:01 #31#/#31# crond[19313]: pam_krb5[19313]: flag: warn
- 1150158601 2006.06.12 #31# Jun 12 17:30:01 #31#/#31# crond[19313]: pam_krb5[19313]: flags: forwardable not proxiable
- 1150158601 2006.06.12 #31# Jun 12 17:30:01 #31#/#31# crond[19313]: pam_krb5[19313]: keytab: /etc/v5srvtab
- 1150158601 2006.06.12 #31# Jun 12 17:30:01 #31#/#31# crond[19313]: pam_krb5[19313]: keytab: /etc/v5srvtab
- 1150158601 2006.06.12 #31# Jun 12 17:30:01 #31#/#31# crond[19313]: pam_krb5[19313]: no v5 creds for user 'root', skipping session cleanup
- 1150158601 2006.06.12 #31# Jun 12 17:30:01 #31#/#31# crond[19313]: pam_krb5[19313]: no v5 creds for user 'root', skipping session setup
- 1150158601 2006.06.12 #31# Jun 12 17:30:01 #31#/#31# crond[19313]: pam_krb5[19313]: pam_close_session returning 0 (Success)
- 1150158601 2006.06.12 #31# Jun 12 17:30:01 #31#/#31# crond[19313]: pam_krb5[19313]: pam_open_session returning 0 (Success)
- 1150158601 2006.06.12 #31# Jun 12 17:30:01 #31#/#31# crond[19313]: pam_krb5[19313]: renewable lifetime: 36000
- 1150158601 2006.06.12 #31# Jun 12 17:30:01 #31#/#31# crond[19313]: pam_krb5[19313]: ticket lifetime: 36000
- 1150158601 2006.06.12 #31# Jun 12 17:30:01 #31#/#31# crond[19314]: (root) CMD (/usr/lib64/sa/sa1 1 1)
- 1150158601 2006.06.12 cadmin1 Jun 12 17:30:01 src@cadmin1 crond(pam_unix)[14405]: session opened for user root by (uid=0)
- 1150158601 2006.06.12 cadmin1 Jun 12 17:30:01 src@cadmin1 crond[14406]: (root) CMD (/projects/tbird/temps/get_temps c &> /dev/null)
- 1150158601 2006.06.12 #9# Jun 12 17:30:01 #9#/#9# crond(pam_unix)[30051]: session closed for user root
- 1150158601 2006.06.12 #9# Jun 12 17:30:01 #9#/#9# crond[30051]: pam_krb5[30051]: banner: Kerberos 5
- 1150158601 2006.06.12 #9# Jun 12 17:30:01 #9#/#9# crond[30051]: pam_krb5[30051]: ccache dir: /tmp
- 1150158601 2006.06.12 #9# Jun 12 17:30:01 #9#/#9# crond[30051]: pam_krb5[30051]: configured realm '#24#'
- 1150158601 2006.06.12 #9# Jun 12 17:30:01 #9#/#9# crond[30051]: pam_krb5[30051]: flag: no ignore_afs
- 1150158601 2006.06.12 #9# Jun 12 17:30:01 #9#/#9# crond[30051]: pam_krb5[30051]: flag: no krb4_convert
- 1150158601 2006.06.12 #9# Jun 12 17:30:01 #9#/#9# crond[30051]: pam_krb5[30051]: flag: user_check
- 1150158601 2006.06.12 #9# Jun 12 17:30:01 #9#/#9# crond[30051]: pam_krb5[30051]: flag: validate
- 1150158601 2006.06.12 #9# Jun 12 17:30:01 #9#/#9# crond[30051]: pam_krb5[30051]: flag: warn
- 1150158601 2006.06.12 #9# Jun 12 17:30:01 #9#/#9# crond[30051]: pam_krb5[30051]: flags: forwardable not proxiable
- 1150158601 2006.06.12 #9# Jun 12 17:30:01 #9#/#9# crond[30051]: pam_krb5[30051]: keytab: /etc/v5srvtab
- 1150158601 2006.06.12 #9# Jun 12 17:30:01 #9#/#9# crond[30051]: pam_krb5[30051]: keytab: /etc/v5srvtab
- 1150158601 2006.06.12 #9# Jun 12 17:30:01 #9#/#9# crond[30051]: pam_krb5[30051]: no v5 creds for user 'root', skipping session cleanup
- 1150158601 2006.06.12 #9# Jun 12 17:30:01 #9#/#9# crond[30051]: pam_krb5[30051]: no v5 creds for user 'root', skipping session setup
- 1150158601 2006.06.12 #9# Jun 12 17:30:01 #9#/#9# crond[30051]: pam_krb5[30051]: pam_close_session returning 0 (Success)
- 1150158601 2006.06.12 #9# Jun 12 17:30:01 #9#/#9# crond[30051]: pam_krb5[30051]: pam_open_session returning 0 (Success)
- 1150158601 2006.06.12 #9# Jun 12 17:30:01 #9#/#9# crond[30051]: pam_krb5[30051]: renewable lifetime: 36000
- 1150158601 2006.06.12 #9# Jun 12 17:30:01 #9#/#9# crond[30051]: pam_krb5[30051]: ticket lifetime: 36000
- 1150158601 2006.06.12 #9# Jun 12 17:30:01 #9#/#9# crond[30052]: (root) CMD (/usr/lib64/sa/sa1 1 1)
- 1150158601 2006.06.12 #32# Jun 12 17:30:01 #32#/#32# crond(pam_unix)[30790]: session closed for user root
- 1150158601 2006.06.12 #32# Jun 12 17:30:01 #32#/#32# crond[30790]: pam_krb5[30790]: banner: Kerberos 5
- 1150158601 2006.06.12 #32# Jun 12 17:30:01 #32#/#32# crond[30790]: pam_krb5[30790]: ccache dir: /tmp
- 1150158601 2006.06.12 #32# Jun 12 17:30:01 #32#/#32# crond[30790]: pam_krb5[30790]: configured realm '#24#'
- 1150158601 2006.06.12 #32# Jun 12 17:30:01 #32#/#32# crond[30790]: pam_krb5[30790]: flag: no ignore_afs
- 1150158601 2006.06.12 #32# Jun 12 17:30:01 #32#/#32# crond[30790]: pam_krb5[30790]: flag: no krb4_convert
- 1150158601 2006.06.12 #32# Jun 12 17:30:01 #32#/#32# crond[30790]: pam_krb5[30790]: flag: user_check
- 1150158601 2006.06.12 #32# Jun 12 17:30:01 #32#/#32# crond[30790]: pam_krb5[30790]: flag: validate
- 1150158601 2006.06.12 #32# Jun 12 17:30:01 #32#/#32# crond[30790]: pam_krb5[30790]: flag: warn
- 1150158601 2006.06.12 #32# Jun 12 17:30:01 #32#/#32# crond[30790]: pam_krb5[30790]: flags: forwardable not proxiable
- 1150158601 2006.06.12 #32# Jun 12 17:30:01 #32#/#32# crond[30790]: pam_krb5[30790]: keytab: /etc/v5srvtab
- 1150158601 2006.06.12 #32# Jun 12 17:30:01 #32#/#32# crond[30790]: pam_krb5[30790]: no v5 creds for user 'root', skipping session cleanup
- 1150158601 2006.06.12 #32# Jun 12 17:30:01 #32#/#32# crond[30790]: pam_krb5[30790]: no v5 creds for user 'root', skipping session setup
- 1150158601 2006.06.12 #32# Jun 12 17:30:01 #32#/#32# crond[30790]: pam_krb5[30790]: pam_close_session returning 0 (Success)
- 1150158601 2006.06.12 #32# Jun 12 17:30:01 #32#/#32# crond[30790]: pam_krb5[30790]: pam_open_session returning 0 (Success)
- 1150158601 2006.06.12 #32# Jun 12 17:30:01 #32#/#32# crond[30790]: pam_krb5[30790]: renewable lifetime: 36000
- 1150158601 2006.06.12 #32# Jun 12 17:30:01 #32#/#32# crond[30790]: pam_krb5[30790]: ticket lifetime: 36000
- 1150158601 2006.06.12 #32# Jun 12 17:30:01 #32#/#32# crond[30791]: (root) CMD (/usr/lib64/sa/sa1 1 1)
- 1150158601 2006.06.12 dadmin1 Jun 12 17:30:01 src@dadmin1 crond(pam_unix)[10486]: session opened for user root by (uid=0)
- 1150158601 2006.06.12 dadmin1 Jun 12 17:30:01 src@dadmin1 crond[10487]: (root) CMD (/projects/tbird/temps/get_temps d &> /dev/null)
- 1150158601 2006.06.12 #33# Jun 12 17:30:01 #33#/#33# crond(pam_unix)[24940]: session closed for user root
- 1150158601 2006.06.12 #33# Jun 12 17:30:01 #33#/#33# crond[24940]: pam_krb5[24940]: banner: Kerberos 5
- 1150158601 2006.06.12 #33# Jun 12 17:30:01 #33#/#33# crond[24940]: pam_krb5[24940]: ccache dir: /tmp
- 1150158601 2006.06.12 #33# Jun 12 17:30:01 #33#/#33# crond[24940]: pam_krb5[24940]: configured realm '#24#'
- 1150158601 2006.06.12 #33# Jun 12 17:30:01 #33#/#33# crond[24940]: pam_krb5[24940]: flag: no ignore_afs
- 1150158601 2006.06.12 #33# Jun 12 17:30:01 #33#/#33# crond[24940]: pam_krb5[24940]: flag: no krb4_convert
- 1150158601 2006.06.12 #33# Jun 12 17:30:01 #33#/#33# crond[24940]: pam_krb5[24940]: flag: user_check
- 1150158601 2006.06.12 #33# Jun 12 17:30:01 #33#/#33# crond[24940]: pam_krb5[24940]: flag: validate
- 1150158601 2006.06.12 #33# Jun 12 17:30:01 #33#/#33# crond[24940]: pam_krb5[24940]: flag: warn
- 1150158601 2006.06.12 #33# Jun 12 17:30:01 #33#/#33# crond[24940]: pam_krb5[24940]: flags: forwardable not proxiable
- 1150158601 2006.06.12 #33# Jun 12 17:30:01 #33#/#33# crond[24940]: pam_krb5[24940]: keytab: /etc/v5srvtab
- 1150158601 2006.06.12 #33# Jun 12 17:30:01 #33#/#33# crond[24940]: pam_krb5[24940]: keytab: /etc/v5srvtab
- 1150158601 2006.06.12 #33# Jun 12 17:30:01 #33#/#33# crond[24940]: pam_krb5[24940]: no v5 creds for user 'root', skipping session cleanup
- 1150158601 2006.06.12 #33# Jun 12 17:30:01 #33#/#33# crond[24940]: pam_krb5[24940]: no v5 creds for user 'root', skipping session setup
- 1150158601 2006.06.12 #33# Jun 12 17:30:01 #33#/#33# crond[24940]: pam_krb5[24940]: pam_close_session returning 0 (Success)
- 1150158601 2006.06.12 #33# Jun 12 17:30:01 #33#/#33# crond[24940]: pam_krb5[24940]: pam_open_session returning 0 (Success)
- 1150158601 2006.06.12 #33# Jun 12 17:30:01 #33#/#33# crond[24940]: pam_krb5[24940]: renewable lifetime: 36000
- 1150158601 2006.06.12 #33# Jun 12 17:30:01 #33#/#33# crond[24940]: pam_krb5[24940]: ticket lifetime: 36000
- 1150158601 2006.06.12 #33# Jun 12 17:30:01 #33#/#33# crond[24941]: (root) CMD (/usr/lib64/sa/sa1 1 1)
- 1150158601 2006.06.12 #25# Jun 12 17:30:01 #25#/#25# crond(pam_unix)[2910]: session closed for user root
- 1150158601 2006.06.12 #25# Jun 12 17:30:01 #25#/#25# crond[2910]: pam_krb5[2910]: banner: Kerberos 5
- 1150158601 2006.06.12 #25# Jun 12 17:30:01 #25#/#25# crond[2910]: pam_krb5[2910]: ccache dir: /tmp
- 1150158601 2006.06.12 #25# Jun 12 17:30:01 #25#/#25# crond[2910]: pam_krb5[2910]: configured realm '#24#'
- 1150158601 2006.06.12 #25# Jun 12 17:30:01 #25#/#25# crond[2910]: pam_krb5[2910]: flag: no ignore_afs
- 1150158601 2006.06.12 #25# Jun 12 17:30:01 #25#/#25# crond[2910]: pam_krb5[2910]: flag: no krb4_convert
- 1150158601 2006.06.12 #25# Jun 12 17:30:01 #25#/#25# crond[2910]: pam_krb5[2910]: flag: user_check
- 1150158601 2006.06.12 #25# Jun 12 17:30:01 #25#/#25# crond[2910]: pam_krb5[2910]: flag: validate
- 1150158601 2006.06.12 #25# Jun 12 17:30:01 #25#/#25# crond[2910]: pam_krb5[2910]: flag: warn
- 1150158601 2006.06.12 #25# Jun 12 17:30:01 #25#/#25# crond[2910]: pam_krb5[2910]: flags: forwardable not proxiable
- 1150158601 2006.06.12 #25# Jun 12 17:30:01 #25#/#25# crond[2910]: pam_krb5[2910]: keytab: /etc/v5srvtab
- 1150158601 2006.06.12 #25# Jun 12 17:30:01 #25#/#25# crond[2910]: pam_krb5[2910]: no v5 creds for user 'root', skipping session cleanup
- 1150158601 2006.06.12 #25# Jun 12 17:30:01 #25#/#25# crond[2910]: pam_krb5[2910]: no v5 creds for user 'root', skipping session setup
- 1150158601 2006.06.12 #25# Jun 12 17:30:01 #25#/#25# crond[2910]: pam_krb5[2910]: pam_close_session returning 0 (Success)
- 1150158601 2006.06.12 #25# Jun 12 17:30:01 #25#/#25# crond[2910]: pam_krb5[2910]: pam_open_session returning 0 (Success)
- 1150158601 2006.06.12 #25# Jun 12 17:30:01 #25#/#25# crond[2910]: pam_krb5[2910]: renewable lifetime: 36000
- 1150158601 2006.06.12 #25# Jun 12 17:30:01 #25#/#25# crond[2910]: pam_krb5[2910]: ticket lifetime: 36000
- 1150158601 2006.06.12 #25# Jun 12 17:30:01 #25#/#25# crond[2911]: (root) CMD (/usr/lib64/sa/sa1 1 1)
- 1150158601 2006.06.12 eadmin1 Jun 12 17:30:01 src@eadmin1 crond(pam_unix)[15712]: session opened for user root by (uid=0)
- 1150158601 2006.06.12 eadmin1 Jun 12 17:30:01 src@eadmin1 crond[15713]: (root) CMD (/projects/tbird/temps/get_temps e &> /dev/null)
- 1150158601 2006.06.12 #56# Jun 12 17:30:01 #56#/#56# crond(pam_unix)[7444]: session closed for user root
- 1150158601 2006.06.12 #56# Jun 12 17:30:01 #56#/#56# crond(pam_unix)[7444]: session opened for user root by (uid=0)
- 1150158601 2006.06.12 #56# Jun 12 17:30:01 #56#/#56# crond[7445]: (root) CMD (/usr/lib64/sa/sa1 1 1)
- 1150158601 2006.06.12 tsqe2 Jun 12 17:30:01 tsqe2/tsqe2 sshd[2466]: connection from "#569#"
- 1150158602 2006.06.12 tsqe2 Jun 12 17:30:02 tsqe2/tsqe2 sshd[28798]: Remote host disconnected: Authentication cancelled by user.
- 1150158602 2006.06.12 tsqe2 Jun 12 17:30:02 tsqe2/tsqe2 sshd[28798]: authentication cancelled by user: 'Authentication cancelled by user.'
- 1150158603 2006.06.12 tsqe2 Jun 12 17:30:03 tsqe2/tsqe2 sshd[2466]: connection from "#569#"
- 1150158604 2006.06.12 tsqe2 Jun 12 17:30:04 tsqe2/tsqe2 sshd[28809]: Remote host disconnected: Authentication cancelled by user.
- 1150158604 2006.06.12 tsqe2 Jun 12 17:30:04 tsqe2/tsqe2 sshd[28809]: authentication cancelled by user: 'Authentication cancelled by user.'
- 1150158605 2006.06.12 tsqe2 Jun 12 17:30:05 tsqe2/tsqe2 sshd[2466]: connection from "#569#"
- 1150158605 2006.06.12 tsqe2 Jun 12 17:30:05 tsqe2/tsqe2 sshd[28818]: Remote host disconnected: Authentication cancelled by user.
- 1150158605 2006.06.12 tsqe2 Jun 12 17:30:05 tsqe2/tsqe2 sshd[28818]: authentication cancelled by user: 'Authentication cancelled by user.'
- 1150158607 2006.06.12 tsqe2 Jun 12 17:30:07 tsqe2/tsqe2 sshd[2466]: connection from "#569#"
- 1150158607 2006.06.12 tsqe2 Jun 12 17:30:07 tsqe2/tsqe2 sshd[28827]: Remote host disconnected: Authentication cancelled by user.
- 1150158607 2006.06.12 tsqe2 Jun 12 17:30:07 tsqe2/tsqe2 sshd[28827]: authentication cancelled by user: 'Authentication cancelled by user.'
- 1150158608 2006.06.12 tsqe2 Jun 12 17:30:08 tsqe2/tsqe2 sshd[2466]: connection from "#569#"
- 1150158609 2006.06.12 tsqe2 Jun 12 17:30:09 tsqe2/tsqe2 sshd[28836]: Remote host disconnected: Authentication cancelled by user.
- 1150158609 2006.06.12 tsqe2 Jun 12 17:30:09 tsqe2/tsqe2 sshd[28836]: authentication cancelled by user: 'Authentication cancelled by user.'
- 1150158610 2006.06.12 tsqe2 Jun 12 17:30:10 tsqe2/tsqe2 sshd[2466]: connection from "#569#"
- 1150158611 2006.06.12 aadmin1 Jun 12 17:30:11 src@aadmin1 /usr/sbin/gmetad[8292]: data_thread() got not answer from any [Thunderbird_A1] datasource
- 1150158611 2006.06.12 tsqe2 Jun 12 17:30:11 tsqe2/tsqe2 sshd[28845]: Remote host disconnected: Authentication cancelled by user.
- 1150158611 2006.06.12 tsqe2 Jun 12 17:30:11 tsqe2/tsqe2 sshd[28845]: authentication cancelled by user: 'Authentication cancelled by user.'
- 1150158612 2006.06.12 tsqe2 Jun 12 17:30:12 tsqe2/tsqe2 sshd[2466]: connection from "#569#"
- 1150158612 2006.06.12 tsqe2 Jun 12 17:30:12 tsqe2/tsqe2 sshd[28855]: Remote host disconnected: Authentication cancelled by user.
- 1150158612 2006.06.12 tsqe2 Jun 12 17:30:12 tsqe2/tsqe2 sshd[28855]: authentication cancelled by user: 'Authentication cancelled by user.'
- 1150158614 2006.06.12 tsqe2 Jun 12 17:30:14 tsqe2/tsqe2 sshd[2466]: connection from "#569#"
- 1150158614 2006.06.12 tsqe2 Jun 12 17:30:14 tsqe2/tsqe2 sshd[28865]: Remote host disconnected: Authentication cancelled by user.
- 1150158614 2006.06.12 tsqe2 Jun 12 17:30:14 tsqe2/tsqe2 sshd[28865]: authentication cancelled by user: 'Authentication cancelled by user.'
- 1150158615 2006.06.12 tsqe2 Jun 12 17:30:15 tsqe2/tsqe2 sshd[2466]: connection from "#569#"
- 1150158616 2006.06.12 tsqe2 Jun 12 17:30:16 tsqe2/tsqe2 sshd[28874]: Remote host disconnected: Authentication cancelled by user.
- 1150158616 2006.06.12 tsqe2 Jun 12 17:30:16 tsqe2/tsqe2 sshd[28874]: authentication cancelled by user: 'Authentication cancelled by user.'
- 1150158617 2006.06.12 tsqe2 Jun 12 17:30:17 tsqe2/tsqe2 sshd[2466]: connection from "#569#"
- 1150158618 2006.06.12 tsqe2 Jun 12 17:30:18 tsqe2/tsqe2 sshd[28883]: Remote host disconnected: Authentication cancelled by user.
- 1150158618 2006.06.12 tsqe2 Jun 12 17:30:18 tsqe2/tsqe2 sshd[28883]: authentication cancelled by user: 'Authentication cancelled by user.'
- 1150158619 2006.06.12 tsqe2 Jun 12 17:30:19 tsqe2/tsqe2 sshd[2466]: connection from "#569#"
- 1150158619 2006.06.12 tsqe2 Jun 12 17:30:19 tsqe2/tsqe2 sshd[28892]: Remote host disconnected: Authentication cancelled by user.
- 1150158619 2006.06.12 tsqe2 Jun 12 17:30:19 tsqe2/tsqe2 sshd[28892]: authentication cancelled by user: 'Authentication cancelled by user.'
- 1150158620 2006.06.12 tsqe2 Jun 12 17:30:20 tsqe2/tsqe2 sshd[2466]: connection from "#569#"
- 1150158621 2006.06.12 tsqe2 Jun 12 17:30:21 tsqe2/tsqe2 sshd[28901]: Remote host disconnected: Authentication cancelled by user.
- 1150158621 2006.06.12 tsqe2 Jun 12 17:30:21 tsqe2/tsqe2 sshd[28901]: authentication cancelled by user: 'Authentication cancelled by user.'
- 1150158622 2006.06.12 tsqe2 Jun 12 17:30:22 tsqe2/tsqe2 sshd[2466]: connection from "#569#"
- 1150158623 2006.06.12 tsqe2 Jun 12 17:30:23 tsqe2/tsqe2 sshd[28911]: Remote host disconnected: Authentication cancelled by user.
- 1150158623 2006.06.12 tsqe2 Jun 12 17:30:23 tsqe2/tsqe2 sshd[28911]: authentication cancelled by user: 'Authentication cancelled by user.'
- 1150158624 2006.06.12 aadmin1 Jun 12 17:30:24 src@aadmin1 /usr/sbin/gmetad[8292]: data_thread() got not answer from any [Thunderbird_A2] datasource
- 1150158624 2006.06.12 tsqe2 Jun 12 17:30:24 tsqe2/tsqe2 sshd[2466]: connection from "#569#"
- 1150158630 2006.06.12 tsqe2 Jun 12 17:30:30 tsqe2/tsqe2 sshd[28921]: Remote host disconnected: Authentication cancelled by user.
- 1150158630 2006.06.12 tsqe2 Jun 12 17:30:30 tsqe2/tsqe2 sshd[28921]: authentication cancelled by user: 'Authentication cancelled by user.'
- 1150158631 2006.06.12 tsqe2 Jun 12 17:30:31 tsqe2/tsqe2 sshd[2466]: connection from "#569#"
- 1150158631 2006.06.12 tsqe2 Jun 12 17:30:31 tsqe2/tsqe2 sshd[28930]: Remote host disconnected: Authentication cancelled by user.
- 1150158631 2006.06.12 tsqe2 Jun 12 17:30:31 tsqe2/tsqe2 sshd[28930]: authentication cancelled by user: 'Authentication cancelled by user.'
- 1150158632 2006.06.12 tsqe2 Jun 12 17:30:32 tsqe2/tsqe2 sshd[2466]: connection from "#569#"
- 1150158633 2006.06.12 tsqe2 Jun 12 17:30:33 tsqe2/tsqe2 sshd[28940]: Remote host disconnected: Authentication cancelled by user.
- 1150158633 2006.06.12 tsqe2 Jun 12 17:30:33 tsqe2/tsqe2 sshd[28940]: authentication cancelled by user: 'Authentication cancelled by user.'
- 1150158634 2006.06.12 aadmin1 Jun 12 17:30:34 src@aadmin1 crond(pam_unix)[28664]: session closed for user root
- 1150158634 2006.06.12 tsqe2 Jun 12 17:30:34 tsqe2/tsqe2 sshd[2466]: connection from "#569#"
- 1150158635 2006.06.12 badmin1 Jun 12 17:30:35 src@badmin1 crond(pam_unix)[16889]: session closed for user root
- 1150158635 2006.06.12 cadmin1 Jun 12 17:30:35 src@cadmin1 crond(pam_unix)[14405]: session closed for user root
- 1150158635 2006.06.12 dadmin1 Jun 12 17:30:35 src@dadmin1 crond(pam_unix)[10486]: session closed for user root
- 1150158635 2006.06.12 tsqe2 Jun 12 17:30:35 tsqe2/tsqe2 sshd[28950]: Remote host disconnected: Authentication cancelled by user.
- 1150158635 2006.06.12 tsqe2 Jun 12 17:30:35 tsqe2/tsqe2 sshd[28950]: authentication cancelled by user: 'Authentication cancelled by user.'
- 1150158636 2006.06.12 tsqe2 Jun 12 17:30:36 tsqe2/tsqe2 sshd[2466]: connection from "#569#"
- 1150158637 2006.06.12 tsqe2 Jun 12 17:30:37 tsqe2/tsqe2 sshd[28959]: Remote host disconnected: Authentication cancelled by user.
- 1150158637 2006.06.12 tsqe2 Jun 12 17:30:37 tsqe2/tsqe2 sshd[28959]: authentication cancelled by user: 'Authentication cancelled by user.'
- 1150158638 2006.06.12 eadmin1 Jun 12 17:30:38 src@eadmin1 crond(pam_unix)[15712]: session closed for user root
- 1150158638 2006.06.12 tsqe2 Jun 12 17:30:38 tsqe2/tsqe2 sshd[2466]: connection from "#569#"
- 1150158638 2006.06.12 tsqe2 Jun 12 17:30:38 tsqe2/tsqe2 sshd[28968]: Remote host disconnected: Authentication cancelled by user.
- 1150158638 2006.06.12 tsqe2 Jun 12 17:30:38 tsqe2/tsqe2 sshd[28968]: authentication cancelled by user: 'Authentication cancelled by user.'
- 1150158639 2006.06.12 tsqe2 Jun 12 17:30:39 tsqe2/tsqe2 sshd[2466]: connection from "#569#"
- 1150158640 2006.06.12 tsqe2 Jun 12 17:30:40 tsqe2/tsqe2 sshd[28977]: Remote host disconnected: Authentication cancelled by user.
- 1150158640 2006.06.12 tsqe2 Jun 12 17:30:40 tsqe2/tsqe2 sshd[28977]: authentication cancelled by user: 'Authentication cancelled by user.'
- 1150158641 2006.06.12 tsqe2 Jun 12 17:30:41 tsqe2/tsqe2 sshd[2466]: connection from "#569#"
- 1150158642 2006.06.12 tsqe2 Jun 12 17:30:42 tsqe2/tsqe2 sshd[28986]: Remote host disconnected: Authentication cancelled by user.
- 1150158642 2006.06.12 tsqe2 Jun 12 17:30:42 tsqe2/tsqe2 sshd[28986]: authentication cancelled by user: 'Authentication cancelled by user.'
- 1150158643 2006.06.12 aadmin1 Jun 12 17:30:43 src@aadmin1 /usr/sbin/gmetad[8292]: data_thread() got not answer from any [Thunderbird_A1] datasource
- 1150158643 2006.06.12 tsqe2 Jun 12 17:30:43 tsqe2/tsqe2 sshd[2466]: connection from "#569#"
- 1150158643 2006.06.12 tsqe2 Jun 12 17:30:43 tsqe2/tsqe2 sshd[28996]: Remote host disconnected: Authentication cancelled by user.
- 1150158644 2006.06.12 tsqe2 Jun 12 17:30:44 tsqe2/tsqe2 sshd[28996]: authentication cancelled by user: 'Authentication cancelled by user.'
- 1150158645 2006.06.12 tsqe2 Jun 12 17:30:45 tsqe2/tsqe2 sshd[2466]: connection from "#569#"
- 1150158645 2006.06.12 tsqe2 Jun 12 17:30:45 tsqe2/tsqe2 sshd[29006]: Remote host disconnected: Authentication cancelled by user.
- 1150158645 2006.06.12 tsqe2 Jun 12 17:30:45 tsqe2/tsqe2 sshd[29006]: authentication cancelled by user: 'Authentication cancelled by user.'
- 1150158646 2006.06.12 tsqe2 Jun 12 17:30:46 tsqe2/tsqe2 sshd[2466]: connection from "#569#"
- 1150158647 2006.06.12 tsqe2 Jun 12 17:30:47 tsqe2/tsqe2 sshd[29015]: Remote host disconnected: Authentication cancelled by user.
- 1150158647 2006.06.12 tsqe2 Jun 12 17:30:47 tsqe2/tsqe2 sshd[29015]: authentication cancelled by user: 'Authentication cancelled by user.'
- 1150158648 2006.06.12 tsqe2 Jun 12 17:30:48 tsqe2/tsqe2 sshd[2466]: connection from "#569#"
- 1150158650 2006.06.12 tsqe2 Jun 12 17:30:50 tsqe2/tsqe2 sshd[29024]: Remote host disconnected: Authentication cancelled by user.
- 1150158650 2006.06.12 tsqe2 Jun 12 17:30:50 tsqe2/tsqe2 sshd[29024]: authentication cancelled by user: 'Authentication cancelled by user.'
- 1150158651 2006.06.12 tsqe2 Jun 12 17:30:51 tsqe2/tsqe2 sshd[2466]: connection from "#569#"
- 1150158652 2006.06.12 .499 Jun 12 17:30:52 .499 MDT: %RPM0-P:CP %IFMGR-5-OSTATE_DN: Changed interface state to down: Gi 2/62
- 1150158655 2006.06.12 .33 Jun 12 17:30:55 .33 MDT: %RPM0-P:CP %IFMGR-5-OSTATE_UP: Changed interface state to up: Gi 2/62
- 1150158655 2006.06.12 aadmin1 Jun 12 17:30:55 src@aadmin1 /usr/sbin/gmetad[8292]: data_thread() got not answer from any [Thunderbird_A2] datasource
- 1150158656 2006.06.12 tsqe2 Jun 12 17:30:56 tsqe2/tsqe2 sshd[29033]: Remote host disconnected: Authentication cancelled by user.
- 1150158656 2006.06.12 tsqe2 Jun 12 17:30:56 tsqe2/tsqe2 sshd[29033]: authentication cancelled by user: 'Authentication cancelled by user.'
- 1150158657 2006.06.12 badmin1 Jun 12 17:30:57 src@badmin1 dhcpd: DHCPDISCOVER from 00:11:43:de:04:5e via eth1: network B_net: no free leases
- 1150158657 2006.06.12 badmin2 Jun 12 17:30:57 src@badmin2 dhcpd: DHCPDISCOVER from 00:11:43:de:04:5e via eth1: network B_net: no free leases
- 1150158657 2006.06.12 badmin3 Jun 12 17:30:57 src@badmin3 dhcpd: DHCPDISCOVER from 00:11:43:de:04:5e via eth1: network B_net: no free leases
- 1150158657 2006.06.12 badmin4 Jun 12 17:30:57 src@badmin4 dhcpd: DHCPDISCOVER from 00:11:43:de:04:5e via eth1: network B_net: no free leases
- 1150158657 2006.06.12 tsqe2 Jun 12 17:30:57 tsqe2/tsqe2 sshd[2466]: connection from "#569#"
- 1150158658 2006.06.12 tsqe2 Jun 12 17:30:58 tsqe2/tsqe2 sshd[29044]: Remote host disconnected: Authentication cancelled by user.
- 1150158658 2006.06.12 tsqe2 Jun 12 17:30:58 tsqe2/tsqe2 sshd[29044]: authentication cancelled by user: 'Authentication cancelled by user.'
- 1150158659 2006.06.12 tsqe2 Jun 12 17:30:59 tsqe2/tsqe2 sshd[2466]: connection from "#569#"
- 1150158660 2006.06.12 tsqe2 Jun 12 17:31:00 tsqe2/tsqe2 sshd[29053]: Remote host disconnected: Authentication cancelled by user.
- 1150158660 2006.06.12 tsqe2 Jun 12 17:31:00 tsqe2/tsqe2 sshd[29053]: authentication cancelled by user: 'Authentication cancelled by user.'
- 1150158661 2006.06.12 #56# Jun 12 17:31:01 #56#/#56# crond(pam_unix)[7449]: session opened for user #26# by (uid=0)
- 1150158661 2006.06.12 #56# Jun 12 17:31:01 #56#/#56# crond(pam_unix)[7451]: session closed for user #57#
- 1150158661 2006.06.12 #56# Jun 12 17:31:01 #56#/#56# crond(pam_unix)[7451]: session opened for user #57# by (uid=0)
- 1150158661 2006.06.12 #56# Jun 12 17:31:01 #56#/#56# crond(pam_unix)[7452]: session closed for user root
- 1150158661 2006.06.12 #56# Jun 12 17:31:01 #56#/#56# crond(pam_unix)[7452]: session opened for user root by (uid=0)
- 1150158661 2006.06.12 #56# Jun 12 17:31:01 #56#/#56# crond[7450]: (#26#) CMD (/home/#26#/cricket-1.0.5/collect-subtrees 2>&1 > /dev/null)
- 1150158661 2006.06.12 #56# Jun 12 17:31:01 #56#/#56# crond[7454]: (#57#) CMD (/home/#57#/ping2.sh)
- 1150158661 2006.06.12 #56# Jun 12 17:31:01 #56#/#56# crond[7455]: (root) CMD (/u1/metrics/bin/collect_scheduler)
- 1150158661 2006.06.12 tsqe2 Jun 12 17:31:01 tsqe2/tsqe2 sshd[2466]: connection from "#569#"
- 1150158662 2006.06.12 tsqe2 Jun 12 17:31:02 tsqe2/tsqe2 sshd[29062]: Remote host disconnected: Authentication cancelled by user.
- 1150158662 2006.06.12 tsqe2 Jun 12 17:31:02 tsqe2/tsqe2 sshd[29062]: authentication cancelled by user: 'Authentication cancelled by user.'
- 1150158663 2006.06.12 tsqe2 Jun 12 17:31:03 tsqe2/tsqe2 sshd[2466]: connection from "#569#"
- 1150158663 2006.06.12 tsqe2 Jun 12 17:31:03 tsqe2/tsqe2 sshd[29071]: Remote host disconnected: Authentication cancelled by user.
- 1150158663 2006.06.12 tsqe2 Jun 12 17:31:03 tsqe2/tsqe2 sshd[29071]: authentication cancelled by user: 'Authentication cancelled by user.'
- 1150158664 2006.06.12 tsqe2 Jun 12 17:31:04 tsqe2/tsqe2 sshd[2466]: connection from "#569#"
- 1150158665 2006.06.12 tsqe2 Jun 12 17:31:05 tsqe2/tsqe2 sshd[29082]: Remote host disconnected: Authentication cancelled by user.
- 1150158665 2006.06.12 tsqe2 Jun 12 17:31:05 tsqe2/tsqe2 sshd[29082]: authentication cancelled by user: 'Authentication cancelled by user.'
- 1150158666 2006.06.12 tsqe2 Jun 12 17:31:06 tsqe2/tsqe2 sshd[2466]: connection from "#569#"
- 1150158667 2006.06.12 .583 Jun 12 17:31:07 .583 MDT: %RPM0-P:CP %IFMGR-5-OSTATE_DN: Changed interface state to down: Gi 2/62
- 1150158667 2006.06.12 tsqe2 Jun 12 17:31:07 tsqe2/tsqe2 sshd[29091]: Remote host disconnected: Authentication cancelled by user.
- 1150158667 2006.06.12 tsqe2 Jun 12 17:31:07 tsqe2/tsqe2 sshd[29091]: authentication cancelled by user: 'Authentication cancelled by user.'
- 1150158668 2006.06.12 tsqe2 Jun 12 17:31:08 tsqe2/tsqe2 sshd[2466]: connection from "#569#"
- 1150158668 2006.06.12 tsqe2 Jun 12 17:31:08 tsqe2/tsqe2 sshd[29100]: Remote host disconnected: Authentication cancelled by user.
- 1150158668 2006.06.12 tsqe2 Jun 12 17:31:08 tsqe2/tsqe2 sshd[29100]: authentication cancelled by user: 'Authentication cancelled by user.'
- 1150158669 2006.06.12 .749 Jun 12 17:31:09 .749 MDT: %RPM0-P:CP %IFMGR-5-OSTATE_UP: Changed interface state to up: Gi 2/62
- 1150158670 2006.06.12 tsqe2 Jun 12 17:31:10 tsqe2/tsqe2 sshd[2466]: connection from "#569#"
- 1150158670 2006.06.12 tsqe2 Jun 12 17:31:10 tsqe2/tsqe2 sshd[29109]: Remote host disconnected: Authentication cancelled by user.
- 1150158670 2006.06.12 tsqe2 Jun 12 17:31:10 tsqe2/tsqe2 sshd[29109]: authentication cancelled by user: 'Authentication cancelled by user.'
- 1150158671 2006.06.12 tsqe2 Jun 12 17:31:11 tsqe2/tsqe2 sshd[2466]: connection from "#569#"
- 1150158672 2006.06.12 tsqe2 Jun 12 17:31:12 tsqe2/tsqe2 sshd[29118]: Remote host disconnected: Authentication cancelled by user.
- 1150158672 2006.06.12 tsqe2 Jun 12 17:31:12 tsqe2/tsqe2 sshd[29118]: authentication cancelled by user: 'Authentication cancelled by user.'
- 1150158673 2006.06.12 tsqe2 Jun 12 17:31:13 tsqe2/tsqe2 sshd[2466]: connection from "#569#"
- 1150158674 2006.06.12 aadmin1 Jun 12 17:31:14 src@aadmin1 /usr/sbin/gmetad[8292]: data_thread() got not answer from any [Thunderbird_A1] datasource
- 1150158674 2006.06.12 tsqe2 Jun 12 17:31:14 tsqe2/tsqe2 sshd[29127]: Remote host disconnected: Authentication cancelled by user.
- 1150158674 2006.06.12 tsqe2 Jun 12 17:31:14 tsqe2/tsqe2 sshd[29127]: authentication cancelled by user: 'Authentication cancelled by user.'
- 1150158675 2006.06.12 tsqe2 Jun 12 17:31:15 tsqe2/tsqe2 sshd[2466]: connection from "#569#"
- 1150158675 2006.06.12 tsqe2 Jun 12 17:31:15 tsqe2/tsqe2 sshd[29138]: Remote host disconnected: Authentication cancelled by user.
- 1150158675 2006.06.12 tsqe2 Jun 12 17:31:15 tsqe2/tsqe2 sshd[29138]: authentication cancelled by user: 'Authentication cancelled by user.'
- 1150158676 2006.06.12 tsqe2 Jun 12 17:31:16 tsqe2/tsqe2 sshd[2466]: connection from "#569#"
- 1150158677 2006.06.12 tsqe1 Jun 12 17:31:17 tsqe1/tsqe1 sshd[2395]: connection from "#2888#"
- 1150158677 2006.06.12 tsqe2 Jun 12 17:31:17 tsqe2/tsqe2 sshd[2466]: connection from "#2888#"
- 1150158677 2006.06.12 tsqe2 Jun 12 17:31:17 tsqe2/tsqe2 sshd[29147]: Remote host disconnected: Authentication cancelled by user.
- 1150158677 2006.06.12 tsqe2 Jun 12 17:31:17 tsqe2/tsqe2 sshd[29147]: authentication cancelled by user: 'Authentication cancelled by user.'
- 1150158678 2006.06.12 tsqe2 Jun 12 17:31:18 tsqe2/tsqe2 sshd[2466]: connection from "#569#"
- 1150158679 2006.06.12 tsqe1 Jun 12 17:31:19 tsqe1/tsqe1 sshd2[26158]: Now running on idooley's privileges.
- 1150158679 2006.06.12 tsqe1 Jun 12 17:31:19 tsqe1/tsqe1 sshd[26156]: User idooley, coming from #331#, authenticated.
- 1150158679 2006.06.12 tsqe2 Jun 12 17:31:19 tsqe2/tsqe2 sshd2[29162]: Now running on idooley's privileges.
- 1150158679 2006.06.12 tsqe2 Jun 12 17:31:19 tsqe2/tsqe2 sshd[29152]: User idooley, coming from #331#, authenticated.
- 1150158679 2006.06.12 tsqe2 Jun 12 17:31:19 tsqe2/tsqe2 sshd[29158]: Remote host disconnected: Authentication cancelled by user.
- 1150158679 2006.06.12 tsqe2 Jun 12 17:31:19 tsqe2/tsqe2 sshd[29158]: authentication cancelled by user: 'Authentication cancelled by user.'
- 1150158680 2006.06.12 tsqe2 Jun 12 17:31:20 tsqe2/tsqe2 sshd[2466]: connection from "#569#"
- 1150158681 2006.06.12 tsqe2 Jun 12 17:31:21 tsqe2/tsqe2 sshd[29174]: Remote host disconnected: Authentication cancelled by user.
- 1150158681 2006.06.12 tsqe2 Jun 12 17:31:21 tsqe2/tsqe2 sshd[29174]: authentication cancelled by user: 'Authentication cancelled by user.'
- 1150158682 2006.06.12 tsqe1 Jun 12 17:31:22 tsqe1/tsqe1 sshd[26156]: Local disconnected: Connection closed.
- 1150158682 2006.06.12 tsqe1 Jun 12 17:31:22 tsqe1/tsqe1 sshd[26156]: connection lost: 'Connection closed.'
- 1150158682 2006.06.12 tsqe2 Jun 12 17:31:22 tsqe2/tsqe2 sshd[2466]: connection from "#569#"
- 1150158683 2006.06.12 tsqe2 Jun 12 17:31:23 tsqe2/tsqe2 sshd[29152]: Local disconnected: Connection closed.
- 1150158683 2006.06.12 tsqe2 Jun 12 17:31:23 tsqe2/tsqe2 sshd[29152]: connection lost: 'Connection closed.'
- 1150158683 2006.06.12 tsqe2 Jun 12 17:31:23 tsqe2/tsqe2 sshd[29183]: Remote host disconnected: Authentication cancelled by user.
- 1150158683 2006.06.12 tsqe2 Jun 12 17:31:23 tsqe2/tsqe2 sshd[29183]: authentication cancelled by user: 'Authentication cancelled by user.'
- 1150158684 2006.06.12 tsqe2 Jun 12 17:31:24 tsqe2/tsqe2 sshd[2466]: connection from "#569#"
- 1150158684 2006.06.12 tsqe2 Jun 12 17:31:24 tsqe2/tsqe2 sshd[29192]: Remote host disconnected: Authentication cancelled by user.
- 1150158685 2006.06.12 tsqe2 Jun 12 17:31:25 tsqe2/tsqe2 sshd[29192]: authentication cancelled by user: 'Authentication cancelled by user.'
- 1150158686 2006.06.12 tsqe2 Jun 12 17:31:26 tsqe2/tsqe2 sshd[2466]: connection from "#569#"
- 1150158686 2006.06.12 tsqe2 Jun 12 17:31:26 tsqe2/tsqe2 sshd[29203]: Remote host disconnected: Authentication cancelled by user.
- 1150158686 2006.06.12 tsqe2 Jun 12 17:31:26 tsqe2/tsqe2 sshd[29203]: authentication cancelled by user: 'Authentication cancelled by user.'
- 1150158687 2006.06.12 tsqe2 Jun 12 17:31:27 tsqe2/tsqe2 sshd[2466]: connection from "#569#"
- 1150158688 2006.06.12 tsqe2 Jun 12 17:31:28 tsqe2/tsqe2 sshd[29212]: Remote host disconnected: Authentication cancelled by user.
- 1150158688 2006.06.12 tsqe2 Jun 12 17:31:28 tsqe2/tsqe2 sshd[29212]: authentication cancelled by user: 'Authentication cancelled by user.'
- 1150158689 2006.06.12 aadmin1 Jun 12 17:31:29 src@aadmin1 /usr/sbin/gmetad[8292]: data_thread() got not answer from any [Thunderbird_A2] datasource
- 1150158689 2006.06.12 tsqe2 Jun 12 17:31:29 tsqe2/tsqe2 sshd[2466]: connection from "#569#"
- 1150158690 2006.06.12 tsqe2 Jun 12 17:31:30 tsqe2/tsqe2 sshd[29221]: Remote host disconnected: Authentication cancelled by user.
- 1150158690 2006.06.12 tsqe2 Jun 12 17:31:30 tsqe2/tsqe2 sshd[29221]: authentication cancelled by user: 'Authentication cancelled by user.'
- 1150158691 2006.06.12 .933 Jun 12 17:31:31 .933 MDT: %RPM0-P:CP %IFMGR-5-OSTATE_DN: Changed interface state to down: Gi 4/88
- 1150158691 2006.06.12 tsqe2 Jun 12 17:31:31 tsqe2/tsqe2 sshd[2466]: connection from "#569#"
- 1150158692 2006.06.12 tsqe2 Jun 12 17:31:32 tsqe2/tsqe2 sshd[29230]: Remote host disconnected: Authentication cancelled by user.
- 1150158692 2006.06.12 tsqe2 Jun 12 17:31:32 tsqe2/tsqe2 sshd[29230]: authentication cancelled by user: 'Authentication cancelled by user.'
- 1150158693 2006.06.12 tsqe2 Jun 12 17:31:33 tsqe2/tsqe2 sshd[2466]: connection from "#569#"
- 1150158693 2006.06.12 tsqe2 Jun 12 17:31:33 tsqe2/tsqe2 sshd[29239]: Remote host disconnected: Authentication cancelled by user.
- 1150158693 2006.06.12 tsqe2 Jun 12 17:31:33 tsqe2/tsqe2 sshd[29239]: authentication cancelled by user: 'Authentication cancelled by user.'
- 1150158694 2006.06.12 .399 Jun 12 17:31:34 .399 MDT: %RPM0-P:CP %IFMGR-5-OSTATE_UP: Changed interface state to up: Gi 4/88
- 1150158694 2006.06.12 tsqe2 Jun 12 17:31:34 tsqe2/tsqe2 sshd[2466]: connection from "#569#"
- 1150158695 2006.06.12 tsqe2 Jun 12 17:31:35 tsqe2/tsqe2 sshd[29248]: Remote host disconnected: Authentication cancelled by user.
- 1150158695 2006.06.12 tsqe2 Jun 12 17:31:35 tsqe2/tsqe2 sshd[29248]: authentication cancelled by user: 'Authentication cancelled by user.'
- 1150158696 2006.06.12 tsqe2 Jun 12 17:31:36 tsqe2/tsqe2 sshd[2466]: connection from "#569#"
- 1150158697 2006.06.12 tsqe2 Jun 12 17:31:37 tsqe2/tsqe2 sshd[29259]: Remote host disconnected: Authentication cancelled by user.
- 1150158697 2006.06.12 tsqe2 Jun 12 17:31:37 tsqe2/tsqe2 sshd[29259]: authentication cancelled by user: 'Authentication cancelled by user.'
- 1150158698 2006.06.12 tsqe2 Jun 12 17:31:38 tsqe2/tsqe2 sshd[2466]: connection from "#569#"
- 1150158699 2006.06.12 aadmin1 Jun 12 17:31:39 src@aadmin1 /usr/sbin/gmetad[8292]: data_thread() got not answer from any [Thunderbird_A1] datasource
- 1150158699 2006.06.12 tsqe2 Jun 12 17:31:39 tsqe2/tsqe2 sshd[29268]: Remote host disconnected: Authentication cancelled by user.
- 1150158699 2006.06.12 tsqe2 Jun 12 17:31:39 tsqe2/tsqe2 sshd[29268]: authentication cancelled by user: 'Authentication cancelled by user.'
- 1150158700 2006.06.12 tsqe2 Jun 12 17:31:40 tsqe2/tsqe2 sshd[2466]: connection from "#569#"
- 1150158700 2006.06.12 tsqe2 Jun 12 17:31:40 tsqe2/tsqe2 sshd[29277]: Remote host disconnected: Authentication cancelled by user.
- 1150158700 2006.06.12 tsqe2 Jun 12 17:31:40 tsqe2/tsqe2 sshd[29277]: authentication cancelled by user: 'Authentication cancelled by user.'
- 1150158701 2006.06.12 aadmin3 Jun 12 17:31:41 src@aadmin3 ntpd[1883]: synchronized to 10.100.24.251, stratum 2
- 1150158701 2006.06.12 tsqe2 Jun 12 17:31:41 tsqe2/tsqe2 sshd[2466]: connection from "#569#"
- 1150158702 2006.06.12 tsqe1 Jun 12 17:31:42 tsqe1/tsqe1 sshd[2395]: connection from "#2888#"
- 1150158702 2006.06.12 tsqe2 Jun 12 17:31:42 tsqe2/tsqe2 sshd[2466]: connection from "#2888#"
- 1150158702 2006.06.12 tsqe2 Jun 12 17:31:42 tsqe2/tsqe2 sshd[29286]: Remote host disconnected: Authentication cancelled by user.
- 1150158702 2006.06.12 tsqe2 Jun 12 17:31:42 tsqe2/tsqe2 sshd[29286]: authentication cancelled by user: 'Authentication cancelled by user.'
- 1150158703 2006.06.12 tsqe2 Jun 12 17:31:43 tsqe2/tsqe2 sshd[2466]: connection from "#569#"
- 1150158704 2006.06.12 tsqe2 Jun 12 17:31:44 tsqe2/tsqe2 sshd[29297]: Remote host disconnected: Authentication cancelled by user.
- 1150158704 2006.06.12 tsqe2 Jun 12 17:31:44 tsqe2/tsqe2 sshd[29297]: authentication cancelled by user: 'Authentication cancelled by user.'
- 1150158705 2006.06.12 tsqe2 Jun 12 17:31:45 tsqe2/tsqe2 sshd[2466]: connection from "#569#"
- 1150158705 2006.06.12 tsqe2 Jun 12 17:31:45 tsqe2/tsqe2 sshd[29306]: Remote host disconnected: Authentication cancelled by user.
- 1150158705 2006.06.12 tsqe2 Jun 12 17:31:45 tsqe2/tsqe2 sshd[29306]: authentication cancelled by user: 'Authentication cancelled by user.'
- 1150158707 2006.06.12 tsqe2 Jun 12 17:31:47 tsqe2/tsqe2 sshd[2466]: connection from "#569#"
- 1150158712 2006.06.12 tsqe2 Jun 12 17:31:52 tsqe2/tsqe2 sshd[29317]: Remote host disconnected: Authentication cancelled by user.
- 1150158712 2006.06.12 tsqe2 Jun 12 17:31:52 tsqe2/tsqe2 sshd[29317]: authentication cancelled by user: 'Authentication cancelled by user.'
- 1150158713 2006.06.12 tsqe2 Jun 12 17:31:53 tsqe2/tsqe2 sshd[2466]: connection from "#569#"
- 1150158714 2006.06.12 tsqe2 Jun 12 17:31:54 tsqe2/tsqe2 sshd[29326]: Remote host disconnected: Authentication cancelled by user.
- 1150158714 2006.06.12 tsqe2 Jun 12 17:31:54 tsqe2/tsqe2 sshd[29326]: authentication cancelled by user: 'Authentication cancelled by user.'
- 1150158715 2006.06.12 tsqe2 Jun 12 17:31:55 tsqe2/tsqe2 sshd[2466]: connection from "#569#"
- 1150158716 2006.06.12 tsqe2 Jun 12 17:31:56 tsqe2/tsqe2 sshd[29335]: Remote host disconnected: Authentication cancelled by user.
- 1150158716 2006.06.12 tsqe2 Jun 12 17:31:56 tsqe2/tsqe2 sshd[29335]: authentication cancelled by user: 'Authentication cancelled by user.'
- 1150158717 2006.06.12 tsqe2 Jun 12 17:31:57 tsqe2/tsqe2 sshd[2466]: connection from "#569#"
- 1150158718 2006.06.12 tsqe2 Jun 12 17:31:58 tsqe2/tsqe2 sshd[29346]: Remote host disconnected: Authentication cancelled by user.
- 1150158718 2006.06.12 tsqe2 Jun 12 17:31:58 tsqe2/tsqe2 sshd[29346]: authentication cancelled by user: 'Authentication cancelled by user.'
- 1150158719 2006.06.12 tsqe2 Jun 12 17:31:59 tsqe2/tsqe2 sshd[2466]: connection from "#569#"
- 1150158719 2006.06.12 tsqe2 Jun 12 17:31:59 tsqe2/tsqe2 sshd[29355]: Remote host disconnected: Authentication cancelled by user.
- 1150158719 2006.06.12 tsqe2 Jun 12 17:31:59 tsqe2/tsqe2 sshd[29355]: authentication cancelled by user: 'Authentication cancelled by user.'
- 1150158720 2006.06.12 tsqe2 Jun 12 17:32:00 tsqe2/tsqe2 sshd[2466]: connection from "#569#"
- 1150158721 2006.06.12 badmin1 Jun 12 17:32:01 src@badmin1 dhcpd: DHCPDISCOVER from 00:11:43:de:04:5e via eth1: network B_net: no free leases
- 1150158721 2006.06.12 badmin2 Jun 12 17:32:01 src@badmin2 dhcpd: DHCPDISCOVER from 00:11:43:de:04:5e via eth1: network B_net: no free leases
- 1150158721 2006.06.12 badmin3 Jun 12 17:32:01 src@badmin3 dhcpd: DHCPDISCOVER from 00:11:43:de:04:5e via eth1: network B_net: no free leases
- 1150158721 2006.06.12 badmin4 Jun 12 17:32:01 src@badmin4 dhcpd: DHCPDISCOVER from 00:11:43:de:04:5e via eth1: network B_net: no free leases
- 1150158721 2006.06.12 tsqe2 Jun 12 17:32:01 tsqe2/tsqe2 sshd[29364]: Remote host disconnected: Authentication cancelled by user.
- 1150158721 2006.06.12 tsqe2 Jun 12 17:32:01 tsqe2/tsqe2 sshd[29364]: authentication cancelled by user: 'Authentication cancelled by user.'
