- 1131908461 2005.11.13 en190 Nov 13 11:01:01 en190/en190 crond(pam_unix)[27861]: session closed for user root
- 1131908461 2005.11.13 en190 Nov 13 11:01:01 en190/en190 crond(pam_unix)[27861]: session opened for user root by (uid=0)
- 1131908461 2005.11.13 en190 Nov 13 11:01:01 en190/en190 crond[27862]: (root) CMD (run-parts /etc/cron.hourly)
- 1131908669 2005.11.13 en278 Nov 13 11:04:29 en278/en278 ntpd[2262]: synchronized to 10.100.28.250, stratum 3
- 1131909304 2005.11.13 en155 Nov 13 11:15:04 en155/en155 smartd[1948]: Device: /dev/sda, Temperature changed 2 Celsius to 25 Celsius since last report
- 1131909304 2005.11.13 en415 Nov 13 11:15:04 en415/en415 smartd[1952]: Device: /dev/sda, Temperature changed -3 Celsius to 30 Celsius since last report
- 1131909305 2005.11.13 en414 Nov 13 11:15:05 en414/en414 smartd[1953]: Device: /dev/sda, Temperature changed -2 Celsius to 30 Celsius since last report
- 1131909305 2005.11.13 en417 Nov 13 11:15:05 en417/en417 smartd[1952]: Device: /dev/sda, Temperature changed -3 Celsius to 31 Celsius since last report
- 1131909306 2005.11.13 en164 Nov 13 11:15:06 en164/en164 smartd[1953]: Device: /dev/sda, Temperature changed 2 Celsius to 26 Celsius since last report
- 1131909306 2005.11.13 en404 Nov 13 11:15:06 en404/en404 smartd[1952]: Device: /dev/sda, Temperature changed -3 Celsius to 27 Celsius since last report
- 1131909306 2005.11.13 en406 Nov 13 11:15:06 en406/en406 smartd[1953]: Device: /dev/sda, Temperature changed -3 Celsius to 29 Celsius since last report
- 1131909307 2005.11.13 en259 Nov 13 11:15:07 en259/en259 smartd[1943]: Device: /dev/sda, Temperature changed 2 Celsius to 23 Celsius since last report
- 1131909307 2005.11.13 en410 Nov 13 11:15:07 en410/en410 smartd[1948]: Device: /dev/sda, Temperature changed -2 Celsius to 28 Celsius since last report
- 1131909307 2005.11.13 en416 Nov 13 11:15:07 en416/en416 smartd[1951]: Device: /dev/sda, Temperature changed -2 Celsius to 33 Celsius since last report
- 1131909307 2005.11.13 en65 Nov 13 11:15:07 en65/en65 smartd[1946]: Device: /dev/sda, Temperature changed 2 Celsius to 21 Celsius since last report
- 1131909308 2005.11.13 en418 Nov 13 11:15:08 en418/en418 smartd[1952]: Device: /dev/sda, Temperature changed -3 Celsius to 33 Celsius since last report
- 1131909309 2005.11.13 en413 Nov 13 11:15:09 en413/en413 smartd[1951]: Device: /dev/sda, Temperature changed -3 Celsius to 30 Celsius since last report
- 1131909310 2005.11.13 en235 Nov 13 11:15:10 en235/en235 smartd[1940]: Device: /dev/sda, Temperature changed 2 Celsius to 22 Celsius since last report
- 1131909311 2005.11.13 en123 Nov 13 11:15:11 en123/en123 smartd[1947]: Device: /dev/sda, Temperature changed 2 Celsius to 24 Celsius since last report
- 1131909311 2005.11.13 en408 Nov 13 11:15:11 en408/en408 smartd[1948]: Device: /dev/sda, Temperature changed -3 Celsius to 28 Celsius since last report
- 1131910224 2005.11.13 en401 Nov 13 11:30:24 en401/en401 smartd[1952]: Device: /dev/sda, Temperature changed -2 Celsius to 26 Celsius since last report
