nova-scheduler.log.2017-05-14_21:56:07 2017-05-14 21:30:53.166 25998 INFO nova.scheduler.host_manager [req-44f63a20-dd13-40fb-a883-8921e98cc56f - - - - -] Successfully synced instances from host 'cp-1.slowvm1.tcloud-pg0.utah.cloudlab.us'.
nova-scheduler.log.2017-05-14_21:56:07 2017-05-14 21:32:56.296 25998 INFO nova.scheduler.host_manager [req-098b2a78-4b71-4e8d-9930-255b16ec5877 - - - - -] Successfully synced instances from host 'cp-1.slowvm1.tcloud-pg0.utah.cloudlab.us'.
nova-scheduler.log.2017-05-14_21:56:07 2017-05-14 21:35:00.125 25998 INFO nova.scheduler.host_manager [req-0db381fb-6bd4-483f-84ef-be240403b754 - - - - -] Successfully synced instances from host 'cp-1.slowvm1.tcloud-pg0.utah.cloudlab.us'.
nova-scheduler.log.2017-05-14_21:56:07 2017-05-14 21:37:03.139 25998 INFO nova.scheduler.host_manager [req-d2b41c68-349c-4e94-9422-6d899f855e27 - - - - -] Successfully synced instances from host 'cp-1.slowvm1.tcloud-pg0.utah.cloudlab.us'.
nova-scheduler.log.2017-05-14_21:56:07 2017-05-14 21:39:06.154 25998 INFO nova.scheduler.host_manager [req-de57671f-aed7-47d7-97f9-777688a0f868 - - - - -] Successfully synced instances from host 'cp-1.slowvm1.tcloud-pg0.utah.cloudlab.us'.
nova-scheduler.log.2017-05-14_21:56:07 2017-05-14 21:41:11.303 25998 INFO nova.scheduler.host_manager [req-98cf221c-1bb9-4ef8-9be4-06b9a4e79287 - - - - -] Successfully synced instances from host 'cp-1.slowvm1.tcloud-pg0.utah.cloudlab.us'.
nova-scheduler.log.2017-05-14_21:56:07 2017-05-14 21:43:16.233 25998 INFO nova.scheduler.host_manager [req-17c2e761-c313-48af-9953-a1575c962b16 - - - - -] The instance sync for host 'cp-1.slowvm1.tcloud-pg0.utah.cloudlab.us' did not match. Re-created its InstanceList.
nova-scheduler.log.2017-05-14_21:56:07 2017-05-14 21:45:17.301 25998 INFO nova.scheduler.host_manager [req-a151ba5f-0d88-4215-ae91-11d38e406adb - - - - -] Successfully synced instances from host 'cp-1.slowvm1.tcloud-pg0.utah.cloudlab.us'.
nova-scheduler.log.2017-05-14_21:56:07 2017-05-14 21:47:19.392 25998 INFO nova.scheduler.host_manager [req-597c1a4d-5bdd-408d-a3d2-1fff242360ba - - - - -] The instance sync for host 'cp-1.slowvm1.tcloud-pg0.utah.cloudlab.us' did not match. Re-created its InstanceList.
nova-scheduler.log.2017-05-14_21:56:07 2017-05-14 21:49:20.370 25998 INFO nova.scheduler.host_manager [req-20365153-2e78-487a-befe-64da2a0edb8f - - - - -] The instance sync for host 'cp-1.slowvm1.tcloud-pg0.utah.cloudlab.us' did not match. Re-created its InstanceList.
nova-scheduler.log.2017-05-14_21:56:07 2017-05-14 21:51:20.222 25998 INFO nova.scheduler.host_manager [req-a291aa1b-265e-4b87-a55e-fd492f8fb1d3 - - - - -] The instance sync for host 'cp-1.slowvm1.tcloud-pg0.utah.cloudlab.us' did not match. Re-created its InstanceList.
nova-scheduler.log.2017-05-14_21:56:07 2017-05-14 21:53:22.316 25998 INFO nova.scheduler.host_manager [req-ce82ff00-7cb3-4291-bdc4-10de03feb88e - - - - -] The instance sync for host 'cp-1.slowvm1.tcloud-pg0.utah.cloudlab.us' did not match. Re-created its InstanceList.
nova-scheduler.log.2017-05-14_21:56:07 2017-05-14 21:55:23.218 25998 INFO nova.scheduler.host_manager [req-11de38bc-f06e-4a2f-8340-43351d007587 - - - - -] The instance sync for host 'cp-1.slowvm1.tcloud-pg0.utah.cloudlab.us' did not match. Re-created its InstanceList.
nova-scheduler.log.1.2017-05-17_12:02:19 2017-05-16 15:16:36.309 25998 INFO nova.scheduler.host_manager [req-9fb3dfd5-1b6b-48b9-89b4-795c1f070a98 - - - - -] Successfully synced instances from host 'cp-1.slowvm1.tcloud-pg0.utah.cloudlab.us'.
nova-scheduler.log.1.2017-05-17_12:02:19 2017-05-16 15:18:36.409 25998 INFO nova.scheduler.host_manager [req-8a3068d1-9a06-4c0f-a340-dffa3d4b4fcb - - - - -] Successfully synced instances from host 'cp-1.slowvm1.tcloud-pg0.utah.cloudlab.us'.
nova-scheduler.log.1.2017-05-17_12:02:19 2017-05-16 15:20:38.374 25998 INFO nova.scheduler.host_manager [req-99aa5f44-608e-49d7-b35c-4f6e2c53c671 - - - - -] Successfully synced instances from host 'cp-1.slowvm1.tcloud-pg0.utah.cloudlab.us'.
nova-scheduler.log.1.2017-05-17_12:02:19 2017-05-16 15:22:40.355 25998 INFO nova.scheduler.host_manager [req-b2764768-f840-4091-bdf7-38be2dea8b99 - - - - -] Successfully synced instances from host 'cp-1.slowvm1.tcloud-pg0.utah.cloudlab.us'.
nova-scheduler.log.1.2017-05-17_12:02:19 2017-05-16 15:24:45.464 25998 INFO nova.scheduler.host_manager [req-685dc75f-81d0-4337-a5d0-fd726f9c2a53 - - - - -] Successfully synced instances from host 'cp-1.slowvm1.tcloud-pg0.utah.cloudlab.us'.
nova-scheduler.log.1.2017-05-17_12:02:19 2017-05-16 15:26:46.373 25998 INFO nova.scheduler.host_manager [req-a848fac3-ab76-49e4-a64e-afe42ad02775 - - - - -] Successfully synced instances from host 'cp-1.slowvm1.tcloud-pg0.utah.cloudlab.us'.
nova-scheduler.log.1.2017-05-17_12:02:19 2017-05-16 15:28:51.363 25998 INFO nova.scheduler.host_manager [req-eebf9fe9-f035-42d7-94ed-5e1f8aa5fd3c - - - - -] Successfully synced instances from host 'cp-1.slowvm1.tcloud-pg0.utah.cloudlab.us'.
nova-scheduler.log.1.2017-05-17_12:02:19 2017-05-16 15:30:54.362 25998 INFO nova.scheduler.host_manager [req-c1985cd9-9b69-43db-918f-86d9d0578aae - - - - -] Successfully synced instances from host 'cp-1.slowvm1.tcloud-pg0.utah.cloudlab.us'.
nova-scheduler.log.1.2017-05-17_12:02:19 2017-05-16 15:32:56.394 25998 INFO nova.scheduler.host_manager [req-560301df-1211-452b-993e-9feb6f6e6d01 - - - - -] The instance sync for host 'cp-1.slowvm1.tcloud-pg0.utah.cloudlab.us' did not match. Re-created its InstanceList.
nova-scheduler.log.1.2017-05-17_12:02:19 2017-05-16 15:34:56.395 25998 INFO nova.scheduler.host_manager [req-6caf817e-e7d7-4cd9-b30e-fd36dbc61c9f - - - - -] The instance sync for host 'cp-1.slowvm1.tcloud-pg0.utah.cloudlab.us' did not match. Re-created its InstanceList.
nova-scheduler.log.1.2017-05-17_12:02:19 2017-05-16 15:37:00.199 25998 INFO nova.scheduler.host_manager [req-7ff55c37-25f6-401e-a314-a71da61c6779 - - - - -] The instance sync for host 'cp-1.slowvm1.tcloud-pg0.utah.cloudlab.us' did not match. Re-created its InstanceList.
nova-scheduler.log.1.2017-05-17_12:02:19 2017-05-16 15:39:01.207 25998 INFO nova.scheduler.host_manager [req-3869c0dd-6a8a-4cf2-9b17-a582d1b856d7 - - - - -] The instance sync for host 'cp-1.slowvm1.tcloud-pg0.utah.cloudlab.us' did not match. Re-created its InstanceList.
nova-scheduler.log.1.2017-05-17_12:02:19 2017-05-16 15:41:05.222 25998 INFO nova.scheduler.host_manager [req-356b284f-6053-43c9-8af5-086d03452ef3 - - - - -] The instance sync for host 'cp-1.slowvm1.tcloud-pg0.utah.cloudlab.us' did not match. Re-created its InstanceList.
nova-scheduler.log.1.2017-05-17_12:02:19 2017-05-16 15:43:08.201 25998 INFO nova.scheduler.host_manager [req-d504acd2-0bd6-4a93-ac4d-b50c12cb2ada - - - - -] The instance sync for host 'cp-1.slowvm1.tcloud-pg0.utah.cloudlab.us' did not match. Re-created its InstanceList.
