- 1135113819 2005.12.20 tbird-sm1 Dec 20 13:23:39 src@tbird-sm1 ib_sm.x[24904]: [ib_sm_sweep.c:1831]: ********************** NEW SWEEP ********************
- 1135113822 2005.12.20 tbird-sm1 Dec 20 13:23:42 src@tbird-sm1 ib_sm.x[24904]: [ib_sm_sweep.c:1455]: No topology change
- 1135113822 2005.12.20 tbird-sm1 Dec 20 13:23:42 src@tbird-sm1 ib_sm.x[24904]: [ib_sm_sweep.c:1482]: No configuration change required
- 1135113833 2005.12.20 tbird-sm1 Dec 20 13:23:53 src@tbird-sm1 ib_sm.x[24904]: [ib_sm_sweep.c:1831]: ********************** NEW SWEEP ********************
- 1135113836 2005.12.20 tbird-sm1 Dec 20 13:23:56 src@tbird-sm1 ib_sm.x[24904]: [ib_sm_sweep.c:1455]: No topology change
- 1135113836 2005.12.20 tbird-sm1 Dec 20 13:23:56 src@tbird-sm1 ib_sm.x[24904]: [ib_sm_sweep.c:1482]: No configuration change required
- 1135113847 2005.12.20 tbird-sm1 Dec 20 13:24:07 src@tbird-sm1 ib_sm.x[24904]: [ib_sm_sweep.c:1831]: ********************** NEW SWEEP ********************
- 1135113850 2005.12.20 tbird-sm1 Dec 20 13:24:10 src@tbird-sm1 ib_sm.x[24904]: [ib_sm_sweep.c:1455]: No topology change
- 1135113850 2005.12.20 tbird-sm1 Dec 20 13:24:10 src@tbird-sm1 ib_sm.x[24904]: [ib_sm_sweep.c:1482]: No configuration change required
- 1135113861 2005.12.20 tbird-sm1 Dec 20 13:24:21 src@tbird-sm1 ib_sm.x[24904]: [ib_sm_sweep.c:1831]: ********************** NEW SWEEP ********************
- 1135113864 2005.12.20 tbird-sm1 Dec 20 13:24:24 src@tbird-sm1 ib_sm.x[24904]: [ib_sm_sweep.c:1455]: No topology change
- 1135113864 2005.12.20 tbird-sm1 Dec 20 13:24:24 src@tbird-sm1 ib_sm.x[24904]: [ib_sm_sweep.c:1482]: No configuration change required
- 1135113875 2005.12.20 tbird-sm1 Dec 20 13:24:35 src@tbird-sm1 ib_sm.x[24904]: [ib_sm_sweep.c:1831]: ********************** NEW SWEEP ********************
- 1135113878 2005.12.20 tbird-sm1 Dec 20 13:24:38 src@tbird-sm1 ib_sm.x[24904]: [ib_sm_sweep.c:1455]: No topology change
- 1135113878 2005.12.20 tbird-sm1 Dec 20 13:24:38 src@tbird-sm1 ib_sm.x[24904]: [ib_sm_sweep.c:1482]: No configuration change required
- 1135113889 2005.12.20 tbird-sm1 Dec 20 13:24:49 src@tbird-sm1 ib_sm.x[24904]: [ib_sm_sweep.c:1831]: ********************** NEW SWEEP ********************
- 1135113892 2005.12.20 tbird-sm1 Dec 20 13:24:52 src@tbird-sm1 ib_sm.x[24904]: [ib_sm_sweep.c:1455]: No topology change
- 1135113892 2005.12.20 tbird-sm1 Dec 20 13:24:52 src@tbird-sm1 ib_sm.x[24904]: [ib_sm_sweep.c:1482]: No configuration change required
- 1135113903 2005.12.20 tbird-sm1 Dec 20 13:25:03 src@tbird-sm1 ib_sm.x[24904]: [ib_sm_sweep.c:1831]: ********************** NEW SWEEP ********************
- 1135113906 2005.12.20 tbird-sm1 Dec 20 13:25:06 src@tbird-sm1 ib_sm.x[24904]: [ib_sm_sweep.c:1455]: No topology change
- 1135113906 2005.12.20 tbird-sm1 Dec 20 13:25:06 src@tbird-sm1 ib_sm.x[24904]: [ib_sm_sweep.c:1482]: No configuration change required
- 1135113917 2005.12.20 tbird-sm1 Dec 20 13:25:17 src@tbird-sm1 ib_sm.x[24904]: [ib_sm_sweep.c:1831]: ********************** NEW SWEEP ********************
- 1135113920 2005.12.20 tbird-sm1 Dec 20 13:25:20 src@tbird-sm1 ib_sm.x[24904]: [ib_sm_sweep.c:1455]: No topology change
- 1135113920 2005.12.20 tbird-sm1 Dec 20 13:25:20 src@tbird-sm1 ib_sm.x[24904]: [ib_sm_sweep.c:1482]: No configuration change required
- 1135113931 2005.12.20 tbird-sm1 Dec 20 13:25:31 src@tbird-sm1 ib_sm.x[24904]: [ib_sm_sweep.c:1831]: ********************** NEW SWEEP ********************
- 1135113934 2005.12.20 tbird-sm1 Dec 20 13:25:34 src@tbird-sm1 ib_sm.x[24904]: [ib_sm_sweep.c:1455]: No topology change
- 1135113934 2005.12.20 tbird-sm1 Dec 20 13:25:34 src@tbird-sm1 ib_sm.x[24904]: [ib_sm_sweep.c:1482]: No configuration change required
- 1135113945 2005.12.20 tbird-sm1 Dec 20 13:25:45 src@tbird-sm1 ib_sm.x[24904]: [ib_sm_sweep.c:1831]: ********************** NEW SWEEP ********************
- 1135113948 2005.12.20 tbird-sm1 Dec 20 13:25:48 src@tbird-sm1 ib_sm.x[24904]: [ib_sm_sweep.c:1455]: No topology change
- 1135113948 2005.12.20 tbird-sm1 Dec 20 13:25:48 src@tbird-sm1 ib_sm.x[24904]: [ib_sm_sweep.c:1482]: No configuration change required
- 1135113959 2005.12.20 tbird-sm1 Dec 20 13:25:59 src@tbird-sm1 ib_sm.x[24904]: [ib_sm_sweep.c:1831]: ********************** NEW SWEEP ********************
- 1135113962 2005.12.20 tbird-sm1 Dec 20 13:26:02 src@tbird-sm1 ib_sm.x[24904]: [ib_sm_sweep.c:1455]: No topology change
- 1135113962 2005.12.20 tbird-sm1 Dec 20 13:26:02 src@tbird-sm1 ib_sm.x[24904]: [ib_sm_sweep.c:1482]: No configuration change required
- 1135113973 2005.12.20 tbird-sm1 Dec 20 13:26:13 src@tbird-sm1 ib_sm.x[24904]: [ib_sm_sweep.c:1831]: ********************** NEW SWEEP ********************
- 1135113976 2005.12.20 tbird-sm1 Dec 20 13:26:16 src@tbird-sm1 ib_sm.x[24904]: [ib_sm_sweep.c:1455]: No topology change
- 1135113976 2005.12.20 tbird-sm1 Dec 20 13:26:16 src@tbird-sm1 ib_sm.x[24904]: [ib_sm_sweep.c:1482]: No configuration change required
- 1135113987 2005.12.20 tbird-sm1 Dec 20 13:26:27 src@tbird-sm1 ib_sm.x[24904]: [ib_sm_sweep.c:1831]: ********************** NEW SWEEP ********************
- 1135113990 2005.12.20 tbird-sm1 Dec 20 13:26:30 src@tbird-sm1 ib_sm.x[24904]: [ib_sm_sweep.c:1455]: No topology change
- 1135113990 2005.12.20 tbird-sm1 Dec 20 13:26:30 src@tbird-sm1 ib_sm.x[24904]: [ib_sm_sweep.c:1482]: No configuration change required
- 1135114001 2005.12.20 tbird-sm1 Dec 20 13:26:41 src@tbird-sm1 ib_sm.x[24904]: [ib_sm_sweep.c:1831]: ********************** NEW SWEEP ********************
- 1135114004 2005.12.20 tbird-sm1 Dec 20 13:26:44 src@tbird-sm1 ib_sm.x[24904]: [ib_sm_sweep.c:1455]: No topology change
- 1135114004 2005.12.20 tbird-sm1 Dec 20 13:26:44 src@tbird-sm1 ib_sm.x[24904]: [ib_sm_sweep.c:1482]: No configuration change required
- 1135114015 2005.12.20 tbird-sm1 Dec 20 13:26:55 src@tbird-sm1 ib_sm.x[24904]: [ib_sm_sweep.c:1831]: ********************** NEW SWEEP ********************
- 1135114018 2005.12.20 tbird-sm1 Dec 20 13:26:58 src@tbird-sm1 ib_sm.x[24904]: [ib_sm_sweep.c:1455]: No topology change
- 1135114018 2005.12.20 tbird-sm1 Dec 20 13:26:58 src@tbird-sm1 ib_sm.x[24904]: [ib_sm_sweep.c:1482]: No configuration change required
- 1135114029 2005.12.20 tbird-sm1 Dec 20 13:27:09 src@tbird-sm1 ib_sm.x[24904]: [ib_sm_sweep.c:1831]: ********************** NEW SWEEP ********************
- 1135114032 2005.12.20 tbird-sm1 Dec 20 13:27:12 src@tbird-sm1 ib_sm.x[24904]: [ib_sm_sweep.c:1455]: No topology change
- 1135114032 2005.12.20 tbird-sm1 Dec 20 13:27:12 src@tbird-sm1 ib_sm.x[24904]: [ib_sm_sweep.c:1482]: No configuration change required
- 1135114043 2005.12.20 tbird-sm1 Dec 20 13:27:23 src@tbird-sm1 ib_sm.x[24904]: [ib_sm_sweep.c:1831]: ********************** NEW SWEEP ********************
- 1135114046 2005.12.20 tbird-sm1 Dec 20 13:27:26 src@tbird-sm1 ib_sm.x[24904]: [ib_sm_sweep.c:1455]: No topology change
- 1135114046 2005.12.20 tbird-sm1 Dec 20 13:27:26 src@tbird-sm1 ib_sm.x[24904]: [ib_sm_sweep.c:1482]: No configuration change required
- 1135114057 2005.12.20 tbird-sm1 Dec 20 13:27:37 src@tbird-sm1 ib_sm.x[24904]: [ib_sm_sweep.c:1831]: ********************** NEW SWEEP ********************
- 1135114060 2005.12.20 tbird-sm1 Dec 20 13:27:40 src@tbird-sm1 ib_sm.x[24904]: [ib_sm_sweep.c:1455]: No topology change
- 1135114060 2005.12.20 tbird-sm1 Dec 20 13:27:40 src@tbird-sm1 ib_sm.x[24904]: [ib_sm_sweep.c:1482]: No configuration change required
- 1135114071 2005.12.20 tbird-sm1 Dec 20 13:27:51 src@tbird-sm1 ib_sm.x[24904]: [ib_sm_sweep.c:1831]: ********************** NEW SWEEP ********************
- 1135114074 2005.12.20 tbird-sm1 Dec 20 13:27:54 src@tbird-sm1 ib_sm.x[24904]: [ib_sm_sweep.c:1455]: No topology change
- 1135114074 2005.12.20 tbird-sm1 Dec 20 13:27:54 src@tbird-sm1 ib_sm.x[24904]: [ib_sm_sweep.c:1482]: No configuration change required
- 1135114085 2005.12.20 tbird-sm1 Dec 20 13:28:05 src@tbird-sm1 ib_sm.x[24904]: [ib_sm_sweep.c:1831]: ********************** NEW SWEEP ********************
- 1135114088 2005.12.20 tbird-sm1 Dec 20 13:28:08 src@tbird-sm1 ib_sm.x[24904]: [ib_sm_sweep.c:1455]: No topology change
- 1135114088 2005.12.20 tbird-sm1 Dec 20 13:28:08 src@tbird-sm1 ib_sm.x[24904]: [ib_sm_sweep.c:1482]: No configuration change required
- 1135114099 2005.12.20 tbird-sm1 Dec 20 13:28:19 src@tbird-sm1 ib_sm.x[24904]: [ib_sm_sweep.c:1831]: ********************** NEW SWEEP ********************
- 1135114102 2005.12.20 tbird-sm1 Dec 20 13:28:22 src@tbird-sm1 ib_sm.x[24904]: [ib_sm_sweep.c:1455]: No topology change
- 1135114102 2005.12.20 tbird-sm1 Dec 20 13:28:22 src@tbird-sm1 ib_sm.x[24904]: [ib_sm_sweep.c:1482]: No configuration change required
- 1135114113 2005.12.20 tbird-sm1 Dec 20 13:28:33 src@tbird-sm1 ib_sm.x[24904]: [ib_sm_sweep.c:1831]: ********************** NEW SWEEP ********************
- 1135114116 2005.12.20 tbird-sm1 Dec 20 13:28:36 src@tbird-sm1 ib_sm.x[24904]: [ib_sm_sweep.c:1455]: No topology change
- 1135114116 2005.12.20 tbird-sm1 Dec 20 13:28:36 src@tbird-sm1 ib_sm.x[24904]: [ib_sm_sweep.c:1482]: No configuration change required
- 1135114127 2005.12.20 tbird-sm1 Dec 20 13:28:47 src@tbird-sm1 ib_sm.x[24904]: [ib_sm_sweep.c:1831]: ********************** NEW SWEEP ********************
- 1135114130 2005.12.20 tbird-sm1 Dec 20 13:28:50 src@tbird-sm1 ib_sm.x[24904]: [ib_sm_sweep.c:1455]: No topology change
- 1135114130 2005.12.20 tbird-sm1 Dec 20 13:28:50 src@tbird-sm1 ib_sm.x[24904]: [ib_sm_sweep.c:1482]: No configuration change required
- 1135114141 2005.12.20 tbird-sm1 Dec 20 13:29:01 src@tbird-sm1 ib_sm.x[24904]: [ib_sm_sweep.c:1831]: ********************** NEW SWEEP ********************
- 1135114144 2005.12.20 tbird-sm1 Dec 20 13:29:04 src@tbird-sm1 ib_sm.x[24904]: [ib_sm_sweep.c:1455]: No topology change
- 1135114144 2005.12.20 tbird-sm1 Dec 20 13:29:04 src@tbird-sm1 ib_sm.x[24904]: [ib_sm_sweep.c:1482]: No configuration change required
- 1135114155 2005.12.20 tbird-sm1 Dec 20 13:29:15 src@tbird-sm1 ib_sm.x[24904]: [ib_sm_sweep.c:1831]: ********************** NEW SWEEP ********************
- 1135114158 2005.12.20 tbird-sm1 Dec 20 13:29:18 src@tbird-sm1 ib_sm.x[24904]: [ib_sm_sweep.c:1455]: No topology change
- 1135114158 2005.12.20 tbird-sm1 Dec 20 13:29:18 src@tbird-sm1 ib_sm.x[24904]: [ib_sm_sweep.c:1482]: No configuration change required
- 1135114169 2005.12.20 tbird-sm1 Dec 20 13:29:29 src@tbird-sm1 ib_sm.x[24904]: [ib_sm_sweep.c:1831]: ********************** NEW SWEEP ********************
- 1135114172 2005.12.20 tbird-sm1 Dec 20 13:29:32 src@tbird-sm1 ib_sm.x[24904]: [ib_sm_sweep.c:1455]: No topology change
- 1135114172 2005.12.20 tbird-sm1 Dec 20 13:29:32 src@tbird-sm1 ib_sm.x[24904]: [ib_sm_sweep.c:1482]: No configuration change required
- 1135114183 2005.12.20 tbird-sm1 Dec 20 13:29:43 src@tbird-sm1 ib_sm.x[24904]: [ib_sm_sweep.c:1831]: ********************** NEW SWEEP ********************
- 1135114186 2005.12.20 tbird-sm1 Dec 20 13:29:46 src@tbird-sm1 ib_sm.x[24904]: [ib_sm_sweep.c:1455]: No topology change
- 1135114186 2005.12.20 tbird-sm1 Dec 20 13:29:46 src@tbird-sm1 ib_sm.x[24904]: [ib_sm_sweep.c:1482]: No configuration change required
- 1135114197 2005.12.20 tbird-sm1 Dec 20 13:29:57 src@tbird-sm1 ib_sm.x[24904]: [ib_sm_sweep.c:1831]: ********************** NEW SWEEP ********************
- 1135114200 2005.12.20 tbird-sm1 Dec 20 13:30:00 src@tbird-sm1 ib_sm.x[24904]: [ib_sm_sweep.c:1455]: No topology change
- 1135114200 2005.12.20 tbird-sm1 Dec 20 13:30:00 src@tbird-sm1 ib_sm.x[24904]: [ib_sm_sweep.c:1482]: No configuration change required
- 1135114201 2005.12.20 tbird-admin1 Dec 20 13:30:01 local@tbird-admin1 crond(pam_unix)[11276]: session opened for user root by (uid=0)
- 1135114201 2005.12.20 tbird-admin1 Dec 20 13:30:01 local@tbird-admin1 crond[11278]: (root) CMD (/apps/contrib/check-disks aadmin[1-4],badmin[1-4],cadmin[1-4],dadmin[1-4],eadmin[1-2])
- 1135114202 2005.12.20 tbird-admin1 Dec 20 13:30:02 local@tbird-admin1 crond(pam_unix)[11276]: session closed for user root
- 1135114211 2005.12.20 tbird-sm1 Dec 20 13:30:11 src@tbird-sm1 ib_sm.x[24904]: [ib_sm_sweep.c:1831]: ********************** NEW SWEEP ********************
- 1135114214 2005.12.20 tbird-sm1 Dec 20 13:30:14 src@tbird-sm1 ib_sm.x[24904]: [ib_sm_sweep.c:1455]: No topology change
- 1135114214 2005.12.20 tbird-sm1 Dec 20 13:30:14 src@tbird-sm1 ib_sm.x[24904]: [ib_sm_sweep.c:1482]: No configuration change required
- 1135114225 2005.12.20 tbird-sm1 Dec 20 13:30:25 src@tbird-sm1 ib_sm.x[24904]: [ib_sm_sweep.c:1831]: ********************** NEW SWEEP ********************
- 1135114229 2005.12.20 tbird-sm1 Dec 20 13:30:29 src@tbird-sm1 ib_sm.x[24904]: [ib_sm_sweep.c:1455]: No topology change
- 1135114229 2005.12.20 tbird-sm1 Dec 20 13:30:29 src@tbird-sm1 ib_sm.x[24904]: [ib_sm_sweep.c:1482]: No configuration change required
- 1135114239 2005.12.20 tbird-sm1 Dec 20 13:30:39 src@tbird-sm1 ib_sm.x[24904]: [ib_sm_sweep.c:1831]: ********************** NEW SWEEP ********************
- 1135114242 2005.12.20 tbird-sm1 Dec 20 13:30:42 src@tbird-sm1 ib_sm.x[24904]: [ib_sm_sweep.c:1455]: No topology change
- 1135114242 2005.12.20 tbird-sm1 Dec 20 13:30:42 src@tbird-sm1 ib_sm.x[24904]: [ib_sm_sweep.c:1482]: No configuration change required
- 1135114253 2005.12.20 tbird-sm1 Dec 20 13:30:53 src@tbird-sm1 ib_sm.x[24904]: [ib_sm_sweep.c:1831]: ********************** NEW SWEEP ********************
- 1135114256 2005.12.20 tbird-sm1 Dec 20 13:30:56 src@tbird-sm1 ib_sm.x[24904]: [ib_sm_sweep.c:1455]: No topology change
- 1135114256 2005.12.20 tbird-sm1 Dec 20 13:30:56 src@tbird-sm1 ib_sm.x[24904]: [ib_sm_sweep.c:1482]: No configuration change required
- 1135114267 2005.12.20 tbird-sm1 Dec 20 13:31:07 src@tbird-sm1 ib_sm.x[24904]: [ib_sm_sweep.c:1831]: ********************** NEW SWEEP ********************
- 1135114270 2005.12.20 tbird-sm1 Dec 20 13:31:10 src@tbird-sm1 ib_sm.x[24904]: [ib_sm_sweep.c:1455]: No topology change
- 1135114270 2005.12.20 tbird-sm1 Dec 20 13:31:10 src@tbird-sm1 ib_sm.x[24904]: [ib_sm_sweep.c:1482]: No configuration change required
- 1135114281 2005.12.20 tbird-sm1 Dec 20 13:31:21 src@tbird-sm1 ib_sm.x[24904]: [ib_sm_sweep.c:1831]: ********************** NEW SWEEP ********************
- 1135114284 2005.12.20 tbird-sm1 Dec 20 13:31:24 src@tbird-sm1 ib_sm.x[24904]: [ib_sm_sweep.c:1455]: No topology change
- 1135114284 2005.12.20 tbird-sm1 Dec 20 13:31:24 src@tbird-sm1 ib_sm.x[24904]: [ib_sm_sweep.c:1482]: No configuration change required
- 1135114295 2005.12.20 tbird-sm1 Dec 20 13:31:35 src@tbird-sm1 ib_sm.x[24904]: [ib_sm_sweep.c:1831]: ********************** NEW SWEEP ********************
- 1135114298 2005.12.20 tbird-sm1 Dec 20 13:31:38 src@tbird-sm1 ib_sm.x[24904]: [ib_sm_sweep.c:1455]: No topology change
- 1135114298 2005.12.20 tbird-sm1 Dec 20 13:31:38 src@tbird-sm1 ib_sm.x[24904]: [ib_sm_sweep.c:1482]: No configuration change required
- 1135114309 2005.12.20 tbird-sm1 Dec 20 13:31:49 src@tbird-sm1 ib_sm.x[24904]: [ib_sm_sweep.c:1831]: ********************** NEW SWEEP ********************
- 1135114312 2005.12.20 tbird-sm1 Dec 20 13:31:52 src@tbird-sm1 ib_sm.x[24904]: [ib_sm_sweep.c:1455]: No topology change
- 1135114312 2005.12.20 tbird-sm1 Dec 20 13:31:52 src@tbird-sm1 ib_sm.x[24904]: [ib_sm_sweep.c:1482]: No configuration change required
- 1135114323 2005.12.20 tbird-sm1 Dec 20 13:32:03 src@tbird-sm1 ib_sm.x[24904]: [ib_sm_sweep.c:1831]: ********************** NEW SWEEP ********************
- 1135114326 2005.12.20 tbird-sm1 Dec 20 13:32:06 src@tbird-sm1 ib_sm.x[24904]: [ib_sm_sweep.c:1455]: No topology change
- 1135114326 2005.12.20 tbird-sm1 Dec 20 13:32:06 src@tbird-sm1 ib_sm.x[24904]: [ib_sm_sweep.c:1482]: No configuration change required
- 1135114337 2005.12.20 tbird-sm1 Dec 20 13:32:17 src@tbird-sm1 ib_sm.x[24904]: [ib_sm_sweep.c:1831]: ********************** NEW SWEEP ********************
- 1135114340 2005.12.20 tbird-sm1 Dec 20 13:32:20 src@tbird-sm1 ib_sm.x[24904]: [ib_sm_sweep.c:1455]: No topology change
- 1135114340 2005.12.20 tbird-sm1 Dec 20 13:32:20 src@tbird-sm1 ib_sm.x[24904]: [ib_sm_sweep.c:1482]: No configuration change required
- 1135114351 2005.12.20 tbird-sm1 Dec 20 13:32:31 src@tbird-sm1 ib_sm.x[24904]: [ib_sm_sweep.c:1831]: ********************** NEW SWEEP ********************
- 1135114354 2005.12.20 tbird-sm1 Dec 20 13:32:34 src@tbird-sm1 ib_sm.x[24904]: [ib_sm_sweep.c:1455]: No topology change
- 1135114354 2005.12.20 tbird-sm1 Dec 20 13:32:34 src@tbird-sm1 ib_sm.x[24904]: [ib_sm_sweep.c:1482]: No configuration change required
- 1135114365 2005.12.20 tbird-sm1 Dec 20 13:32:45 src@tbird-sm1 ib_sm.x[24904]: [ib_sm_sweep.c:1831]: ********************** NEW SWEEP ********************
- 1135114368 2005.12.20 tbird-sm1 Dec 20 13:32:48 src@tbird-sm1 ib_sm.x[24904]: [ib_sm_sweep.c:1455]: No topology change
- 1135114368 2005.12.20 tbird-sm1 Dec 20 13:32:48 src@tbird-sm1 ib_sm.x[24904]: [ib_sm_sweep.c:1482]: No configuration change required
- 1135114379 2005.12.20 tbird-sm1 Dec 20 13:32:59 src@tbird-sm1 ib_sm.x[24904]: [ib_sm_sweep.c:1831]: ********************** NEW SWEEP ********************
- 1135114382 2005.12.20 tbird-sm1 Dec 20 13:33:02 src@tbird-sm1 ib_sm.x[24904]: [ib_sm_sweep.c:1455]: No topology change
- 1135114382 2005.12.20 tbird-sm1 Dec 20 13:33:02 src@tbird-sm1 ib_sm.x[24904]: [ib_sm_sweep.c:1482]: No configuration change required
- 1135114393 2005.12.20 tbird-sm1 Dec 20 13:33:13 src@tbird-sm1 ib_sm.x[24904]: [ib_sm_sweep.c:1831]: ********************** NEW SWEEP ********************
- 1135114396 2005.12.20 tbird-sm1 Dec 20 13:33:16 src@tbird-sm1 ib_sm.x[24904]: [ib_sm_sweep.c:1455]: No topology change
- 1135114396 2005.12.20 tbird-sm1 Dec 20 13:33:16 src@tbird-sm1 ib_sm.x[24904]: [ib_sm_sweep.c:1482]: No configuration change required
- 1135114407 2005.12.20 tbird-sm1 Dec 20 13:33:27 src@tbird-sm1 ib_sm.x[24904]: [ib_sm_sweep.c:1831]: ********************** NEW SWEEP ********************
- 1135114410 2005.12.20 tbird-sm1 Dec 20 13:33:30 src@tbird-sm1 ib_sm.x[24904]: [ib_sm_sweep.c:1455]: No topology change
- 1135114410 2005.12.20 tbird-sm1 Dec 20 13:33:30 src@tbird-sm1 ib_sm.x[24904]: [ib_sm_sweep.c:1482]: No configuration change required
- 1135114421 2005.12.20 tbird-sm1 Dec 20 13:33:41 src@tbird-sm1 ib_sm.x[24904]: [ib_sm_sweep.c:1831]: ********************** NEW SWEEP ********************
- 1135114424 2005.12.20 tbird-sm1 Dec 20 13:33:44 src@tbird-sm1 ib_sm.x[24904]: [ib_sm_sweep.c:1455]: No topology change
- 1135114424 2005.12.20 tbird-sm1 Dec 20 13:33:44 src@tbird-sm1 ib_sm.x[24904]: [ib_sm_sweep.c:1482]: No configuration change required
- 1135114435 2005.12.20 tbird-sm1 Dec 20 13:33:55 src@tbird-sm1 ib_sm.x[24904]: [ib_sm_sweep.c:1831]: ********************** NEW SWEEP ********************
- 1135114438 2005.12.20 tbird-sm1 Dec 20 13:33:58 src@tbird-sm1 ib_sm.x[24904]: [ib_sm_sweep.c:1455]: No topology change
- 1135114438 2005.12.20 tbird-sm1 Dec 20 13:33:58 src@tbird-sm1 ib_sm.x[24904]: [ib_sm_sweep.c:1482]: No configuration change required
- 1135114449 2005.12.20 tbird-sm1 Dec 20 13:34:09 src@tbird-sm1 ib_sm.x[24904]: [ib_sm_sweep.c:1831]: ********************** NEW SWEEP ********************
- 1135114452 2005.12.20 tbird-sm1 Dec 20 13:34:12 src@tbird-sm1 ib_sm.x[24904]: [ib_sm_sweep.c:1455]: No topology change
- 1135114452 2005.12.20 tbird-sm1 Dec 20 13:34:12 src@tbird-sm1 ib_sm.x[24904]: [ib_sm_sweep.c:1482]: No configuration change required
- 1135114463 2005.12.20 tbird-sm1 Dec 20 13:34:23 src@tbird-sm1 ib_sm.x[24904]: [ib_sm_sweep.c:1831]: ********************** NEW SWEEP ********************
- 1135114466 2005.12.20 tbird-sm1 Dec 20 13:34:26 src@tbird-sm1 ib_sm.x[24904]: [ib_sm_sweep.c:1455]: No topology change
- 1135114466 2005.12.20 tbird-sm1 Dec 20 13:34:26 src@tbird-sm1 ib_sm.x[24904]: [ib_sm_sweep.c:1482]: No configuration change required
- 1135114477 2005.12.20 tbird-sm1 Dec 20 13:34:37 src@tbird-sm1 ib_sm.x[24904]: [ib_sm_sweep.c:1831]: ********************** NEW SWEEP ********************
- 1135114480 2005.12.20 tbird-sm1 Dec 20 13:34:40 src@tbird-sm1 ib_sm.x[24904]: [ib_sm_sweep.c:1455]: No topology change
- 1135114480 2005.12.20 tbird-sm1 Dec 20 13:34:40 src@tbird-sm1 ib_sm.x[24904]: [ib_sm_sweep.c:1482]: No configuration change required
- 1135114491 2005.12.20 tbird-sm1 Dec 20 13:34:51 src@tbird-sm1 ib_sm.x[24904]: [ib_sm_sweep.c:1831]: ********************** NEW SWEEP ********************
- 1135114494 2005.12.20 tbird-sm1 Dec 20 13:34:54 src@tbird-sm1 ib_sm.x[24904]: [ib_sm_sweep.c:1455]: No topology change
- 1135114494 2005.12.20 tbird-sm1 Dec 20 13:34:54 src@tbird-sm1 ib_sm.x[24904]: [ib_sm_sweep.c:1482]: No configuration change required
- 1135114505 2005.12.20 tbird-sm1 Dec 20 13:35:05 src@tbird-sm1 ib_sm.x[24904]: [ib_sm_sweep.c:1831]: ********************** NEW SWEEP ********************
- 1135114508 2005.12.20 tbird-sm1 Dec 20 13:35:08 src@tbird-sm1 ib_sm.x[24904]: [ib_sm_sweep.c:1455]: No topology change
- 1135114508 2005.12.20 tbird-sm1 Dec 20 13:35:08 src@tbird-sm1 ib_sm.x[24904]: [ib_sm_sweep.c:1482]: No configuration change required
- 1135114519 2005.12.20 tbird-sm1 Dec 20 13:35:19 src@tbird-sm1 ib_sm.x[24904]: [ib_sm_sweep.c:1831]: ********************** NEW SWEEP ********************
- 1135114522 2005.12.20 tbird-sm1 Dec 20 13:35:22 src@tbird-sm1 ib_sm.x[24904]: [ib_sm_sweep.c:1455]: No topology change
- 1135114522 2005.12.20 tbird-sm1 Dec 20 13:35:22 src@tbird-sm1 ib_sm.x[24904]: [ib_sm_sweep.c:1482]: No configuration change required
- 1135114533 2005.12.20 tbird-sm1 Dec 20 13:35:33 src@tbird-sm1 ib_sm.x[24904]: [ib_sm_sweep.c:1831]: ********************** NEW SWEEP ********************
- 1135114536 2005.12.20 tbird-sm1 Dec 20 13:35:36 src@tbird-sm1 ib_sm.x[24904]: [ib_sm_sweep.c:1455]: No topology change
- 1135114536 2005.12.20 tbird-sm1 Dec 20 13:35:36 src@tbird-sm1 ib_sm.x[24904]: [ib_sm_sweep.c:1482]: No configuration change required
- 1135114547 2005.12.20 tbird-sm1 Dec 20 13:35:47 src@tbird-sm1 ib_sm.x[24904]: [ib_sm_sweep.c:1831]: ********************** NEW SWEEP ********************
- 1135114550 2005.12.20 tbird-sm1 Dec 20 13:35:50 src@tbird-sm1 ib_sm.x[24904]: [ib_sm_sweep.c:1455]: No topology change
- 1135114550 2005.12.20 tbird-sm1 Dec 20 13:35:50 src@tbird-sm1 ib_sm.x[24904]: [ib_sm_sweep.c:1482]: No configuration change required
- 1135114561 2005.12.20 tbird-sm1 Dec 20 13:36:01 src@tbird-sm1 ib_sm.x[24904]: [ib_sm_sweep.c:1831]: ********************** NEW SWEEP ********************
- 1135114564 2005.12.20 tbird-sm1 Dec 20 13:36:04 src@tbird-sm1 ib_sm.x[24904]: [ib_sm_sweep.c:1455]: No topology change
- 1135114564 2005.12.20 tbird-sm1 Dec 20 13:36:04 src@tbird-sm1 ib_sm.x[24904]: [ib_sm_sweep.c:1482]: No configuration change required
- 1135114575 2005.12.20 tbird-sm1 Dec 20 13:36:15 src@tbird-sm1 ib_sm.x[24904]: [ib_sm_sweep.c:1831]: ********************** NEW SWEEP ********************
- 1135114578 2005.12.20 tbird-sm1 Dec 20 13:36:18 src@tbird-sm1 ib_sm.x[24904]: [ib_sm_sweep.c:1455]: No topology change
- 1135114578 2005.12.20 tbird-sm1 Dec 20 13:36:18 src@tbird-sm1 ib_sm.x[24904]: [ib_sm_sweep.c:1482]: No configuration change required
- 1135114589 2005.12.20 tbird-sm1 Dec 20 13:36:29 src@tbird-sm1 ib_sm.x[24904]: [ib_sm_sweep.c:1831]: ********************** NEW SWEEP ********************
- 1135114592 2005.12.20 tbird-sm1 Dec 20 13:36:32 src@tbird-sm1 ib_sm.x[24904]: [ib_sm_sweep.c:1455]: No topology change
- 1135114592 2005.12.20 tbird-sm1 Dec 20 13:36:32 src@tbird-sm1 ib_sm.x[24904]: [ib_sm_sweep.c:1482]: No configuration change required
- 1135114603 2005.12.20 tbird-sm1 Dec 20 13:36:43 src@tbird-sm1 ib_sm.x[24904]: [ib_sm_sweep.c:1831]: ********************** NEW SWEEP ********************
- 1135114606 2005.12.20 tbird-sm1 Dec 20 13:36:46 src@tbird-sm1 ib_sm.x[24904]: [ib_sm_sweep.c:1455]: No topology change
- 1135114606 2005.12.20 tbird-sm1 Dec 20 13:36:46 src@tbird-sm1 ib_sm.x[24904]: [ib_sm_sweep.c:1482]: No configuration change required
- 1135114617 2005.12.20 tbird-sm1 Dec 20 13:36:57 src@tbird-sm1 ib_sm.x[24904]: [ib_sm_sweep.c:1831]: ********************** NEW SWEEP ********************
- 1135114620 2005.12.20 tbird-sm1 Dec 20 13:37:00 src@tbird-sm1 ib_sm.x[24904]: [ib_sm_sweep.c:1455]: No topology change
- 1135114620 2005.12.20 tbird-sm1 Dec 20 13:37:00 src@tbird-sm1 ib_sm.x[24904]: [ib_sm_sweep.c:1482]: No configuration change required
- 1135114631 2005.12.20 tbird-sm1 Dec 20 13:37:11 src@tbird-sm1 ib_sm.x[24904]: [ib_sm_sweep.c:1831]: ********************** NEW SWEEP ********************
- 1135114634 2005.12.20 tbird-sm1 Dec 20 13:37:14 src@tbird-sm1 ib_sm.x[24904]: [ib_sm_sweep.c:1455]: No topology change
- 1135114634 2005.12.20 tbird-sm1 Dec 20 13:37:14 src@tbird-sm1 ib_sm.x[24904]: [ib_sm_sweep.c:1482]: No configuration change required
- 1135114645 2005.12.20 tbird-sm1 Dec 20 13:37:25 src@tbird-sm1 ib_sm.x[24904]: [ib_sm_sweep.c:1831]: ********************** NEW SWEEP ********************
- 1135114648 2005.12.20 tbird-sm1 Dec 20 13:37:28 src@tbird-sm1 ib_sm.x[24904]: [ib_sm_sweep.c:1455]: No topology change
- 1135114648 2005.12.20 tbird-sm1 Dec 20 13:37:28 src@tbird-sm1 ib_sm.x[24904]: [ib_sm_sweep.c:1482]: No configuration change required
- 1135114659 2005.12.20 tbird-sm1 Dec 20 13:37:39 src@tbird-sm1 ib_sm.x[24904]: [ib_sm_sweep.c:1831]: ********************** NEW SWEEP ********************
- 1135114662 2005.12.20 tbird-sm1 Dec 20 13:37:42 src@tbird-sm1 ib_sm.x[24904]: [ib_sm_sweep.c:1455]: No topology change
- 1135114662 2005.12.20 tbird-sm1 Dec 20 13:37:42 src@tbird-sm1 ib_sm.x[24904]: [ib_sm_sweep.c:1482]: No configuration change required
- 1135114673 2005.12.20 tbird-sm1 Dec 20 13:37:53 src@tbird-sm1 ib_sm.x[24904]: [ib_sm_sweep.c:1831]: ********************** NEW SWEEP ********************
- 1135114676 2005.12.20 tbird-sm1 Dec 20 13:37:56 src@tbird-sm1 ib_sm.x[24904]: [ib_sm_sweep.c:1455]: No topology change
- 1135114676 2005.12.20 tbird-sm1 Dec 20 13:37:56 src@tbird-sm1 ib_sm.x[24904]: [ib_sm_sweep.c:1482]: No configuration change required
- 1135114687 2005.12.20 tbird-sm1 Dec 20 13:38:07 src@tbird-sm1 ib_sm.x[24904]: [ib_sm_sweep.c:1831]: ********************** NEW SWEEP ********************
- 1135114690 2005.12.20 tbird-sm1 Dec 20 13:38:10 src@tbird-sm1 ib_sm.x[24904]: [ib_sm_sweep.c:1455]: No topology change
- 1135114690 2005.12.20 tbird-sm1 Dec 20 13:38:10 src@tbird-sm1 ib_sm.x[24904]: [ib_sm_sweep.c:1482]: No configuration change required
- 1135114701 2005.12.20 tbird-sm1 Dec 20 13:38:21 src@tbird-sm1 ib_sm.x[24904]: [ib_sm_sweep.c:1831]: ********************** NEW SWEEP ********************
- 1135114704 2005.12.20 tbird-sm1 Dec 20 13:38:24 src@tbird-sm1 ib_sm.x[24904]: [ib_sm_sweep.c:1455]: No topology change
- 1135114704 2005.12.20 tbird-sm1 Dec 20 13:38:24 src@tbird-sm1 ib_sm.x[24904]: [ib_sm_sweep.c:1482]: No configuration change required
- 1135114715 2005.12.20 tbird-sm1 Dec 20 13:38:35 src@tbird-sm1 ib_sm.x[24904]: [ib_sm_sweep.c:1831]: ********************** NEW SWEEP ********************
- 1135114718 2005.12.20 tbird-sm1 Dec 20 13:38:38 src@tbird-sm1 ib_sm.x[24904]: [ib_sm_sweep.c:1455]: No topology change
- 1135114718 2005.12.20 tbird-sm1 Dec 20 13:38:38 src@tbird-sm1 ib_sm.x[24904]: [ib_sm_sweep.c:1482]: No configuration change required
- 1135114729 2005.12.20 tbird-sm1 Dec 20 13:38:49 src@tbird-sm1 ib_sm.x[24904]: [ib_sm_sweep.c:1831]: ********************** NEW SWEEP ********************
- 1135114732 2005.12.20 tbird-sm1 Dec 20 13:38:52 src@tbird-sm1 ib_sm.x[24904]: [ib_sm_sweep.c:1455]: No topology change
- 1135114732 2005.12.20 tbird-sm1 Dec 20 13:38:52 src@tbird-sm1 ib_sm.x[24904]: [ib_sm_sweep.c:1482]: No configuration change required
- 1135114743 2005.12.20 tbird-sm1 Dec 20 13:39:03 src@tbird-sm1 ib_sm.x[24904]: [ib_sm_sweep.c:1831]: ********************** NEW SWEEP ********************
- 1135114746 2005.12.20 tbird-sm1 Dec 20 13:39:06 src@tbird-sm1 ib_sm.x[24904]: [ib_sm_sweep.c:1455]: No topology change
- 1135114746 2005.12.20 tbird-sm1 Dec 20 13:39:06 src@tbird-sm1 ib_sm.x[24904]: [ib_sm_sweep.c:1482]: No configuration change required
- 1135114757 2005.12.20 tbird-sm1 Dec 20 13:39:17 src@tbird-sm1 ib_sm.x[24904]: [ib_sm_sweep.c:1831]: ********************** NEW SWEEP ********************
- 1135114760 2005.12.20 tbird-sm1 Dec 20 13:39:20 src@tbird-sm1 ib_sm.x[24904]: [ib_sm_sweep.c:1455]: No topology change
- 1135114760 2005.12.20 tbird-sm1 Dec 20 13:39:20 src@tbird-sm1 ib_sm.x[24904]: [ib_sm_sweep.c:1482]: No configuration change required
- 1135114771 2005.12.20 tbird-sm1 Dec 20 13:39:31 src@tbird-sm1 ib_sm.x[24904]: [ib_sm_sweep.c:1831]: ********************** NEW SWEEP ********************
- 1135114774 2005.12.20 tbird-sm1 Dec 20 13:39:34 src@tbird-sm1 ib_sm.x[24904]: [ib_sm_sweep.c:1455]: No topology change
- 1135114774 2005.12.20 tbird-sm1 Dec 20 13:39:34 src@tbird-sm1 ib_sm.x[24904]: [ib_sm_sweep.c:1482]: No configuration change required
- 1135114785 2005.12.20 tbird-sm1 Dec 20 13:39:45 src@tbird-sm1 ib_sm.x[24904]: [ib_sm_sweep.c:1831]: ********************** NEW SWEEP ********************
- 1135114788 2005.12.20 tbird-sm1 Dec 20 13:39:48 src@tbird-sm1 ib_sm.x[24904]: [ib_sm_sweep.c:1455]: No topology change
- 1135114788 2005.12.20 tbird-sm1 Dec 20 13:39:48 src@tbird-sm1 ib_sm.x[24904]: [ib_sm_sweep.c:1482]: No configuration change required
- 1135114799 2005.12.20 tbird-sm1 Dec 20 13:39:59 src@tbird-sm1 ib_sm.x[24904]: [ib_sm_sweep.c:1831]: ********************** NEW SWEEP ********************
- 1135114801 2005.12.20 tbird-admin1 Dec 20 13:40:01 local@tbird-admin1 crond(pam_unix)[11462]: session opened for user root by (uid=0)
- 1135114801 2005.12.20 tbird-admin1 Dec 20 13:40:01 local@tbird-admin1 crond[11463]: (root) CMD (/apps/contrib/check-disks aadmin[1-4],badmin[1-4],cadmin[1-4],dadmin[1-4],eadmin[1-2])
- 1135114802 2005.12.20 tbird-admin1 Dec 20 13:40:02 local@tbird-admin1 crond(pam_unix)[11462]: session closed for user root
- 1135114802 2005.12.20 tbird-sm1 Dec 20 13:40:02 src@tbird-sm1 ib_sm.x[24904]: [ib_sm_sweep.c:1455]: No topology change
- 1135114802 2005.12.20 tbird-sm1 Dec 20 13:40:02 src@tbird-sm1 ib_sm.x[24904]: [ib_sm_sweep.c:1482]: No configuration change required
- 1135114813 2005.12.20 tbird-sm1 Dec 20 13:40:13 src@tbird-sm1 ib_sm.x[24904]: [ib_sm_sweep.c:1831]: ********************** NEW SWEEP ********************
- 1135114816 2005.12.20 tbird-sm1 Dec 20 13:40:16 src@tbird-sm1 ib_sm.x[24904]: [ib_sm_sweep.c:1455]: No topology change
- 1135114816 2005.12.20 tbird-sm1 Dec 20 13:40:16 src@tbird-sm1 ib_sm.x[24904]: [ib_sm_sweep.c:1482]: No configuration change required
- 1135114827 2005.12.20 tbird-sm1 Dec 20 13:40:27 src@tbird-sm1 ib_sm.x[24904]: [ib_sm_sweep.c:1831]: ********************** NEW SWEEP ********************
- 1135114830 2005.12.20 tbird-sm1 Dec 20 13:40:30 src@tbird-sm1 ib_sm.x[24904]: [ib_sm_sweep.c:1455]: No topology change
- 1135114830 2005.12.20 tbird-sm1 Dec 20 13:40:30 src@tbird-sm1 ib_sm.x[24904]: [ib_sm_sweep.c:1482]: No configuration change required
- 1135114841 2005.12.20 tbird-sm1 Dec 20 13:40:41 src@tbird-sm1 ib_sm.x[24904]: [ib_sm_sweep.c:1831]: ********************** NEW SWEEP ********************
- 1135114844 2005.12.20 tbird-sm1 Dec 20 13:40:44 src@tbird-sm1 ib_sm.x[24904]: [ib_sm_sweep.c:1455]: No topology change
- 1135114844 2005.12.20 tbird-sm1 Dec 20 13:40:44 src@tbird-sm1 ib_sm.x[24904]: [ib_sm_sweep.c:1482]: No configuration change required
- 1135114855 2005.12.20 tbird-sm1 Dec 20 13:40:55 src@tbird-sm1 ib_sm.x[24904]: [ib_sm_sweep.c:1831]: ********************** NEW SWEEP ********************
- 1135114858 2005.12.20 tbird-sm1 Dec 20 13:40:58 src@tbird-sm1 ib_sm.x[24904]: [ib_sm_sweep.c:1455]: No topology change
- 1135114858 2005.12.20 tbird-sm1 Dec 20 13:40:58 src@tbird-sm1 ib_sm.x[24904]: [ib_sm_sweep.c:1482]: No configuration change required
- 1135114869 2005.12.20 tbird-sm1 Dec 20 13:41:09 src@tbird-sm1 ib_sm.x[24904]: [ib_sm_sweep.c:1831]: ********************** NEW SWEEP ********************
- 1135114872 2005.12.20 tbird-sm1 Dec 20 13:41:12 src@tbird-sm1 ib_sm.x[24904]: [ib_sm_sweep.c:1455]: No topology change
- 1135114872 2005.12.20 tbird-sm1 Dec 20 13:41:12 src@tbird-sm1 ib_sm.x[24904]: [ib_sm_sweep.c:1482]: No configuration change required
- 1135114883 2005.12.20 tbird-sm1 Dec 20 13:41:23 src@tbird-sm1 ib_sm.x[24904]: [ib_sm_sweep.c:1831]: ********************** NEW SWEEP ********************
- 1135114886 2005.12.20 tbird-sm1 Dec 20 13:41:26 src@tbird-sm1 ib_sm.x[24904]: [ib_sm_sweep.c:1455]: No topology change
- 1135114886 2005.12.20 tbird-sm1 Dec 20 13:41:26 src@tbird-sm1 ib_sm.x[24904]: [ib_sm_sweep.c:1482]: No configuration change required
- 1135114897 2005.12.20 tbird-sm1 Dec 20 13:41:37 src@tbird-sm1 ib_sm.x[24904]: [ib_sm_sweep.c:1831]: ********************** NEW SWEEP ********************
- 1135114900 2005.12.20 tbird-sm1 Dec 20 13:41:40 src@tbird-sm1 ib_sm.x[24904]: [ib_sm_sweep.c:1455]: No topology change
- 1135114900 2005.12.20 tbird-sm1 Dec 20 13:41:40 src@tbird-sm1 ib_sm.x[24904]: [ib_sm_sweep.c:1482]: No configuration change required
- 1135114911 2005.12.20 tbird-sm1 Dec 20 13:41:51 src@tbird-sm1 ib_sm.x[24904]: [ib_sm_sweep.c:1831]: ********************** NEW SWEEP ********************
- 1135114914 2005.12.20 tbird-sm1 Dec 20 13:41:54 src@tbird-sm1 ib_sm.x[24904]: [ib_sm_sweep.c:1455]: No topology change
- 1135114914 2005.12.20 tbird-sm1 Dec 20 13:41:54 src@tbird-sm1 ib_sm.x[24904]: [ib_sm_sweep.c:1482]: No configuration change required
- 1135114925 2005.12.20 tbird-sm1 Dec 20 13:42:05 src@tbird-sm1 ib_sm.x[24904]: [ib_sm_sweep.c:1831]: ********************** NEW SWEEP ********************
- 1135114928 2005.12.20 tbird-sm1 Dec 20 13:42:08 src@tbird-sm1 ib_sm.x[24904]: [ib_sm_sweep.c:1455]: No topology change
- 1135114928 2005.12.20 tbird-sm1 Dec 20 13:42:08 src@tbird-sm1 ib_sm.x[24904]: [ib_sm_sweep.c:1482]: No configuration change required
- 1135114939 2005.12.20 tbird-sm1 Dec 20 13:42:19 src@tbird-sm1 ib_sm.x[24904]: [ib_sm_sweep.c:1831]: ********************** NEW SWEEP ********************
- 1135114942 2005.12.20 tbird-sm1 Dec 20 13:42:22 src@tbird-sm1 ib_sm.x[24904]: [ib_sm_sweep.c:1455]: No topology change
- 1135114942 2005.12.20 tbird-sm1 Dec 20 13:42:22 src@tbird-sm1 ib_sm.x[24904]: [ib_sm_sweep.c:1482]: No configuration change required
- 1135114953 2005.12.20 tbird-sm1 Dec 20 13:42:33 src@tbird-sm1 ib_sm.x[24904]: [ib_sm_sweep.c:1831]: ********************** NEW SWEEP ********************
- 1135114956 2005.12.20 tbird-sm1 Dec 20 13:42:36 src@tbird-sm1 ib_sm.x[24904]: [ib_sm_sweep.c:1455]: No topology change
- 1135114956 2005.12.20 tbird-sm1 Dec 20 13:42:36 src@tbird-sm1 ib_sm.x[24904]: [ib_sm_sweep.c:1482]: No configuration change required
- 1135114967 2005.12.20 tbird-sm1 Dec 20 13:42:47 src@tbird-sm1 ib_sm.x[24904]: [ib_sm_sweep.c:1831]: ********************** NEW SWEEP ********************
- 1135114970 2005.12.20 tbird-sm1 Dec 20 13:42:50 src@tbird-sm1 ib_sm.x[24904]: [ib_sm_sweep.c:1455]: No topology change
- 1135114970 2005.12.20 tbird-sm1 Dec 20 13:42:50 src@tbird-sm1 ib_sm.x[24904]: [ib_sm_sweep.c:1482]: No configuration change required
- 1135114981 2005.12.20 tbird-sm1 Dec 20 13:43:01 src@tbird-sm1 ib_sm.x[24904]: [ib_sm_sweep.c:1831]: ********************** NEW SWEEP ********************
- 1135114984 2005.12.20 tbird-sm1 Dec 20 13:43:04 src@tbird-sm1 ib_sm.x[24904]: [ib_sm_sweep.c:1455]: No topology change
- 1135114984 2005.12.20 tbird-sm1 Dec 20 13:43:04 src@tbird-sm1 ib_sm.x[24904]: [ib_sm_sweep.c:1482]: No configuration change required
- 1135114995 2005.12.20 tbird-sm1 Dec 20 13:43:15 src@tbird-sm1 ib_sm.x[24904]: [ib_sm_sweep.c:1831]: ********************** NEW SWEEP ********************
- 1135114998 2005.12.20 tbird-sm1 Dec 20 13:43:18 src@tbird-sm1 ib_sm.x[24904]: [ib_sm_sweep.c:1455]: No topology change
- 1135114998 2005.12.20 tbird-sm1 Dec 20 13:43:18 src@tbird-sm1 ib_sm.x[24904]: [ib_sm_sweep.c:1482]: No configuration change required
- 1135115009 2005.12.20 tbird-sm1 Dec 20 13:43:29 src@tbird-sm1 ib_sm.x[24904]: [ib_sm_sweep.c:1831]: ********************** NEW SWEEP ********************
- 1135115012 2005.12.20 tbird-sm1 Dec 20 13:43:32 src@tbird-sm1 ib_sm.x[24904]: [ib_sm_sweep.c:1455]: No topology change
- 1135115012 2005.12.20 tbird-sm1 Dec 20 13:43:32 src@tbird-sm1 ib_sm.x[24904]: [ib_sm_sweep.c:1482]: No configuration change required
- 1135115023 2005.12.20 tbird-sm1 Dec 20 13:43:43 src@tbird-sm1 ib_sm.x[24904]: [ib_sm_sweep.c:1831]: ********************** NEW SWEEP ********************
- 1135115026 2005.12.20 tbird-sm1 Dec 20 13:43:46 src@tbird-sm1 ib_sm.x[24904]: [ib_sm_sweep.c:1455]: No topology change
- 1135115026 2005.12.20 tbird-sm1 Dec 20 13:43:46 src@tbird-sm1 ib_sm.x[24904]: [ib_sm_sweep.c:1482]: No configuration change required
- 1135115037 2005.12.20 tbird-sm1 Dec 20 13:43:57 src@tbird-sm1 ib_sm.x[24904]: [ib_sm_sweep.c:1831]: ********************** NEW SWEEP ********************
- 1135115040 2005.12.20 tbird-sm1 Dec 20 13:44:00 src@tbird-sm1 ib_sm.x[24904]: [ib_sm_sweep.c:1455]: No topology change
- 1135115040 2005.12.20 tbird-sm1 Dec 20 13:44:00 src@tbird-sm1 ib_sm.x[24904]: [ib_sm_sweep.c:1482]: No configuration change required
- 1135115051 2005.12.20 tbird-sm1 Dec 20 13:44:11 src@tbird-sm1 ib_sm.x[24904]: [ib_sm_sweep.c:1831]: ********************** NEW SWEEP ********************
- 1135115054 2005.12.20 tbird-sm1 Dec 20 13:44:14 src@tbird-sm1 ib_sm.x[24904]: [ib_sm_sweep.c:1455]: No topology change
- 1135115054 2005.12.20 tbird-sm1 Dec 20 13:44:14 src@tbird-sm1 ib_sm.x[24904]: [ib_sm_sweep.c:1482]: No configuration change required
- 1135115065 2005.12.20 tbird-sm1 Dec 20 13:44:25 src@tbird-sm1 ib_sm.x[24904]: [ib_sm_sweep.c:1831]: ********************** NEW SWEEP ********************
- 1135115068 2005.12.20 tbird-sm1 Dec 20 13:44:28 src@tbird-sm1 ib_sm.x[24904]: [ib_sm_sweep.c:1455]: No topology change
- 1135115068 2005.12.20 tbird-sm1 Dec 20 13:44:28 src@tbird-sm1 ib_sm.x[24904]: [ib_sm_sweep.c:1482]: No configuration change required
- 1135115079 2005.12.20 tbird-sm1 Dec 20 13:44:39 src@tbird-sm1 ib_sm.x[24904]: [ib_sm_sweep.c:1831]: ********************** NEW SWEEP ********************
- 1135115082 2005.12.20 tbird-sm1 Dec 20 13:44:42 src@tbird-sm1 ib_sm.x[24904]: [ib_sm_sweep.c:1455]: No topology change
- 1135115082 2005.12.20 tbird-sm1 Dec 20 13:44:42 src@tbird-sm1 ib_sm.x[24904]: [ib_sm_sweep.c:1482]: No configuration change required
- 1135115093 2005.12.20 tbird-sm1 Dec 20 13:44:53 src@tbird-sm1 ib_sm.x[24904]: [ib_sm_sweep.c:1831]: ********************** NEW SWEEP ********************
- 1135115096 2005.12.20 tbird-sm1 Dec 20 13:44:56 src@tbird-sm1 ib_sm.x[24904]: [ib_sm_sweep.c:1455]: No topology change
- 1135115096 2005.12.20 tbird-sm1 Dec 20 13:44:56 src@tbird-sm1 ib_sm.x[24904]: [ib_sm_sweep.c:1482]: No configuration change required
- 1135115107 2005.12.20 tbird-sm1 Dec 20 13:45:07 src@tbird-sm1 ib_sm.x[24904]: [ib_sm_sweep.c:1831]: ********************** NEW SWEEP ********************
- 1135115110 2005.12.20 tbird-sm1 Dec 20 13:45:10 src@tbird-sm1 ib_sm.x[24904]: [ib_sm_sweep.c:1455]: No topology change
- 1135115110 2005.12.20 tbird-sm1 Dec 20 13:45:10 src@tbird-sm1 ib_sm.x[24904]: [ib_sm_sweep.c:1482]: No configuration change required
- 1135115121 2005.12.20 tbird-sm1 Dec 20 13:45:21 src@tbird-sm1 ib_sm.x[24904]: [ib_sm_sweep.c:1831]: ********************** NEW SWEEP ********************
- 1135115124 2005.12.20 tbird-sm1 Dec 20 13:45:24 src@tbird-sm1 ib_sm.x[24904]: [ib_sm_sweep.c:1455]: No topology change
- 1135115124 2005.12.20 tbird-sm1 Dec 20 13:45:24 src@tbird-sm1 ib_sm.x[24904]: [ib_sm_sweep.c:1482]: No configuration change required
- 1135115135 2005.12.20 tbird-sm1 Dec 20 13:45:35 src@tbird-sm1 ib_sm.x[24904]: [ib_sm_sweep.c:1831]: ********************** NEW SWEEP ********************
- 1135115138 2005.12.20 tbird-sm1 Dec 20 13:45:38 src@tbird-sm1 ib_sm.x[24904]: [ib_sm_sweep.c:1455]: No topology change
- 1135115138 2005.12.20 tbird-sm1 Dec 20 13:45:38 src@tbird-sm1 ib_sm.x[24904]: [ib_sm_sweep.c:1482]: No configuration change required
- 1135115149 2005.12.20 tbird-sm1 Dec 20 13:45:49 src@tbird-sm1 ib_sm.x[24904]: [ib_sm_sweep.c:1831]: ********************** NEW SWEEP ********************
- 1135115152 2005.12.20 tbird-sm1 Dec 20 13:45:52 src@tbird-sm1 ib_sm.x[24904]: [ib_sm_sweep.c:1455]: No topology change
- 1135115152 2005.12.20 tbird-sm1 Dec 20 13:45:52 src@tbird-sm1 ib_sm.x[24904]: [ib_sm_sweep.c:1482]: No configuration change required
- 1135115163 2005.12.20 tbird-sm1 Dec 20 13:46:03 src@tbird-sm1 ib_sm.x[24904]: [ib_sm_sweep.c:1831]: ********************** NEW SWEEP ********************
- 1135115166 2005.12.20 tbird-sm1 Dec 20 13:46:06 src@tbird-sm1 ib_sm.x[24904]: [ib_sm_sweep.c:1455]: No topology change
- 1135115166 2005.12.20 tbird-sm1 Dec 20 13:46:06 src@tbird-sm1 ib_sm.x[24904]: [ib_sm_sweep.c:1482]: No configuration change required
- 1135115177 2005.12.20 tbird-sm1 Dec 20 13:46:17 src@tbird-sm1 ib_sm.x[24904]: [ib_sm_sweep.c:1831]: ********************** NEW SWEEP ********************
- 1135115180 2005.12.20 tbird-sm1 Dec 20 13:46:20 src@tbird-sm1 ib_sm.x[24904]: [ib_sm_sweep.c:1455]: No topology change
- 1135115180 2005.12.20 tbird-sm1 Dec 20 13:46:20 src@tbird-sm1 ib_sm.x[24904]: [ib_sm_sweep.c:1482]: No configuration change required
- 1135115191 2005.12.20 tbird-sm1 Dec 20 13:46:31 src@tbird-sm1 ib_sm.x[24904]: [ib_sm_sweep.c:1831]: ********************** NEW SWEEP ********************
- 1135115194 2005.12.20 tbird-sm1 Dec 20 13:46:34 src@tbird-sm1 ib_sm.x[24904]: [ib_sm_sweep.c:1455]: No topology change
- 1135115194 2005.12.20 tbird-sm1 Dec 20 13:46:34 src@tbird-sm1 ib_sm.x[24904]: [ib_sm_sweep.c:1482]: No configuration change required
- 1135115205 2005.12.20 tbird-sm1 Dec 20 13:46:45 src@tbird-sm1 ib_sm.x[24904]: [ib_sm_sweep.c:1831]: ********************** NEW SWEEP ********************
- 1135115208 2005.12.20 tbird-sm1 Dec 20 13:46:48 src@tbird-sm1 ib_sm.x[24904]: [ib_sm_sweep.c:1455]: No topology change
- 1135115208 2005.12.20 tbird-sm1 Dec 20 13:46:48 src@tbird-sm1 ib_sm.x[24904]: [ib_sm_sweep.c:1482]: No configuration change required
- 1135115219 2005.12.20 tbird-sm1 Dec 20 13:46:59 src@tbird-sm1 ib_sm.x[24904]: [ib_sm_sweep.c:1831]: ********************** NEW SWEEP ********************
- 1135115222 2005.12.20 tbird-sm1 Dec 20 13:47:02 src@tbird-sm1 ib_sm.x[24904]: [ib_sm_sweep.c:1455]: No topology change
- 1135115222 2005.12.20 tbird-sm1 Dec 20 13:47:02 src@tbird-sm1 ib_sm.x[24904]: [ib_sm_sweep.c:1482]: No configuration change required
- 1135115233 2005.12.20 tbird-sm1 Dec 20 13:47:13 src@tbird-sm1 ib_sm.x[24904]: [ib_sm_sweep.c:1831]: ********************** NEW SWEEP ********************
- 1135115236 2005.12.20 tbird-sm1 Dec 20 13:47:16 src@tbird-sm1 ib_sm.x[24904]: [ib_sm_sweep.c:1455]: No topology change
- 1135115236 2005.12.20 tbird-sm1 Dec 20 13:47:16 src@tbird-sm1 ib_sm.x[24904]: [ib_sm_sweep.c:1482]: No configuration change required
- 1135115247 2005.12.20 tbird-sm1 Dec 20 13:47:27 src@tbird-sm1 ib_sm.x[24904]: [ib_sm_sweep.c:1831]: ********************** NEW SWEEP ********************
- 1135115250 2005.12.20 tbird-sm1 Dec 20 13:47:30 src@tbird-sm1 ib_sm.x[24904]: [ib_sm_sweep.c:1455]: No topology change
- 1135115250 2005.12.20 tbird-sm1 Dec 20 13:47:30 src@tbird-sm1 ib_sm.x[24904]: [ib_sm_sweep.c:1482]: No configuration change required
- 1135115261 2005.12.20 tbird-sm1 Dec 20 13:47:41 src@tbird-sm1 ib_sm.x[24904]: [ib_sm_sweep.c:1831]: ********************** NEW SWEEP ********************
- 1135115264 2005.12.20 tbird-sm1 Dec 20 13:47:44 src@tbird-sm1 ib_sm.x[24904]: [ib_sm_sweep.c:1455]: No topology change
- 1135115264 2005.12.20 tbird-sm1 Dec 20 13:47:44 src@tbird-sm1 ib_sm.x[24904]: [ib_sm_sweep.c:1482]: No configuration change required
- 1135115275 2005.12.20 tbird-sm1 Dec 20 13:47:55 src@tbird-sm1 ib_sm.x[24904]: [ib_sm_sweep.c:1831]: ********************** NEW SWEEP ********************
- 1135115278 2005.12.20 tbird-sm1 Dec 20 13:47:58 src@tbird-sm1 ib_sm.x[24904]: [ib_sm_sweep.c:1455]: No topology change
- 1135115278 2005.12.20 tbird-sm1 Dec 20 13:47:58 src@tbird-sm1 ib_sm.x[24904]: [ib_sm_sweep.c:1482]: No configuration change required
- 1135115289 2005.12.20 tbird-sm1 Dec 20 13:48:09 src@tbird-sm1 ib_sm.x[24904]: [ib_sm_sweep.c:1831]: ********************** NEW SWEEP ********************
- 1135115292 2005.12.20 tbird-sm1 Dec 20 13:48:12 src@tbird-sm1 ib_sm.x[24904]: [ib_sm_sweep.c:1455]: No topology change
- 1135115292 2005.12.20 tbird-sm1 Dec 20 13:48:12 src@tbird-sm1 ib_sm.x[24904]: [ib_sm_sweep.c:1482]: No configuration change required
- 1135115303 2005.12.20 tbird-sm1 Dec 20 13:48:23 src@tbird-sm1 ib_sm.x[24904]: [ib_sm_sweep.c:1831]: ********************** NEW SWEEP ********************
- 1135115306 2005.12.20 tbird-sm1 Dec 20 13:48:26 src@tbird-sm1 ib_sm.x[24904]: [ib_sm_sweep.c:1455]: No topology change
- 1135115306 2005.12.20 tbird-sm1 Dec 20 13:48:26 src@tbird-sm1 ib_sm.x[24904]: [ib_sm_sweep.c:1482]: No configuration change required
- 1135115317 2005.12.20 tbird-sm1 Dec 20 13:48:37 src@tbird-sm1 ib_sm.x[24904]: [ib_sm_sweep.c:1831]: ********************** NEW SWEEP ********************
- 1135115320 2005.12.20 tbird-sm1 Dec 20 13:48:40 src@tbird-sm1 ib_sm.x[24904]: [ib_sm_sweep.c:1455]: No topology change
- 1135115320 2005.12.20 tbird-sm1 Dec 20 13:48:40 src@tbird-sm1 ib_sm.x[24904]: [ib_sm_sweep.c:1482]: No configuration change required
- 1135115331 2005.12.20 tbird-sm1 Dec 20 13:48:51 src@tbird-sm1 ib_sm.x[24904]: [ib_sm_sweep.c:1831]: ********************** NEW SWEEP ********************
- 1135115334 2005.12.20 tbird-sm1 Dec 20 13:48:54 src@tbird-sm1 ib_sm.x[24904]: [ib_sm_sweep.c:1455]: No topology change
- 1135115334 2005.12.20 tbird-sm1 Dec 20 13:48:54 src@tbird-sm1 ib_sm.x[24904]: [ib_sm_sweep.c:1482]: No configuration change required
- 1135115345 2005.12.20 tbird-sm1 Dec 20 13:49:05 src@tbird-sm1 ib_sm.x[24904]: [ib_sm_sweep.c:1831]: ********************** NEW SWEEP ********************
- 1135115348 2005.12.20 tbird-sm1 Dec 20 13:49:08 src@tbird-sm1 ib_sm.x[24904]: [ib_sm_sweep.c:1455]: No topology change
- 1135115348 2005.12.20 tbird-sm1 Dec 20 13:49:08 src@tbird-sm1 ib_sm.x[24904]: [ib_sm_sweep.c:1482]: No configuration change required
- 1135115359 2005.12.20 tbird-sm1 Dec 20 13:49:19 src@tbird-sm1 ib_sm.x[24904]: [ib_sm_sweep.c:1831]: ********************** NEW SWEEP ********************
- 1135115362 2005.12.20 tbird-sm1 Dec 20 13:49:22 src@tbird-sm1 ib_sm.x[24904]: [ib_sm_sweep.c:1455]: No topology change
- 1135115362 2005.12.20 tbird-sm1 Dec 20 13:49:22 src@tbird-sm1 ib_sm.x[24904]: [ib_sm_sweep.c:1482]: No configuration change required
- 1135115373 2005.12.20 tbird-sm1 Dec 20 13:49:33 src@tbird-sm1 ib_sm.x[24904]: [ib_sm_sweep.c:1831]: ********************** NEW SWEEP ********************
- 1135115376 2005.12.20 tbird-sm1 Dec 20 13:49:36 src@tbird-sm1 ib_sm.x[24904]: [ib_sm_sweep.c:1455]: No topology change
- 1135115376 2005.12.20 tbird-sm1 Dec 20 13:49:36 src@tbird-sm1 ib_sm.x[24904]: [ib_sm_sweep.c:1482]: No configuration change required
- 1135115387 2005.12.20 tbird-sm1 Dec 20 13:49:47 src@tbird-sm1 ib_sm.x[24904]: [ib_sm_sweep.c:1831]: ********************** NEW SWEEP ********************
- 1135115390 2005.12.20 tbird-sm1 Dec 20 13:49:50 src@tbird-sm1 ib_sm.x[24904]: [ib_sm_sweep.c:1455]: No topology change
- 1135115390 2005.12.20 tbird-sm1 Dec 20 13:49:50 src@tbird-sm1 ib_sm.x[24904]: [ib_sm_sweep.c:1482]: No configuration change required
- 1135115401 2005.12.20 tbird-admin1 Dec 20 13:50:01 local@tbird-admin1 crond(pam_unix)[11622]: session opened for user root by (uid=0)
- 1135115401 2005.12.20 tbird-admin1 Dec 20 13:50:01 local@tbird-admin1 crond[11623]: (root) CMD (/apps/contrib/check-disks aadmin[1-4],badmin[1-4],cadmin[1-4],dadmin[1-4],eadmin[1-2])
- 1135115401 2005.12.20 tbird-sm1 Dec 20 13:50:01 src@tbird-sm1 ib_sm.x[24904]: [ib_sm_sweep.c:1831]: ********************** NEW SWEEP ********************
- 1135115402 2005.12.20 tbird-admin1 Dec 20 13:50:02 local@tbird-admin1 crond(pam_unix)[11622]: session closed for user root
- 1135115404 2005.12.20 tbird-sm1 Dec 20 13:50:04 src@tbird-sm1 ib_sm.x[24904]: [ib_sm_sweep.c:1455]: No topology change
- 1135115404 2005.12.20 tbird-sm1 Dec 20 13:50:04 src@tbird-sm1 ib_sm.x[24904]: [ib_sm_sweep.c:1482]: No configuration change required
- 1135115415 2005.12.20 tbird-sm1 Dec 20 13:50:15 src@tbird-sm1 ib_sm.x[24904]: [ib_sm_sweep.c:1831]: ********************** NEW SWEEP ********************
- 1135115419 2005.12.20 tbird-sm1 Dec 20 13:50:19 src@tbird-sm1 ib_sm.x[24904]: [ib_sm_sweep.c:1455]: No topology change
- 1135115419 2005.12.20 tbird-sm1 Dec 20 13:50:19 src@tbird-sm1 ib_sm.x[24904]: [ib_sm_sweep.c:1482]: No configuration change required
- 1135115429 2005.12.20 tbird-sm1 Dec 20 13:50:29 src@tbird-sm1 ib_sm.x[24904]: [ib_sm_sweep.c:1831]: ********************** NEW SWEEP ********************
- 1135115432 2005.12.20 tbird-sm1 Dec 20 13:50:32 src@tbird-sm1 ib_sm.x[24904]: [ib_sm_sweep.c:1455]: No topology change
- 1135115432 2005.12.20 tbird-sm1 Dec 20 13:50:32 src@tbird-sm1 ib_sm.x[24904]: [ib_sm_sweep.c:1482]: No configuration change required
- 1135115443 2005.12.20 tbird-sm1 Dec 20 13:50:43 src@tbird-sm1 ib_sm.x[24904]: [ib_sm_sweep.c:1831]: ********************** NEW SWEEP ********************
- 1135115446 2005.12.20 tbird-sm1 Dec 20 13:50:46 src@tbird-sm1 ib_sm.x[24904]: [ib_sm_sweep.c:1455]: No topology change
- 1135115446 2005.12.20 tbird-sm1 Dec 20 13:50:46 src@tbird-sm1 ib_sm.x[24904]: [ib_sm_sweep.c:1482]: No configuration change required
- 1135115457 2005.12.20 tbird-sm1 Dec 20 13:50:57 src@tbird-sm1 ib_sm.x[24904]: [ib_sm_sweep.c:1831]: ********************** NEW SWEEP ********************
- 1135115460 2005.12.20 tbird-sm1 Dec 20 13:51:00 src@tbird-sm1 ib_sm.x[24904]: [ib_sm_sweep.c:1455]: No topology change
- 1135115460 2005.12.20 tbird-sm1 Dec 20 13:51:00 src@tbird-sm1 ib_sm.x[24904]: [ib_sm_sweep.c:1482]: No configuration change required
- 1135115471 2005.12.20 tbird-sm1 Dec 20 13:51:11 src@tbird-sm1 ib_sm.x[24904]: [ib_sm_sweep.c:1831]: ********************** NEW SWEEP ********************
- 1135115474 2005.12.20 tbird-sm1 Dec 20 13:51:14 src@tbird-sm1 ib_sm.x[24904]: [ib_sm_sweep.c:1455]: No topology change
- 1135115474 2005.12.20 tbird-sm1 Dec 20 13:51:14 src@tbird-sm1 ib_sm.x[24904]: [ib_sm_sweep.c:1482]: No configuration change required
- 1135115485 2005.12.20 tbird-sm1 Dec 20 13:51:25 src@tbird-sm1 ib_sm.x[24904]: [ib_sm_sweep.c:1831]: ********************** NEW SWEEP ********************
- 1135115488 2005.12.20 tbird-sm1 Dec 20 13:51:28 src@tbird-sm1 ib_sm.x[24904]: [ib_sm_sweep.c:1455]: No topology change
- 1135115488 2005.12.20 tbird-sm1 Dec 20 13:51:28 src@tbird-sm1 ib_sm.x[24904]: [ib_sm_sweep.c:1482]: No configuration change required
- 1135115499 2005.12.20 tbird-sm1 Dec 20 13:51:39 src@tbird-sm1 ib_sm.x[24904]: [ib_sm_sweep.c:1831]: ********************** NEW SWEEP ********************
- 1135115502 2005.12.20 tbird-sm1 Dec 20 13:51:42 src@tbird-sm1 ib_sm.x[24904]: [ib_sm_sweep.c:1455]: No topology change
- 1135115502 2005.12.20 tbird-sm1 Dec 20 13:51:42 src@tbird-sm1 ib_sm.x[24904]: [ib_sm_sweep.c:1482]: No configuration change required
- 1135115513 2005.12.20 tbird-sm1 Dec 20 13:51:53 src@tbird-sm1 ib_sm.x[24904]: [ib_sm_sweep.c:1831]: ********************** NEW SWEEP ********************
- 1135115516 2005.12.20 tbird-sm1 Dec 20 13:51:56 src@tbird-sm1 ib_sm.x[24904]: [ib_sm_sweep.c:1455]: No topology change
- 1135115516 2005.12.20 tbird-sm1 Dec 20 13:51:56 src@tbird-sm1 ib_sm.x[24904]: [ib_sm_sweep.c:1482]: No configuration change required
- 1135115527 2005.12.20 tbird-sm1 Dec 20 13:52:07 src@tbird-sm1 ib_sm.x[24904]: [ib_sm_sweep.c:1831]: ********************** NEW SWEEP ********************
- 1135115530 2005.12.20 tbird-sm1 Dec 20 13:52:10 src@tbird-sm1 ib_sm.x[24904]: [ib_sm_sweep.c:1455]: No topology change
- 1135115530 2005.12.20 tbird-sm1 Dec 20 13:52:10 src@tbird-sm1 ib_sm.x[24904]: [ib_sm_sweep.c:1482]: No configuration change required
- 1135115541 2005.12.20 tbird-sm1 Dec 20 13:52:21 src@tbird-sm1 ib_sm.x[24904]: [ib_sm_sweep.c:1831]: ********************** NEW SWEEP ********************
- 1135115544 2005.12.20 tbird-sm1 Dec 20 13:52:24 src@tbird-sm1 ib_sm.x[24904]: [ib_sm_sweep.c:1455]: No topology change
- 1135115544 2005.12.20 tbird-sm1 Dec 20 13:52:24 src@tbird-sm1 ib_sm.x[24904]: [ib_sm_sweep.c:1482]: No configuration change required
- 1135115555 2005.12.20 tbird-sm1 Dec 20 13:52:35 src@tbird-sm1 ib_sm.x[24904]: [ib_sm_sweep.c:1831]: ********************** NEW SWEEP ********************
- 1135115558 2005.12.20 tbird-sm1 Dec 20 13:52:38 src@tbird-sm1 ib_sm.x[24904]: [ib_sm_sweep.c:1455]: No topology change
- 1135115558 2005.12.20 tbird-sm1 Dec 20 13:52:38 src@tbird-sm1 ib_sm.x[24904]: [ib_sm_sweep.c:1482]: No configuration change required
- 1135115569 2005.12.20 tbird-sm1 Dec 20 13:52:49 src@tbird-sm1 ib_sm.x[24904]: [ib_sm_sweep.c:1831]: ********************** NEW SWEEP ********************
- 1135115572 2005.12.20 tbird-sm1 Dec 20 13:52:52 src@tbird-sm1 ib_sm.x[24904]: [ib_sm_sweep.c:1455]: No topology change
- 1135115572 2005.12.20 tbird-sm1 Dec 20 13:52:52 src@tbird-sm1 ib_sm.x[24904]: [ib_sm_sweep.c:1482]: No configuration change required
- 1135115583 2005.12.20 tbird-sm1 Dec 20 13:53:03 src@tbird-sm1 ib_sm.x[24904]: [ib_sm_sweep.c:1831]: ********************** NEW SWEEP ********************
- 1135115586 2005.12.20 tbird-sm1 Dec 20 13:53:06 src@tbird-sm1 ib_sm.x[24904]: [ib_sm_sweep.c:1455]: No topology change
- 1135115586 2005.12.20 tbird-sm1 Dec 20 13:53:06 src@tbird-sm1 ib_sm.x[24904]: [ib_sm_sweep.c:1482]: No configuration change required
- 1135115597 2005.12.20 tbird-sm1 Dec 20 13:53:17 src@tbird-sm1 ib_sm.x[24904]: [ib_sm_sweep.c:1831]: ********************** NEW SWEEP ********************
- 1135115600 2005.12.20 tbird-sm1 Dec 20 13:53:20 src@tbird-sm1 ib_sm.x[24904]: [ib_sm_sweep.c:1455]: No topology change
- 1135115600 2005.12.20 tbird-sm1 Dec 20 13:53:20 src@tbird-sm1 ib_sm.x[24904]: [ib_sm_sweep.c:1482]: No configuration change required
- 1135115611 2005.12.20 tbird-sm1 Dec 20 13:53:31 src@tbird-sm1 ib_sm.x[24904]: [ib_sm_sweep.c:1831]: ********************** NEW SWEEP ********************
- 1135115614 2005.12.20 tbird-sm1 Dec 20 13:53:34 src@tbird-sm1 ib_sm.x[24904]: [ib_sm_sweep.c:1455]: No topology change
- 1135115614 2005.12.20 tbird-sm1 Dec 20 13:53:34 src@tbird-sm1 ib_sm.x[24904]: [ib_sm_sweep.c:1482]: No configuration change required
- 1135115625 2005.12.20 tbird-sm1 Dec 20 13:53:45 src@tbird-sm1 ib_sm.x[24904]: [ib_sm_sweep.c:1831]: ********************** NEW SWEEP ********************
- 1135115628 2005.12.20 tbird-sm1 Dec 20 13:53:48 src@tbird-sm1 ib_sm.x[24904]: [ib_sm_sweep.c:1455]: No topology change
- 1135115628 2005.12.20 tbird-sm1 Dec 20 13:53:48 src@tbird-sm1 ib_sm.x[24904]: [ib_sm_sweep.c:1482]: No configuration change required
- 1135115639 2005.12.20 tbird-sm1 Dec 20 13:53:59 src@tbird-sm1 ib_sm.x[24904]: [ib_sm_sweep.c:1831]: ********************** NEW SWEEP ********************
- 1135115642 2005.12.20 tbird-sm1 Dec 20 13:54:02 src@tbird-sm1 ib_sm.x[24904]: [ib_sm_sweep.c:1455]: No topology change
- 1135115642 2005.12.20 tbird-sm1 Dec 20 13:54:02 src@tbird-sm1 ib_sm.x[24904]: [ib_sm_sweep.c:1482]: No configuration change required
- 1135115653 2005.12.20 tbird-sm1 Dec 20 13:54:13 src@tbird-sm1 ib_sm.x[24904]: [ib_sm_sweep.c:1831]: ********************** NEW SWEEP ********************
- 1135115656 2005.12.20 tbird-sm1 Dec 20 13:54:16 src@tbird-sm1 ib_sm.x[24904]: [ib_sm_sweep.c:1455]: No topology change
- 1135115656 2005.12.20 tbird-sm1 Dec 20 13:54:16 src@tbird-sm1 ib_sm.x[24904]: [ib_sm_sweep.c:1482]: No configuration change required
- 1135115667 2005.12.20 tbird-sm1 Dec 20 13:54:27 src@tbird-sm1 ib_sm.x[24904]: [ib_sm_sweep.c:1831]: ********************** NEW SWEEP ********************
- 1135115670 2005.12.20 tbird-sm1 Dec 20 13:54:30 src@tbird-sm1 ib_sm.x[24904]: [ib_sm_sweep.c:1455]: No topology change
- 1135115670 2005.12.20 tbird-sm1 Dec 20 13:54:30 src@tbird-sm1 ib_sm.x[24904]: [ib_sm_sweep.c:1482]: No configuration change required
- 1135115681 2005.12.20 tbird-sm1 Dec 20 13:54:41 src@tbird-sm1 ib_sm.x[24904]: [ib_sm_sweep.c:1831]: ********************** NEW SWEEP ********************
- 1135115684 2005.12.20 tbird-sm1 Dec 20 13:54:44 src@tbird-sm1 ib_sm.x[24904]: [ib_sm_sweep.c:1455]: No topology change
- 1135115684 2005.12.20 tbird-sm1 Dec 20 13:54:44 src@tbird-sm1 ib_sm.x[24904]: [ib_sm_sweep.c:1482]: No configuration change required
- 1135115695 2005.12.20 tbird-sm1 Dec 20 13:54:55 src@tbird-sm1 ib_sm.x[24904]: [ib_sm_sweep.c:1831]: ********************** NEW SWEEP ********************
- 1135115698 2005.12.20 tbird-sm1 Dec 20 13:54:58 src@tbird-sm1 ib_sm.x[24904]: [ib_sm_sweep.c:1455]: No topology change
- 1135115698 2005.12.20 tbird-sm1 Dec 20 13:54:58 src@tbird-sm1 ib_sm.x[24904]: [ib_sm_sweep.c:1482]: No configuration change required
- 1135115709 2005.12.20 tbird-sm1 Dec 20 13:55:09 src@tbird-sm1 ib_sm.x[24904]: [ib_sm_sweep.c:1831]: ********************** NEW SWEEP ********************
- 1135115712 2005.12.20 tbird-sm1 Dec 20 13:55:12 src@tbird-sm1 ib_sm.x[24904]: [ib_sm_sweep.c:1455]: No topology change
- 1135115712 2005.12.20 tbird-sm1 Dec 20 13:55:12 src@tbird-sm1 ib_sm.x[24904]: [ib_sm_sweep.c:1482]: No configuration change required
- 1135115723 2005.12.20 tbird-sm1 Dec 20 13:55:23 src@tbird-sm1 ib_sm.x[24904]: [ib_sm_sweep.c:1831]: ********************** NEW SWEEP ********************
- 1135115726 2005.12.20 tbird-sm1 Dec 20 13:55:26 src@tbird-sm1 ib_sm.x[24904]: [ib_sm_sweep.c:1455]: No topology change
- 1135115726 2005.12.20 tbird-sm1 Dec 20 13:55:26 src@tbird-sm1 ib_sm.x[24904]: [ib_sm_sweep.c:1482]: No configuration change required
- 1135115737 2005.12.20 tbird-sm1 Dec 20 13:55:37 src@tbird-sm1 ib_sm.x[24904]: [ib_sm_sweep.c:1831]: ********************** NEW SWEEP ********************
- 1135115740 2005.12.20 tbird-sm1 Dec 20 13:55:40 src@tbird-sm1 ib_sm.x[24904]: [ib_sm_sweep.c:1455]: No topology change
- 1135115740 2005.12.20 tbird-sm1 Dec 20 13:55:40 src@tbird-sm1 ib_sm.x[24904]: [ib_sm_sweep.c:1482]: No configuration change required
- 1135115751 2005.12.20 tbird-sm1 Dec 20 13:55:51 src@tbird-sm1 ib_sm.x[24904]: [ib_sm_sweep.c:1831]: ********************** NEW SWEEP ********************
- 1135115754 2005.12.20 tbird-sm1 Dec 20 13:55:54 src@tbird-sm1 ib_sm.x[24904]: [ib_sm_sweep.c:1455]: No topology change
- 1135115754 2005.12.20 tbird-sm1 Dec 20 13:55:54 src@tbird-sm1 ib_sm.x[24904]: [ib_sm_sweep.c:1482]: No configuration change required
- 1135115765 2005.12.20 tbird-sm1 Dec 20 13:56:05 src@tbird-sm1 ib_sm.x[24904]: [ib_sm_sweep.c:1831]: ********************** NEW SWEEP ********************
- 1135115768 2005.12.20 tbird-sm1 Dec 20 13:56:08 src@tbird-sm1 ib_sm.x[24904]: [ib_sm_sweep.c:1455]: No topology change
- 1135115768 2005.12.20 tbird-sm1 Dec 20 13:56:08 src@tbird-sm1 ib_sm.x[24904]: [ib_sm_sweep.c:1482]: No configuration change required
- 1135115779 2005.12.20 tbird-sm1 Dec 20 13:56:19 src@tbird-sm1 ib_sm.x[24904]: [ib_sm_sweep.c:1831]: ********************** NEW SWEEP ********************
- 1135115782 2005.12.20 tbird-sm1 Dec 20 13:56:22 src@tbird-sm1 ib_sm.x[24904]: [ib_sm_sweep.c:1455]: No topology change
- 1135115782 2005.12.20 tbird-sm1 Dec 20 13:56:22 src@tbird-sm1 ib_sm.x[24904]: [ib_sm_sweep.c:1482]: No configuration change required
- 1135115793 2005.12.20 tbird-sm1 Dec 20 13:56:33 src@tbird-sm1 ib_sm.x[24904]: [ib_sm_sweep.c:1831]: ********************** NEW SWEEP ********************
- 1135115796 2005.12.20 tbird-sm1 Dec 20 13:56:36 src@tbird-sm1 ib_sm.x[24904]: [ib_sm_sweep.c:1455]: No topology change
- 1135115796 2005.12.20 tbird-sm1 Dec 20 13:56:36 src@tbird-sm1 ib_sm.x[24904]: [ib_sm_sweep.c:1482]: No configuration change required
- 1135115807 2005.12.20 tbird-sm1 Dec 20 13:56:47 src@tbird-sm1 ib_sm.x[24904]: [ib_sm_sweep.c:1831]: ********************** NEW SWEEP ********************
- 1135115810 2005.12.20 tbird-sm1 Dec 20 13:56:50 src@tbird-sm1 ib_sm.x[24904]: [ib_sm_sweep.c:1455]: No topology change
- 1135115810 2005.12.20 tbird-sm1 Dec 20 13:56:50 src@tbird-sm1 ib_sm.x[24904]: [ib_sm_sweep.c:1482]: No configuration change required
- 1135115817 2005.12.20 tbird-admin1 Dec 20 13:56:57 local@tbird-admin1 postfix/cleanup[11712]: 8CD8851812A: message-id=<20051220205657.8CD8851812A@tbird-#206#>
- 1135115817 2005.12.20 tbird-admin1 Dec 20 13:56:57 local@tbird-admin1 postfix/pickup[11096]: 8CD8851812A: uid=0 from=<root>
- 1135115817 2005.12.20 tbird-admin1 Dec 20 13:56:57 local@tbird-admin1 postfix/qmgr[19016]: 8CD8851812A: from=<#7#@#207#>, size=447, nrcpt=1 (queue active)
- 1135115818 2005.12.20 tbird-admin1 Dec 20 13:56:58 local@tbird-admin1 postfix/qmgr[19016]: 8CD8851812A: removed
- 1135115818 2005.12.20 tbird-admin1 Dec 20 13:56:58 local@tbird-admin1 postfix/smtp[11714]: 8CD8851812A: to=<#213#-#214#@#207#>, relay=#211#[#212#], delay=1, status=sent (250 2.0.0 jBKKuvTY015307 Message accepted for delivery)
- 1135115821 2005.12.20 tbird-sm1 Dec 20 13:57:01 src@tbird-sm1 ib_sm.x[24904]: [ib_sm_sweep.c:1831]: ********************** NEW SWEEP ********************
- 1135115824 2005.12.20 tbird-sm1 Dec 20 13:57:04 src@tbird-sm1 ib_sm.x[24904]: [ib_sm_sweep.c:1455]: No topology change
- 1135115824 2005.12.20 tbird-sm1 Dec 20 13:57:04 src@tbird-sm1 ib_sm.x[24904]: [ib_sm_sweep.c:1482]: No configuration change required
- 1135115835 2005.12.20 tbird-sm1 Dec 20 13:57:15 src@tbird-sm1 ib_sm.x[24904]: [ib_sm_sweep.c:1831]: ********************** NEW SWEEP ********************
- 1135115838 2005.12.20 tbird-sm1 Dec 20 13:57:18 src@tbird-sm1 ib_sm.x[24904]: [ib_sm_sweep.c:1455]: No topology change
- 1135115838 2005.12.20 tbird-sm1 Dec 20 13:57:18 src@tbird-sm1 ib_sm.x[24904]: [ib_sm_sweep.c:1482]: No configuration change required
- 1135115849 2005.12.20 tbird-sm1 Dec 20 13:57:29 src@tbird-sm1 ib_sm.x[24904]: [ib_sm_sweep.c:1831]: ********************** NEW SWEEP ********************
- 1135115852 2005.12.20 tbird-sm1 Dec 20 13:57:32 src@tbird-sm1 ib_sm.x[24904]: [ib_sm_sweep.c:1455]: No topology change
- 1135115852 2005.12.20 tbird-sm1 Dec 20 13:57:32 src@tbird-sm1 ib_sm.x[24904]: [ib_sm_sweep.c:1482]: No configuration change required
- 1135115863 2005.12.20 tbird-sm1 Dec 20 13:57:43 src@tbird-sm1 ib_sm.x[24904]: [ib_sm_sweep.c:1831]: ********************** NEW SWEEP ********************
- 1135115866 2005.12.20 tbird-sm1 Dec 20 13:57:46 src@tbird-sm1 ib_sm.x[24904]: [ib_sm_sweep.c:1455]: No topology change
- 1135115866 2005.12.20 tbird-sm1 Dec 20 13:57:46 src@tbird-sm1 ib_sm.x[24904]: [ib_sm_sweep.c:1482]: No configuration change required
- 1135115877 2005.12.20 tbird-sm1 Dec 20 13:57:57 src@tbird-sm1 ib_sm.x[24904]: [ib_sm_sweep.c:1831]: ********************** NEW SWEEP ********************
- 1135115880 2005.12.20 tbird-sm1 Dec 20 13:58:00 src@tbird-sm1 ib_sm.x[24904]: [ib_sm_sweep.c:1455]: No topology change
- 1135115880 2005.12.20 tbird-sm1 Dec 20 13:58:00 src@tbird-sm1 ib_sm.x[24904]: [ib_sm_sweep.c:1482]: No configuration change required
- 1135115891 2005.12.20 tbird-sm1 Dec 20 13:58:11 src@tbird-sm1 ib_sm.x[24904]: [ib_sm_sweep.c:1831]: ********************** NEW SWEEP ********************
- 1135115894 2005.12.20 tbird-sm1 Dec 20 13:58:14 src@tbird-sm1 ib_sm.x[24904]: [ib_sm_sweep.c:1455]: No topology change
- 1135115894 2005.12.20 tbird-sm1 Dec 20 13:58:14 src@tbird-sm1 ib_sm.x[24904]: [ib_sm_sweep.c:1482]: No configuration change required
- 1135115905 2005.12.20 tbird-sm1 Dec 20 13:58:25 src@tbird-sm1 ib_sm.x[24904]: [ib_sm_sweep.c:1831]: ********************** NEW SWEEP ********************
- 1135115908 2005.12.20 tbird-sm1 Dec 20 13:58:28 src@tbird-sm1 ib_sm.x[24904]: [ib_sm_sweep.c:1455]: No topology change
- 1135115908 2005.12.20 tbird-sm1 Dec 20 13:58:28 src@tbird-sm1 ib_sm.x[24904]: [ib_sm_sweep.c:1482]: No configuration change required
- 1135115919 2005.12.20 tbird-sm1 Dec 20 13:58:39 src@tbird-sm1 ib_sm.x[24904]: [ib_sm_sweep.c:1831]: ********************** NEW SWEEP ********************
- 1135115922 2005.12.20 tbird-sm1 Dec 20 13:58:42 src@tbird-sm1 ib_sm.x[24904]: [ib_sm_sweep.c:1455]: No topology change
- 1135115922 2005.12.20 tbird-sm1 Dec 20 13:58:42 src@tbird-sm1 ib_sm.x[24904]: [ib_sm_sweep.c:1482]: No configuration change required
- 1135115933 2005.12.20 tbird-sm1 Dec 20 13:58:53 src@tbird-sm1 ib_sm.x[24904]: [ib_sm_sweep.c:1831]: ********************** NEW SWEEP ********************
- 1135115936 2005.12.20 tbird-sm1 Dec 20 13:58:56 src@tbird-sm1 ib_sm.x[24904]: [ib_sm_sweep.c:1455]: No topology change
- 1135115936 2005.12.20 tbird-sm1 Dec 20 13:58:56 src@tbird-sm1 ib_sm.x[24904]: [ib_sm_sweep.c:1482]: No configuration change required
- 1135115947 2005.12.20 tbird-sm1 Dec 20 13:59:07 src@tbird-sm1 ib_sm.x[24904]: [ib_sm_sweep.c:1831]: ********************** NEW SWEEP ********************
- 1135115950 2005.12.20 tbird-sm1 Dec 20 13:59:10 src@tbird-sm1 ib_sm.x[24904]: [ib_sm_sweep.c:1455]: No topology change
- 1135115950 2005.12.20 tbird-sm1 Dec 20 13:59:10 src@tbird-sm1 ib_sm.x[24904]: [ib_sm_sweep.c:1482]: No configuration change required
- 1135115961 2005.12.20 tbird-sm1 Dec 20 13:59:21 src@tbird-sm1 ib_sm.x[24904]: [ib_sm_sweep.c:1831]: ********************** NEW SWEEP ********************
- 1135115964 2005.12.20 tbird-sm1 Dec 20 13:59:24 src@tbird-sm1 ib_sm.x[24904]: [ib_sm_sweep.c:1455]: No topology change
- 1135115964 2005.12.20 tbird-sm1 Dec 20 13:59:24 src@tbird-sm1 ib_sm.x[24904]: [ib_sm_sweep.c:1482]: No configuration change required
- 1135115975 2005.12.20 tbird-sm1 Dec 20 13:59:35 src@tbird-sm1 ib_sm.x[24904]: [ib_sm_sweep.c:1831]: ********************** NEW SWEEP ********************
- 1135115978 2005.12.20 tbird-sm1 Dec 20 13:59:38 src@tbird-sm1 ib_sm.x[24904]: [ib_sm_sweep.c:1455]: No topology change
- 1135115978 2005.12.20 tbird-sm1 Dec 20 13:59:38 src@tbird-sm1 ib_sm.x[24904]: [ib_sm_sweep.c:1482]: No configuration change required
- 1135115989 2005.12.20 tbird-sm1 Dec 20 13:59:49 src@tbird-sm1 ib_sm.x[24904]: [ib_sm_sweep.c:1831]: ********************** NEW SWEEP ********************
- 1135115992 2005.12.20 tbird-sm1 Dec 20 13:59:52 src@tbird-sm1 ib_sm.x[24904]: [ib_sm_sweep.c:1455]: No topology change
- 1135115992 2005.12.20 tbird-sm1 Dec 20 13:59:52 src@tbird-sm1 ib_sm.x[24904]: [ib_sm_sweep.c:1482]: No configuration change required
- 1135116001 2005.12.20 tbird-admin1 Dec 20 14:00:01 local@tbird-admin1 crond(pam_unix)[11741]: session opened for user root by (uid=0)
- 1135116001 2005.12.20 tbird-admin1 Dec 20 14:00:01 local@tbird-admin1 crond[11742]: (root) CMD (/apps/contrib/check-disks aadmin[1-4],badmin[1-4],cadmin[1-4],dadmin[1-4],eadmin[1-2])
- 1135116002 2005.12.20 tbird-admin1 Dec 20 14:00:02 local@tbird-admin1 crond(pam_unix)[11741]: session closed for user root
- 1135116003 2005.12.20 tbird-sm1 Dec 20 14:00:03 src@tbird-sm1 ib_sm.x[24904]: [ib_sm_sweep.c:1831]: ********************** NEW SWEEP ********************
- 1135116006 2005.12.20 tbird-sm1 Dec 20 14:00:06 src@tbird-sm1 ib_sm.x[24904]: [ib_sm_sweep.c:1455]: No topology change
- 1135116006 2005.12.20 tbird-sm1 Dec 20 14:00:06 src@tbird-sm1 ib_sm.x[24904]: [ib_sm_sweep.c:1482]: No configuration change required
- 1135116017 2005.12.20 tbird-sm1 Dec 20 14:00:17 src@tbird-sm1 ib_sm.x[24904]: [ib_sm_sweep.c:1831]: ********************** NEW SWEEP ********************
- 1135116021 2005.12.20 tbird-sm1 Dec 20 14:00:21 src@tbird-sm1 ib_sm.x[24904]: [ib_sm_sweep.c:1455]: No topology change
- 1135116021 2005.12.20 tbird-sm1 Dec 20 14:00:21 src@tbird-sm1 ib_sm.x[24904]: [ib_sm_sweep.c:1482]: No configuration change required
- 1135116031 2005.12.20 tbird-sm1 Dec 20 14:00:31 src@tbird-sm1 ib_sm.x[24904]: [ib_sm_sweep.c:1831]: ********************** NEW SWEEP ********************
- 1135116034 2005.12.20 tbird-sm1 Dec 20 14:00:34 src@tbird-sm1 ib_sm.x[24904]: [ib_sm_sweep.c:1455]: No topology change
- 1135116034 2005.12.20 tbird-sm1 Dec 20 14:00:34 src@tbird-sm1 ib_sm.x[24904]: [ib_sm_sweep.c:1482]: No configuration change required
- 1135116045 2005.12.20 tbird-sm1 Dec 20 14:00:45 src@tbird-sm1 ib_sm.x[24904]: [ib_sm_sweep.c:1831]: ********************** NEW SWEEP ********************
- 1135116048 2005.12.20 tbird-sm1 Dec 20 14:00:48 src@tbird-sm1 ib_sm.x[24904]: [ib_sm_sweep.c:1455]: No topology change
- 1135116048 2005.12.20 tbird-sm1 Dec 20 14:00:48 src@tbird-sm1 ib_sm.x[24904]: [ib_sm_sweep.c:1482]: No configuration change required
- 1135116059 2005.12.20 tbird-sm1 Dec 20 14:00:59 src@tbird-sm1 ib_sm.x[24904]: [ib_sm_sweep.c:1831]: ********************** NEW SWEEP ********************
- 1135116061 2005.12.20 tbird-admin1 Dec 20 14:01:01 local@tbird-admin1 crond(pam_unix)[11758]: session opened for user root by (uid=0)
- 1135116061 2005.12.20 tbird-admin1 Dec 20 14:01:01 local@tbird-admin1 crond[11759]: (root) CMD (run-parts /etc/cron.hourly)
- 1135116062 2005.12.20 tbird-admin1 Dec 20 14:01:02 local@tbird-admin1 crond(pam_unix)[11758]: session closed for user root
- 1135116062 2005.12.20 tbird-sm1 Dec 20 14:01:02 src@tbird-sm1 ib_sm.x[24904]: [ib_sm_sweep.c:1455]: No topology change
- 1135116062 2005.12.20 tbird-sm1 Dec 20 14:01:02 src@tbird-sm1 ib_sm.x[24904]: [ib_sm_sweep.c:1482]: No configuration change required
