- 1125575111 2005.09.01 R01-M0-N8-C:J02-U11 2005-09-01-04.45.11.810118 R01-M0-N8-C:J02-U11 RAS KERNEL INFO 1 ddr errors(s) detected and corrected on rank 0, symbol 2, bit 4
- 1125575111 2005.09.01 R01-M0-N8-C:J02-U11 2005-09-01-04.45.11.848685 R01-M0-N8-C:J02-U11 RAS KERNEL INFO CE sym 2, at 0x0fa3d060, mask 0x08
- 1125575111 2005.09.01 R01-M0-N8-C:J02-U11 2005-09-01-04.45.11.884617 R01-M0-N8-C:J02-U11 RAS KERNEL INFO total of 1 ddr error(s) detected and corrected
- 1125575269 2005.09.01 R15-M1-N6-C:J04-U11 2005-09-01-04.47.49.994849 R15-M1-N6-C:J04-U11 RAS KERNEL INFO 1 ddr errors(s) detected and corrected on rank 0, symbol 14, bit 2
- 1125575270 2005.09.01 R15-M1-N6-C:J04-U11 2005-09-01-04.47.50.055135 R15-M1-N6-C:J04-U11 RAS KERNEL INFO CE sym 14, at 0x06047860, mask 0x20
- 1125575270 2005.09.01 R15-M1-N6-C:J04-U11 2005-09-01-04.47.50.087862 R15-M1-N6-C:J04-U11 RAS KERNEL INFO total of 1 ddr error(s) detected and corrected
- 1125575283 2005.09.01 R13-M0-N2-C:J09-U01 2005-09-01-04.48.03.979768 R13-M0-N2-C:J09-U01 RAS KERNEL INFO 18 tree receiver 2 in re-synch state event(s) (dcr 0x019a) detected
- 1125579873 2005.09.01 R01-M1-N0-C:J08-U11 2005-09-01-06.04.33.623857 R01-M1-N0-C:J08-U11 RAS KERNEL INFO critical input interrupt (unit=0x0b bit=0x06): warning for torus y+ wire
- 1125579873 2005.09.01 R01-M1-N0-C:J08-U11 2005-09-01-06.04.33.823104 R01-M1-N0-C:J08-U11 RAS KERNEL INFO suppressing further interrupts of same type
- 1125580392 2005.09.01 R01-M0-N6-C:J07-U01 2005-09-01-06.13.12.096477 R01-M0-N6-C:J07-U01 RAS KERNEL INFO critical input interrupt (unit=0x0b bit=0x0a): warning for torus z+ wire
- 1125580392 2005.09.01 R01-M0-N6-C:J07-U01 2005-09-01-06.13.12.298438 R01-M0-N6-C:J07-U01 RAS KERNEL INFO suppressing further interrupts of same type
- 1125580814 2005.09.01 R02-M0-N0-C:J11-U11 2005-09-01-06.20.14.653896 R02-M0-N0-C:J11-U11 RAS KERNEL INFO critical input interrupt (unit=0x0b bit=0x03): warning for torus x- wire
- 1125580814 2005.09.01 R02-M0-N0-C:J11-U11 2005-09-01-06.20.14.869471 R02-M0-N0-C:J11-U11 RAS KERNEL INFO suppressing further interrupts of same type
- 1125581639 2005.09.01 R32-M0-N0-C:J16-U11 2005-09-01-06.33.59.392634 R32-M0-N0-C:J16-U11 RAS KERNEL INFO critical input interrupt (unit=0x0b bit=0x03): warning for torus x- wire
- 1125581639 2005.09.01 R32-M0-N0-C:J16-U11 2005-09-01-06.33.59.593111 R32-M0-N0-C:J16-U11 RAS KERNEL INFO suppressing further interrupts of same type
- 1125582516 2005.09.01 R04-M0-N3-C:J15-U01 2005-09-01-06.48.36.046743 R04-M0-N3-C:J15-U01 RAS KERNEL INFO 1 ddr errors(s) detected and corrected on rank 0, symbol 29, bit 2
- 1125582516 2005.09.01 R20-M0-N4-C:J09-U01 2005-09-01-06.48.36.442054 R20-M0-N4-C:J09-U01 RAS KERNEL INFO 14 ddr errors(s) detected and corrected on rank 0, symbol 18, bit 0
- 1125582516 2005.09.01 R35-M0-N0-C:J07-U01 2005-09-01-06.48.36.756753 R35-M0-N0-C:J07-U01 RAS KERNEL INFO 1 ddr errors(s) detected and corrected on rank 0, symbol 12, bit 7
- 1125582517 2005.09.01 R23-M1-N7-C:J14-U11 2005-09-01-06.48.37.170146 R23-M1-N7-C:J14-U11 RAS KERNEL INFO 1 L3 directory error(s) (dcr 0x0152) detected and corrected
- 1125582517 2005.09.01 R31-M1-N6-C:J14-U01 2005-09-01-06.48.37.251569 R31-M1-N6-C:J14-U01 RAS KERNEL INFO 2 ddr errors(s) detected and corrected on rank 0, symbol 7, bit 7
- 1125582519 2005.09.01 R31-M0-N7-C:J02-U11 2005-09-01-06.48.39.633928 R31-M0-N7-C:J02-U11 RAS KERNEL INFO 1 ddr errors(s) detected and corrected on rank 0, symbol 30, bit 3
- 1125582519 2005.09.01 R36-M1-N2-C:J08-U11 2005-09-01-06.48.39.784256 R36-M1-N2-C:J08-U11 RAS KERNEL INFO 1 ddr errors(s) detected and corrected on rank 0, symbol 35, bit 3
- 1125582519 2005.09.01 R23-M1-N3-C:J08-U01 2005-09-01-06.48.39.946105 R23-M1-N3-C:J08-U01 RAS KERNEL INFO 1 ddr errors(s) detected and corrected on rank 0, symbol 0, bit 0
- 1125582520 2005.09.01 R15-M1-N6-C:J04-U11 2005-09-01-06.48.40.185681 R15-M1-N6-C:J04-U11 RAS KERNEL INFO 1 ddr errors(s) detected and corrected on rank 0, symbol 14, bit 2
- 1125582520 2005.09.01 R01-M0-N8-C:J02-U11 2005-09-01-06.48.40.843427 R01-M0-N8-C:J02-U11 RAS KERNEL INFO 5 ddr errors(s) detected and corrected on rank 0, symbol 2, bit 4
- 1125582521 2005.09.01 R04-M0-N3-C:J15-U01 2005-09-01-06.48.41.855416 R04-M0-N3-C:J15-U01 RAS KERNEL INFO CE sym 29, at 0x184ec300, mask 0x20
- 1125582522 2005.09.01 R31-M1-N6-C:J14-U01 2005-09-01-06.48.42.853226 R31-M1-N6-C:J14-U01 RAS KERNEL INFO CE sym 7, at 0x11596a00, mask 0x01
- 1125582528 2005.09.01 R20-M0-N4-C:J09-U01 2005-09-01-06.48.48.202686 R20-M0-N4-C:J09-U01 RAS KERNEL INFO 1 ddr errors(s) detected and corrected on rank 0, symbol 18, bit 1
- 1125582528 2005.09.01 R35-M0-N0-C:J07-U01 2005-09-01-06.48.48.311458 R35-M0-N0-C:J07-U01 RAS KERNEL INFO CE sym 12, at 0x1682ed20, mask 0x01
- 1125582528 2005.09.01 R31-M0-N7-C:J02-U11 2005-09-01-06.48.48.489686 R31-M0-N7-C:J02-U11 RAS KERNEL INFO CE sym 30, at 0x1bf68ac0, mask 0x10
- 1125582528 2005.09.01 R36-M1-N2-C:J08-U11 2005-09-01-06.48.48.561502 R36-M1-N2-C:J08-U11 RAS KERNEL INFO CE sym 35, at 0x09190d60, mask 0x10
- 1125582528 2005.09.01 R23-M1-N3-C:J08-U01 2005-09-01-06.48.48.710865 R23-M1-N3-C:J08-U01 RAS KERNEL INFO CE sym 0, at 0x0aa0eae0, mask 0x80
- 1125582528 2005.09.01 R15-M1-N6-C:J04-U11 2005-09-01-06.48.48.987631 R15-M1-N6-C:J04-U11 RAS KERNEL INFO CE sym 14, at 0x06047860, mask 0x20
- 1125582530 2005.09.01 R01-M0-N8-C:J02-U11 2005-09-01-06.48.50.023983 R01-M0-N8-C:J02-U11 RAS KERNEL INFO CE sym 2, at 0x0fa3d060, mask 0x08
- 1125582531 2005.09.01 R04-M0-N3-C:J15-U01 2005-09-01-06.48.51.138648 R04-M0-N3-C:J15-U01 RAS KERNEL INFO total of 1 ddr error(s) detected and corrected
- 1125582532 2005.09.01 R31-M1-N6-C:J14-U01 2005-09-01-06.48.52.240536 R31-M1-N6-C:J14-U01 RAS KERNEL INFO CE sym 7, at 0x11596a00, mask 0x01
- 1125582537 2005.09.01 R20-M0-N4-C:J09-U01 2005-09-01-06.48.57.495255 R20-M0-N4-C:J09-U01 RAS KERNEL INFO CE sym 18, at 0x1b459680, mask 0x80
- 1125582537 2005.09.01 R35-M0-N0-C:J07-U01 2005-09-01-06.48.57.582365 R35-M0-N0-C:J07-U01 RAS KERNEL INFO total of 1 ddr error(s) detected and corrected
- 1125582537 2005.09.01 R31-M0-N7-C:J02-U11 2005-09-01-06.48.57.737467 R31-M0-N7-C:J02-U11 RAS KERNEL INFO total of 1 ddr error(s) detected and corrected
- 1125582537 2005.09.01 R36-M1-N2-C:J08-U11 2005-09-01-06.48.57.805640 R36-M1-N2-C:J08-U11 RAS KERNEL INFO total of 1 ddr error(s) detected and corrected
- 1125582537 2005.09.01 R23-M1-N3-C:J08-U01 2005-09-01-06.48.57.955511 R23-M1-N3-C:J08-U01 RAS KERNEL INFO total of 1 ddr error(s) detected and corrected
- 1125582538 2005.09.01 R15-M1-N6-C:J04-U11 2005-09-01-06.48.58.212727 R15-M1-N6-C:J04-U11 RAS KERNEL INFO total of 1 ddr error(s) detected and corrected
- 1125582538 2005.09.01 R01-M0-N8-C:J02-U11 2005-09-01-06.48.58.849875 R01-M0-N8-C:J02-U11 RAS KERNEL INFO CE sym 2, at 0x0fa3d060, mask 0x08
- 1125582540 2005.09.01 R31-M1-N6-C:J14-U01 2005-09-01-06.49.00.421411 R31-M1-N6-C:J14-U01 RAS KERNEL INFO total of 2 ddr error(s) detected and corrected
- 1125582545 2005.09.01 R20-M0-N4-C:J09-U01 2005-09-01-06.49.05.213125 R20-M0-N4-C:J09-U01 RAS KERNEL INFO CE sym 18, at 0x1b459680, mask 0x80
- 1125582545 2005.09.01 R01-M0-N8-C:J02-U11 2005-09-01-06.49.05.817178 R01-M0-N8-C:J02-U11 RAS KERNEL INFO CE sym 2, at 0x0fa3d060, mask 0x08
- 1125582558 2005.09.01 R66-M0-N0-C:J13-U11 2005-09-01-06.49.18.639924 R66-M0-N0-C:J13-U11 RAS KERNEL INFO 1 ddr errors(s) detected and corrected on rank 0, symbol 4, bit 6
- 1125582558 2005.09.01 R66-M0-N1-C:J03-U01 2005-09-01-06.49.18.671627 R66-M0-N1-C:J03-U01 RAS KERNEL INFO 1 ddr errors(s) detected and corrected on rank 0, symbol 15, bit 5
- 1125582558 2005.09.01 R66-M0-N0-C:J13-U11 2005-09-01-06.49.18.829002 R66-M0-N0-C:J13-U11 RAS KERNEL INFO CE sym 4, at 0x03bfeb60, mask 0x02
- 1125582558 2005.09.01 R66-M0-N1-C:J03-U01 2005-09-01-06.49.18.842238 R66-M0-N1-C:J03-U01 RAS KERNEL INFO CE sym 15, at 0x06a72120, mask 0x04
- 1125582558 2005.09.01 R66-M0-N0-C:J13-U11 2005-09-01-06.49.18.983971 R66-M0-N0-C:J13-U11 RAS KERNEL INFO total of 1 ddr error(s) detected and corrected
- 1125582559 2005.09.01 R66-M0-N1-C:J03-U01 2005-09-01-06.49.19.009501 R66-M0-N1-C:J03-U01 RAS KERNEL INFO total of 1 ddr error(s) detected and corrected
- 1125583126 2005.09.01 R65-M1-N9-C:J17-U01 2005-09-01-06.58.46.922770 R65-M1-N9-C:J17-U01 RAS KERNEL INFO 1 ddr errors(s) detected and corrected on rank 0, symbol 23, bit 6
- 1125583127 2005.09.01 R65-M1-N9-C:J17-U01 2005-09-01-06.58.47.168914 R65-M1-N9-C:J17-U01 RAS KERNEL INFO CE sym 23, at 0x0e1ef660, mask 0x02
- 1125583127 2005.09.01 R65-M1-N9-C:J17-U01 2005-09-01-06.58.47.362173 R65-M1-N9-C:J17-U01 RAS KERNEL INFO total of 1 ddr error(s) detected and corrected
- 1125583733 2005.09.01 R01-M1-N0-C:J08-U11 2005-09-01-07.08.53.169829 R01-M1-N0-C:J08-U11 RAS KERNEL INFO critical input interrupt (unit=0x0b bit=0x06): warning for torus y+ wire
- 1125583733 2005.09.01 R01-M1-N0-C:J08-U11 2005-09-01-07.08.53.357487 R01-M1-N0-C:J08-U11 RAS KERNEL INFO suppressing further interrupts of same type
- 1125583775 2005.09.01 R37-M0-N3-C:J07-U01 2005-09-01-07.09.35.696851 R37-M0-N3-C:J07-U01 RAS KERNEL INFO critical input interrupt (unit=0x0b bit=0x02): warning for torus x+ wire
- 1125583775 2005.09.01 R37-M0-N3-C:J07-U01 2005-09-01-07.09.35.897073 R37-M0-N3-C:J07-U01 RAS KERNEL INFO suppressing further interrupts of same type
- 1125584193 2005.09.01 R37-M0-N2-C:J17-U01 2005-09-01-07.16.33.443645 R37-M0-N2-C:J17-U01 RAS KERNEL INFO critical input interrupt (unit=0x0b bit=0x03): warning for torus x- wire
- 1125584193 2005.09.01 R37-M0-N2-C:J17-U01 2005-09-01-07.16.33.636037 R37-M0-N2-C:J17-U01 RAS KERNEL INFO suppressing further interrupts of same type
- 1125587404 2005.09.01 R43-M0-N9-C:J08-U11 2005-09-01-08.10.04.272327 R43-M0-N9-C:J08-U11 RAS KERNEL INFO 4 ddr errors(s) detected and corrected on rank 0, symbol 28, bit 0
- 1125587404 2005.09.01 R45-M0-N9-C:J08-U11 2005-09-01-08.10.04.361509 R45-M0-N9-C:J08-U11 RAS KERNEL INFO 2 ddr errors(s) detected and corrected on rank 0, symbol 35, bit 0
- 1125587405 2005.09.01 R43-M0-N9-C:J08-U11 2005-09-01-08.10.05.222106 R43-M0-N9-C:J08-U11 RAS KERNEL INFO CE sym 28, at 0x108e6e60, mask 0x80
- 1125587405 2005.09.01 R45-M0-N9-C:J08-U11 2005-09-01-08.10.05.245296 R45-M0-N9-C:J08-U11 RAS KERNEL INFO CE sym 35, at 0x090075e0, mask 0x80
- 1125587405 2005.09.01 R43-M0-N9-C:J08-U11 2005-09-01-08.10.05.900569 R43-M0-N9-C:J08-U11 RAS KERNEL INFO CE sym 28, at 0x108e6e60, mask 0x80
- 1125587405 2005.09.01 R45-M0-N9-C:J08-U11 2005-09-01-08.10.05.921513 R45-M0-N9-C:J08-U11 RAS KERNEL INFO CE sym 35, at 0x090075e0, mask 0x80
- 1125587406 2005.09.01 R43-M0-N9-C:J08-U11 2005-09-01-08.10.06.394423 R43-M0-N9-C:J08-U11 RAS KERNEL INFO CE sym 28, at 0x108e6e60, mask 0x80
- 1125587406 2005.09.01 R45-M0-N9-C:J08-U11 2005-09-01-08.10.06.417617 R45-M0-N9-C:J08-U11 RAS KERNEL INFO total of 2 ddr error(s) detected and corrected
- 1125587406 2005.09.01 R43-M0-N9-C:J08-U11 2005-09-01-08.10.06.776381 R43-M0-N9-C:J08-U11 RAS KERNEL INFO CE sym 28, at 0x108e6e60, mask 0x80
- 1125587407 2005.09.01 R43-M0-N9-C:J08-U11 2005-09-01-08.10.07.242463 R43-M0-N9-C:J08-U11 RAS KERNEL INFO total of 4 ddr error(s) detected and corrected
- 1125593554 2005.09.01 R21-M0-N1-C:J13-U01 2005-09-01-09.52.34.067391 R21-M0-N1-C:J13-U01 RAS KERNEL INFO 1 ddr errors(s) detected and corrected on rank 0, symbol 13, bit 6
- 1125593554 2005.09.01 R17-M0-N9-C:J17-U01 2005-09-01-09.52.34.820460 R17-M0-N9-C:J17-U01 RAS KERNEL INFO 2 ddr errors(s) detected and corrected on rank 0, symbol 35, bit 5
- 1125593555 2005.09.01 R03-M1-N6-C:J15-U01 2005-09-01-09.52.35.410235 R03-M1-N6-C:J15-U01 RAS KERNEL INFO 1 ddr errors(s) detected and corrected on rank 0, symbol 2, bit 0
- 1125593555 2005.09.01 R04-M0-N3-C:J15-U01 2005-09-01-09.52.35.717498 R04-M0-N3-C:J15-U01 RAS KERNEL INFO 2 ddr errors(s) detected and corrected on rank 0, symbol 29, bit 2
- 1125593556 2005.09.01 R20-M0-N4-C:J09-U01 2005-09-01-09.52.36.220888 R20-M0-N4-C:J09-U01 RAS KERNEL INFO 10 ddr errors(s) detected and corrected on rank 0, symbol 18, bit 0
- 1125593556 2005.09.01 R21-M0-N9-C:J03-U01 2005-09-01-09.52.36.663070 R21-M0-N9-C:J03-U01 RAS KERNEL INFO 1 ddr errors(s) detected and corrected on rank 0, symbol 10, bit 2
- 1125593557 2005.09.01 R13-M1-N6-C:J07-U01 2005-09-01-09.52.37.274426 R13-M1-N6-C:J07-U01 RAS KERNEL INFO 1 ddr errors(s) detected and corrected on rank 0, symbol 30, bit 3
- 1125593557 2005.09.01 R13-M0-N2-C:J09-U01 2005-09-01-09.52.37.447392 R13-M0-N2-C:J09-U01 RAS KERNEL INFO 1 tree receiver 2 in re-synch state event(s) (dcr 0x019a) detected
- 1125593557 2005.09.01 R11-M1-N1-C:J03-U11 2005-09-01-09.52.37.789231 R11-M1-N1-C:J03-U11 RAS KERNEL INFO 3 ddr errors(s) detected and corrected on rank 0, symbol 20, bit 2
- 1125593557 2005.09.01 R06-M1-N8-C:J05-U11 2005-09-01-09.52.37.872019 R06-M1-N8-C:J05-U11 RAS KERNEL INFO 1 ddr errors(s) detected and corrected on rank 0, symbol 33, bit 7
- 1125593558 2005.09.01 R31-M1-N6-C:J14-U01 2005-09-01-09.52.38.840822 R31-M1-N6-C:J14-U01 RAS KERNEL INFO 14 ddr errors(s) detected and corrected on rank 0, symbol 7, bit 7
- 1125593559 2005.09.01 R16-M1-N2-C:J12-U01 2005-09-01-09.52.39.223673 R16-M1-N2-C:J12-U01 RAS KERNEL INFO 1 ddr errors(s) detected and corrected on rank 0, symbol 28, bit 6
- 1125593559 2005.09.01 R14-M1-N7-C:J10-U01 2005-09-01-09.52.39.403870 R14-M1-N7-C:J10-U01 RAS KERNEL INFO 4 ddr errors(s) detected and corrected on rank 0, symbol 29, bit 4
- 1125593560 2005.09.01 R37-M0-N5-C:J17-U01 2005-09-01-09.52.40.013540 R37-M0-N5-C:J17-U01 RAS KERNEL INFO 3 ddr errors(s) detected and corrected on rank 0, symbol 34, bit 3
- 1125593561 2005.09.01 R31-M0-N7-C:J02-U11 2005-09-01-09.52.41.025104 R31-M0-N7-C:J02-U11 RAS KERNEL INFO 5 ddr errors(s) detected and corrected on rank 0, symbol 30, bit 3
- 1125593561 2005.09.01 R36-M1-N2-C:J08-U11 2005-09-01-09.52.41.401099 R36-M1-N2-C:J08-U11 RAS KERNEL INFO 1 ddr errors(s) detected and corrected on rank 0, symbol 35, bit 3
- 1125593561 2005.09.01 R34-M0-N5-C:J04-U11 2005-09-01-09.52.41.479571 R34-M0-N5-C:J04-U11 RAS KERNEL INFO 12 ddr errors(s) detected and corrected on rank 0, symbol 25, bit 1
- 1125593561 2005.09.01 R15-M1-N6-C:J04-U11 2005-09-01-09.52.41.874936 R15-M1-N6-C:J04-U11 RAS KERNEL INFO 4 ddr errors(s) detected and corrected on rank 0, symbol 14, bit 2
- 1125593562 2005.09.01 R11-M1-N9-C:J02-U11 2005-09-01-09.52.42.185697 R11-M1-N9-C:J02-U11 RAS KERNEL INFO 3 ddr errors(s) detected and corrected on rank 0, symbol 10, bit 1
- 1125593562 2005.09.01 R04-M0-N0-C:J02-U11 2005-09-01-09.52.42.275427 R04-M0-N0-C:J02-U11 RAS KERNEL INFO 1 ddr errors(s) detected and corrected on rank 0, symbol 5, bit 7
- 1125593562 2005.09.01 R01-M0-N8-C:J02-U11 2005-09-01-09.52.42.576932 R01-M0-N8-C:J02-U11 RAS KERNEL INFO 9 ddr errors(s) detected and corrected on rank 0, symbol 2, bit 4
- 1125593562 2005.09.01 R21-M0-N1-C:J13-U01 2005-09-01-09.52.42.868282 R21-M0-N1-C:J13-U01 RAS KERNEL INFO CE sym 13, at 0x19e468c0, mask 0x02
- 1125593563 2005.09.01 R17-M0-N9-C:J17-U01 2005-09-01-09.52.43.553841 R17-M0-N9-C:J17-U01 RAS KERNEL INFO CE sym 35, at 0x190faee0, mask 0x04
- 1125593563 2005.09.01 R03-M1-N6-C:J15-U01 2005-09-01-09.52.43.942513 R03-M1-N6-C:J15-U01 RAS KERNEL INFO CE sym 2, at 0x1b48cae0, mask 0x80
- 1125593564 2005.09.01 R04-M0-N3-C:J15-U01 2005-09-01-09.52.44.156445 R04-M0-N3-C:J15-U01 RAS KERNEL INFO CE sym 29, at 0x184ec300, mask 0x20
- 1125593564 2005.09.01 R20-M0-N4-C:J09-U01 2005-09-01-09.52.44.623483 R20-M0-N4-C:J09-U01 RAS KERNEL INFO CE sym 18, at 0x1b459680, mask 0x80
- 1125593565 2005.09.01 R21-M0-N9-C:J03-U01 2005-09-01-09.52.45.024413 R21-M0-N9-C:J03-U01 RAS KERNEL INFO CE sym 10, at 0x1700d4e0, mask 0x20
- 1125593565 2005.09.01 R13-M1-N6-C:J07-U01 2005-09-01-09.52.45.598696 R13-M1-N6-C:J07-U01 RAS KERNEL INFO CE sym 30, at 0x050d7f60, mask 0x10
- 1125593566 2005.09.01 R11-M1-N1-C:J03-U11 2005-09-01-09.52.46.053756 R11-M1-N1-C:J03-U11 RAS KERNEL INFO CE sym 20, at 0x0b0fff00, mask 0x20
- 1125593566 2005.09.01 R06-M1-N8-C:J05-U11 2005-09-01-09.52.46.143051 R06-M1-N8-C:J05-U11 RAS KERNEL INFO CE sym 33, at 0x11f3be20, mask 0x01
- 1125593567 2005.09.01 R31-M1-N6-C:J14-U01 2005-09-01-09.52.47.262098 R31-M1-N6-C:J14-U01 RAS KERNEL INFO CE sym 7, at 0x11596a00, mask 0x01
- 1125593567 2005.09.01 R16-M1-N2-C:J12-U01 2005-09-01-09.52.47.627658 R16-M1-N2-C:J12-U01 RAS KERNEL INFO CE sym 28, at 0x110067e0, mask 0x02
- 1125593567 2005.09.01 R14-M1-N7-C:J10-U01 2005-09-01-09.52.47.807911 R14-M1-N7-C:J10-U01 RAS KERNEL INFO CE sym 29, at 0x1a86f180, mask 0x08
- 1125593568 2005.09.01 R37-M0-N5-C:J17-U01 2005-09-01-09.52.48.441855 R37-M0-N5-C:J17-U01 RAS KERNEL INFO CE sym 34, at 0x0953f680, mask 0x10
- 1125593569 2005.09.01 R31-M0-N7-C:J02-U11 2005-09-01-09.52.49.315162 R31-M0-N7-C:J02-U11 RAS KERNEL INFO CE sym 30, at 0x1bf68ac0, mask 0x10
- 1125593569 2005.09.01 R36-M1-N2-C:J08-U11 2005-09-01-09.52.49.677205 R36-M1-N2-C:J08-U11 RAS KERNEL INFO CE sym 35, at 0x09190d60, mask 0x10
- 1125593569 2005.09.01 R34-M0-N5-C:J04-U11 2005-09-01-09.52.49.758018 R34-M0-N5-C:J04-U11 RAS KERNEL INFO CE sym 25, at 0x1c0f68c0, mask 0x40
- 1125593570 2005.09.01 R15-M1-N6-C:J04-U11 2005-09-01-09.52.50.200339 R15-M1-N6-C:J04-U11 RAS KERNEL INFO CE sym 14, at 0x06047860, mask 0x20
- 1125593570 2005.09.01 R11-M1-N9-C:J02-U11 2005-09-01-09.52.50.553010 R11-M1-N9-C:J02-U11 RAS KERNEL INFO CE sym 10, at 0x0a31a2e0, mask 0x40
- 1125593570 2005.09.01 R04-M0-N0-C:J02-U11 2005-09-01-09.52.50.643532 R04-M0-N0-C:J02-U11 RAS KERNEL INFO CE sym 5, at 0x0589fd80, mask 0x01
- 1125593570 2005.09.01 R01-M0-N8-C:J02-U11 2005-09-01-09.52.50.944348 R01-M0-N8-C:J02-U11 RAS KERNEL INFO CE sym 2, at 0x0fa3d060, mask 0x08
- 1125593571 2005.09.01 R21-M0-N1-C:J13-U01 2005-09-01-09.52.51.236680 R21-M0-N1-C:J13-U01 RAS KERNEL INFO total of 1 ddr error(s) detected and corrected
- 1125593572 2005.09.01 R17-M0-N9-C:J17-U01 2005-09-01-09.52.52.054842 R17-M0-N9-C:J17-U01 RAS KERNEL INFO CE sym 35, at 0x190faee0, mask 0x04
- 1125593572 2005.09.01 R03-M1-N6-C:J15-U01 2005-09-01-09.52.52.413480 R03-M1-N6-C:J15-U01 RAS KERNEL INFO total of 1 ddr error(s) detected and corrected
- 1125593572 2005.09.01 R04-M0-N3-C:J15-U01 2005-09-01-09.52.52.635532 R04-M0-N3-C:J15-U01 RAS KERNEL INFO CE sym 29, at 0x184ec300, mask 0x20
- 1125593573 2005.09.01 R20-M0-N4-C:J09-U01 2005-09-01-09.52.53.096331 R20-M0-N4-C:J09-U01 RAS KERNEL INFO CE sym 18, at 0x1b459680, mask 0x80
- 1125593573 2005.09.01 R21-M0-N9-C:J03-U01 2005-09-01-09.52.53.467527 R21-M0-N9-C:J03-U01 RAS KERNEL INFO total of 1 ddr error(s) detected and corrected
- 1125593573 2005.09.01 R13-M1-N6-C:J07-U01 2005-09-01-09.52.53.982906 R13-M1-N6-C:J07-U01 RAS KERNEL INFO total of 1 ddr error(s) detected and corrected
- 1125593574 2005.09.01 R11-M1-N1-C:J03-U11 2005-09-01-09.52.54.340101 R11-M1-N1-C:J03-U11 RAS KERNEL INFO CE sym 20, at 0x0b0fff00, mask 0x20
- 1125593574 2005.09.01 R06-M1-N8-C:J05-U11 2005-09-01-09.52.54.411891 R06-M1-N8-C:J05-U11 RAS KERNEL INFO total of 1 ddr error(s) detected and corrected
- 1125593575 2005.09.01 R31-M1-N6-C:J14-U01 2005-09-01-09.52.55.214329 R31-M1-N6-C:J14-U01 RAS KERNEL INFO CE sym 7, at 0x11596a00, mask 0x01
- 1125593575 2005.09.01 R16-M1-N2-C:J12-U01 2005-09-01-09.52.55.532135 R16-M1-N2-C:J12-U01 RAS KERNEL INFO total of 1 ddr error(s) detected and corrected
- 1125593575 2005.09.01 R14-M1-N7-C:J10-U01 2005-09-01-09.52.55.700207 R14-M1-N7-C:J10-U01 RAS KERNEL INFO CE sym 29, at 0x1a86f180, mask 0x08
- 1125593576 2005.09.01 R37-M0-N5-C:J17-U01 2005-09-01-09.52.56.304512 R37-M0-N5-C:J17-U01 RAS KERNEL INFO CE sym 34, at 0x0953f680, mask 0x10
- 1125593577 2005.09.01 R31-M0-N7-C:J02-U11 2005-09-01-09.52.57.345123 R31-M0-N7-C:J02-U11 RAS KERNEL INFO CE sym 30, at 0x1bf68ac0, mask 0x10
- 1125593577 2005.09.01 R36-M1-N2-C:J08-U11 2005-09-01-09.52.57.726772 R36-M1-N2-C:J08-U11 RAS KERNEL INFO total of 1 ddr error(s) detected and corrected
- 1125593577 2005.09.01 R34-M0-N5-C:J04-U11 2005-09-01-09.52.57.829265 R34-M0-N5-C:J04-U11 RAS KERNEL INFO CE sym 25, at 0x1c0f68c0, mask 0x40
- 1125593578 2005.09.01 R15-M1-N6-C:J04-U11 2005-09-01-09.52.58.315037 R15-M1-N6-C:J04-U11 RAS KERNEL INFO CE sym 14, at 0x06047860, mask 0x20
- 1125593578 2005.09.01 R11-M1-N9-C:J02-U11 2005-09-01-09.52.58.697158 R11-M1-N9-C:J02-U11 RAS KERNEL INFO CE sym 10, at 0x0a31a2e0, mask 0x40
- 1125593578 2005.09.01 R04-M0-N0-C:J02-U11 2005-09-01-09.52.58.792802 R04-M0-N0-C:J02-U11 RAS KERNEL INFO total of 1 ddr error(s) detected and corrected
- 1125593579 2005.09.01 R01-M0-N8-C:J02-U11 2005-09-01-09.52.59.181342 R01-M0-N8-C:J02-U11 RAS KERNEL INFO CE sym 2, at 0x0fa3d060, mask 0x08
- 1125593579 2005.09.01 R17-M0-N9-C:J17-U01 2005-09-01-09.52.59.983116 R17-M0-N9-C:J17-U01 RAS KERNEL INFO total of 2 ddr error(s) detected and corrected
- 1125593580 2005.09.01 R04-M0-N3-C:J15-U01 2005-09-01-09.53.00.699626 R04-M0-N3-C:J15-U01 RAS KERNEL INFO total of 2 ddr error(s) detected and corrected
- 1125593581 2005.09.01 R20-M0-N4-C:J09-U01 2005-09-01-09.53.01.011595 R20-M0-N4-C:J09-U01 RAS KERNEL INFO CE sym 18, at 0x1b459680, mask 0x80
- 1125593581 2005.09.01 R11-M1-N1-C:J03-U11 2005-09-01-09.53.01.880016 R11-M1-N1-C:J03-U11 RAS KERNEL INFO CE sym 20, at 0x0b0fff00, mask 0x20
- 1125593582 2005.09.01 R31-M1-N6-C:J14-U01 2005-09-01-09.53.02.478997 R31-M1-N6-C:J14-U01 RAS KERNEL INFO CE sym 7, at 0x11596a00, mask 0x01
- 1125593582 2005.09.01 R14-M1-N7-C:J10-U01 2005-09-01-09.53.02.820241 R14-M1-N7-C:J10-U01 RAS KERNEL INFO CE sym 29, at 0x1a86f180, mask 0x08
- 1125593583 2005.09.01 R37-M0-N5-C:J17-U01 2005-09-01-09.53.03.154874 R37-M0-N5-C:J17-U01 RAS KERNEL INFO CE sym 34, at 0x0953f680, mask 0x10
- 1125593583 2005.09.01 R31-M0-N7-C:J02-U11 2005-09-01-09.53.03.752884 R31-M0-N7-C:J02-U11 RAS KERNEL INFO CE sym 30, at 0x1bf68ac0, mask 0x10
- 1125593583 2005.09.01 R34-M0-N5-C:J04-U11 2005-09-01-09.53.03.836447 R34-M0-N5-C:J04-U11 RAS KERNEL INFO CE sym 25, at 0x1c0f68c0, mask 0x40
- 1125593584 2005.09.01 R15-M1-N6-C:J04-U11 2005-09-01-09.53.04.088096 R15-M1-N6-C:J04-U11 RAS KERNEL INFO CE sym 14, at 0x06047860, mask 0x20
- 1125593584 2005.09.01 R11-M1-N9-C:J02-U11 2005-09-01-09.53.04.315440 R11-M1-N9-C:J02-U11 RAS KERNEL INFO CE sym 10, at 0x0a31a2e0, mask 0x40
- 1125593584 2005.09.01 R01-M0-N8-C:J02-U11 2005-09-01-09.53.04.567249 R01-M0-N8-C:J02-U11 RAS KERNEL INFO CE sym 2, at 0x0fa3d060, mask 0x08
- 1125593585 2005.09.01 R20-M0-N4-C:J09-U01 2005-09-01-09.53.05.596722 R20-M0-N4-C:J09-U01 RAS KERNEL INFO CE sym 18, at 0x1b459680, mask 0x80
- 1125593586 2005.09.01 R11-M1-N1-C:J03-U11 2005-09-01-09.53.06.373270 R11-M1-N1-C:J03-U11 RAS KERNEL INFO total of 3 ddr error(s) detected and corrected
- 1125593586 2005.09.01 R31-M1-N6-C:J14-U01 2005-09-01-09.53.06.757304 R31-M1-N6-C:J14-U01 RAS KERNEL INFO CE sym 7, at 0x11596a00, mask 0x01
- 1125593587 2005.09.01 R14-M1-N7-C:J10-U01 2005-09-01-09.53.07.183350 R14-M1-N7-C:J10-U01 RAS KERNEL INFO CE sym 29, at 0x1a86f180, mask 0x08
- 1125593587 2005.09.01 R37-M0-N5-C:J17-U01 2005-09-01-09.53.07.468847 R37-M0-N5-C:J17-U01 RAS KERNEL INFO total of 3 ddr error(s) detected and corrected
- 1125593588 2005.09.01 R31-M0-N7-C:J02-U11 2005-09-01-09.53.08.061387 R31-M0-N7-C:J02-U11 RAS KERNEL INFO CE sym 30, at 0x1bf68ac0, mask 0x10
- 1125593588 2005.09.01 R34-M0-N5-C:J04-U11 2005-09-01-09.53.08.157161 R34-M0-N5-C:J04-U11 RAS KERNEL INFO CE sym 25, at 0x1c0f68c0, mask 0x40
- 1125593588 2005.09.01 R15-M1-N6-C:J04-U11 2005-09-01-09.53.08.351147 R15-M1-N6-C:J04-U11 RAS KERNEL INFO CE sym 14, at 0x06047860, mask 0x20
- 1125593588 2005.09.01 R11-M1-N9-C:J02-U11 2005-09-01-09.53.08.599757 R11-M1-N9-C:J02-U11 RAS KERNEL INFO total of 3 ddr error(s) detected and corrected
- 1125593588 2005.09.01 R01-M0-N8-C:J02-U11 2005-09-01-09.53.08.790802 R01-M0-N8-C:J02-U11 RAS KERNEL INFO CE sym 2, at 0x0fa3d060, mask 0x08
- 1125593589 2005.09.01 R20-M0-N4-C:J09-U01 2005-09-01-09.53.09.676609 R20-M0-N4-C:J09-U01 RAS KERNEL INFO CE sym 18, at 0x1b459680, mask 0x80
- 1125593590 2005.09.01 R31-M1-N6-C:J14-U01 2005-09-01-09.53.10.280539 R31-M1-N6-C:J14-U01 RAS KERNEL INFO CE sym 7, at 0x11596a00, mask 0x01
- 1125593590 2005.09.01 R14-M1-N7-C:J10-U01 2005-09-01-09.53.10.406680 R14-M1-N7-C:J10-U01 RAS KERNEL INFO total of 4 ddr error(s) detected and corrected
- 1125593590 2005.09.01 R31-M0-N7-C:J02-U11 2005-09-01-09.53.10.816478 R31-M0-N7-C:J02-U11 RAS KERNEL INFO CE sym 30, at 0x1bf68ac0, mask 0x10
- 1125593590 2005.09.01 R34-M0-N5-C:J04-U11 2005-09-01-09.53.10.920569 R34-M0-N5-C:J04-U11 RAS KERNEL INFO CE sym 25, at 0x1c0f68c0, mask 0x40
- 1125593591 2005.09.01 R15-M1-N6-C:J04-U11 2005-09-01-09.53.11.008866 R15-M1-N6-C:J04-U11 RAS KERNEL INFO total of 4 ddr error(s) detected and corrected
- 1125593591 2005.09.01 R01-M0-N8-C:J02-U11 2005-09-01-09.53.11.252737 R01-M0-N8-C:J02-U11 RAS KERNEL INFO CE sym 2, at 0x0fa3d060, mask 0x08
- 1125593591 2005.09.01 R20-M0-N4-C:J09-U01 2005-09-01-09.53.11.877879 R20-M0-N4-C:J09-U01 RAS KERNEL INFO CE sym 18, at 0x1b459680, mask 0x80
- 1125593592 2005.09.01 R31-M1-N6-C:J14-U01 2005-09-01-09.53.12.455536 R31-M1-N6-C:J14-U01 RAS KERNEL INFO CE sym 7, at 0x11596a00, mask 0x01
- 1125593593 2005.09.01 R31-M0-N7-C:J02-U11 2005-09-01-09.53.13.299212 R31-M0-N7-C:J02-U11 RAS KERNEL INFO total of 5 ddr error(s) detected and corrected
- 1125593593 2005.09.01 R34-M0-N5-C:J04-U11 2005-09-01-09.53.13.410079 R34-M0-N5-C:J04-U11 RAS KERNEL INFO CE sym 25, at 0x1c0f68c0, mask 0x40
- 1125593593 2005.09.01 R01-M0-N8-C:J02-U11 2005-09-01-09.53.13.654779 R01-M0-N8-C:J02-U11 RAS KERNEL INFO CE sym 2, at 0x0fa3d060, mask 0x08
- 1125593594 2005.09.01 R20-M0-N4-C:J09-U01 2005-09-01-09.53.14.109696 R20-M0-N4-C:J09-U01 RAS KERNEL INFO CE sym 18, at 0x1b459680, mask 0x80
- 1125593594 2005.09.01 R31-M1-N6-C:J14-U01 2005-09-01-09.53.14.576464 R31-M1-N6-C:J14-U01 RAS KERNEL INFO CE sym 7, at 0x11596a00, mask 0x01
- 1125593595 2005.09.01 R34-M0-N5-C:J04-U11 2005-09-01-09.53.15.091502 R34-M0-N5-C:J04-U11 RAS KERNEL INFO CE sym 25, at 0x1c0f68c0, mask 0x40
- 1125593595 2005.09.01 R01-M0-N8-C:J02-U11 2005-09-01-09.53.15.263360 R01-M0-N8-C:J02-U11 RAS KERNEL INFO CE sym 2, at 0x0fa3d060, mask 0x08
- 1125593595 2005.09.01 R20-M0-N4-C:J09-U01 2005-09-01-09.53.15.739569 R20-M0-N4-C:J09-U01 RAS KERNEL INFO CE sym 18, at 0x1b459680, mask 0x80
- 1125593596 2005.09.01 R31-M1-N6-C:J14-U01 2005-09-01-09.53.16.328137 R31-M1-N6-C:J14-U01 RAS KERNEL INFO CE sym 7, at 0x11596a00, mask 0x01
- 1125593596 2005.09.01 R34-M0-N5-C:J04-U11 2005-09-01-09.53.16.912181 R34-M0-N5-C:J04-U11 RAS KERNEL INFO CE sym 25, at 0x1c0f68c0, mask 0x40
- 1125593597 2005.09.01 R01-M0-N8-C:J02-U11 2005-09-01-09.53.17.099892 R01-M0-N8-C:J02-U11 RAS KERNEL INFO CE sym 2, at 0x0fa3d060, mask 0x08
- 1125593597 2005.09.01 R20-M0-N4-C:J09-U01 2005-09-01-09.53.17.488651 R20-M0-N4-C:J09-U01 RAS KERNEL INFO CE sym 18, at 0x1b459680, mask 0x80
- 1125593598 2005.09.01 R31-M1-N6-C:J14-U01 2005-09-01-09.53.18.082139 R31-M1-N6-C:J14-U01 RAS KERNEL INFO CE sym 7, at 0x11596a00, mask 0x01
- 1125593598 2005.09.01 R34-M0-N5-C:J04-U11 2005-09-01-09.53.18.536374 R34-M0-N5-C:J04-U11 RAS KERNEL INFO CE sym 25, at 0x1c0f68c0, mask 0x40
- 1125593598 2005.09.01 R01-M0-N8-C:J02-U11 2005-09-01-09.53.18.609534 R01-M0-N8-C:J02-U11 RAS KERNEL INFO CE sym 2, at 0x0fa3d060, mask 0x08
- 1125593599 2005.09.01 R20-M0-N4-C:J09-U01 2005-09-01-09.53.19.057429 R20-M0-N4-C:J09-U01 RAS KERNEL INFO CE sym 18, at 0x1b459680, mask 0x80
- 1125593599 2005.09.01 R31-M1-N6-C:J14-U01 2005-09-01-09.53.19.607957 R31-M1-N6-C:J14-U01 RAS KERNEL INFO CE sym 7, at 0x11596a00, mask 0x01
- 1125593600 2005.09.01 R34-M0-N5-C:J04-U11 2005-09-01-09.53.20.116874 R34-M0-N5-C:J04-U11 RAS KERNEL INFO CE sym 25, at 0x1c0f68c0, mask 0x40
- 1125593600 2005.09.01 R01-M0-N8-C:J02-U11 2005-09-01-09.53.20.281436 R01-M0-N8-C:J02-U11 RAS KERNEL INFO total of 9 ddr error(s) detected and corrected
- 1125593600 2005.09.01 R20-M0-N4-C:J09-U01 2005-09-01-09.53.20.642480 R20-M0-N4-C:J09-U01 RAS KERNEL INFO total of 10 ddr error(s) detected and corrected
- 1125593600 2005.09.01 R31-M1-N6-C:J14-U01 2005-09-01-09.53.20.983726 R31-M1-N6-C:J14-U01 RAS KERNEL INFO CE sym 7, at 0x11596a00, mask 0x01
- 1125593601 2005.09.01 R34-M0-N5-C:J04-U11 2005-09-01-09.53.21.627929 R34-M0-N5-C:J04-U11 RAS KERNEL INFO CE sym 25, at 0x1c0f68c0, mask 0x40
- 1125593602 2005.09.01 R31-M1-N6-C:J14-U01 2005-09-01-09.53.22.347105 R31-M1-N6-C:J14-U01 RAS KERNEL INFO CE sym 7, at 0x11596a00, mask 0x01
- 1125593602 2005.09.01 R34-M0-N5-C:J04-U11 2005-09-01-09.53.22.770503 R34-M0-N5-C:J04-U11 RAS KERNEL INFO CE sym 25, at 0x1c0f68c0, mask 0x40
- 1125593603 2005.09.01 R31-M1-N6-C:J14-U01 2005-09-01-09.53.23.470746 R31-M1-N6-C:J14-U01 RAS KERNEL INFO CE sym 7, at 0x11596a00, mask 0x01
- 1125593603 2005.09.01 R34-M0-N5-C:J04-U11 2005-09-01-09.53.23.895474 R34-M0-N5-C:J04-U11 RAS KERNEL INFO total of 12 ddr error(s) detected and corrected
- 1125593604 2005.09.01 R31-M1-N6-C:J14-U01 2005-09-01-09.53.24.451124 R31-M1-N6-C:J14-U01 RAS KERNEL INFO CE sym 7, at 0x11596a00, mask 0x01
- 1125593605 2005.09.01 R31-M1-N6-C:J14-U01 2005-09-01-09.53.25.533743 R31-M1-N6-C:J14-U01 RAS KERNEL INFO total of 14 ddr error(s) detected and corrected
- 1125593872 2005.09.01 R20-M0-N4-C:J09-U01 2005-09-01-09.57.52.083068 R20-M0-N4-C:J09-U01 RAS KERNEL INFO 1 ddr errors(s) detected and corrected on rank 0, symbol 18, bit 0
- 1125593872 2005.09.01 R20-M0-N4-C:J09-U01 2005-09-01-09.57.52.309825 R20-M0-N4-C:J09-U01 RAS KERNEL INFO CE sym 18, at 0x1b459680, mask 0x80
- 1125593872 2005.09.01 R20-M0-N4-C:J09-U01 2005-09-01-09.57.52.512042 R20-M0-N4-C:J09-U01 RAS KERNEL INFO total of 1 ddr error(s) detected and corrected
- 1125602001 2005.09.01 R35-M0-N0-C:J07-U01 2005-09-01-12.13.21.321505 R35-M0-N0-C:J07-U01 RAS KERNEL INFO 1 ddr errors(s) detected and corrected on rank 0, symbol 12, bit 7
- 1125602001 2005.09.01 R35-M0-N0-C:J07-U01 2005-09-01-12.13.21.559759 R35-M0-N0-C:J07-U01 RAS KERNEL INFO CE sym 12, at 0x1682ed20, mask 0x01
- 1125602001 2005.09.01 R35-M0-N0-C:J07-U01 2005-09-01-12.13.21.798237 R35-M0-N0-C:J07-U01 RAS KERNEL INFO total of 1 ddr error(s) detected and corrected
- 1125604022 2005.09.01 R35-M0-N0-C:J07-U01 2005-09-01-12.47.02.381533 R35-M0-N0-C:J07-U01 RAS KERNEL INFO 1 ddr errors(s) detected and corrected on rank 0, symbol 12, bit 7
- 1125604022 2005.09.01 R35-M0-N0-C:J07-U01 2005-09-01-12.47.02.727244 R35-M0-N0-C:J07-U01 RAS KERNEL INFO CE sym 12, at 0x1682ed20, mask 0x01
- 1125604023 2005.09.01 R35-M0-N0-C:J07-U01 2005-09-01-12.47.03.073091 R35-M0-N0-C:J07-U01 RAS KERNEL INFO total of 1 ddr error(s) detected and corrected
- 1125604807 2005.09.01 R35-M0-N0-C:J07-U01 2005-09-01-13.00.07.444045 R35-M0-N0-C:J07-U01 RAS KERNEL INFO 1 ddr errors(s) detected and corrected on rank 0, symbol 12, bit 7
- 1125604807 2005.09.01 R35-M0-N0-C:J07-U01 2005-09-01-13.00.07.567275 R35-M0-N0-C:J07-U01 RAS KERNEL INFO CE sym 12, at 0x1682ed20, mask 0x01
- 1125604807 2005.09.01 R35-M0-N0-C:J07-U01 2005-09-01-13.00.07.720545 R35-M0-N0-C:J07-U01 RAS KERNEL INFO total of 1 ddr error(s) detected and corrected
- 1125613719 2005.09.01 R63-M1-N8-C:J10-U01 2005-09-01-15.28.39.692407 R63-M1-N8-C:J10-U01 RAS KERNEL INFO 50497968 torus receiver z+ input pipe error(s) (dcr 0x02f0) detected and corrected
- 1125616416 2005.09.01 R63-M1-N8-C:J10-U01 2005-09-01-16.13.36.215196 R63-M1-N8-C:J10-U01 RAS KERNEL INFO 296004549 torus receiver z+ input pipe error(s) (dcr 0x02f0) detected and corrected
- 1125616416 2005.09.01 R63-M1-N8-C:J10-U01 2005-09-01-16.13.36.554330 R63-M1-N8-C:J10-U01 RAS KERNEL INFO 6606 torus sender z+ retransmission error(s) (dcr 0x02f8) detected and corrected
- 1125616416 2005.09.01 R63-M1-N8-C:J10-U01 2005-09-01-16.13.36.887353 R63-M1-N8-C:J10-U01 RAS KERNEL INFO 75 torus non-crc error(s) (dcr 0x02fd) detected and corrected
- 1125618531 2005.09.01 R63-M1-N8-C:J10-U01 2005-09-01-16.48.51.265569 R63-M1-N8-C:J10-U01 RAS KERNEL INFO 16696456 torus receiver z+ input pipe error(s) (dcr 0x02f0) detected and corrected
- 1125621691 2005.09.01 R10-M1-N4-C:J10-U11 2005-09-01-17.41.31.454581 R10-M1-N4-C:J10-U11 RAS KERNEL INFO 1 ddr errors(s) detected and corrected on rank 0, symbol 18, bit 6
- 1125621691 2005.09.01 R10-M1-N4-C:J10-U11 2005-09-01-17.41.31.778110 R10-M1-N4-C:J10-U11 RAS KERNEL INFO CE sym 18, at 0x0deb5a60, mask 0x02
- 1125621692 2005.09.01 R10-M1-N4-C:J10-U11 2005-09-01-17.41.32.189135 R10-M1-N4-C:J10-U11 RAS KERNEL INFO total of 1 ddr error(s) detected and corrected
- 1125621806 2005.09.01 R63-M1-N8-C:J10-U01 2005-09-01-17.43.26.688291 R63-M1-N8-C:J10-U01 RAS KERNEL INFO 54528188 torus receiver z+ input pipe error(s) (dcr 0x02f0) detected and corrected
- 1125621807 2005.09.01 R63-M1-N8-C:J10-U01 2005-09-01-17.43.27.060731 R63-M1-N8-C:J10-U01 RAS KERNEL INFO 27 torus sender z+ retransmission error(s) (dcr 0x02f8) detected and corrected
- 1125621807 2005.09.01 R63-M1-N8-C:J10-U01 2005-09-01-17.43.27.478210 R63-M1-N8-C:J10-U01 RAS KERNEL INFO 47 torus non-crc error(s) (dcr 0x02fd) detected and corrected
- 1125621916 2005.09.01 R35-M0-N0-C:J07-U01 2005-09-01-17.45.16.838120 R35-M0-N0-C:J07-U01 RAS KERNEL INFO 1 ddr errors(s) detected and corrected on rank 0, symbol 12, bit 7
- 1125621917 2005.09.01 R35-M0-N0-C:J07-U01 2005-09-01-17.45.17.158686 R35-M0-N0-C:J07-U01 RAS KERNEL INFO CE sym 12, at 0x1682ed20, mask 0x01
- 1125621917 2005.09.01 R35-M0-N0-C:J07-U01 2005-09-01-17.45.17.429959 R35-M0-N0-C:J07-U01 RAS KERNEL INFO total of 1 ddr error(s) detected and corrected
- 1125624614 2005.09.01 R07-M0-N6-C:J11-U01 2005-09-01-18.30.14.550993 R07-M0-N6-C:J11-U01 RAS KERNEL INFO 1 ddr errors(s) detected and corrected on rank 0, symbol 18, bit 0
- 1125624614 2005.09.01 R07-M0-N6-C:J11-U01 2005-09-01-18.30.14.901242 R07-M0-N6-C:J11-U01 RAS KERNEL INFO CE sym 18, at 0x1808d120, mask 0x80
- 1125624615 2005.09.01 R07-M0-N6-C:J11-U01 2005-09-01-18.30.15.224549 R07-M0-N6-C:J11-U01 RAS KERNEL INFO total of 1 ddr error(s) detected and corrected
- 1125624745 2005.09.01 R63-M1-N8-C:J10-U01 2005-09-01-18.32.25.542896 R63-M1-N8-C:J10-U01 RAS KERNEL INFO 255430876 torus receiver z+ input pipe error(s) (dcr 0x02f0) detected and corrected
- 1125624745 2005.09.01 R63-M1-N8-C:J10-U01 2005-09-01-18.32.25.880657 R63-M1-N8-C:J10-U01 RAS KERNEL INFO 2 torus sender z+ retransmission error(s) (dcr 0x02f8) detected and corrected
- 1125626557 2005.09.01 R35-M0-N0-C:J07-U01 2005-09-01-19.02.37.189435 R35-M0-N0-C:J07-U01 RAS KERNEL INFO 1 ddr errors(s) detected and corrected on rank 0, symbol 12, bit 7
- 1125626557 2005.09.01 R63-M1-N8-C:J10-U01 2005-09-01-19.02.37.294671 R63-M1-N8-C:J10-U01 RAS KERNEL INFO 1283734 torus receiver z+ input pipe error(s) (dcr 0x02f0) detected and corrected
- 1125626557 2005.09.01 R35-M0-N0-C:J07-U01 2005-09-01-19.02.37.543400 R35-M0-N0-C:J07-U01 RAS KERNEL INFO CE sym 12, at 0x1682ed20, mask 0x01
- 1125626557 2005.09.01 R35-M0-N0-C:J07-U01 2005-09-01-19.02.37.786140 R35-M0-N0-C:J07-U01 RAS KERNEL INFO total of 1 ddr error(s) detected and corrected
- 1125629331 2005.09.01 R63-M1-N8-C:J10-U01 2005-09-01-19.48.51.563827 R63-M1-N8-C:J10-U01 RAS KERNEL INFO 27423619 torus receiver z+ input pipe error(s) (dcr 0x02f0) detected and corrected
- 1125629333 2005.09.01 R63-M1-N8-C:J10-U01 2005-09-01-19.48.53.810420 R63-M1-N8-C:J10-U01 RAS KERNEL INFO 2 torus sender z+ retransmission error(s) (dcr 0x02f8) detected and corrected
- 1125629337 2005.09.01 R63-M1-N8-C:J10-U01 2005-09-01-19.48.57.799386 R63-M1-N8-C:J10-U01 RAS KERNEL INFO 7 torus non-crc error(s) (dcr 0x02fd) detected and corrected
- 1125632185 2005.09.01 R63-M1-N8-C:J10-U01 2005-09-01-20.36.25.642388 R63-M1-N8-C:J10-U01 RAS KERNEL INFO 9529596 torus receiver z+ input pipe error(s) (dcr 0x02f0) detected and corrected
- 1125632469 2005.09.01 R63-M1-N8-C:J10-U01 2005-09-01-20.41.09.916293 R63-M1-N8-C:J10-U01 RAS KERNEL INFO 8464586 torus receiver z+ input pipe error(s) (dcr 0x02f0) detected and corrected
- 1125632470 2005.09.01 R63-M1-N8-C:J10-U01 2005-09-01-20.41.10.169780 R63-M1-N8-C:J10-U01 RAS KERNEL INFO 1 torus sender z+ retransmission error(s) (dcr 0x02f8) detected and corrected
- 1125640092 2005.09.01 R35-M0-N0-C:J07-U01 2005-09-01-22.48.12.901494 R35-M0-N0-C:J07-U01 RAS KERNEL INFO 1 ddr errors(s) detected and corrected on rank 0, symbol 12, bit 7
- 1125640093 2005.09.01 R35-M0-N0-C:J07-U01 2005-09-01-22.48.13.307004 R35-M0-N0-C:J07-U01 RAS KERNEL INFO CE sym 12, at 0x1682ed20, mask 0x01
- 1125640093 2005.09.01 R35-M0-N0-C:J07-U01 2005-09-01-22.48.13.677424 R35-M0-N0-C:J07-U01 RAS KERNEL INFO total of 1 ddr error(s) detected and corrected
- 1125650909 2005.09.02 R51-M1-N4-C:J07-U01 2005-09-02-01.48.29.438175 R51-M1-N4-C:J07-U01 RAS KERNEL INFO 1 torus receiver x+ input pipe error(s) (dcr 0x02ec) detected and corrected
- 1125650909 2005.09.02 R51-M1-N4-C:J07-U01 2005-09-02-01.48.29.523366 R51-M1-N4-C:J07-U01 RAS KERNEL INFO 1 torus receiver x- input pipe error(s) (dcr 0x02ed) detected and corrected
- 1125650909 2005.09.02 R51-M1-N4-C:J07-U01 2005-09-02-01.48.29.602617 R51-M1-N4-C:J07-U01 RAS KERNEL INFO 1 torus receiver y+ input pipe error(s) (dcr 0x02ee) detected and corrected
- 1125650909 2005.09.02 R51-M1-N4-C:J07-U01 2005-09-02-01.48.29.660457 R51-M1-N4-C:J07-U01 RAS KERNEL INFO 1 torus receiver y- input pipe error(s) (dcr 0x02ef) detected and corrected
- 1125650909 2005.09.02 R51-M1-N4-C:J07-U01 2005-09-02-01.48.29.821581 R51-M1-N4-C:J07-U01 RAS KERNEL INFO 1 torus receiver z+ input pipe error(s) (dcr 0x02f0) detected and corrected
- 1125650909 2005.09.02 R51-M1-N4-C:J07-U01 2005-09-02-01.48.29.876024 R51-M1-N4-C:J07-U01 RAS KERNEL INFO 1 torus receiver z- input pipe error(s) (dcr 0x02f1) detected and corrected
- 1125650909 2005.09.02 R51-M1-N4-C:J07-U01 2005-09-02-01.48.29.962337 R51-M1-N4-C:J07-U01 RAS KERNEL INFO 1 tree receiver 0 in re-synch state event(s) (dcr 0x01bc) detected
- 1125650910 2005.09.02 R51-M1-N4-C:J07-U01 2005-09-02-01.48.30.013151 R51-M1-N4-C:J07-U01 RAS KERNEL INFO 1 tree receiver 0 in re-synch state event(s) (dcr 0x01bc) detected
- 1125650910 2005.09.02 R51-M1-N4-C:J07-U01 2005-09-02-01.48.30.103518 R51-M1-N4-C:J07-U01 RAS KERNEL INFO 1 tree receiver 1 in re-synch state event(s) (dcr 0x0185) detected
- 1125650910 2005.09.02 R51-M1-N4-C:J07-U01 2005-09-02-01.48.30.156995 R51-M1-N4-C:J07-U01 RAS KERNEL INFO 1 tree receiver 2 in re-synch state event(s) (dcr 0x019a) detected
- 1125650910 2005.09.02 R51-M1-N4-C:J07-U01 2005-09-02-01.48.30.224232 R51-M1-N4-C:J07-U01 RAS KERNEL INFO 1 tree receiver 2 in re-synch state event(s) (dcr 0x019a) detected
- 1125664157 2005.09.02 R35-M0-N0-C:J07-U01 2005-09-02-05.29.17.537262 R35-M0-N0-C:J07-U01 RAS KERNEL INFO 1 ddr errors(s) detected and corrected on rank 0, symbol 12, bit 7
- 1125664157 2005.09.02 R35-M0-N0-C:J07-U01 2005-09-02-05.29.17.660593 R35-M0-N0-C:J07-U01 RAS KERNEL INFO CE sym 12, at 0x1682ed20, mask 0x01
- 1125664157 2005.09.02 R35-M0-N0-C:J07-U01 2005-09-02-05.29.17.785428 R35-M0-N0-C:J07-U01 RAS KERNEL INFO total of 1 ddr error(s) detected and corrected
- 1125665846 2005.09.02 R35-M0-N0-C:J07-U01 2005-09-02-05.57.26.937234 R35-M0-N0-C:J07-U01 RAS KERNEL INFO 1 ddr errors(s) detected and corrected on rank 0, symbol 12, bit 7
- 1125665847 2005.09.02 R35-M0-N0-C:J07-U01 2005-09-02-05.57.27.167457 R35-M0-N0-C:J07-U01 RAS KERNEL INFO CE sym 12, at 0x1682ed20, mask 0x01
- 1125665847 2005.09.02 R35-M0-N0-C:J07-U01 2005-09-02-05.57.27.384305 R35-M0-N0-C:J07-U01 RAS KERNEL INFO total of 1 ddr error(s) detected and corrected
- 1125667687 2005.09.02 R07-M0-N6-C:J11-U01 2005-09-02-06.28.07.096311 R07-M0-N6-C:J11-U01 RAS KERNEL INFO 1 ddr errors(s) detected and corrected on rank 0, symbol 18, bit 0
- 1125667687 2005.09.02 R07-M0-N6-C:J11-U01 2005-09-02-06.28.07.278451 R07-M0-N6-C:J11-U01 RAS KERNEL INFO CE sym 18, at 0x1808d120, mask 0x80
- 1125667687 2005.09.02 R07-M0-N6-C:J11-U01 2005-09-02-06.28.07.502261 R07-M0-N6-C:J11-U01 RAS KERNEL INFO total of 1 ddr error(s) detected and corrected
- 1125669117 2005.09.02 R35-M0-N0-C:J07-U01 2005-09-02-06.51.57.379458 R35-M0-N0-C:J07-U01 RAS KERNEL INFO 1 ddr errors(s) detected and corrected on rank 0, symbol 12, bit 7
- 1125669117 2005.09.02 R35-M0-N0-C:J07-U01 2005-09-02-06.51.57.577544 R35-M0-N0-C:J07-U01 RAS KERNEL INFO CE sym 12, at 0x1682ed20, mask 0x01
- 1125669117 2005.09.02 R35-M0-N0-C:J07-U01 2005-09-02-06.51.57.734414 R35-M0-N0-C:J07-U01 RAS KERNEL INFO total of 1 ddr error(s) detected and corrected
- 1125669299 2005.09.02 R35-M0-N0-C:J07-U01 2005-09-02-06.54.59.978180 R35-M0-N0-C:J07-U01 RAS KERNEL INFO 1 ddr errors(s) detected and corrected on rank 0, symbol 12, bit 7
- 1125669300 2005.09.02 R35-M0-N0-C:J07-U01 2005-09-02-06.55.00.186197 R35-M0-N0-C:J07-U01 RAS KERNEL INFO CE sym 12, at 0x1682ed20, mask 0x01
- 1125669300 2005.09.02 R35-M0-N0-C:J07-U01 2005-09-02-06.55.00.348773 R35-M0-N0-C:J07-U01 RAS KERNEL INFO total of 1 ddr error(s) detected and corrected
- 1125670239 2005.09.02 R35-M0-N0-C:J07-U01 2005-09-02-07.10.39.649221 R35-M0-N0-C:J07-U01 RAS KERNEL INFO 1 ddr errors(s) detected and corrected on rank 0, symbol 12, bit 7
- 1125670239 2005.09.02 R25-M1-N3-C:J12-U11 2005-09-02-07.10.39.776799 R25-M1-N3-C:J12-U11 RAS KERNEL INFO 1 ddr errors(s) detected and corrected on rank 0, symbol 33, bit 6
- 1125670239 2005.09.02 R35-M0-N0-C:J07-U01 2005-09-02-07.10.39.935527 R35-M0-N0-C:J07-U01 RAS KERNEL INFO CE sym 12, at 0x1682ed20, mask 0x01
- 1125670239 2005.09.02 R25-M1-N3-C:J12-U11 2005-09-02-07.10.39.994097 R25-M1-N3-C:J12-U11 RAS KERNEL INFO CE sym 33, at 0x1ab3c520, mask 0x02
- 1125670240 2005.09.02 R35-M0-N0-C:J07-U01 2005-09-02-07.10.40.161610 R35-M0-N0-C:J07-U01 RAS KERNEL INFO total of 1 ddr error(s) detected and corrected
- 1125670240 2005.09.02 R25-M1-N3-C:J12-U11 2005-09-02-07.10.40.221911 R25-M1-N3-C:J12-U11 RAS KERNEL INFO total of 1 ddr error(s) detected and corrected
- 1125676406 2005.09.02 R35-M0-N0-C:J07-U01 2005-09-02-08.53.26.828644 R35-M0-N0-C:J07-U01 RAS KERNEL INFO 1 ddr errors(s) detected and corrected on rank 0, symbol 12, bit 7
- 1125676406 2005.09.02 R63-M1-N8-C:J10-U01 2005-09-02-08.53.26.924276 R63-M1-N8-C:J10-U01 RAS KERNEL INFO 57306581 torus receiver z+ input pipe error(s) (dcr 0x02f0) detected and corrected
- 1125676407 2005.09.02 R63-M1-N8-C:J10-U01 2005-09-02-08.53.27.010112 R63-M1-N8-C:J10-U01 RAS KERNEL INFO 6 torus sender z+ retransmission error(s) (dcr 0x02f8) detected and corrected
- 1125676407 2005.09.02 R51-M1-N4-C:J07-U01 2005-09-02-08.53.27.468931 R51-M1-N4-C:J07-U01 RAS KERNEL INFO 1 torus receiver x+ input pipe error(s) (dcr 0x02ec) detected and corrected
- 1125676407 2005.09.02 R51-M1-N4-C:J07-U01 2005-09-02-08.53.27.543540 R51-M1-N4-C:J07-U01 RAS KERNEL INFO 1 torus receiver x- input pipe error(s) (dcr 0x02ed) detected and corrected
- 1125676407 2005.09.02 R35-M0-N0-C:J07-U01 2005-09-02-08.53.27.717273 R35-M0-N0-C:J07-U01 RAS KERNEL INFO CE sym 12, at 0x1682ed20, mask 0x01
- 1125676408 2005.09.02 R51-M1-N4-C:J07-U01 2005-09-02-08.53.28.154960 R51-M1-N4-C:J07-U01 RAS KERNEL INFO 1 torus receiver y+ input pipe error(s) (dcr 0x02ee) detected and corrected
- 1125676408 2005.09.02 R51-M1-N4-C:J07-U01 2005-09-02-08.53.28.231619 R51-M1-N4-C:J07-U01 RAS KERNEL INFO 1 torus receiver y- input pipe error(s) (dcr 0x02ef) detected and corrected
- 1125676408 2005.09.02 R66-M0-N1-C:J03-U01 2005-09-02-08.53.28.323194 R66-M0-N1-C:J03-U01 RAS KERNEL INFO 2 ddr errors(s) detected and corrected on rank 0, symbol 15, bit 5
- 1125676408 2005.09.02 R35-M0-N0-C:J07-U01 2005-09-02-08.53.28.595350 R35-M0-N0-C:J07-U01 RAS KERNEL INFO total of 1 ddr error(s) detected and corrected
- 1125676408 2005.09.02 R51-M1-N4-C:J07-U01 2005-09-02-08.53.28.903389 R51-M1-N4-C:J07-U01 RAS KERNEL INFO 1 torus receiver z+ input pipe error(s) (dcr 0x02f0) detected and corrected
- 1125676408 2005.09.02 R51-M1-N4-C:J07-U01 2005-09-02-08.53.28.979823 R51-M1-N4-C:J07-U01 RAS KERNEL INFO 1 torus receiver z- input pipe error(s) (dcr 0x02f1) detected and corrected
- 1125676409 2005.09.02 R66-M0-N1-C:J03-U01 2005-09-02-08.53.29.074911 R66-M0-N1-C:J03-U01 RAS KERNEL INFO CE sym 15, at 0x06a72120, mask 0x04
- 1125676409 2005.09.02 R51-M1-N4-C:J07-U01 2005-09-02-08.53.29.433465 R51-M1-N4-C:J07-U01 RAS KERNEL INFO 1 tree receiver 0 in re-synch state event(s) (dcr 0x01bc) detected
- 1125676409 2005.09.02 R51-M1-N4-C:J07-U01 2005-09-02-08.53.29.507212 R51-M1-N4-C:J07-U01 RAS KERNEL INFO 1 tree receiver 0 in re-synch state event(s) (dcr 0x01bc) detected
- 1125676409 2005.09.02 R66-M0-N1-C:J03-U01 2005-09-02-08.53.29.595915 R66-M0-N1-C:J03-U01 RAS KERNEL INFO CE sym 15, at 0x06a72120, mask 0x04
- 1125676409 2005.09.02 R51-M1-N4-C:J07-U01 2005-09-02-08.53.29.864027 R51-M1-N4-C:J07-U01 RAS KERNEL INFO 1 tree receiver 1 in re-synch state event(s) (dcr 0x0185) detected
- 1125676409 2005.09.02 R51-M1-N4-C:J07-U01 2005-09-02-08.53.29.931818 R51-M1-N4-C:J07-U01 RAS KERNEL INFO 1 tree receiver 2 in re-synch state event(s) (dcr 0x019a) detected
- 1125676410 2005.09.02 R66-M0-N1-C:J03-U01 2005-09-02-08.53.30.015119 R66-M0-N1-C:J03-U01 RAS KERNEL INFO total of 2 ddr error(s) detected and corrected
- 1125676410 2005.09.02 R51-M1-N4-C:J07-U01 2005-09-02-08.53.30.276044 R51-M1-N4-C:J07-U01 RAS KERNEL INFO 1 tree receiver 2 in re-synch state event(s) (dcr 0x019a) detected
- 1125687159 2005.09.02 R01-M1-N0-C:J08-U11 2005-09-02-11.52.39.359549 R01-M1-N0-C:J08-U11 RAS KERNEL INFO critical input interrupt (unit=0x0b bit=0x06): warning for torus y+ wire
- 1125687159 2005.09.02 R01-M1-N0-C:J08-U11 2005-09-02-11.52.39.465255 R01-M1-N0-C:J08-U11 RAS KERNEL INFO suppressing further interrupts of same type
- 1125688236 2005.09.02 R01-M0-N8-C:J02-U11 2005-09-02-12.10.36.689972 R01-M0-N8-C:J02-U11 RAS KERNEL INFO 1 ddr errors(s) detected and corrected on rank 0, symbol 2, bit 4
- 1125688236 2005.09.02 R01-M0-N8-C:J02-U11 2005-09-02-12.10.36.732072 R01-M0-N8-C:J02-U11 RAS KERNEL INFO CE sym 2, at 0x0fa3d060, mask 0x08
- 1125688236 2005.09.02 R01-M0-N8-C:J02-U11 2005-09-02-12.10.36.772913 R01-M0-N8-C:J02-U11 RAS KERNEL INFO total of 1 ddr error(s) detected and corrected
- 1125688314 2005.09.02 R04-M0-N3-C:J15-U01 2005-09-02-12.11.54.895115 R04-M0-N3-C:J15-U01 RAS KERNEL INFO 1 ddr errors(s) detected and corrected on rank 0, symbol 29, bit 2
- 1125688315 2005.09.02 R04-M0-N0-C:J02-U11 2005-09-02-12.11.55.010789 R04-M0-N0-C:J02-U11 RAS KERNEL INFO 1 ddr errors(s) detected and corrected on rank 0, symbol 5, bit 7
- 1125688315 2005.09.02 R04-M0-N3-C:J15-U01 2005-09-02-12.11.55.037253 R04-M0-N3-C:J15-U01 RAS KERNEL INFO CE sym 29, at 0x184ec300, mask 0x20
- 1125688315 2005.09.02 R04-M0-N0-C:J02-U11 2005-09-02-12.11.55.053413 R04-M0-N0-C:J02-U11 RAS KERNEL INFO CE sym 5, at 0x0589fd80, mask 0x01
- 1125688315 2005.09.02 R04-M0-N3-C:J15-U01 2005-09-02-12.11.55.077270 R04-M0-N3-C:J15-U01 RAS KERNEL INFO total of 1 ddr error(s) detected and corrected
- 1125688315 2005.09.02 R04-M0-N0-C:J02-U11 2005-09-02-12.11.55.098103 R04-M0-N0-C:J02-U11 RAS KERNEL INFO total of 1 ddr error(s) detected and corrected
- 1125688488 2005.09.02 R13-M0-N2-C:J09-U01 2005-09-02-12.14.48.681197 R13-M0-N2-C:J09-U01 RAS KERNEL INFO 1 torus receiver x+ input pipe error(s) (dcr 0x02ec) detected and corrected
- 1125688488 2005.09.02 R13-M0-N2-C:J09-U01 2005-09-02-12.14.48.728530 R13-M0-N2-C:J09-U01 RAS KERNEL INFO 2 torus receiver z- input pipe error(s) (dcr 0x02f1) detected and corrected
- 1125688488 2005.09.02 R13-M0-N2-C:J09-U01 2005-09-02-12.14.48.847574 R13-M0-N2-C:J09-U01 RAS KERNEL INFO 29 tree receiver 2 in re-synch state event(s) (dcr 0x019a) detected
- 1125688649 2005.09.02 R57-M1-N5-C:J06-U01 2005-09-02-12.17.29.520586 R57-M1-N5-C:J06-U01 RAS KERNEL INFO 1 ddr errors(s) detected and corrected on rank 0, symbol 15, bit 7
- 1125688649 2005.09.02 R57-M1-N5-C:J06-U01 2005-09-02-12.17.29.626581 R57-M1-N5-C:J06-U01 RAS KERNEL INFO CE sym 15, at 0x11944e60, mask 0x01
- 1125688649 2005.09.02 R57-M1-N5-C:J06-U01 2005-09-02-12.17.29.650007 R57-M1-N5-C:J06-U01 RAS KERNEL INFO total of 1 ddr error(s) detected and corrected
- 1125688650 2005.09.02 R35-M0-N0-C:J07-U01 2005-09-02-12.17.30.976214 R35-M0-N0-C:J07-U01 RAS KERNEL INFO 1 ddr errors(s) detected and corrected on rank 0, symbol 12, bit 7
- 1125688651 2005.09.02 R35-M0-N0-C:J07-U01 2005-09-02-12.17.31.002557 R35-M0-N0-C:J07-U01 RAS KERNEL INFO CE sym 12, at 0x1682ed20, mask 0x01
- 1125688651 2005.09.02 R35-M0-N0-C:J07-U01 2005-09-02-12.17.31.022993 R35-M0-N0-C:J07-U01 RAS KERNEL INFO total of 1 ddr error(s) detected and corrected
- 1125688737 2005.09.02 R53-M1-N0-C:J04-U11 2005-09-02-12.18.57.800755 R53-M1-N0-C:J04-U11 RAS KERNEL INFO 1 torus receiver x+ input pipe error(s) (dcr 0x02ec) detected and corrected
- 1125688737 2005.09.02 R53-M1-N0-C:J04-U11 2005-09-02-12.18.57.825373 R53-M1-N0-C:J04-U11 RAS KERNEL INFO 3 tree receiver 2 in re-synch state event(s) (dcr 0x019a) detected
