- 1125575269 2005.09.01 R15-M0-N0-C:J16-U01 2005-09-01-04.47.49.768574 R15-M0-N0-C:J16-U01 RAS KERNEL INFO 2 ddr errors(s) detected and corrected on rank 0, symbol 23, bit 3
- 1125575269 2005.09.01 R15-M0-N0-C:J16-U01 2005-09-01-04.47.49.882652 R15-M0-N0-C:J16-U01 RAS KERNEL INFO CE sym 23, at 0x0953bc40, mask 0x10
- 1125575269 2005.09.01 R15-M0-N0-C:J16-U01 2005-09-01-04.47.49.905489 R15-M0-N0-C:J16-U01 RAS KERNEL INFO CE sym 23, at 0x0953bc40, mask 0x10
- 1125575269 2005.09.01 R15-M0-N0-C:J16-U01 2005-09-01-04.47.49.927501 R15-M0-N0-C:J16-U01 RAS KERNEL INFO total of 2 ddr error(s) detected and corrected
- 1125579883 2005.09.01 R02-M0-N4-C:J02-U01 2005-09-01-06.04.43.016130 R02-M0-N4-C:J02-U01 RAS KERNEL INFO critical input interrupt (unit=0x0b bit=0x0f): warning for tree A1 wire
- 1125579883 2005.09.01 R02-M0-N4-C:J02-U01 2005-09-01-06.04.43.206218 R02-M0-N4-C:J02-U01 RAS KERNEL INFO suppressing further interrupts of same type
- 1125580435 2005.09.01 R20-M0-N2-C:J16-U11 2005-09-01-06.13.55.080572 R20-M0-N2-C:J16-U11 RAS KERNEL INFO critical input interrupt (unit=0x0b bit=0x03): warning for torus x- wire
- 1125580435 2005.09.01 R20-M0-N2-C:J16-U11 2005-09-01-06.13.55.280480 R20-M0-N2-C:J16-U11 RAS KERNEL INFO suppressing further interrupts of same type
- 1125581009 2005.09.01 R10-M1-N7-C:J03-U01 2005-09-01-06.23.29.126464 R10-M1-N7-C:J03-U01 RAS KERNEL INFO critical input interrupt (unit=0x0b bit=0x0e): warning for tree A0 wire
- 1125581009 2005.09.01 R10-M1-N7-C:J03-U01 2005-09-01-06.23.29.329586 R10-M1-N7-C:J03-U01 RAS KERNEL INFO suppressing further interrupts of same type
KERNMC 1125582508 2005.09.01 R03-M0-N2-C:J17-U01 2005-09-01-06.48.28.367616 R03-M0-N2-C:J17-U01 RAS KERNEL FATAL machine check interrupt
- 1125582508 2005.09.01 R03-M0-N2-C:J17-U01 2005-09-01-06.48.28.497522 R03-M0-N2-C:J17-U01 RAS KERNEL FATAL instruction address: 0x0010dc6c
- 1125582508 2005.09.01 R03-M0-N2-C:J17-U01 2005-09-01-06.48.28.662429 R03-M0-N2-C:J17-U01 RAS KERNEL FATAL machine check status register: 0x82000000
- 1125582508 2005.09.01 R03-M0-N2-C:J17-U01 2005-09-01-06.48.28.822704 R03-M0-N2-C:J17-U01 RAS KERNEL FATAL summary...........................1
- 1125582508 2005.09.01 R03-M0-N2-C:J17-U01 2005-09-01-06.48.28.981181 R03-M0-N2-C:J17-U01 RAS KERNEL FATAL instruction plb error.............0
- 1125582509 2005.09.01 R03-M0-N2-C:J17-U01 2005-09-01-06.48.29.136532 R03-M0-N2-C:J17-U01 RAS KERNEL FATAL data read plb error...............0
- 1125582509 2005.09.01 R03-M0-N2-C:J17-U01 2005-09-01-06.48.29.363970 R03-M0-N2-C:J17-U01 RAS KERNEL FATAL data write plb error..............0
- 1125582509 2005.09.01 R03-M0-N2-C:J17-U01 2005-09-01-06.48.29.521052 R03-M0-N2-C:J17-U01 RAS KERNEL FATAL tlb error.........................0
- 1125582509 2005.09.01 R03-M0-N2-C:J17-U01 2005-09-01-06.48.29.689394 R03-M0-N2-C:J17-U01 RAS KERNEL FATAL i-cache parity error..............0
- 1125582509 2005.09.01 R03-M0-N2-C:J17-U01 2005-09-01-06.48.29.850013 R03-M0-N2-C:J17-U01 RAS KERNEL FATAL d-cache search parity error.......1
- 1125582510 2005.09.01 R03-M0-N2-C:J17-U01 2005-09-01-06.48.30.027327 R03-M0-N2-C:J17-U01 RAS KERNEL FATAL d-cache flush parity error........0
- 1125582510 2005.09.01 R03-M0-N2-C:J17-U01 2005-09-01-06.48.30.193586 R03-M0-N2-C:J17-U01 RAS KERNEL FATAL imprecise machine check...........0
- 1125582510 2005.09.01 R03-M0-N2-C:J17-U01 2005-09-01-06.48.30.354550 R03-M0-N2-C:J17-U01 RAS KERNEL FATAL machine state register: 0x0002f900
- 1125582510 2005.09.01 R03-M0-N2-C:J17-U01 2005-09-01-06.48.30.523984 R03-M0-N2-C:J17-U01 RAS KERNEL FATAL wait state enable.................0
- 1125582510 2005.09.01 R03-M0-N2-C:J17-U01 2005-09-01-06.48.30.687582 R03-M0-N2-C:J17-U01 RAS KERNEL FATAL critical input interrupt enable...1
- 1125582510 2005.09.01 R03-M0-N2-C:J17-U01 2005-09-01-06.48.30.850884 R03-M0-N2-C:J17-U01 RAS KERNEL FATAL external input interrupt enable...1
- 1125582511 2005.09.01 R03-M0-N2-C:J17-U01 2005-09-01-06.48.31.009279 R03-M0-N2-C:J17-U01 RAS KERNEL FATAL problem state (0=sup,1=usr).......1
- 1125582511 2005.09.01 R03-M0-N2-C:J17-U01 2005-09-01-06.48.31.166604 R03-M0-N2-C:J17-U01 RAS KERNEL FATAL floating point instr. enabled.....1
- 1125582511 2005.09.01 R03-M0-N2-C:J17-U01 2005-09-01-06.48.31.332361 R03-M0-N2-C:J17-U01 RAS KERNEL FATAL machine check enable..............1
- 1125582511 2005.09.01 R03-M0-N2-C:J17-U01 2005-09-01-06.48.31.493665 R03-M0-N2-C:J17-U01 RAS KERNEL FATAL floating pt ex mode 0 enable......1
- 1125582511 2005.09.01 R03-M0-N2-C:J17-U01 2005-09-01-06.48.31.655227 R03-M0-N2-C:J17-U01 RAS KERNEL FATAL debug wait enable.................0
- 1125582511 2005.09.01 R03-M0-N2-C:J17-U01 2005-09-01-06.48.31.820339 R03-M0-N2-C:J17-U01 RAS KERNEL FATAL debug interrupt enable............0
- 1125582511 2005.09.01 R03-M0-N2-C:J17-U01 2005-09-01-06.48.31.983880 R03-M0-N2-C:J17-U01 RAS KERNEL FATAL floating pt ex mode 1 enable......1
- 1125582512 2005.09.01 R03-M0-N2-C:J17-U01 2005-09-01-06.48.32.145489 R03-M0-N2-C:J17-U01 RAS KERNEL FATAL instruction address space.........0
- 1125582512 2005.09.01 R03-M0-N2-C:J17-U01 2005-09-01-06.48.32.316390 R03-M0-N2-C:J17-U01 RAS KERNEL FATAL data address space................0
- 1125582512 2005.09.01 R03-M0-N2-C:J17-U01 2005-09-01-06.48.32.480909 R03-M0-N2-C:J17-U01 RAS KERNEL FATAL core configuration register: 0x00002000
- 1125582512 2005.09.01 R03-M0-N2-C:J17-U01 2005-09-01-06.48.32.645942 R03-M0-N2-C:J17-U01 RAS KERNEL FATAL disable store gathering..................0
- 1125582512 2005.09.01 R03-M0-N2-C:J17-U01 2005-09-01-06.48.32.813950 R03-M0-N2-C:J17-U01 RAS KERNEL FATAL disable apu instruction broadcast........0
- 1125582512 2005.09.01 R03-M0-N2-C:J17-U01 2005-09-01-06.48.32.980201 R03-M0-N2-C:J17-U01 RAS KERNEL FATAL disable trace broadcast..................0
- 1125582513 2005.09.01 R03-M0-N2-C:J17-U01 2005-09-01-06.48.33.146729 R03-M0-N2-C:J17-U01 RAS KERNEL FATAL guaranteed instruction cache block touch.0
- 1125582513 2005.09.01 R03-M0-N2-C:J17-U01 2005-09-01-06.48.33.313401 R03-M0-N2-C:J17-U01 RAS KERNEL FATAL guaranteed data cache block touch........1
- 1125582513 2005.09.01 R03-M0-N2-C:J17-U01 2005-09-01-06.48.33.460338 R03-M0-N2-C:J17-U01 RAS KERNEL FATAL force load/store alignment...............0
- 1125582513 2005.09.01 R03-M0-N2-C:J17-U01 2005-09-01-06.48.33.657511 R03-M0-N2-C:J17-U01 RAS KERNEL FATAL icache prefetch depth....................0
- 1125582513 2005.09.01 R03-M0-N2-C:J17-U01 2005-09-01-06.48.33.927833 R03-M0-N2-C:J17-U01 RAS KERNEL FATAL icache prefetch threshold................0
- 1125582514 2005.09.01 R03-M0-N2-C:J17-U01 2005-09-01-06.48.34.487036 R03-M0-N2-C:J17-U01 RAS KERNEL FATAL general purpose registers:
- 1125582515 2005.09.01 R24-M0-N8-C:J17-U01 2005-09-01-06.48.35.731816 R24-M0-N8-C:J17-U01 RAS KERNEL INFO 1 ddr errors(s) detected and corrected on rank 0, symbol 26, bit 0
- 1125582516 2005.09.01 R03-M0-N2-C:J17-U01 2005-09-01-06.48.36.206009 R03-M0-N2-C:J17-U01 RAS KERNEL FATAL 0:00010800 1:1fea9d90 2:1eeeeeee 3:1b39c000
- 1125582516 2005.09.01 R25-M1-N5-C:J07-U01 2005-09-01-06.48.36.520405 R25-M1-N5-C:J07-U01 RAS KERNEL INFO 1 ddr errors(s) detected and corrected on rank 0, symbol 29, bit 6
- 1125582516 2005.09.01 R37-M0-N7-C:J07-U11 2005-09-01-06.48.36.674364 R37-M0-N7-C:J07-U11 RAS KERNEL INFO 1 ddr errors(s) detected and corrected on rank 0, symbol 5, bit 6
- 1125582517 2005.09.01 R03-M1-N9-C:J09-U11 2005-09-01-06.48.37.006411 R03-M1-N9-C:J09-U11 RAS KERNEL INFO 3 ddr errors(s) detected and corrected on rank 0, symbol 25, bit 1
- 1125582517 2005.09.01 R37-M0-N5-C:J10-U11 2005-09-01-06.48.37.506217 R37-M0-N5-C:J10-U11 RAS KERNEL INFO 1 ddr errors(s) detected and corrected on rank 0, symbol 11, bit 5
- 1125582520 2005.09.01 R13-M1-N1-C:J06-U01 2005-09-01-06.48.40.107380 R13-M1-N1-C:J06-U01 RAS KERNEL INFO 3 ddr errors(s) detected and corrected on rank 0, symbol 9, bit 5
- 1125582521 2005.09.01 R03-M0-N2-C:J17-U01 2005-09-01-06.48.41.953025 R03-M0-N2-C:J17-U01 RAS KERNEL FATAL 4:18707ff0 5:10105280 6:1b3ac800 7:00002100
- 1125582522 2005.09.01 R34-M0-N9-C:J07-U11 2005-09-01-06.48.42.223029 R34-M0-N9-C:J07-U11 RAS KERNEL INFO 3 ddr errors(s) detected and corrected on rank 0, symbol 23, bit 5
- 1125582522 2005.09.01 R25-M1-N5-C:J07-U01 2005-09-01-06.48.42.313565 R25-M1-N5-C:J07-U01 RAS KERNEL INFO CE sym 29, at 0x120cd0c0, mask 0x02
- 1125582522 2005.09.01 R37-M0-N7-C:J07-U11 2005-09-01-06.48.42.495261 R37-M0-N7-C:J07-U11 RAS KERNEL INFO CE sym 5, at 0x14288e60, mask 0x02
- 1125582522 2005.09.01 R03-M1-N9-C:J09-U11 2005-09-01-06.48.42.675859 R03-M1-N9-C:J09-U11 RAS KERNEL INFO CE sym 25, at 0x06c27c60, mask 0x40
- 1125582523 2005.09.01 R37-M0-N5-C:J10-U11 2005-09-01-06.48.43.031704 R37-M0-N5-C:J10-U11 RAS KERNEL INFO CE sym 11, at 0x0d1865e0, mask 0x04
- 1125582527 2005.09.01 R24-M0-N8-C:J17-U01 2005-09-01-06.48.47.765121 R24-M0-N8-C:J17-U01 RAS KERNEL INFO CE sym 26, at 0x19bd1c60, mask 0x80
- 1125582527 2005.09.01 R14-M1-N0-C:J13-U01 2005-09-01-06.48.47.855860 R14-M1-N0-C:J13-U01 RAS KERNEL INFO 1 ddr errors(s) detected and corrected on rank 0, symbol 22, bit 7
- 1125582528 2005.09.01 R13-M1-N1-C:J06-U01 2005-09-01-06.48.48.897469 R13-M1-N1-C:J06-U01 RAS KERNEL INFO CE sym 9, at 0x047a0740, mask 0x04
- 1125582530 2005.09.01 R24-M0-N8-C:J17-U01 2005-09-01-06.48.50.812082 R24-M0-N8-C:J17-U01 RAS KERNEL INFO total of 1 ddr error(s) detected and corrected
- 1125582531 2005.09.01 R03-M0-N2-C:J17-U01 2005-09-01-06.48.51.236548 R03-M0-N2-C:J17-U01 RAS KERNEL FATAL 8:1b3ac800 9:00010800 10:10115a80 11:00002100
- 1125582531 2005.09.01 R34-M0-N9-C:J07-U11 2005-09-01-06.48.51.507340 R34-M0-N9-C:J07-U11 RAS KERNEL INFO CE sym 23, at 0x0cfdddc0, mask 0x04
- 1125582531 2005.09.01 R25-M1-N5-C:J07-U01 2005-09-01-06.48.51.595456 R25-M1-N5-C:J07-U01 RAS KERNEL INFO total of 1 ddr error(s) detected and corrected
- 1125582531 2005.09.01 R37-M0-N7-C:J07-U11 2005-09-01-06.48.51.827519 R37-M0-N7-C:J07-U11 RAS KERNEL INFO total of 1 ddr error(s) detected and corrected
- 1125582532 2005.09.01 R03-M1-N9-C:J09-U11 2005-09-01-06.48.52.057018 R03-M1-N9-C:J09-U11 RAS KERNEL INFO CE sym 25, at 0x06c27c60, mask 0x40
- 1125582532 2005.09.01 R37-M0-N5-C:J10-U11 2005-09-01-06.48.52.433153 R37-M0-N5-C:J10-U11 RAS KERNEL INFO total of 1 ddr error(s) detected and corrected
- 1125582537 2005.09.01 R14-M1-N0-C:J13-U01 2005-09-01-06.48.57.180906 R14-M1-N0-C:J13-U01 RAS KERNEL INFO CE sym 22, at 0x08373840, mask 0x01
- 1125582538 2005.09.01 R13-M1-N1-C:J06-U01 2005-09-01-06.48.58.134507 R13-M1-N1-C:J06-U01 RAS KERNEL INFO CE sym 9, at 0x047a0740, mask 0x04
- 1125582539 2005.09.01 R03-M0-N2-C:J17-U01 2005-09-01-06.48.59.865538 R03-M0-N2-C:J17-U01 RAS KERNEL FATAL 12:00002280 13:1eeeeeee 14:00000018 15:00000016
- 1125582540 2005.09.01 R34-M0-N9-C:J07-U11 2005-09-01-06.49.00.013919 R34-M0-N9-C:J07-U11 RAS KERNEL INFO CE sym 23, at 0x0cfdddc0, mask 0x04
- 1125582540 2005.09.01 R03-M1-N9-C:J09-U11 2005-09-01-06.49.00.253677 R03-M1-N9-C:J09-U11 RAS KERNEL INFO CE sym 25, at 0x06c27c60, mask 0x40
- 1125582544 2005.09.01 R14-M1-N0-C:J13-U01 2005-09-01-06.49.04.922479 R14-M1-N0-C:J13-U01 RAS KERNEL INFO total of 1 ddr error(s) detected and corrected
- 1125582545 2005.09.01 R13-M1-N1-C:J06-U01 2005-09-01-06.49.05.464359 R13-M1-N1-C:J06-U01 RAS KERNEL INFO CE sym 9, at 0x047a0740, mask 0x04
- 1125582546 2005.09.01 R03-M0-N2-C:J17-U01 2005-09-01-06.49.06.547958 R03-M0-N2-C:J17-U01 RAS KERNEL FATAL 16:1b3acb30 17:18709e10 18:10115c70 19:10115b70
- 1125582546 2005.09.01 R34-M0-N9-C:J07-U11 2005-09-01-06.49.06.715594 R34-M0-N9-C:J07-U11 RAS KERNEL INFO CE sym 23, at 0x0cfdddc0, mask 0x04
- 1125582547 2005.09.01 R03-M1-N9-C:J09-U11 2005-09-01-06.49.07.038973 R03-M1-N9-C:J09-U11 RAS KERNEL INFO total of 3 ddr error(s) detected and corrected
- 1125585074 2005.09.01 R77-M0-N8-C:J07-U01 2005-09-01-07.31.14.701323 R77-M0-N8-C:J07-U01 RAS KERNEL INFO 5 ddr errors(s) detected and corrected on rank 0, symbol 7, bit 7
- 1125585075 2005.09.01 R75-M1-N0-C:J12-U01 2005-09-01-07.31.15.392610 R75-M1-N0-C:J12-U01 RAS KERNEL INFO 12 ddr errors(s) detected and corrected on rank 0, symbol 20, bit 3
- 1125585075 2005.09.01 R72-M1-N1-C:J08-U11 2005-09-01-07.31.15.596051 R72-M1-N1-C:J08-U11 RAS KERNEL INFO 4 ddr errors(s) detected and corrected on rank 0, symbol 25, bit 6
- 1125585075 2005.09.01 R77-M0-N8-C:J07-U01 2005-09-01-07.31.15.933951 R77-M0-N8-C:J07-U01 RAS KERNEL INFO CE sym 7, at 0x0fca4d20, mask 0x01
- 1125585076 2005.09.01 R75-M1-N0-C:J12-U01 2005-09-01-07.31.16.101696 R75-M1-N0-C:J12-U01 RAS KERNEL INFO CE sym 20, at 0x1802af60, mask 0x10
- 1125585076 2005.09.01 R72-M1-N1-C:J08-U11 2005-09-01-07.31.16.119706 R72-M1-N1-C:J08-U11 RAS KERNEL INFO CE sym 25, at 0x104c5d00, mask 0x02
- 1125585076 2005.09.01 R77-M0-N8-C:J07-U01 2005-09-01-07.31.16.240369 R77-M0-N8-C:J07-U01 RAS KERNEL INFO CE sym 7, at 0x0fca4d20, mask 0x01
- 1125585076 2005.09.01 R75-M1-N0-C:J12-U01 2005-09-01-07.31.16.407523 R75-M1-N0-C:J12-U01 RAS KERNEL INFO CE sym 20, at 0x1802af60, mask 0x10
- 1125585076 2005.09.01 R72-M1-N1-C:J08-U11 2005-09-01-07.31.16.431340 R72-M1-N1-C:J08-U11 RAS KERNEL INFO CE sym 25, at 0x104c5d00, mask 0x02
- 1125585076 2005.09.01 R77-M0-N8-C:J07-U01 2005-09-01-07.31.16.529346 R77-M0-N8-C:J07-U01 RAS KERNEL INFO CE sym 7, at 0x0fca4d20, mask 0x01
- 1125585076 2005.09.01 R75-M1-N0-C:J12-U01 2005-09-01-07.31.16.641092 R75-M1-N0-C:J12-U01 RAS KERNEL INFO CE sym 20, at 0x1802af60, mask 0x10
- 1125585076 2005.09.01 R72-M1-N1-C:J08-U11 2005-09-01-07.31.16.658828 R72-M1-N1-C:J08-U11 RAS KERNEL INFO CE sym 25, at 0x104c5d00, mask 0x02
- 1125585076 2005.09.01 R77-M0-N8-C:J07-U01 2005-09-01-07.31.16.760624 R77-M0-N8-C:J07-U01 RAS KERNEL INFO CE sym 7, at 0x0fca4d20, mask 0x01
- 1125585076 2005.09.01 R75-M1-N0-C:J12-U01 2005-09-01-07.31.16.862736 R75-M1-N0-C:J12-U01 RAS KERNEL INFO CE sym 20, at 0x1802af60, mask 0x10
- 1125585076 2005.09.01 R72-M1-N1-C:J08-U11 2005-09-01-07.31.16.880596 R72-M1-N1-C:J08-U11 RAS KERNEL INFO CE sym 25, at 0x104c5d00, mask 0x02
- 1125585076 2005.09.01 R77-M0-N8-C:J07-U01 2005-09-01-07.31.16.974720 R77-M0-N8-C:J07-U01 RAS KERNEL INFO CE sym 7, at 0x0fca4d20, mask 0x01
- 1125585077 2005.09.01 R75-M1-N0-C:J12-U01 2005-09-01-07.31.17.078173 R75-M1-N0-C:J12-U01 RAS KERNEL INFO CE sym 20, at 0x1802af60, mask 0x10
- 1125585077 2005.09.01 R72-M1-N1-C:J08-U11 2005-09-01-07.31.17.096091 R72-M1-N1-C:J08-U11 RAS KERNEL INFO total of 4 ddr error(s) detected and corrected
- 1125585077 2005.09.01 R77-M0-N8-C:J07-U01 2005-09-01-07.31.17.195159 R77-M0-N8-C:J07-U01 RAS KERNEL INFO total of 5 ddr error(s) detected and corrected
- 1125585077 2005.09.01 R75-M1-N0-C:J12-U01 2005-09-01-07.31.17.294593 R75-M1-N0-C:J12-U01 RAS KERNEL INFO CE sym 20, at 0x1802af60, mask 0x10
- 1125585077 2005.09.01 R75-M1-N0-C:J12-U01 2005-09-01-07.31.17.486286 R75-M1-N0-C:J12-U01 RAS KERNEL INFO CE sym 20, at 0x1802af60, mask 0x10
- 1125585077 2005.09.01 R75-M1-N0-C:J12-U01 2005-09-01-07.31.17.641127 R75-M1-N0-C:J12-U01 RAS KERNEL INFO CE sym 20, at 0x1802af60, mask 0x10
- 1125585077 2005.09.01 R75-M1-N0-C:J12-U01 2005-09-01-07.31.17.802034 R75-M1-N0-C:J12-U01 RAS KERNEL INFO CE sym 20, at 0x1802af60, mask 0x10
- 1125585077 2005.09.01 R75-M1-N0-C:J12-U01 2005-09-01-07.31.17.957588 R75-M1-N0-C:J12-U01 RAS KERNEL INFO CE sym 20, at 0x1802af60, mask 0x10
- 1125585078 2005.09.01 R75-M1-N0-C:J12-U01 2005-09-01-07.31.18.113039 R75-M1-N0-C:J12-U01 RAS KERNEL INFO CE sym 20, at 0x1802af60, mask 0x10
- 1125585078 2005.09.01 R75-M1-N0-C:J12-U01 2005-09-01-07.31.18.282467 R75-M1-N0-C:J12-U01 RAS KERNEL INFO CE sym 20, at 0x1802af60, mask 0x10
- 1125585078 2005.09.01 R75-M1-N0-C:J12-U01 2005-09-01-07.31.18.436104 R75-M1-N0-C:J12-U01 RAS KERNEL INFO total of 12 ddr error(s) detected and corrected
- 1125585233 2005.09.01 R01-M0-N0-C:J17-U01 2005-09-01-07.33.53.893013 R01-M0-N0-C:J17-U01 RAS KERNEL INFO critical input interrupt (unit=0x0b bit=0x03): warning for torus x- wire
- 1125585234 2005.09.01 R01-M0-N0-C:J17-U01 2005-09-01-07.33.54.079530 R01-M0-N0-C:J17-U01 RAS KERNEL INFO suppressing further interrupts of same type
- 1125587403 2005.09.01 R51-M0-N9-C:J14-U01 2005-09-01-08.10.03.261104 R51-M0-N9-C:J14-U01 RAS KERNEL INFO 1 ddr errors(s) detected and corrected on rank 0, symbol 19, bit 7
- 1125587403 2005.09.01 R50-M0-N6-C:J06-U11 2005-09-01-08.10.03.625566 R50-M0-N6-C:J06-U11 RAS KERNEL INFO 22 ddr errors(s) detected and corrected on rank 0, symbol 29, bit 5
- 1125587403 2005.09.01 R45-M0-N4-C:J08-U01 2005-09-01-08.10.03.721519 R45-M0-N4-C:J08-U01 RAS KERNEL INFO 2 L3 EDRAM error(s) (dcr 0x0157) detected and corrected
- 1125587404 2005.09.01 R51-M0-N9-C:J14-U01 2005-09-01-08.10.04.993762 R51-M0-N9-C:J14-U01 RAS KERNEL INFO CE sym 19, at 0x1806b540, mask 0x01
- 1125587405 2005.09.01 R50-M0-N6-C:J06-U11 2005-09-01-08.10.05.096295 R50-M0-N6-C:J06-U11 RAS KERNEL INFO CE sym 29, at 0x092db580, mask 0x04
- 1125587405 2005.09.01 R51-M0-N9-C:J14-U01 2005-09-01-08.10.05.676926 R51-M0-N9-C:J14-U01 RAS KERNEL INFO total of 1 ddr error(s) detected and corrected
- 1125587405 2005.09.01 R50-M0-N6-C:J06-U11 2005-09-01-08.10.05.772520 R50-M0-N6-C:J06-U11 RAS KERNEL INFO CE sym 29, at 0x092db580, mask 0x04
- 1125587406 2005.09.01 R50-M0-N6-C:J06-U11 2005-09-01-08.10.06.321173 R50-M0-N6-C:J06-U11 RAS KERNEL INFO CE sym 29, at 0x092db580, mask 0x04
- 1125587406 2005.09.01 R50-M0-N6-C:J06-U11 2005-09-01-08.10.06.730713 R50-M0-N6-C:J06-U11 RAS KERNEL INFO CE sym 29, at 0x092db580, mask 0x04
- 1125587407 2005.09.01 R50-M0-N6-C:J06-U11 2005-09-01-08.10.07.200404 R50-M0-N6-C:J06-U11 RAS KERNEL INFO CE sym 29, at 0x092db580, mask 0x04
- 1125587407 2005.09.01 R50-M0-N6-C:J06-U11 2005-09-01-08.10.07.465500 R50-M0-N6-C:J06-U11 RAS KERNEL INFO CE sym 29, at 0x092db580, mask 0x04
- 1125587407 2005.09.01 R50-M0-N6-C:J06-U11 2005-09-01-08.10.07.631278 R50-M0-N6-C:J06-U11 RAS KERNEL INFO CE sym 29, at 0x092db580, mask 0x04
- 1125587407 2005.09.01 R50-M0-N6-C:J06-U11 2005-09-01-08.10.07.798836 R50-M0-N6-C:J06-U11 RAS KERNEL INFO CE sym 29, at 0x092db580, mask 0x04
- 1125587407 2005.09.01 R50-M0-N6-C:J06-U11 2005-09-01-08.10.07.938755 R50-M0-N6-C:J06-U11 RAS KERNEL INFO CE sym 29, at 0x092db580, mask 0x04
- 1125587408 2005.09.01 R50-M0-N6-C:J06-U11 2005-09-01-08.10.08.084457 R50-M0-N6-C:J06-U11 RAS KERNEL INFO CE sym 29, at 0x092db580, mask 0x04
- 1125587408 2005.09.01 R50-M0-N6-C:J06-U11 2005-09-01-08.10.08.225646 R50-M0-N6-C:J06-U11 RAS KERNEL INFO CE sym 29, at 0x092db580, mask 0x04
- 1125587408 2005.09.01 R50-M0-N6-C:J06-U11 2005-09-01-08.10.08.352018 R50-M0-N6-C:J06-U11 RAS KERNEL INFO CE sym 29, at 0x092db580, mask 0x04
- 1125587408 2005.09.01 R50-M0-N6-C:J06-U11 2005-09-01-08.10.08.481382 R50-M0-N6-C:J06-U11 RAS KERNEL INFO CE sym 29, at 0x092db580, mask 0x04
- 1125587408 2005.09.01 R50-M0-N6-C:J06-U11 2005-09-01-08.10.08.609181 R50-M0-N6-C:J06-U11 RAS KERNEL INFO CE sym 29, at 0x092db580, mask 0x04
- 1125587408 2005.09.01 R50-M0-N6-C:J06-U11 2005-09-01-08.10.08.680705 R50-M0-N6-C:J06-U11 RAS KERNEL INFO CE sym 29, at 0x092db580, mask 0x04
- 1125587408 2005.09.01 R50-M0-N6-C:J06-U11 2005-09-01-08.10.08.770646 R50-M0-N6-C:J06-U11 RAS KERNEL INFO CE sym 29, at 0x092db580, mask 0x04
- 1125587408 2005.09.01 R50-M0-N6-C:J06-U11 2005-09-01-08.10.08.860477 R50-M0-N6-C:J06-U11 RAS KERNEL INFO CE sym 29, at 0x092db580, mask 0x04
- 1125587408 2005.09.01 R50-M0-N6-C:J06-U11 2005-09-01-08.10.08.950178 R50-M0-N6-C:J06-U11 RAS KERNEL INFO CE sym 29, at 0x092db580, mask 0x04
- 1125587409 2005.09.01 R50-M0-N6-C:J06-U11 2005-09-01-08.10.09.040750 R50-M0-N6-C:J06-U11 RAS KERNEL INFO CE sym 29, at 0x092db580, mask 0x04
- 1125587409 2005.09.01 R50-M0-N6-C:J06-U11 2005-09-01-08.10.09.133513 R50-M0-N6-C:J06-U11 RAS KERNEL INFO CE sym 29, at 0x092db580, mask 0x04
- 1125587409 2005.09.01 R50-M0-N6-C:J06-U11 2005-09-01-08.10.09.224873 R50-M0-N6-C:J06-U11 RAS KERNEL INFO CE sym 29, at 0x092db580, mask 0x04
- 1125587409 2005.09.01 R50-M0-N6-C:J06-U11 2005-09-01-08.10.09.321556 R50-M0-N6-C:J06-U11 RAS KERNEL INFO CE sym 29, at 0x092db580, mask 0x04
- 1125587409 2005.09.01 R50-M0-N6-C:J06-U11 2005-09-01-08.10.09.415454 R50-M0-N6-C:J06-U11 RAS KERNEL INFO total of 22 ddr error(s) detected and corrected
- 1125590279 2005.09.01 R74-M0-N7-C:J11-U11 2005-09-01-08.57.59.340502 R74-M0-N7-C:J11-U11 RAS KERNEL INFO 1 ddr errors(s) detected and corrected on rank 0, symbol 4, bit 4
- 1125590279 2005.09.01 R74-M0-N7-C:J11-U11 2005-09-01-08.57.59.466094 R74-M0-N7-C:J11-U11 RAS KERNEL INFO CE sym 4, at 0x19721560, mask 0x08
- 1125590279 2005.09.01 R74-M0-N7-C:J11-U11 2005-09-01-08.57.59.549184 R74-M0-N7-C:J11-U11 RAS KERNEL INFO total of 1 ddr error(s) detected and corrected
- 1125591202 2005.09.01 R44-M1-N4-C:J04-U01 2005-09-01-09.13.22.250294 R44-M1-N4-C:J04-U01 RAS KERNEL INFO 1 tree receiver 2 in re-synch state event(s) (dcr 0x019a) detected
- 1125591202 2005.09.01 R44-M1-N4-C:J04-U01 2005-09-01-09.13.22.327114 R44-M1-N4-C:J04-U01 RAS KERNEL INFO 1 tree receiver 2 in re-synch state event(s) (dcr 0x019a) detected
- 1125593554 2005.09.01 R24-M0-N8-C:J17-U01 2005-09-01-09.52.34.143923 R24-M0-N8-C:J17-U01 RAS KERNEL INFO 3 ddr errors(s) detected and corrected on rank 0, symbol 26, bit 0
- 1125593554 2005.09.01 R34-M1-N8-C:J13-U11 2005-09-01-09.52.34.323660 R34-M1-N8-C:J13-U11 RAS KERNEL INFO 1 ddr errors(s) detected and corrected on rank 0, symbol 35, bit 1
- 1125593554 2005.09.01 R30-M0-N8-C:J17-U01 2005-09-01-09.52.34.575661 R30-M0-N8-C:J17-U01 RAS KERNEL INFO 2 ddr errors(s) detected and corrected on rank 0, symbol 6, bit 6
- 1125593554 2005.09.01 R17-M1-N7-C:J11-U11 2005-09-01-09.52.34.900266 R17-M1-N7-C:J11-U11 RAS KERNEL INFO 2 ddr errors(s) detected and corrected on rank 0, symbol 7, bit 2
- 1125593554 2005.09.01 R14-M1-N0-C:J13-U01 2005-09-01-09.52.34.970074 R14-M1-N0-C:J13-U01 RAS KERNEL INFO 5 ddr errors(s) detected and corrected on rank 0, symbol 22, bit 7
- 1125593555 2005.09.01 R05-M1-N1-C:J17-U01 2005-09-01-09.52.35.969646 R05-M1-N1-C:J17-U01 RAS KERNEL INFO 1 ddr errors(s) detected and corrected on rank 0, symbol 34, bit 1
- 1125593556 2005.09.01 R34-M0-N9-C:J07-U11 2005-09-01-09.52.36.311051 R34-M0-N9-C:J07-U11 RAS KERNEL INFO 9 ddr errors(s) detected and corrected on rank 0, symbol 23, bit 5
- 1125593556 2005.09.01 R25-M1-N5-C:J07-U01 2005-09-01-09.52.36.484655 R25-M1-N5-C:J07-U01 RAS KERNEL INFO 1 ddr errors(s) detected and corrected on rank 0, symbol 29, bit 6
- 1125593557 2005.09.01 R00-M0-N4-C:J05-U11 2005-09-01-09.52.37.621768 R00-M0-N4-C:J05-U11 RAS KERNEL INFO 1 ddr errors(s) detected and corrected on rank 0, symbol 12, bit 4
- 1125593557 2005.09.01 R03-M1-N9-C:J09-U11 2005-09-01-09.52.37.707768 R03-M1-N9-C:J09-U11 RAS KERNEL INFO 2 ddr errors(s) detected and corrected on rank 0, symbol 25, bit 1
- 1125593557 2005.09.01 R25-M1-N1-C:J13-U11 2005-09-01-09.52.37.968004 R25-M1-N1-C:J13-U11 RAS KERNEL INFO 2 ddr errors(s) detected and corrected on rank 0, symbol 1, bit 4
- 1125593558 2005.09.01 R25-M1-N1-C:J09-U01 2005-09-01-09.52.38.058703 R25-M1-N1-C:J09-U01 RAS KERNEL INFO 1 ddr errors(s) detected and corrected on rank 0, symbol 7, bit 5
- 1125593559 2005.09.01 R23-M0-N5-C:J12-U01 2005-09-01-09.52.39.041684 R23-M0-N5-C:J12-U01 RAS KERNEL INFO 1 ddr errors(s) detected and corrected on rank 0, symbol 29, bit 4
- 1125593559 2005.09.01 R12-M1-N1-C:J16-U11 2005-09-01-09.52.39.578504 R12-M1-N1-C:J16-U11 RAS KERNEL INFO 2 ddr errors(s) detected and corrected on rank 0, symbol 31, bit 4
- 1125593560 2005.09.01 R37-M0-N5-C:J10-U11 2005-09-01-09.52.40.097223 R37-M0-N5-C:J10-U11 RAS KERNEL INFO 3 ddr errors(s) detected and corrected on rank 0, symbol 11, bit 5
- 1125593560 2005.09.01 R17-M0-N0-C:J10-U01 2005-09-01-09.52.40.639555 R17-M0-N0-C:J10-U01 RAS KERNEL INFO 1 ddr errors(s) detected and corrected on rank 0, symbol 29, bit 7
- 1125593561 2005.09.01 R24-M1-N3-C:J06-U11 2005-09-01-09.52.41.181611 R24-M1-N3-C:J06-U11 RAS KERNEL INFO 1 ddr errors(s) detected and corrected on rank 0, symbol 11, bit 6
- 1125593561 2005.09.01 R13-M1-N1-C:J06-U01 2005-09-01-09.52.41.797075 R13-M1-N1-C:J06-U01 RAS KERNEL INFO 3 ddr errors(s) detected and corrected on rank 0, symbol 9, bit 5
- 1125593562 2005.09.01 R03-M0-N7-C:J06-U01 2005-09-01-09.52.42.353383 R03-M0-N7-C:J06-U01 RAS KERNEL INFO 2 ddr errors(s) detected and corrected on rank 0, symbol 11, bit 1
- 1125593562 2005.09.01 R24-M0-N8-C:J17-U01 2005-09-01-09.52.42.927855 R24-M0-N8-C:J17-U01 RAS KERNEL INFO CE sym 26, at 0x19bd1c60, mask 0x80
- 1125593563 2005.09.01 R34-M1-N8-C:J13-U11 2005-09-01-09.52.43.083271 R34-M1-N8-C:J13-U11 RAS KERNEL INFO CE sym 35, at 0x09dd5f80, mask 0x40
- 1125593563 2005.09.01 R30-M0-N8-C:J17-U01 2005-09-01-09.52.43.322188 R30-M0-N8-C:J17-U01 RAS KERNEL INFO CE sym 6, at 0x095d98e0, mask 0x02
- 1125593563 2005.09.01 R17-M1-N7-C:J11-U11 2005-09-01-09.52.43.633349 R17-M1-N7-C:J11-U11 RAS KERNEL INFO CE sym 7, at 0x0d58e600, mask 0x20
- 1125593563 2005.09.01 R14-M1-N0-C:J13-U01 2005-09-01-09.52.43.709619 R14-M1-N0-C:J13-U01 RAS KERNEL INFO CE sym 22, at 0x08373840, mask 0x01
- 1125593564 2005.09.01 R05-M1-N1-C:J17-U01 2005-09-01-09.52.44.389972 R05-M1-N1-C:J17-U01 RAS KERNEL INFO CE sym 34, at 0x028ed560, mask 0x40
- 1125593564 2005.09.01 R34-M0-N9-C:J07-U11 2005-09-01-09.52.44.701884 R34-M0-N9-C:J07-U11 RAS KERNEL INFO CE sym 23, at 0x0cfdddc0, mask 0x04
- 1125593564 2005.09.01 R25-M1-N5-C:J07-U01 2005-09-01-09.52.44.869394 R25-M1-N5-C:J07-U01 RAS KERNEL INFO CE sym 29, at 0x120cd0c0, mask 0x02
- 1125593565 2005.09.01 R00-M0-N4-C:J05-U11 2005-09-01-09.52.45.879858 R00-M0-N4-C:J05-U11 RAS KERNEL INFO CE sym 12, at 0x10841aa0, mask 0x08
- 1125593565 2005.09.01 R03-M1-N9-C:J09-U11 2005-09-01-09.52.45.964008 R03-M1-N9-C:J09-U11 RAS KERNEL INFO CE sym 25, at 0x06c27c60, mask 0x40
- 1125593566 2005.09.01 R25-M1-N1-C:J13-U11 2005-09-01-09.52.46.244970 R25-M1-N1-C:J13-U11 RAS KERNEL INFO CE sym 1, at 0x0713b4e0, mask 0x08
- 1125593566 2005.09.01 R25-M1-N1-C:J09-U01 2005-09-01-09.52.46.334482 R25-M1-N1-C:J09-U01 RAS KERNEL INFO CE sym 7, at 0x13a3a5c0, mask 0x04
- 1125593567 2005.09.01 R23-M0-N5-C:J12-U01 2005-09-01-09.52.47.441878 R23-M0-N5-C:J12-U01 RAS KERNEL INFO CE sym 29, at 0x14123c20, mask 0x08
- 1125593567 2005.09.01 R12-M1-N1-C:J16-U11 2005-09-01-09.52.47.986787 R12-M1-N1-C:J16-U11 RAS KERNEL INFO CE sym 31, at 0x18004d60, mask 0x08
- 1125593568 2005.09.01 R37-M0-N5-C:J10-U11 2005-09-01-09.52.48.531481 R37-M0-N5-C:J10-U11 RAS KERNEL INFO CE sym 11, at 0x0d1865e0, mask 0x04
- 1125593568 2005.09.01 R17-M0-N0-C:J10-U01 2005-09-01-09.52.48.991608 R17-M0-N0-C:J10-U01 RAS KERNEL INFO CE sym 29, at 0x04fdc8e0, mask 0x01
- 1125593569 2005.09.01 R24-M1-N3-C:J06-U11 2005-09-01-09.52.49.405084 R24-M1-N3-C:J06-U11 RAS KERNEL INFO CE sym 11, at 0x079313e0, mask 0x02
- 1125593570 2005.09.01 R13-M1-N1-C:J06-U01 2005-09-01-09.52.50.110619 R13-M1-N1-C:J06-U01 RAS KERNEL INFO CE sym 9, at 0x047a0740, mask 0x04
- 1125593570 2005.09.01 R03-M0-N7-C:J06-U01 2005-09-01-09.52.50.714700 R03-M0-N7-C:J06-U01 RAS KERNEL INFO CE sym 11, at 0x0b4e7640, mask 0x40
- 1125593571 2005.09.01 R24-M0-N8-C:J17-U01 2005-09-01-09.52.51.294793 R24-M0-N8-C:J17-U01 RAS KERNEL INFO CE sym 26, at 0x19bd1c60, mask 0x80
- 1125593571 2005.09.01 R34-M1-N8-C:J13-U11 2005-09-01-09.52.51.438042 R34-M1-N8-C:J13-U11 RAS KERNEL INFO total of 1 ddr error(s) detected and corrected
- 1125593571 2005.09.01 R30-M0-N8-C:J17-U01 2005-09-01-09.52.51.777213 R30-M0-N8-C:J17-U01 RAS KERNEL INFO CE sym 6, at 0x095d98e0, mask 0x02
- 1125593572 2005.09.01 R17-M1-N7-C:J11-U11 2005-09-01-09.52.52.126708 R17-M1-N7-C:J11-U11 RAS KERNEL INFO CE sym 7, at 0x0d58e600, mask 0x20
- 1125593572 2005.09.01 R14-M1-N0-C:J13-U01 2005-09-01-09.52.52.198196 R14-M1-N0-C:J13-U01 RAS KERNEL INFO CE sym 22, at 0x00713840, mask 0x01
- 1125593572 2005.09.01 R05-M1-N1-C:J17-U01 2005-09-01-09.52.52.857080 R05-M1-N1-C:J17-U01 RAS KERNEL INFO total of 1 ddr error(s) detected and corrected
- 1125593573 2005.09.01 R34-M0-N9-C:J07-U11 2005-09-01-09.52.53.168291 R34-M0-N9-C:J07-U11 RAS KERNEL INFO CE sym 23, at 0x0cfdddc0, mask 0x04
- 1125593573 2005.09.01 R25-M1-N5-C:J07-U01 2005-09-01-09.52.53.310807 R25-M1-N5-C:J07-U01 RAS KERNEL INFO total of 1 ddr error(s) detected and corrected
- 1125593574 2005.09.01 R00-M0-N4-C:J05-U11 2005-09-01-09.52.54.173486 R00-M0-N4-C:J05-U11 RAS KERNEL INFO total of 1 ddr error(s) detected and corrected
- 1125593574 2005.09.01 R03-M1-N9-C:J09-U11 2005-09-01-09.52.54.262517 R03-M1-N9-C:J09-U11 RAS KERNEL INFO CE sym 25, at 0x06c27c60, mask 0x40
- 1125593574 2005.09.01 R25-M1-N1-C:J13-U11 2005-09-01-09.52.54.484119 R25-M1-N1-C:J13-U11 RAS KERNEL INFO CE sym 1, at 0x0713b4e0, mask 0x08
- 1125593574 2005.09.01 R25-M1-N1-C:J09-U01 2005-09-01-09.52.54.556106 R25-M1-N1-C:J09-U01 RAS KERNEL INFO total of 1 ddr error(s) detected and corrected
- 1125593575 2005.09.01 R23-M0-N5-C:J12-U01 2005-09-01-09.52.55.369912 R23-M0-N5-C:J12-U01 RAS KERNEL INFO total of 1 ddr error(s) detected and corrected
- 1125593575 2005.09.01 R12-M1-N1-C:J16-U11 2005-09-01-09.52.55.879748 R12-M1-N1-C:J16-U11 RAS KERNEL INFO CE sym 31, at 0x18004d60, mask 0x08
- 1125593576 2005.09.01 R37-M0-N5-C:J10-U11 2005-09-01-09.52.56.394175 R37-M0-N5-C:J10-U11 RAS KERNEL INFO CE sym 11, at 0x0d1865e0, mask 0x04
- 1125593576 2005.09.01 R17-M0-N0-C:J10-U01 2005-09-01-09.52.56.817749 R17-M0-N0-C:J10-U01 RAS KERNEL INFO total of 1 ddr error(s) detected and corrected
- 1125593577 2005.09.01 R24-M1-N3-C:J06-U11 2005-09-01-09.52.57.440476 R24-M1-N3-C:J06-U11 RAS KERNEL INFO total of 1 ddr error(s) detected and corrected
- 1125593578 2005.09.01 R13-M1-N1-C:J06-U01 2005-09-01-09.52.58.217678 R13-M1-N1-C:J06-U01 RAS KERNEL INFO CE sym 9, at 0x047a0740, mask 0x04
- 1125593578 2005.09.01 R03-M0-N7-C:J06-U01 2005-09-01-09.52.58.888353 R03-M0-N7-C:J06-U01 RAS KERNEL INFO CE sym 11, at 0x0b4e7640, mask 0x40
- 1125593579 2005.09.01 R24-M0-N8-C:J17-U01 2005-09-01-09.52.59.407277 R24-M0-N8-C:J17-U01 RAS KERNEL INFO CE sym 26, at 0x19bd1c60, mask 0x80
- 1125593579 2005.09.01 R25-M1-N1-C:J13-U11 2005-09-01-09.52.59.577144 R25-M1-N1-C:J13-U11 RAS KERNEL INFO total of 2 ddr error(s) detected and corrected
- 1125593579 2005.09.01 R30-M0-N8-C:J17-U01 2005-09-01-09.52.59.677624 R30-M0-N8-C:J17-U01 RAS KERNEL INFO total of 2 ddr error(s) detected and corrected
- 1125593580 2005.09.01 R17-M1-N7-C:J11-U11 2005-09-01-09.53.00.082479 R17-M1-N7-C:J11-U11 RAS KERNEL INFO total of 2 ddr error(s) detected and corrected
- 1125593580 2005.09.01 R14-M1-N0-C:J13-U01 2005-09-01-09.53.00.168233 R14-M1-N0-C:J13-U01 RAS KERNEL INFO CE sym 22, at 0x0072b840, mask 0x01
- 1125593581 2005.09.01 R34-M0-N9-C:J07-U11 2005-09-01-09.53.01.095470 R34-M0-N9-C:J07-U11 RAS KERNEL INFO CE sym 23, at 0x0cfdddc0, mask 0x04
- 1125593581 2005.09.01 R03-M1-N9-C:J09-U11 2005-09-01-09.53.01.795399 R03-M1-N9-C:J09-U11 RAS KERNEL INFO total of 2 ddr error(s) detected and corrected
- 1125593582 2005.09.01 R12-M1-N1-C:J16-U11 2005-09-01-09.53.02.902832 R12-M1-N1-C:J16-U11 RAS KERNEL INFO total of 2 ddr error(s) detected and corrected
- 1125593583 2005.09.01 R37-M0-N5-C:J10-U11 2005-09-01-09.53.03.237507 R37-M0-N5-C:J10-U11 RAS KERNEL INFO CE sym 11, at 0x0d1865e0, mask 0x04
- 1125593584 2005.09.01 R13-M1-N1-C:J06-U01 2005-09-01-09.53.04.006796 R13-M1-N1-C:J06-U01 RAS KERNEL INFO CE sym 9, at 0x047a0740, mask 0x04
- 1125593584 2005.09.01 R03-M0-N7-C:J06-U01 2005-09-01-09.53.04.399403 R03-M0-N7-C:J06-U01 RAS KERNEL INFO total of 2 ddr error(s) detected and corrected
- 1125593584 2005.09.01 R24-M0-N8-C:J17-U01 2005-09-01-09.53.04.807497 R24-M0-N8-C:J17-U01 RAS KERNEL INFO total of 3 ddr error(s) detected and corrected
- 1125593585 2005.09.01 R14-M1-N0-C:J13-U01 2005-09-01-09.53.05.052160 R14-M1-N0-C:J13-U01 RAS KERNEL INFO CE sym 22, at 0x00733840, mask 0x01
- 1125593585 2005.09.01 R34-M0-N9-C:J07-U11 2005-09-01-09.53.05.691179 R34-M0-N9-C:J07-U11 RAS KERNEL INFO CE sym 23, at 0x0cfdddc0, mask 0x04
- 1125593587 2005.09.01 R37-M0-N5-C:J10-U11 2005-09-01-09.53.07.566497 R37-M0-N5-C:J10-U11 RAS KERNEL INFO total of 3 ddr error(s) detected and corrected
- 1125593588 2005.09.01 R13-M1-N1-C:J06-U01 2005-09-01-09.53.08.252018 R13-M1-N1-C:J06-U01 RAS KERNEL INFO total of 3 ddr error(s) detected and corrected
- 1125593589 2005.09.01 R14-M1-N0-C:J13-U01 2005-09-01-09.53.09.209692 R14-M1-N0-C:J13-U01 RAS KERNEL INFO CE sym 22, at 0x0076b840, mask 0x01
- 1125593589 2005.09.01 R34-M0-N9-C:J07-U11 2005-09-01-09.53.09.759950 R34-M0-N9-C:J07-U11 RAS KERNEL INFO CE sym 23, at 0x0cfdddc0, mask 0x04
- 1125593591 2005.09.01 R14-M1-N0-C:J13-U01 2005-09-01-09.53.11.530318 R14-M1-N0-C:J13-U01 RAS KERNEL INFO total of 5 ddr error(s) detected and corrected
- 1125593591 2005.09.01 R34-M0-N9-C:J07-U11 2005-09-01-09.53.11.960656 R34-M0-N9-C:J07-U11 RAS KERNEL INFO CE sym 23, at 0x0cfdddc0, mask 0x04
- 1125593594 2005.09.01 R34-M0-N9-C:J07-U11 2005-09-01-09.53.14.194869 R34-M0-N9-C:J07-U11 RAS KERNEL INFO CE sym 23, at 0x0cfdddc0, mask 0x04
- 1125593595 2005.09.01 R34-M0-N9-C:J07-U11 2005-09-01-09.53.15.835695 R34-M0-N9-C:J07-U11 RAS KERNEL INFO CE sym 23, at 0x0cfdddc0, mask 0x04
- 1125593597 2005.09.01 R34-M0-N9-C:J07-U11 2005-09-01-09.53.17.584813 R34-M0-N9-C:J07-U11 RAS KERNEL INFO CE sym 23, at 0x0cfdddc0, mask 0x04
- 1125593599 2005.09.01 R34-M0-N9-C:J07-U11 2005-09-01-09.53.19.163112 R34-M0-N9-C:J07-U11 RAS KERNEL INFO total of 9 ddr error(s) detected and corrected
- 1125593872 2005.09.01 R44-M1-N4-C:J04-U01 2005-09-01-09.57.52.060273 R44-M1-N4-C:J04-U01 RAS KERNEL INFO 1 tree receiver 2 in re-synch state event(s) (dcr 0x019a) detected
- 1125593872 2005.09.01 R44-M1-N4-C:J04-U01 2005-09-01-09.57.52.141695 R44-M1-N4-C:J04-U01 RAS KERNEL INFO 1 tree receiver 2 in re-synch state event(s) (dcr 0x019a) detected
- 1125601538 2005.09.01 R44-M1-N4-C:J04-U01 2005-09-01-12.05.38.570281 R44-M1-N4-C:J04-U01 RAS KERNEL INFO 1 tree receiver 2 in re-synch state event(s) (dcr 0x019a) detected
- 1125613719 2005.09.01 R44-M1-N4-C:J04-U01 2005-09-01-15.28.39.837088 R44-M1-N4-C:J04-U01 RAS KERNEL INFO 1 torus receiver x+ input pipe error(s) (dcr 0x02ec) detected and corrected
- 1125613720 2005.09.01 R44-M1-N4-C:J04-U01 2005-09-01-15.28.40.273424 R44-M1-N4-C:J04-U01 RAS KERNEL INFO 1 tree receiver 1 in re-synch state event(s) (dcr 0x0185) detected
- 1125613720 2005.09.01 R44-M1-N4-C:J04-U01 2005-09-01-15.28.40.868760 R44-M1-N4-C:J04-U01 RAS KERNEL INFO 1 tree receiver 2 in re-synch state event(s) (dcr 0x019a) detected
- 1125632185 2005.09.01 R44-M1-N4-C:J04-U01 2005-09-01-20.36.25.738830 R44-M1-N4-C:J04-U01 RAS KERNEL INFO 1 tree receiver 1 in re-synch state event(s) (dcr 0x0185) detected
- 1125632186 2005.09.01 R44-M1-N4-C:J04-U01 2005-09-01-20.36.26.244898 R44-M1-N4-C:J04-U01 RAS KERNEL INFO 1 tree receiver 2 in re-synch state event(s) (dcr 0x019a) detected
- 1125644853 2005.09.02 R44-M1-N4-C:J04-U01 2005-09-02-00.07.33.221240 R44-M1-N4-C:J04-U01 RAS KERNEL INFO 2 tree receiver 1 in re-synch state event(s) (dcr 0x0185) detected
- 1125644853 2005.09.02 R44-M1-N4-C:J04-U01 2005-09-02-00.07.33.333203 R44-M1-N4-C:J04-U01 RAS KERNEL INFO 3 tree receiver 2 in re-synch state event(s) (dcr 0x019a) detected
- 1125652929 2005.09.02 R44-M1-N4-C:J04-U01 2005-09-02-02.22.09.504858 R44-M1-N4-C:J04-U01 RAS KERNEL INFO 1 tree receiver 1 in re-synch state event(s) (dcr 0x0185) detected
- 1125652929 2005.09.02 R44-M1-N4-C:J04-U01 2005-09-02-02.22.09.604562 R44-M1-N4-C:J04-U01 RAS KERNEL INFO 1 tree receiver 2 in re-synch state event(s) (dcr 0x019a) detected
- 1125676406 2005.09.02 R44-M1-N4-C:J04-U01 2005-09-02-08.53.26.411553 R44-M1-N4-C:J04-U01 RAS KERNEL INFO 1 torus receiver x+ input pipe error(s) (dcr 0x02ec) detected and corrected
- 1125676406 2005.09.02 R44-M1-N4-C:J04-U01 2005-09-02-08.53.26.478471 R44-M1-N4-C:J04-U01 RAS KERNEL INFO 1 torus receiver y+ input pipe error(s) (dcr 0x02ee) detected and corrected
- 1125676407 2005.09.02 R44-M1-N4-C:J04-U01 2005-09-02-08.53.27.099043 R44-M1-N4-C:J04-U01 RAS KERNEL INFO 1 torus receiver z- input pipe error(s) (dcr 0x02f1) detected and corrected
- 1125676407 2005.09.02 R44-M1-N4-C:J04-U01 2005-09-02-08.53.27.189663 R44-M1-N4-C:J04-U01 RAS KERNEL INFO 2 tree receiver 1 in re-synch state event(s) (dcr 0x0185) detected
- 1125676407 2005.09.02 R44-M1-N4-C:J04-U01 2005-09-02-08.53.27.801106 R44-M1-N4-C:J04-U01 RAS KERNEL INFO 2 tree receiver 2 in re-synch state event(s) (dcr 0x019a) detected
- 1125676407 2005.09.02 R44-M1-N4-C:J04-U01 2005-09-02-08.53.27.889588 R44-M1-N4-C:J04-U01 RAS KERNEL INFO 2 tree receiver 2 in re-synch state event(s) (dcr 0x019a) detected
- 1125687243 2005.09.02 R11-M1-N2-C:J03-U11 2005-09-02-11.54.03.391439 R11-M1-N2-C:J03-U11 RAS KERNEL INFO critical input interrupt (unit=0x0b bit=0x17): warning for tree C1 wire
- 1125687243 2005.09.02 R11-M1-N2-C:J03-U11 2005-09-02-11.54.03.537732 R11-M1-N2-C:J03-U11 RAS KERNEL INFO suppressing further interrupts of same type
- 1125688394 2005.09.02 R31-M1-N7-C:J06-U11 2005-09-02-12.13.14.070796 R31-M1-N7-C:J06-U11 RAS KERNEL INFO 19 ddr errors(s) detected and corrected on rank 0, symbol 15, bit 5
- 1125688394 2005.09.02 R31-M1-N7-C:J06-U11 2005-09-02-12.13.14.115647 R31-M1-N7-C:J06-U11 RAS KERNEL INFO CE sym 15, at 0x111e0880, mask 0x04
- 1125688394 2005.09.02 R31-M1-N7-C:J06-U11 2005-09-02-12.13.14.251589 R31-M1-N7-C:J06-U11 RAS KERNEL INFO CE sym 15, at 0x111e0880, mask 0x04
- 1125688394 2005.09.02 R31-M1-N7-C:J06-U11 2005-09-02-12.13.14.367141 R31-M1-N7-C:J06-U11 RAS KERNEL INFO CE sym 15, at 0x111e0880, mask 0x04
- 1125688394 2005.09.02 R31-M1-N7-C:J06-U11 2005-09-02-12.13.14.395673 R31-M1-N7-C:J06-U11 RAS KERNEL INFO CE sym 15, at 0x111e0880, mask 0x04
- 1125688394 2005.09.02 R31-M1-N7-C:J06-U11 2005-09-02-12.13.14.416638 R31-M1-N7-C:J06-U11 RAS KERNEL INFO CE sym 15, at 0x111e0880, mask 0x04
- 1125688394 2005.09.02 R31-M1-N7-C:J06-U11 2005-09-02-12.13.14.439378 R31-M1-N7-C:J06-U11 RAS KERNEL INFO CE sym 15, at 0x111e0880, mask 0x04
- 1125688394 2005.09.02 R31-M1-N7-C:J06-U11 2005-09-02-12.13.14.463333 R31-M1-N7-C:J06-U11 RAS KERNEL INFO CE sym 15, at 0x111e0880, mask 0x04
- 1125688394 2005.09.02 R31-M1-N7-C:J06-U11 2005-09-02-12.13.14.499519 R31-M1-N7-C:J06-U11 RAS KERNEL INFO CE sym 15, at 0x111e0880, mask 0x04
- 1125688394 2005.09.02 R31-M1-N7-C:J06-U11 2005-09-02-12.13.14.523941 R31-M1-N7-C:J06-U11 RAS KERNEL INFO CE sym 15, at 0x111e0880, mask 0x04
- 1125688394 2005.09.02 R31-M1-N7-C:J06-U11 2005-09-02-12.13.14.548821 R31-M1-N7-C:J06-U11 RAS KERNEL INFO CE sym 15, at 0x111e0880, mask 0x04
- 1125688394 2005.09.02 R31-M1-N7-C:J06-U11 2005-09-02-12.13.14.571648 R31-M1-N7-C:J06-U11 RAS KERNEL INFO CE sym 15, at 0x111e0880, mask 0x04
- 1125688394 2005.09.02 R31-M1-N7-C:J06-U11 2005-09-02-12.13.14.593845 R31-M1-N7-C:J06-U11 RAS KERNEL INFO CE sym 15, at 0x111e0880, mask 0x04
- 1125688394 2005.09.02 R31-M1-N7-C:J06-U11 2005-09-02-12.13.14.615069 R31-M1-N7-C:J06-U11 RAS KERNEL INFO CE sym 15, at 0x111e0880, mask 0x04
- 1125688394 2005.09.02 R31-M1-N7-C:J06-U11 2005-09-02-12.13.14.639826 R31-M1-N7-C:J06-U11 RAS KERNEL INFO CE sym 15, at 0x111e0880, mask 0x04
- 1125688394 2005.09.02 R31-M1-N7-C:J06-U11 2005-09-02-12.13.14.664838 R31-M1-N7-C:J06-U11 RAS KERNEL INFO CE sym 15, at 0x111e0880, mask 0x04
- 1125688394 2005.09.02 R31-M1-N7-C:J06-U11 2005-09-02-12.13.14.686556 R31-M1-N7-C:J06-U11 RAS KERNEL INFO CE sym 15, at 0x111e0880, mask 0x04
- 1125688394 2005.09.02 R31-M1-N7-C:J06-U11 2005-09-02-12.13.14.721726 R31-M1-N7-C:J06-U11 RAS KERNEL INFO CE sym 15, at 0x111e0880, mask 0x04
- 1125688394 2005.09.02 R31-M1-N7-C:J06-U11 2005-09-02-12.13.14.748180 R31-M1-N7-C:J06-U11 RAS KERNEL INFO CE sym 15, at 0x111e0880, mask 0x04
- 1125688394 2005.09.02 R31-M1-N7-C:J06-U11 2005-09-02-12.13.14.769407 R31-M1-N7-C:J06-U11 RAS KERNEL INFO CE sym 15, at 0x111e0880, mask 0x04
- 1125688394 2005.09.02 R31-M1-N7-C:J06-U11 2005-09-02-12.13.14.798424 R31-M1-N7-C:J06-U11 RAS KERNEL INFO total of 19 ddr error(s) detected and corrected
- 1125688488 2005.09.02 R32-M1-N7-C:J11-U01 2005-09-02-12.14.48.614638 R32-M1-N7-C:J11-U01 RAS KERNEL INFO 1 ddr errors(s) detected and corrected on rank 0, symbol 10, bit 5
- 1125688488 2005.09.02 R32-M1-N7-C:J11-U01 2005-09-02-12.14.48.663025 R32-M1-N7-C:J11-U01 RAS KERNEL INFO CE sym 10, at 0x0249e060, mask 0x04
- 1125688488 2005.09.02 R32-M1-N7-C:J11-U01 2005-09-02-12.14.48.707191 R32-M1-N7-C:J11-U01 RAS KERNEL INFO total of 1 ddr error(s) detected and corrected
- 1125688564 2005.09.02 R50-M0-N7-C:J17-U11 2005-09-02-12.16.04.530142 R50-M0-N7-C:J17-U11 RAS KERNEL INFO 1 ddr errors(s) detected and corrected on rank 0, symbol 11, bit 4
- 1125688564 2005.09.02 R50-M0-N6-C:J06-U11 2005-09-02-12.16.04.650815 R50-M0-N6-C:J06-U11 RAS KERNEL INFO 8 ddr errors(s) detected and corrected on rank 0, symbol 29, bit 5
- 1125688564 2005.09.02 R50-M0-N7-C:J17-U11 2005-09-02-12.16.04.688340 R50-M0-N7-C:J17-U11 RAS KERNEL INFO CE sym 11, at 0x0092e3a0, mask 0x08
- 1125688564 2005.09.02 R50-M0-N6-C:J06-U11 2005-09-02-12.16.04.789469 R50-M0-N6-C:J06-U11 RAS KERNEL INFO CE sym 29, at 0x092db580, mask 0x04
- 1125688564 2005.09.02 R50-M0-N7-C:J17-U11 2005-09-02-12.16.04.821619 R50-M0-N7-C:J17-U11 RAS KERNEL INFO total of 1 ddr error(s) detected and corrected
- 1125688564 2005.09.02 R50-M0-N6-C:J06-U11 2005-09-02-12.16.04.868033 R50-M0-N6-C:J06-U11 RAS KERNEL INFO CE sym 29, at 0x092db580, mask 0x04
- 1125688564 2005.09.02 R50-M0-N6-C:J06-U11 2005-09-02-12.16.04.889559 R50-M0-N6-C:J06-U11 RAS KERNEL INFO CE sym 29, at 0x092db580, mask 0x04
- 1125688564 2005.09.02 R50-M0-N6-C:J06-U11 2005-09-02-12.16.04.910571 R50-M0-N6-C:J06-U11 RAS KERNEL INFO CE sym 29, at 0x092db580, mask 0x04
- 1125688564 2005.09.02 R50-M0-N6-C:J06-U11 2005-09-02-12.16.04.931334 R50-M0-N6-C:J06-U11 RAS KERNEL INFO CE sym 29, at 0x092db580, mask 0x04
- 1125688564 2005.09.02 R50-M0-N6-C:J06-U11 2005-09-02-12.16.04.952940 R50-M0-N6-C:J06-U11 RAS KERNEL INFO CE sym 29, at 0x092db580, mask 0x04
- 1125688564 2005.09.02 R50-M0-N6-C:J06-U11 2005-09-02-12.16.04.974233 R50-M0-N6-C:J06-U11 RAS KERNEL INFO CE sym 29, at 0x092db580, mask 0x04
- 1125688565 2005.09.02 R50-M0-N6-C:J06-U11 2005-09-02-12.16.05.002757 R50-M0-N6-C:J06-U11 RAS KERNEL INFO CE sym 29, at 0x092db580, mask 0x04
- 1125688565 2005.09.02 R50-M0-N6-C:J06-U11 2005-09-02-12.16.05.027039 R50-M0-N6-C:J06-U11 RAS KERNEL INFO total of 8 ddr error(s) detected and corrected
- 1125688569 2005.09.02 R34-M1-N8-C:J13-U11 2005-09-02-12.16.09.472735 R34-M1-N8-C:J13-U11 RAS KERNEL INFO 1 ddr errors(s) detected and corrected on rank 0, symbol 35, bit 1
- 1125688569 2005.09.02 R34-M1-N8-C:J13-U11 2005-09-02-12.16.09.496566 R34-M1-N8-C:J13-U11 RAS KERNEL INFO CE sym 35, at 0x09dd5f80, mask 0x40
- 1125688569 2005.09.02 R34-M1-N8-C:J13-U11 2005-09-02-12.16.09.516573 R34-M1-N8-C:J13-U11 RAS KERNEL INFO total of 1 ddr error(s) detected and corrected
- 1125688649 2005.09.02 R52-M1-N3-C:J06-U11 2005-09-02-12.17.29.830866 R52-M1-N3-C:J06-U11 RAS KERNEL INFO 2 ddr errors(s) detected and corrected on rank 0, symbol 28, bit 1
- 1125688649 2005.09.02 R52-M1-N3-C:J06-U11 2005-09-02-12.17.29.879715 R52-M1-N3-C:J06-U11 RAS KERNEL INFO CE sym 28, at 0x162496a0, mask 0x40
- 1125688649 2005.09.02 R52-M1-N3-C:J06-U11 2005-09-02-12.17.29.910226 R52-M1-N3-C:J06-U11 RAS KERNEL INFO CE sym 28, at 0x162496a0, mask 0x40
- 1125688649 2005.09.02 R52-M1-N3-C:J06-U11 2005-09-02-12.17.29.929450 R52-M1-N3-C:J06-U11 RAS KERNEL INFO total of 2 ddr error(s) detected and corrected
