- 1125574211 2005.09.01 R16-M0-N1-C:J08-U11 2005-09-01-04.30.11.335175 R16-M0-N1-C:J08-U11 RAS KERNEL INFO critical input interrupt (unit=0x0b bit=0x0b): warning for torus z- wire
- 1125574211 2005.09.01 R16-M0-N1-C:J08-U11 2005-09-01-04.30.11.459315 R16-M0-N1-C:J08-U11 RAS KERNEL INFO suppressing further interrupts of same type
- 1125575193 2005.09.01 R02-M0-N5-C:J02-U11 2005-09-01-04.46.33.459026 R02-M0-N5-C:J02-U11 RAS KERNEL INFO 1 ddr errors(s) detected and corrected on rank 0, symbol 5, bit 2
- 1125575193 2005.09.01 R02-M0-N5-C:J02-U11 2005-09-01-04.46.33.558924 R02-M0-N5-C:J02-U11 RAS KERNEL INFO CE sym 5, at 0x05e23580, mask 0x20
- 1125575193 2005.09.01 R02-M0-N5-C:J02-U11 2005-09-01-04.46.33.580845 R02-M0-N5-C:J02-U11 RAS KERNEL INFO total of 1 ddr error(s) detected and corrected
- 1125575195 2005.09.01 R02-M1-N4-C:J06-U01 2005-09-01-04.46.35.090888 R02-M1-N4-C:J06-U01 RAS KERNEL INFO 1 ddr errors(s) detected and corrected on rank 0, symbol 8, bit 7
- 1125575195 2005.09.01 R02-M1-N4-C:J06-U01 2005-09-01-04.46.35.129450 R02-M1-N4-C:J06-U01 RAS KERNEL INFO CE sym 8, at 0x1406d4c0, mask 0x01
- 1125575195 2005.09.01 R02-M1-N4-C:J06-U01 2005-09-01-04.46.35.231958 R02-M1-N4-C:J06-U01 RAS KERNEL INFO total of 1 ddr error(s) detected and corrected
- 1125575270 2005.09.01 R14-M0-N6-C:J10-U11 2005-09-01-04.47.50.266655 R14-M0-N6-C:J10-U11 RAS KERNEL INFO 2 ddr errors(s) detected and corrected on rank 0, symbol 3, bit 7
- 1125575270 2005.09.01 R14-M0-N6-C:J10-U11 2005-09-01-04.47.50.332744 R14-M0-N6-C:J10-U11 RAS KERNEL INFO CE sym 3, at 0x189236a0, mask 0x01
- 1125575270 2005.09.01 R14-M0-N6-C:J10-U11 2005-09-01-04.47.50.358359 R14-M0-N6-C:J10-U11 RAS KERNEL INFO CE sym 3, at 0x189236a0, mask 0x01
- 1125575270 2005.09.01 R14-M0-N6-C:J10-U11 2005-09-01-04.47.50.385797 R14-M0-N6-C:J10-U11 RAS KERNEL INFO total of 2 ddr error(s) detected and corrected
- 1125579770 2005.09.01 R16-M0-N2-C:J17-U01 2005-09-01-06.02.50.962269 R16-M0-N2-C:J17-U01 RAS KERNEL INFO critical input interrupt (unit=0x0b bit=0x03): warning for torus x- wire
- 1125579771 2005.09.01 R16-M0-N2-C:J17-U01 2005-09-01-06.02.51.134215 R16-M0-N2-C:J17-U01 RAS KERNEL INFO suppressing further interrupts of same type
- 1125582517 2005.09.01 R31-M0-N0-C:J10-U01 2005-09-01-06.48.37.867372 R31-M0-N0-C:J10-U01 RAS KERNEL INFO 9 ddr errors(s) detected and corrected on rank 0, symbol 8, bit 6
- 1125582520 2005.09.01 R17-M1-N9-C:J08-U01 2005-09-01-06.48.40.263074 R17-M1-N9-C:J08-U01 RAS KERNEL INFO 1 ddr errors(s) detected and corrected on rank 0, symbol 23, bit 1
- 1125582520 2005.09.01 R03-M0-N3-C:J02-U11 2005-09-01-06.48.40.431886 R03-M0-N3-C:J02-U11 RAS KERNEL INFO 2 ddr errors(s) detected and corrected on rank 0, symbol 33, bit 0
- 1125582520 2005.09.01 R02-M1-N4-C:J06-U01 2005-09-01-06.48.40.664183 R02-M1-N4-C:J06-U01 RAS KERNEL INFO 1 ddr errors(s) detected and corrected on rank 0, symbol 8, bit 7
- 1125582523 2005.09.01 R31-M0-N0-C:J10-U01 2005-09-01-06.48.43.612425 R31-M0-N0-C:J10-U01 RAS KERNEL INFO CE sym 8, at 0x167856e0, mask 0x02
- 1125582529 2005.09.01 R17-M1-N9-C:J08-U01 2005-09-01-06.48.49.075578 R17-M1-N9-C:J08-U01 RAS KERNEL INFO CE sym 23, at 0x18ffa880, mask 0x40
- 1125582529 2005.09.01 R03-M0-N3-C:J02-U11 2005-09-01-06.48.49.626312 R03-M0-N3-C:J02-U11 RAS KERNEL INFO CE sym 33, at 0x00dbd200, mask 0x80
- 1125582530 2005.09.01 R02-M1-N4-C:J06-U01 2005-09-01-06.48.50.110590 R02-M1-N4-C:J06-U01 RAS KERNEL INFO CE sym 8, at 0x1406d4c0, mask 0x01
- 1125582533 2005.09.01 R31-M0-N0-C:J10-U01 2005-09-01-06.48.53.065944 R31-M0-N0-C:J10-U01 RAS KERNEL INFO CE sym 8, at 0x167856e0, mask 0x02
- 1125582538 2005.09.01 R17-M1-N9-C:J08-U01 2005-09-01-06.48.58.295753 R17-M1-N9-C:J08-U01 RAS KERNEL INFO total of 1 ddr error(s) detected and corrected
- 1125582538 2005.09.01 R03-M0-N3-C:J02-U11 2005-09-01-06.48.58.451686 R03-M0-N3-C:J02-U11 RAS KERNEL INFO CE sym 33, at 0x00dbd200, mask 0x80
- 1125582538 2005.09.01 R02-M1-N4-C:J06-U01 2005-09-01-06.48.58.684421 R02-M1-N4-C:J06-U01 RAS KERNEL INFO total of 1 ddr error(s) detected and corrected
- 1125582540 2005.09.01 R31-M0-N0-C:J10-U01 2005-09-01-06.49.00.851900 R31-M0-N0-C:J10-U01 RAS KERNEL INFO CE sym 8, at 0x167856e0, mask 0x02
- 1125582545 2005.09.01 R03-M0-N3-C:J02-U11 2005-09-01-06.49.05.631657 R03-M0-N3-C:J02-U11 RAS KERNEL INFO total of 2 ddr error(s) detected and corrected
- 1125582547 2005.09.01 R31-M0-N0-C:J10-U01 2005-09-01-06.49.07.484159 R31-M0-N0-C:J10-U01 RAS KERNEL INFO CE sym 8, at 0x167856e0, mask 0x02
- 1125582558 2005.09.01 R66-M1-N1-C:J15-U01 2005-09-01-06.49.18.544780 R66-M1-N1-C:J15-U01 RAS KERNEL INFO 1 ddr errors(s) detected and corrected on rank 0, symbol 9, bit 6
- 1125582558 2005.09.01 R67-M1-N0-C:J12-U01 2005-09-01-06.49.18.730762 R67-M1-N0-C:J12-U01 RAS KERNEL INFO 6 ddr errors(s) detected and corrected on rank 0, symbol 8, bit 7
- 1125582558 2005.09.01 R66-M1-N1-C:J15-U01 2005-09-01-06.49.18.766995 R66-M1-N1-C:J15-U01 RAS KERNEL INFO CE sym 9, at 0x05ae8720, mask 0x02
- 1125582558 2005.09.01 R67-M1-N0-C:J12-U01 2005-09-01-06.49.18.872127 R67-M1-N0-C:J12-U01 RAS KERNEL INFO CE sym 8, at 0x1306fe20, mask 0x01
- 1125582558 2005.09.01 R66-M1-N1-C:J15-U01 2005-09-01-06.49.18.907032 R66-M1-N1-C:J15-U01 RAS KERNEL INFO total of 1 ddr error(s) detected and corrected
- 1125582559 2005.09.01 R67-M1-N0-C:J12-U01 2005-09-01-06.49.19.039000 R67-M1-N0-C:J12-U01 RAS KERNEL INFO CE sym 8, at 0x1306fe20, mask 0x01
- 1125582559 2005.09.01 R67-M1-N0-C:J12-U01 2005-09-01-06.49.19.145972 R67-M1-N0-C:J12-U01 RAS KERNEL INFO CE sym 8, at 0x1306fe20, mask 0x01
- 1125582559 2005.09.01 R67-M1-N0-C:J12-U01 2005-09-01-06.49.19.242563 R67-M1-N0-C:J12-U01 RAS KERNEL INFO CE sym 8, at 0x1306fe20, mask 0x01
- 1125582559 2005.09.01 R67-M1-N0-C:J12-U01 2005-09-01-06.49.19.343602 R67-M1-N0-C:J12-U01 RAS KERNEL INFO CE sym 8, at 0x1306fe20, mask 0x01
- 1125582559 2005.09.01 R67-M1-N0-C:J12-U01 2005-09-01-06.49.19.439170 R67-M1-N0-C:J12-U01 RAS KERNEL INFO CE sym 8, at 0x1306fe20, mask 0x01
- 1125582559 2005.09.01 R67-M1-N0-C:J12-U01 2005-09-01-06.49.19.535312 R67-M1-N0-C:J12-U01 RAS KERNEL INFO total of 6 ddr error(s) detected and corrected
- 1125585075 2005.09.01 R72-M1-N7-C:J05-U11 2005-09-01-07.31.15.105298 R72-M1-N7-C:J05-U11 RAS KERNEL INFO 1 ddr errors(s) detected and corrected on rank 0, symbol 8, bit 1
- 1125585076 2005.09.01 R72-M1-N7-C:J05-U11 2005-09-01-07.31.16.047954 R72-M1-N7-C:J05-U11 RAS KERNEL INFO CE sym 8, at 0x0e86fb80, mask 0x40
- 1125585076 2005.09.01 R72-M1-N7-C:J05-U11 2005-09-01-07.31.16.354013 R72-M1-N7-C:J05-U11 RAS KERNEL INFO total of 1 ddr error(s) detected and corrected
- 1125587402 2005.09.01 R54-M1-N4-C:J15-U01 2005-09-01-08.10.02.280794 R54-M1-N4-C:J15-U01 RAS KERNEL INFO 1 ddr errors(s) detected and corrected on rank 0, symbol 33, bit 5
- 1125587402 2005.09.01 R53-M1-N4-C:J09-U01 2005-09-01-08.10.02.598657 R53-M1-N4-C:J09-U01 RAS KERNEL INFO 3 ddr errors(s) detected and corrected on rank 0, symbol 35, bit 4
- 1125587402 2005.09.01 R54-M0-N3-C:J03-U01 2005-09-01-08.10.02.699228 R54-M0-N3-C:J03-U01 RAS KERNEL INFO 2 L3 EDRAM error(s) (dcr 0x0157) detected and corrected
- 1125587403 2005.09.01 R50-M1-N1-C:J16-U01 2005-09-01-08.10.03.357156 R50-M1-N1-C:J16-U01 RAS KERNEL INFO 1 ddr errors(s) detected and corrected on rank 0, symbol 30, bit 7
- 1125587404 2005.09.01 R41-M0-N0-C:J06-U11 2005-09-01-08.10.04.003028 R41-M0-N0-C:J06-U11 RAS KERNEL INFO 4 ddr errors(s) detected and corrected on rank 0, symbol 7, bit 3
- 1125587404 2005.09.01 R42-M1-N7-C:J02-U01 2005-09-01-08.10.04.092664 R42-M1-N7-C:J02-U01 RAS KERNEL INFO 1 ddr errors(s) detected and corrected on rank 0, symbol 26, bit 4
- 1125587404 2005.09.01 R46-M0-N4-C:J08-U11 2005-09-01-08.10.04.542152 R46-M0-N4-C:J08-U11 RAS KERNEL INFO 4 ddr errors(s) detected and corrected on rank 0, symbol 14, bit 6
- 1125587404 2005.09.01 R54-M1-N4-C:J15-U01 2005-09-01-08.10.04.802836 R54-M1-N4-C:J15-U01 RAS KERNEL INFO CE sym 33, at 0x04f289a0, mask 0x04
- 1125587404 2005.09.01 R53-M1-N4-C:J09-U01 2005-09-01-08.10.04.874121 R53-M1-N4-C:J09-U01 RAS KERNEL INFO CE sym 35, at 0x171288c0, mask 0x08
- 1125587405 2005.09.01 R50-M1-N1-C:J16-U01 2005-09-01-08.10.05.023579 R50-M1-N1-C:J16-U01 RAS KERNEL INFO CE sym 30, at 0x04004f00, mask 0x01
- 1125587405 2005.09.01 R41-M0-N0-C:J06-U11 2005-09-01-08.10.05.178727 R41-M0-N0-C:J06-U11 RAS KERNEL INFO CE sym 7, at 0x19727ee0, mask 0x10
- 1125587405 2005.09.01 R42-M1-N7-C:J02-U01 2005-09-01-08.10.05.202227 R42-M1-N7-C:J02-U01 RAS KERNEL INFO CE sym 26, at 0x12b4a7e0, mask 0x08
- 1125587405 2005.09.01 R46-M0-N4-C:J08-U11 2005-09-01-08.10.05.291866 R46-M0-N4-C:J08-U11 RAS KERNEL INFO CE sym 14, at 0x10cc63e0, mask 0x02
- 1125587405 2005.09.01 R54-M1-N4-C:J15-U01 2005-09-01-08.10.05.479267 R54-M1-N4-C:J15-U01 RAS KERNEL INFO total of 1 ddr error(s) detected and corrected
- 1125587405 2005.09.01 R53-M1-N4-C:J09-U01 2005-09-01-08.10.05.555613 R53-M1-N4-C:J09-U01 RAS KERNEL INFO CE sym 35, at 0x171288c0, mask 0x08
- 1125587405 2005.09.01 R50-M1-N1-C:J16-U01 2005-09-01-08.10.05.706260 R50-M1-N1-C:J16-U01 RAS KERNEL INFO total of 1 ddr error(s) detected and corrected
- 1125587405 2005.09.01 R41-M0-N0-C:J06-U11 2005-09-01-08.10.05.854773 R41-M0-N0-C:J06-U11 RAS KERNEL INFO CE sym 7, at 0x19727ee0, mask 0x10
- 1125587405 2005.09.01 R42-M1-N7-C:J02-U01 2005-09-01-08.10.05.878475 R42-M1-N7-C:J02-U01 RAS KERNEL INFO total of 1 ddr error(s) detected and corrected
- 1125587405 2005.09.01 R46-M0-N4-C:J08-U11 2005-09-01-08.10.05.963454 R46-M0-N4-C:J08-U11 RAS KERNEL INFO CE sym 14, at 0x10cc63e0, mask 0x02
- 1125587406 2005.09.01 R53-M1-N4-C:J09-U01 2005-09-01-08.10.06.171399 R53-M1-N4-C:J09-U01 RAS KERNEL INFO CE sym 35, at 0x171288c0, mask 0x08
- 1125587406 2005.09.01 R41-M0-N0-C:J06-U11 2005-09-01-08.10.06.375024 R41-M0-N0-C:J06-U11 RAS KERNEL INFO CE sym 7, at 0x19727ee0, mask 0x10
- 1125587406 2005.09.01 R46-M0-N4-C:J08-U11 2005-09-01-08.10.06.441045 R46-M0-N4-C:J08-U11 RAS KERNEL INFO CE sym 14, at 0x10cc63e0, mask 0x02
- 1125587406 2005.09.01 R53-M1-N4-C:J09-U01 2005-09-01-08.10.06.602557 R53-M1-N4-C:J09-U01 RAS KERNEL INFO total of 3 ddr error(s) detected and corrected
- 1125587406 2005.09.01 R41-M0-N0-C:J06-U11 2005-09-01-08.10.06.754127 R41-M0-N0-C:J06-U11 RAS KERNEL INFO CE sym 7, at 0x19727ee0, mask 0x10
- 1125587406 2005.09.01 R46-M0-N4-C:J08-U11 2005-09-01-08.10.06.801568 R46-M0-N4-C:J08-U11 RAS KERNEL INFO CE sym 14, at 0x10cc63e0, mask 0x02
- 1125587407 2005.09.01 R41-M0-N0-C:J06-U11 2005-09-01-08.10.07.220089 R41-M0-N0-C:J06-U11 RAS KERNEL INFO total of 4 ddr error(s) detected and corrected
- 1125587407 2005.09.01 R46-M0-N4-C:J08-U11 2005-09-01-08.10.07.262093 R46-M0-N4-C:J08-U11 RAS KERNEL INFO total of 4 ddr error(s) detected and corrected
- 1125590818 2005.09.01 R31-M0-N0-C:J10-U01 2005-09-01-09.06.58.525588 R31-M0-N0-C:J10-U01 RAS KERNEL INFO ddr: activating redundant bit steering: rank=0 symbol=8
- 1125593554 2005.09.01 R25-M1-N7-C:J17-U01 2005-09-01-09.52.34.492359 R25-M1-N7-C:J17-U01 RAS KERNEL INFO 1 ddr errors(s) detected and corrected on rank 0, symbol 7, bit 0
- 1125593554 2005.09.01 R35-M0-N6-C:J13-U01 2005-09-01-09.52.34.659230 R35-M0-N6-C:J13-U01 RAS KERNEL INFO 1 ddr errors(s) detected and corrected on rank 0, symbol 28, bit 5
- 1125593554 2005.09.01 R10-M0-N0-C:J15-U11 2005-09-01-09.52.34.736042 R10-M0-N0-C:J15-U11 RAS KERNEL INFO 5 ddr errors(s) detected and corrected on rank 0, symbol 19, bit 3
- 1125593556 2005.09.01 R26-M0-N8-C:J03-U11 2005-09-01-09.52.36.145873 R26-M0-N8-C:J03-U11 RAS KERNEL INFO 1 ddr errors(s) detected and corrected on rank 0, symbol 35, bit 5
- 1125593556 2005.09.01 R34-M1-N1-C:J09-U01 2005-09-01-09.52.36.573110 R34-M1-N1-C:J09-U01 RAS KERNEL INFO 17 ddr errors(s) detected and corrected on rank 0, symbol 3, bit 2
- 1125593557 2005.09.01 R10-M1-N9-C:J05-U11 2005-09-01-09.52.37.178014 R10-M1-N9-C:J05-U11 RAS KERNEL INFO 1 ddr errors(s) detected and corrected on rank 0, symbol 6, bit 2
- 1125593558 2005.09.01 R30-M0-N5-C:J17-U11 2005-09-01-09.52.38.315023 R30-M0-N5-C:J17-U11 RAS KERNEL INFO 2 ddr errors(s) detected and corrected on rank 0, symbol 26, bit 1
- 1125593558 2005.09.01 R30-M0-N5-C:J05-U01 2005-09-01-09.52.38.405366 R30-M0-N5-C:J05-U01 RAS KERNEL INFO 1 ddr errors(s) detected and corrected on rank 0, symbol 14, bit 6
- 1125593560 2005.09.01 R31-M0-N0-C:J10-U01 2005-09-01-09.52.40.181497 R31-M0-N0-C:J10-U01 RAS KERNEL INFO 30 ddr errors(s) detected and corrected on rank 0, symbol 8, bit 6
- 1125593560 2005.09.01 R14-M0-N8-C:J10-U01 2005-09-01-09.52.40.448579 R14-M0-N8-C:J10-U01 RAS KERNEL INFO 2 ddr errors(s) detected and corrected on rank 0, symbol 3, bit 6
- 1125593561 2005.09.01 R17-M1-N9-C:J08-U01 2005-09-01-09.52.41.951896 R17-M1-N9-C:J08-U01 RAS KERNEL INFO 1 ddr errors(s) detected and corrected on rank 0, symbol 23, bit 1
- 1125593562 2005.09.01 R02-M1-N4-C:J06-U01 2005-09-01-09.52.42.496427 R02-M1-N4-C:J06-U01 RAS KERNEL INFO 1 ddr errors(s) detected and corrected on rank 0, symbol 8, bit 7
- 1125593563 2005.09.01 R25-M1-N7-C:J17-U01 2005-09-01-09.52.43.241182 R25-M1-N7-C:J17-U01 RAS KERNEL INFO CE sym 7, at 0x10d85460, mask 0x80
- 1125593563 2005.09.01 R35-M0-N6-C:J13-U01 2005-09-01-09.52.43.397768 R35-M0-N6-C:J13-U01 RAS KERNEL INFO CE sym 28, at 0x0fe65820, mask 0x04
- 1125593563 2005.09.01 R10-M0-N0-C:J15-U11 2005-09-01-09.52.43.478521 R10-M0-N0-C:J15-U11 RAS KERNEL INFO CE sym 19, at 0x12053220, mask 0x10
- 1125593564 2005.09.01 R26-M0-N8-C:J03-U11 2005-09-01-09.52.44.533201 R26-M0-N8-C:J03-U11 RAS KERNEL INFO CE sym 35, at 0x092cd1c0, mask 0x04
- 1125593564 2005.09.01 R34-M1-N1-C:J09-U01 2005-09-01-09.52.44.947533 R34-M1-N1-C:J09-U01 RAS KERNEL INFO CE sym 3, at 0x0c1ac360, mask 0x20
- 1125593565 2005.09.01 R10-M1-N9-C:J05-U11 2005-09-01-09.52.45.503810 R10-M1-N9-C:J05-U11 RAS KERNEL INFO CE sym 6, at 0x0f97fe60, mask 0x20
- 1125593566 2005.09.01 R30-M0-N5-C:J17-U11 2005-09-01-09.52.46.718069 R30-M0-N5-C:J17-U11 RAS KERNEL INFO CE sym 26, at 0x0b4dc900, mask 0x40
- 1125593566 2005.09.01 R30-M0-N5-C:J05-U01 2005-09-01-09.52.46.808017 R30-M0-N5-C:J05-U01 RAS KERNEL INFO CE sym 14, at 0x17086be0, mask 0x02
- 1125593568 2005.09.01 R31-M0-N0-C:J10-U01 2005-09-01-09.52.48.620747 R31-M0-N0-C:J10-U01 RAS KERNEL INFO CE sym 8, at 0x167856e0, mask 0x02
- 1125593568 2005.09.01 R14-M0-N8-C:J10-U01 2005-09-01-09.52.48.901763 R14-M0-N8-C:J10-U01 RAS KERNEL INFO CE sym 3, at 0x15cca960, mask 0x02
- 1125593570 2005.09.01 R17-M1-N9-C:J08-U01 2005-09-01-09.52.50.283923 R17-M1-N9-C:J08-U01 RAS KERNEL INFO CE sym 23, at 0x18bba880, mask 0x40
- 1125593570 2005.09.01 R02-M1-N4-C:J06-U01 2005-09-01-09.52.50.863943 R02-M1-N4-C:J06-U01 RAS KERNEL INFO CE sym 8, at 0x1406d4c0, mask 0x01
- 1125593571 2005.09.01 R25-M1-N7-C:J17-U01 2005-09-01-09.52.51.581873 R25-M1-N7-C:J17-U01 RAS KERNEL INFO total of 1 ddr error(s) detected and corrected
- 1125593571 2005.09.01 R35-M0-N6-C:J13-U01 2005-09-01-09.52.51.899044 R35-M0-N6-C:J13-U01 RAS KERNEL INFO total of 1 ddr error(s) detected and corrected
- 1125593571 2005.09.01 R10-M0-N0-C:J15-U11 2005-09-01-09.52.51.982897 R10-M0-N0-C:J15-U11 RAS KERNEL INFO CE sym 19, at 0x12053220, mask 0x10
- 1125593573 2005.09.01 R26-M0-N8-C:J03-U11 2005-09-01-09.52.53.012452 R26-M0-N8-C:J03-U11 RAS KERNEL INFO total of 1 ddr error(s) detected and corrected
- 1125593573 2005.09.01 R34-M1-N1-C:J09-U01 2005-09-01-09.52.53.399790 R34-M1-N1-C:J09-U01 RAS KERNEL INFO CE sym 3, at 0x0c1ac360, mask 0x20
- 1125593573 2005.09.01 R10-M1-N9-C:J05-U11 2005-09-01-09.52.53.910413 R10-M1-N9-C:J05-U11 RAS KERNEL INFO total of 1 ddr error(s) detected and corrected
- 1125593574 2005.09.01 R30-M0-N5-C:J17-U11 2005-09-01-09.52.54.776798 R30-M0-N5-C:J17-U11 RAS KERNEL INFO CE sym 26, at 0x0b4dc900, mask 0x40
- 1125593574 2005.09.01 R30-M0-N5-C:J05-U01 2005-09-01-09.52.54.849249 R30-M0-N5-C:J05-U01 RAS KERNEL INFO total of 1 ddr error(s) detected and corrected
- 1125593576 2005.09.01 R31-M0-N0-C:J10-U01 2005-09-01-09.52.56.480815 R31-M0-N0-C:J10-U01 RAS KERNEL INFO CE sym 8, at 0x167856e0, mask 0x02
- 1125593576 2005.09.01 R14-M0-N8-C:J10-U01 2005-09-01-09.52.56.727694 R14-M0-N8-C:J10-U01 RAS KERNEL INFO CE sym 3, at 0x15cca960, mask 0x02
- 1125593578 2005.09.01 R17-M1-N9-C:J08-U01 2005-09-01-09.52.58.411264 R17-M1-N9-C:J08-U01 RAS KERNEL INFO total of 1 ddr error(s) detected and corrected
- 1125593579 2005.09.01 R02-M1-N4-C:J06-U01 2005-09-01-09.52.59.079982 R02-M1-N4-C:J06-U01 RAS KERNEL INFO total of 1 ddr error(s) detected and corrected
- 1125593579 2005.09.01 R30-M0-N5-C:J17-U11 2005-09-01-09.52.59.773978 R30-M0-N5-C:J17-U11 RAS KERNEL INFO total of 2 ddr error(s) detected and corrected
- 1125593579 2005.09.01 R10-M0-N0-C:J15-U11 2005-09-01-09.52.59.886311 R10-M0-N0-C:J15-U11 RAS KERNEL INFO CE sym 19, at 0x12053220, mask 0x10
- 1125593581 2005.09.01 R34-M1-N1-C:J09-U01 2005-09-01-09.53.01.178590 R34-M1-N1-C:J09-U01 RAS KERNEL INFO CE sym 3, at 0x0c1ac360, mask 0x20
- 1125593583 2005.09.01 R31-M0-N0-C:J10-U01 2005-09-01-09.53.03.321659 R31-M0-N0-C:J10-U01 RAS KERNEL INFO CE sym 8, at 0x167856e0, mask 0x02
- 1125593583 2005.09.01 R14-M0-N8-C:J10-U01 2005-09-01-09.53.03.496368 R14-M0-N8-C:J10-U01 RAS KERNEL INFO total of 2 ddr error(s) detected and corrected
- 1125593584 2005.09.01 R10-M0-N0-C:J15-U11 2005-09-01-09.53.04.956811 R10-M0-N0-C:J15-U11 RAS KERNEL INFO CE sym 19, at 0x12053220, mask 0x10
- 1125593585 2005.09.01 R34-M1-N1-C:J09-U01 2005-09-01-09.53.05.790286 R34-M1-N1-C:J09-U01 RAS KERNEL INFO CE sym 3, at 0x0c1ac360, mask 0x20
- 1125593587 2005.09.01 R31-M0-N0-C:J10-U01 2005-09-01-09.53.07.668251 R31-M0-N0-C:J10-U01 RAS KERNEL INFO CE sym 8, at 0x167856e0, mask 0x02
- 1125593589 2005.09.01 R10-M0-N0-C:J15-U11 2005-09-01-09.53.09.108221 R10-M0-N0-C:J15-U11 RAS KERNEL INFO CE sym 19, at 0x1205b220, mask 0x10
- 1125593589 2005.09.01 R34-M1-N1-C:J09-U01 2005-09-01-09.53.09.843617 R34-M1-N1-C:J09-U01 RAS KERNEL INFO CE sym 3, at 0x0c1ac360, mask 0x20
- 1125593590 2005.09.01 R31-M0-N0-C:J10-U01 2005-09-01-09.53.10.488624 R31-M0-N0-C:J10-U01 RAS KERNEL INFO CE sym 8, at 0x167856e0, mask 0x02
- 1125593591 2005.09.01 R10-M0-N0-C:J15-U11 2005-09-01-09.53.11.464955 R10-M0-N0-C:J15-U11 RAS KERNEL INFO total of 5 ddr error(s) detected and corrected
- 1125593592 2005.09.01 R34-M1-N1-C:J09-U01 2005-09-01-09.53.12.044327 R34-M1-N1-C:J09-U01 RAS KERNEL INFO CE sym 3, at 0x0c1ac360, mask 0x20
- 1125593592 2005.09.01 R31-M0-N0-C:J10-U01 2005-09-01-09.53.12.809524 R31-M0-N0-C:J10-U01 RAS KERNEL INFO CE sym 8, at 0x167856e0, mask 0x02
- 1125593594 2005.09.01 R34-M1-N1-C:J09-U01 2005-09-01-09.53.14.276643 R34-M1-N1-C:J09-U01 RAS KERNEL INFO CE sym 3, at 0x0c1ac360, mask 0x20
- 1125593594 2005.09.01 R31-M0-N0-C:J10-U01 2005-09-01-09.53.14.838505 R31-M0-N0-C:J10-U01 RAS KERNEL INFO CE sym 8, at 0x167856e0, mask 0x02
- 1125593595 2005.09.01 R34-M1-N1-C:J09-U01 2005-09-01-09.53.15.939937 R34-M1-N1-C:J09-U01 RAS KERNEL INFO CE sym 3, at 0x0c1ac360, mask 0x20
- 1125593596 2005.09.01 R31-M0-N0-C:J10-U01 2005-09-01-09.53.16.616323 R31-M0-N0-C:J10-U01 RAS KERNEL INFO CE sym 8, at 0x167856e0, mask 0x02
- 1125593597 2005.09.01 R34-M1-N1-C:J09-U01 2005-09-01-09.53.17.680156 R34-M1-N1-C:J09-U01 RAS KERNEL INFO CE sym 3, at 0x0c1ac360, mask 0x20
- 1125593598 2005.09.01 R31-M0-N0-C:J10-U01 2005-09-01-09.53.18.414503 R31-M0-N0-C:J10-U01 RAS KERNEL INFO CE sym 8, at 0x167856e0, mask 0x02
- 1125593599 2005.09.01 R34-M1-N1-C:J09-U01 2005-09-01-09.53.19.303383 R34-M1-N1-C:J09-U01 RAS KERNEL INFO CE sym 3, at 0x0c1ac360, mask 0x20
- 1125593599 2005.09.01 R31-M0-N0-C:J10-U01 2005-09-01-09.53.19.852879 R31-M0-N0-C:J10-U01 RAS KERNEL INFO CE sym 8, at 0x167856e0, mask 0x02
- 1125593600 2005.09.01 R34-M1-N1-C:J09-U01 2005-09-01-09.53.20.724774 R34-M1-N1-C:J09-U01 RAS KERNEL INFO CE sym 3, at 0x0c1ac360, mask 0x20
- 1125593601 2005.09.01 R31-M0-N0-C:J10-U01 2005-09-01-09.53.21.144648 R31-M0-N0-C:J10-U01 RAS KERNEL INFO CE sym 8, at 0x167856e0, mask 0x02
- 1125593602 2005.09.01 R34-M1-N1-C:J09-U01 2005-09-01-09.53.22.077342 R34-M1-N1-C:J09-U01 RAS KERNEL INFO CE sym 3, at 0x0c1ac360, mask 0x20
- 1125593602 2005.09.01 R31-M0-N0-C:J10-U01 2005-09-01-09.53.22.506712 R31-M0-N0-C:J10-U01 RAS KERNEL INFO CE sym 8, at 0x167856e0, mask 0x02
- 1125593603 2005.09.01 R34-M1-N1-C:J09-U01 2005-09-01-09.53.23.206713 R34-M1-N1-C:J09-U01 RAS KERNEL INFO CE sym 3, at 0x0c1ac360, mask 0x20
- 1125593603 2005.09.01 R31-M0-N0-C:J10-U01 2005-09-01-09.53.23.637880 R31-M0-N0-C:J10-U01 RAS KERNEL INFO CE sym 8, at 0x167856e0, mask 0x02
- 1125593604 2005.09.01 R34-M1-N1-C:J09-U01 2005-09-01-09.53.24.228760 R34-M1-N1-C:J09-U01 RAS KERNEL INFO CE sym 3, at 0x0c1ac360, mask 0x20
- 1125593604 2005.09.01 R31-M0-N0-C:J10-U01 2005-09-01-09.53.24.637088 R31-M0-N0-C:J10-U01 RAS KERNEL INFO CE sym 8, at 0x167856e0, mask 0x02
- 1125593605 2005.09.01 R34-M1-N1-C:J09-U01 2005-09-01-09.53.25.229784 R34-M1-N1-C:J09-U01 RAS KERNEL INFO CE sym 3, at 0x0c1ac360, mask 0x20
- 1125593605 2005.09.01 R31-M0-N0-C:J10-U01 2005-09-01-09.53.25.737949 R31-M0-N0-C:J10-U01 RAS KERNEL INFO CE sym 8, at 0x167856e0, mask 0x02
- 1125593606 2005.09.01 R34-M1-N1-C:J09-U01 2005-09-01-09.53.26.400901 R34-M1-N1-C:J09-U01 RAS KERNEL INFO CE sym 3, at 0x0c1ac360, mask 0x20
- 1125593606 2005.09.01 R31-M0-N0-C:J10-U01 2005-09-01-09.53.26.812706 R31-M0-N0-C:J10-U01 RAS KERNEL INFO CE sym 8, at 0x167856e0, mask 0x02
- 1125593607 2005.09.01 R34-M1-N1-C:J09-U01 2005-09-01-09.53.27.105875 R34-M1-N1-C:J09-U01 RAS KERNEL INFO CE sym 3, at 0x0c1ac360, mask 0x20
- 1125593607 2005.09.01 R31-M0-N0-C:J10-U01 2005-09-01-09.53.27.262248 R31-M0-N0-C:J10-U01 RAS KERNEL INFO CE sym 8, at 0x167856e0, mask 0x02
- 1125593607 2005.09.01 R34-M1-N1-C:J09-U01 2005-09-01-09.53.27.842446 R34-M1-N1-C:J09-U01 RAS KERNEL INFO total of 17 ddr error(s) detected and corrected
- 1125593608 2005.09.01 R31-M0-N0-C:J10-U01 2005-09-01-09.53.28.268086 R31-M0-N0-C:J10-U01 RAS KERNEL INFO CE sym 8, at 0x167856e0, mask 0x02
- 1125593609 2005.09.01 R31-M0-N0-C:J10-U01 2005-09-01-09.53.29.041333 R31-M0-N0-C:J10-U01 RAS KERNEL INFO CE sym 8, at 0x167856e0, mask 0x02
- 1125593609 2005.09.01 R31-M0-N0-C:J10-U01 2005-09-01-09.53.29.648943 R31-M0-N0-C:J10-U01 RAS KERNEL INFO CE sym 8, at 0x167856e0, mask 0x02
- 1125593610 2005.09.01 R31-M0-N0-C:J10-U01 2005-09-01-09.53.30.271843 R31-M0-N0-C:J10-U01 RAS KERNEL INFO CE sym 8, at 0x167856e0, mask 0x02
- 1125593610 2005.09.01 R31-M0-N0-C:J10-U01 2005-09-01-09.53.30.812484 R31-M0-N0-C:J10-U01 RAS KERNEL INFO CE sym 8, at 0x167856e0, mask 0x02
- 1125593611 2005.09.01 R31-M0-N0-C:J10-U01 2005-09-01-09.53.31.349118 R31-M0-N0-C:J10-U01 RAS KERNEL INFO CE sym 8, at 0x167856e0, mask 0x02
- 1125593612 2005.09.01 R31-M0-N0-C:J10-U01 2005-09-01-09.53.32.012246 R31-M0-N0-C:J10-U01 RAS KERNEL INFO CE sym 8, at 0x167856e0, mask 0x02
- 1125593612 2005.09.01 R31-M0-N0-C:J10-U01 2005-09-01-09.53.32.536350 R31-M0-N0-C:J10-U01 RAS KERNEL INFO CE sym 8, at 0x167856e0, mask 0x02
- 1125593613 2005.09.01 R31-M0-N0-C:J10-U01 2005-09-01-09.53.33.078352 R31-M0-N0-C:J10-U01 RAS KERNEL INFO CE sym 8, at 0x167856e0, mask 0x02
- 1125593613 2005.09.01 R31-M0-N0-C:J10-U01 2005-09-01-09.53.33.633878 R31-M0-N0-C:J10-U01 RAS KERNEL INFO CE sym 8, at 0x167856e0, mask 0x02
- 1125593614 2005.09.01 R31-M0-N0-C:J10-U01 2005-09-01-09.53.34.148728 R31-M0-N0-C:J10-U01 RAS KERNEL INFO CE sym 8, at 0x167856e0, mask 0x02
- 1125593614 2005.09.01 R31-M0-N0-C:J10-U01 2005-09-01-09.53.34.604418 R31-M0-N0-C:J10-U01 RAS KERNEL INFO CE sym 8, at 0x167856e0, mask 0x02
- 1125593615 2005.09.01 R31-M0-N0-C:J10-U01 2005-09-01-09.53.35.136086 R31-M0-N0-C:J10-U01 RAS KERNEL INFO CE sym 8, at 0x167856e0, mask 0x02
- 1125595935 2005.09.01 R06-M1-N6-C:J15-U01 2005-09-01-10.32.15.679547 R06-M1-N6-C:J15-U01 RAS KERNEL INFO 1 tree receiver 2 in re-synch state event(s) (dcr 0x019a) detected
- 1125595935 2005.09.01 R06-M1-N6-C:J15-U01 2005-09-01-10.32.15.788604 R06-M1-N6-C:J15-U01 RAS KERNEL INFO 1 tree receiver 2 in re-synch state event(s) (dcr 0x019a) detected
- 1125597961 2005.09.01 R06-M1-N6-C:J15-U01 2005-09-01-11.06.01.726796 R06-M1-N6-C:J15-U01 RAS KERNEL INFO 1 tree receiver 2 in re-synch state event(s) (dcr 0x019a) detected
- 1125599982 2005.09.01 R06-M1-N6-C:J15-U01 2005-09-01-11.39.42.753486 R06-M1-N6-C:J15-U01 RAS KERNEL INFO 2 torus receiver x+ input pipe error(s) (dcr 0x02ec) detected and corrected
- 1125599982 2005.09.01 R06-M1-N6-C:J15-U01 2005-09-01-11.39.42.863405 R06-M1-N6-C:J15-U01 RAS KERNEL INFO 1 torus receiver y+ input pipe error(s) (dcr 0x02ee) detected and corrected
- 1125599983 2005.09.01 R06-M1-N6-C:J15-U01 2005-09-01-11.39.43.124798 R06-M1-N6-C:J15-U01 RAS KERNEL INFO 1 torus receiver z- input pipe error(s) (dcr 0x02f1) detected and corrected
- 1125599983 2005.09.01 R06-M1-N6-C:J15-U01 2005-09-01-11.39.43.179442 R06-M1-N6-C:J15-U01 RAS KERNEL INFO 2 tree receiver 2 in re-synch state event(s) (dcr 0x019a) detected
- 1125599983 2005.09.01 R06-M1-N6-C:J15-U01 2005-09-01-11.39.43.421522 R06-M1-N6-C:J15-U01 RAS KERNEL INFO 2 tree receiver 2 in re-synch state event(s) (dcr 0x019a) detected
- 1125602077 2005.09.01 R26-M1-N8-C:J09-U11 2005-09-01-12.14.37.428782 R26-M1-N8-C:J09-U11 RAS KERNEL INFO instruction cache parity error corrected
- 1125604021 2005.09.01 R06-M1-N6-C:J15-U01 2005-09-01-12.47.01.999248 R06-M1-N6-C:J15-U01 RAS KERNEL INFO 1 tree receiver 2 in re-synch state event(s) (dcr 0x019a) detected
- 1125604022 2005.09.01 R06-M1-N6-C:J15-U01 2005-09-01-12.47.02.121781 R06-M1-N6-C:J15-U01 RAS KERNEL INFO 1 tree receiver 2 in re-synch state event(s) (dcr 0x019a) detected
- 1125611459 2005.09.01 R22-M0-N0-C:J07-U11 2005-09-01-14.50.59.952644 R22-M0-N0-C:J07-U11 RAS KERNEL INFO 1 L3 directory error(s) (dcr 0x0152) detected and corrected
- 1125626557 2005.09.01 R06-M1-N6-C:J15-U01 2005-09-01-19.02.37.044247 R06-M1-N6-C:J15-U01 RAS KERNEL INFO 1 torus receiver x+ input pipe error(s) (dcr 0x02ec) detected and corrected
- 1125632185 2005.09.01 R06-M1-N6-C:J15-U01 2005-09-01-20.36.25.391681 R06-M1-N6-C:J15-U01 RAS KERNEL INFO 1 torus receiver x+ input pipe error(s) (dcr 0x02ec) detected and corrected
- 1125632185 2005.09.01 R06-M1-N6-C:J15-U01 2005-09-01-20.36.25.982874 R06-M1-N6-C:J15-U01 RAS KERNEL INFO 1 tree receiver 2 in re-synch state event(s) (dcr 0x019a) detected
- 1125642058 2005.09.01 R06-M1-N6-C:J15-U01 2005-09-01-23.20.58.798977 R06-M1-N6-C:J15-U01 RAS KERNEL INFO 1 tree receiver 2 in re-synch state event(s) (dcr 0x019a) detected
- 1125643283 2005.09.01 R06-M1-N6-C:J15-U01 2005-09-01-23.41.23.558043 R06-M1-N6-C:J15-U01 RAS KERNEL INFO 1 tree receiver 2 in re-synch state event(s) (dcr 0x019a) detected
- 1125643283 2005.09.01 R06-M1-N6-C:J15-U01 2005-09-01-23.41.23.628615 R06-M1-N6-C:J15-U01 RAS KERNEL INFO 1 tree receiver 2 in re-synch state event(s) (dcr 0x019a) detected
- 1125649350 2005.09.02 R06-M1-N6-C:J15-U01 2005-09-02-01.22.30.534017 R06-M1-N6-C:J15-U01 RAS KERNEL INFO 1 tree receiver 2 in re-synch state event(s) (dcr 0x019a) detected
- 1125651372 2005.09.02 R06-M1-N6-C:J15-U01 2005-09-02-01.56.12.234960 R06-M1-N6-C:J15-U01 RAS KERNEL INFO 1 torus receiver x+ input pipe error(s) (dcr 0x02ec) detected and corrected
- 1125651372 2005.09.02 R06-M1-N6-C:J15-U01 2005-09-02-01.56.12.273438 R06-M1-N6-C:J15-U01 RAS KERNEL INFO 1 torus receiver x- input pipe error(s) (dcr 0x02ed) detected and corrected
- 1125651372 2005.09.02 R06-M1-N6-C:J15-U01 2005-09-02-01.56.12.433123 R06-M1-N6-C:J15-U01 RAS KERNEL INFO 1 torus receiver y+ input pipe error(s) (dcr 0x02ee) detected and corrected
- 1125651372 2005.09.02 R06-M1-N6-C:J15-U01 2005-09-02-01.56.12.468759 R06-M1-N6-C:J15-U01 RAS KERNEL INFO 1 torus receiver y- input pipe error(s) (dcr 0x02ef) detected and corrected
- 1125651372 2005.09.02 R06-M1-N6-C:J15-U01 2005-09-02-01.56.12.625825 R06-M1-N6-C:J15-U01 RAS KERNEL INFO 1 torus receiver z+ input pipe error(s) (dcr 0x02f0) detected and corrected
- 1125651372 2005.09.02 R06-M1-N6-C:J15-U01 2005-09-02-01.56.12.678874 R06-M1-N6-C:J15-U01 RAS KERNEL INFO 1 torus receiver z- input pipe error(s) (dcr 0x02f1) detected and corrected
- 1125651372 2005.09.02 R06-M1-N6-C:J15-U01 2005-09-02-01.56.12.937696 R06-M1-N6-C:J15-U01 RAS KERNEL INFO 1 tree receiver 0 in re-synch state event(s) (dcr 0x01bc) detected
- 1125651373 2005.09.02 R06-M1-N6-C:J15-U01 2005-09-02-01.56.13.066291 R06-M1-N6-C:J15-U01 RAS KERNEL INFO 1 tree receiver 0 in re-synch state event(s) (dcr 0x01bc) detected
- 1125651373 2005.09.02 R06-M1-N6-C:J15-U01 2005-09-02-01.56.13.279181 R06-M1-N6-C:J15-U01 RAS KERNEL INFO 2 tree receiver 2 in re-synch state event(s) (dcr 0x019a) detected
- 1125651373 2005.09.02 R06-M1-N6-C:J15-U01 2005-09-02-01.56.13.348346 R06-M1-N6-C:J15-U01 RAS KERNEL INFO 2 tree receiver 2 in re-synch state event(s) (dcr 0x019a) detected
- 1125653392 2005.09.02 R06-M1-N6-C:J15-U01 2005-09-02-02.29.52.599586 R06-M1-N6-C:J15-U01 RAS KERNEL INFO 1 torus receiver x+ input pipe error(s) (dcr 0x02ec) detected and corrected
- 1125653392 2005.09.02 R06-M1-N6-C:J15-U01 2005-09-02-02.29.52.860833 R06-M1-N6-C:J15-U01 RAS KERNEL INFO 1 torus receiver z- input pipe error(s) (dcr 0x02f1) detected and corrected
- 1125659458 2005.09.02 R06-M1-N6-C:J15-U01 2005-09-02-04.10.58.174266 R06-M1-N6-C:J15-U01 RAS KERNEL INFO 1 torus receiver x+ input pipe error(s) (dcr 0x02ec) detected and corrected
- 1125659458 2005.09.02 R06-M1-N6-C:J15-U01 2005-09-02-04.10.58.297797 R06-M1-N6-C:J15-U01 RAS KERNEL INFO 1 torus receiver y+ input pipe error(s) (dcr 0x02ee) detected and corrected
- 1125659458 2005.09.02 R06-M1-N6-C:J15-U01 2005-09-02-04.10.58.589694 R06-M1-N6-C:J15-U01 RAS KERNEL INFO 1 torus receiver z- input pipe error(s) (dcr 0x02f1) detected and corrected
- 1125659458 2005.09.02 R06-M1-N6-C:J15-U01 2005-09-02-04.10.58.664530 R06-M1-N6-C:J15-U01 RAS KERNEL INFO 2 tree receiver 2 in re-synch state event(s) (dcr 0x019a) detected
- 1125659458 2005.09.02 R06-M1-N6-C:J15-U01 2005-09-02-04.10.58.981348 R06-M1-N6-C:J15-U01 RAS KERNEL INFO 2 tree receiver 2 in re-synch state event(s) (dcr 0x019a) detected
- 1125662555 2005.09.02 R06-M1-N6-C:J15-U01 2005-09-02-05.02.35.994492 R06-M1-N6-C:J15-U01 RAS KERNEL INFO 1 torus receiver y+ input pipe error(s) (dcr 0x02ee) detected and corrected
- 1125662556 2005.09.02 R06-M1-N6-C:J15-U01 2005-09-02-05.02.36.057137 R06-M1-N6-C:J15-U01 RAS KERNEL INFO 1 torus receiver x+ input pipe error(s) (dcr 0x02ec) detected and corrected
- 1125662556 2005.09.02 R06-M1-N6-C:J15-U01 2005-09-02-05.02.36.231467 R06-M1-N6-C:J15-U01 RAS KERNEL INFO 1 torus receiver z- input pipe error(s) (dcr 0x02f1) detected and corrected
- 1125662556 2005.09.02 R06-M1-N6-C:J15-U01 2005-09-02-05.02.36.289558 R06-M1-N6-C:J15-U01 RAS KERNEL INFO 1 tree receiver 2 in re-synch state event(s) (dcr 0x019a) detected
- 1125662556 2005.09.02 R06-M1-N6-C:J15-U01 2005-09-02-05.02.36.477375 R06-M1-N6-C:J15-U01 RAS KERNEL INFO 1 tree receiver 2 in re-synch state event(s) (dcr 0x019a) detected
KERNMC 1125664439 2005.09.02 R55-M0-N0-C:J14-U01 2005-09-02-05.33.59.725692 R55-M0-N0-C:J14-U01 RAS KERNEL FATAL machine check interrupt (bit=0x1d): L2 dcache unit data parity error
- 1125664439 2005.09.02 R55-M0-N0-C:J14-U01 2005-09-02-05.33.59.805916 R55-M0-N0-C:J14-U01 RAS KERNEL FATAL instruction address: 0x0013a490
- 1125664439 2005.09.02 R55-M0-N0-C:J14-U01 2005-09-02-05.33.59.920420 R55-M0-N0-C:J14-U01 RAS KERNEL FATAL machine check status register: 0x91800000
- 1125664440 2005.09.02 R55-M0-N0-C:J14-U01 2005-09-02-05.34.00.047094 R55-M0-N0-C:J14-U01 RAS KERNEL FATAL summary...........................1
- 1125664440 2005.09.02 R55-M0-N0-C:J14-U01 2005-09-02-05.34.00.160146 R55-M0-N0-C:J14-U01 RAS KERNEL FATAL instruction plb error.............0
- 1125664440 2005.09.02 R55-M0-N0-C:J14-U01 2005-09-02-05.34.00.272487 R55-M0-N0-C:J14-U01 RAS KERNEL FATAL data read plb error...............0
- 1125664440 2005.09.02 R55-M0-N0-C:J14-U01 2005-09-02-05.34.00.381351 R55-M0-N0-C:J14-U01 RAS KERNEL FATAL data write plb error..............1
- 1125664440 2005.09.02 R55-M0-N0-C:J14-U01 2005-09-02-05.34.00.495550 R55-M0-N0-C:J14-U01 RAS KERNEL FATAL tlb error.........................0
- 1125664440 2005.09.02 R55-M0-N0-C:J14-U01 2005-09-02-05.34.00.609589 R55-M0-N0-C:J14-U01 RAS KERNEL FATAL i-cache parity error..............0
- 1125664440 2005.09.02 R55-M0-N0-C:J14-U01 2005-09-02-05.34.00.699455 R55-M0-N0-C:J14-U01 RAS KERNEL FATAL d-cache search parity error.......0
- 1125664440 2005.09.02 R55-M0-N0-C:J14-U01 2005-09-02-05.34.00.823408 R55-M0-N0-C:J14-U01 RAS KERNEL FATAL d-cache flush parity error........1
- 1125664440 2005.09.02 R55-M0-N0-C:J14-U01 2005-09-02-05.34.00.943102 R55-M0-N0-C:J14-U01 RAS KERNEL FATAL imprecise machine check...........1
- 1125664441 2005.09.02 R55-M0-N0-C:J14-U01 2005-09-02-05.34.01.059909 R55-M0-N0-C:J14-U01 RAS KERNEL FATAL machine state register: 0x0002f900
- 1125664441 2005.09.02 R55-M0-N0-C:J14-U01 2005-09-02-05.34.01.170534 R55-M0-N0-C:J14-U01 RAS KERNEL FATAL wait state enable.................0
- 1125664441 2005.09.02 R55-M0-N0-C:J14-U01 2005-09-02-05.34.01.285035 R55-M0-N0-C:J14-U01 RAS KERNEL FATAL critical input interrupt enable...1
- 1125664441 2005.09.02 R55-M0-N0-C:J14-U01 2005-09-02-05.34.01.399590 R55-M0-N0-C:J14-U01 RAS KERNEL FATAL external input interrupt enable...1
- 1125664441 2005.09.02 R55-M0-N0-C:J14-U01 2005-09-02-05.34.01.572302 R55-M0-N0-C:J14-U01 RAS KERNEL FATAL problem state (0=sup,1=usr).......1
- 1125664441 2005.09.02 R55-M0-N0-C:J14-U01 2005-09-02-05.34.01.723624 R55-M0-N0-C:J14-U01 RAS KERNEL FATAL floating point instr. enabled.....1
- 1125664441 2005.09.02 R55-M0-N0-C:J14-U01 2005-09-02-05.34.01.828503 R55-M0-N0-C:J14-U01 RAS KERNEL FATAL machine check enable..............1
- 1125664441 2005.09.02 R55-M0-N0-C:J14-U01 2005-09-02-05.34.01.920918 R55-M0-N0-C:J14-U01 RAS KERNEL FATAL floating pt ex mode 0 enable......1
- 1125664442 2005.09.02 R55-M0-N0-C:J14-U01 2005-09-02-05.34.02.003544 R55-M0-N0-C:J14-U01 RAS KERNEL FATAL debug wait enable.................0
- 1125664442 2005.09.02 R55-M0-N0-C:J14-U01 2005-09-02-05.34.02.116313 R55-M0-N0-C:J14-U01 RAS KERNEL FATAL debug interrupt enable............0
- 1125664442 2005.09.02 R55-M0-N0-C:J14-U01 2005-09-02-05.34.02.230451 R55-M0-N0-C:J14-U01 RAS KERNEL FATAL floating pt ex mode 1 enable......1
- 1125664442 2005.09.02 R55-M0-N0-C:J14-U01 2005-09-02-05.34.02.368046 R55-M0-N0-C:J14-U01 RAS KERNEL FATAL instruction address space.........0
- 1125664442 2005.09.02 R55-M0-N0-C:J14-U01 2005-09-02-05.34.02.486455 R55-M0-N0-C:J14-U01 RAS KERNEL FATAL data address space................0
- 1125664442 2005.09.02 R55-M0-N0-C:J14-U01 2005-09-02-05.34.02.601225 R55-M0-N0-C:J14-U01 RAS KERNEL FATAL core configuration register: 0x00002000
- 1125664442 2005.09.02 R55-M0-N0-C:J14-U01 2005-09-02-05.34.02.714184 R55-M0-N0-C:J14-U01 RAS KERNEL FATAL disable store gathering..................0
- 1125664442 2005.09.02 R55-M0-N0-C:J14-U01 2005-09-02-05.34.02.833355 R55-M0-N0-C:J14-U01 RAS KERNEL FATAL disable apu instruction broadcast........0
- 1125664442 2005.09.02 R55-M0-N0-C:J14-U01 2005-09-02-05.34.02.943503 R55-M0-N0-C:J14-U01 RAS KERNEL FATAL disable trace broadcast..................0
- 1125664443 2005.09.02 R55-M0-N0-C:J14-U01 2005-09-02-05.34.03.050479 R55-M0-N0-C:J14-U01 RAS KERNEL FATAL guaranteed instruction cache block touch.0
- 1125664443 2005.09.02 R55-M0-N0-C:J14-U01 2005-09-02-05.34.03.157671 R55-M0-N0-C:J14-U01 RAS KERNEL FATAL guaranteed data cache block touch........1
- 1125664443 2005.09.02 R55-M0-N0-C:J14-U01 2005-09-02-05.34.03.265200 R55-M0-N0-C:J14-U01 RAS KERNEL FATAL force load/store alignment...............0
- 1125664443 2005.09.02 R55-M0-N0-C:J14-U01 2005-09-02-05.34.03.371996 R55-M0-N0-C:J14-U01 RAS KERNEL FATAL icache prefetch depth....................0
- 1125664443 2005.09.02 R55-M0-N0-C:J14-U01 2005-09-02-05.34.03.482433 R55-M0-N0-C:J14-U01 RAS KERNEL FATAL icache prefetch threshold................0
- 1125664443 2005.09.02 R55-M0-N0-C:J14-U01 2005-09-02-05.34.03.588442 R55-M0-N0-C:J14-U01 RAS KERNEL FATAL general purpose registers:
- 1125664443 2005.09.02 R55-M0-N0-C:J14-U01 2005-09-02-05.34.03.694921 R55-M0-N0-C:J14-U01 RAS KERNEL FATAL 0:0000e208 1:1feaa590 2:1eeeeeee 3:001f9280
- 1125664443 2005.09.02 R55-M0-N0-C:J14-U01 2005-09-02-05.34.03.813640 R55-M0-N0-C:J14-U01 RAS KERNEL FATAL 4:0021d210 5:1feaa59c 6:1feaa5a0 7:1feaa5a4
- 1125664443 2005.09.02 R55-M0-N0-C:J14-U01 2005-09-02-05.34.03.916620 R55-M0-N0-C:J14-U01 RAS KERNEL FATAL 8:1feaa5a4 9:0000000d 10:00000000 11:000008d8
- 1125664444 2005.09.02 R55-M0-N0-C:J14-U01 2005-09-02-05.34.04.029709 R55-M0-N0-C:J14-U01 RAS KERNEL FATAL 12:00000000 13:1eeeeeee 14:ffffffff 15:ffffffff
- 1125664444 2005.09.02 R55-M0-N0-C:J14-U01 2005-09-02-05.34.04.138283 R55-M0-N0-C:J14-U01 RAS KERNEL FATAL 16:00000000 17:00000000 18:00000000 19:00000000
- 1125664444 2005.09.02 R55-M0-N0-C:J14-U01 2005-09-02-05.34.04.239413 R55-M0-N0-C:J14-U01 RAS KERNEL FATAL 20:ffffffff 21:40000000 22:001f8320 23:0feea440
- 1125664444 2005.09.02 R55-M0-N0-C:J14-U01 2005-09-02-05.34.04.347098 R55-M0-N0-C:J14-U01 RAS KERNEL FATAL 24:00000007 25:00000002 26:000008d9 27:00000000
- 1125664444 2005.09.02 R55-M0-N0-C:J14-U01 2005-09-02-05.34.04.459268 R55-M0-N0-C:J14-U01 RAS KERNEL FATAL 28:001f9c00 29:00023600 30:001f9280 31:0021d200
- 1125664444 2005.09.02 R55-M0-N0-C:J14-U01 2005-09-02-05.34.04.595592 R55-M0-N0-C:J14-U01 RAS KERNEL FATAL special purpose registers:
- 1125664444 2005.09.02 R55-M0-N0-C:J14-U01 2005-09-02-05.34.04.681063 R55-M0-N0-C:J14-U01 RAS KERNEL FATAL lr:0013a454 cr:08002248 xer:00000002 ctr:00000000
KERNRTSP 1125664444 2005.09.02 R55-M0-N0-C:J14-U01 2005-09-02-05.34.04.799624 R55-M0-N0-C:J14-U01 RAS KERNEL FATAL rts panic! - stopping execution
- 1125670758 2005.09.02 R06-M1-N6-C:J15-U01 2005-09-02-07.19.18.725006 R06-M1-N6-C:J15-U01 RAS KERNEL INFO 1 tree receiver 2 in re-synch state event(s) (dcr 0x019a) detected
- 1125676406 2005.09.02 R30-M0-N5-C:J17-U11 2005-09-02-08.53.26.070328 R30-M0-N5-C:J17-U11 RAS KERNEL INFO instruction cache parity error corrected
- 1125688235 2005.09.02 R05-M0-N1-C:J10-U01 2005-09-02-12.10.35.360443 R05-M0-N1-C:J10-U01 RAS KERNEL INFO 1 ddr errors(s) detected and corrected on rank 0, symbol 25, bit 0
- 1125688235 2005.09.02 R05-M0-N1-C:J10-U01 2005-09-02-12.10.35.408500 R05-M0-N1-C:J10-U01 RAS KERNEL INFO CE sym 25, at 0x11297cc0, mask 0x80
- 1125688235 2005.09.02 R05-M0-N1-C:J10-U01 2005-09-02-12.10.35.428663 R05-M0-N1-C:J10-U01 RAS KERNEL INFO total of 1 ddr error(s) detected and corrected
- 1125688235 2005.09.02 R02-M0-N5-C:J02-U11 2005-09-02-12.10.35.832673 R02-M0-N5-C:J02-U11 RAS KERNEL INFO 1 ddr errors(s) detected and corrected on rank 0, symbol 5, bit 2
- 1125688235 2005.09.02 R02-M0-N5-C:J02-U11 2005-09-02-12.10.35.867358 R02-M0-N5-C:J02-U11 RAS KERNEL INFO CE sym 5, at 0x05e23580, mask 0x20
- 1125688235 2005.09.02 R02-M0-N5-C:J02-U11 2005-09-02-12.10.35.919829 R02-M0-N5-C:J02-U11 RAS KERNEL INFO total of 1 ddr error(s) detected and corrected
- 1125688236 2005.09.02 R01-M0-N5-C:J08-U01 2005-09-02-12.10.36.652994 R01-M0-N5-C:J08-U01 RAS KERNEL INFO 1 ddr errors(s) detected and corrected on rank 0, symbol 10, bit 7
- 1125688236 2005.09.02 R01-M0-N5-C:J08-U01 2005-09-02-12.10.36.715991 R01-M0-N5-C:J08-U01 RAS KERNEL INFO CE sym 10, at 0x0cc6f0e0, mask 0x01
- 1125688236 2005.09.02 R01-M0-N5-C:J08-U01 2005-09-02-12.10.36.757633 R01-M0-N5-C:J08-U01 RAS KERNEL INFO total of 1 ddr error(s) detected and corrected
- 1125688321 2005.09.02 R12-M0-N8-C:J11-U01 2005-09-02-12.12.01.888792 R12-M0-N8-C:J11-U01 RAS KERNEL INFO critical input interrupt (unit=0x0b bit=0x02): warning for torus x+ wire
- 1125688321 2005.09.02 R12-M0-N8-C:J11-U01 2005-09-02-12.12.01.943248 R12-M0-N8-C:J11-U01 RAS KERNEL INFO suppressing further interrupts of same type
- 1125688367 2005.09.02 R33-M0-N8-C:J13-U11 2005-09-02-12.12.47.961668 R33-M0-N8-C:J13-U11 RAS KERNEL INFO critical input interrupt (unit=0x0b bit=0x0f): warning for tree A1 wire
- 1125688368 2005.09.02 R33-M0-N8-C:J13-U11 2005-09-02-12.12.48.060384 R33-M0-N8-C:J13-U11 RAS KERNEL INFO suppressing further interrupts of same type
- 1125688488 2005.09.02 R33-M0-N8-C:J13-U11 2005-09-02-12.14.48.996529 R33-M0-N8-C:J13-U11 RAS KERNEL INFO 1 tree receiver 0 in re-synch state event(s) (dcr 0x01bc) detected
