- 1125575111 2005.09.01 R01-M0-N4-C:J12-U11 2005-09-01-04.45.11.785835 R01-M0-N4-C:J12-U11 RAS KERNEL INFO 15 ddr errors(s) detected and corrected on rank 0, symbol 18, bit 4
- 1125575111 2005.09.01 R01-M0-N4-C:J12-U11 2005-09-01-04.45.11.833603 R01-M0-N4-C:J12-U11 RAS KERNEL INFO CE sym 18, at 0x18561820, mask 0x08
- 1125575111 2005.09.01 R01-M0-N4-C:J12-U11 2005-09-01-04.45.11.867935 R01-M0-N4-C:J12-U11 RAS KERNEL INFO CE sym 18, at 0x18561820, mask 0x08
- 1125575111 2005.09.01 R01-M0-N4-C:J12-U11 2005-09-01-04.45.11.902798 R01-M0-N4-C:J12-U11 RAS KERNEL INFO CE sym 18, at 0x18561820, mask 0x08
- 1125575111 2005.09.01 R01-M0-N4-C:J12-U11 2005-09-01-04.45.11.921757 R01-M0-N4-C:J12-U11 RAS KERNEL INFO CE sym 18, at 0x18561820, mask 0x08
- 1125575111 2005.09.01 R01-M0-N4-C:J12-U11 2005-09-01-04.45.11.937585 R01-M0-N4-C:J12-U11 RAS KERNEL INFO CE sym 18, at 0x18561820, mask 0x08
- 1125575111 2005.09.01 R01-M0-N4-C:J12-U11 2005-09-01-04.45.11.955107 R01-M0-N4-C:J12-U11 RAS KERNEL INFO CE sym 18, at 0x18561820, mask 0x08
- 1125575111 2005.09.01 R01-M0-N4-C:J12-U11 2005-09-01-04.45.11.985472 R01-M0-N4-C:J12-U11 RAS KERNEL INFO CE sym 18, at 0x18561820, mask 0x08
- 1125575112 2005.09.01 R01-M0-N4-C:J12-U11 2005-09-01-04.45.12.003512 R01-M0-N4-C:J12-U11 RAS KERNEL INFO CE sym 18, at 0x18561820, mask 0x08
- 1125575112 2005.09.01 R01-M0-N4-C:J12-U11 2005-09-01-04.45.12.022030 R01-M0-N4-C:J12-U11 RAS KERNEL INFO CE sym 18, at 0x18561820, mask 0x08
- 1125575112 2005.09.01 R01-M0-N4-C:J12-U11 2005-09-01-04.45.12.039958 R01-M0-N4-C:J12-U11 RAS KERNEL INFO CE sym 18, at 0x18561820, mask 0x08
- 1125575112 2005.09.01 R01-M0-N4-C:J12-U11 2005-09-01-04.45.12.063942 R01-M0-N4-C:J12-U11 RAS KERNEL INFO CE sym 18, at 0x18561820, mask 0x08
- 1125575112 2005.09.01 R01-M0-N4-C:J12-U11 2005-09-01-04.45.12.080721 R01-M0-N4-C:J12-U11 RAS KERNEL INFO CE sym 18, at 0x18561820, mask 0x08
- 1125575112 2005.09.01 R01-M0-N4-C:J12-U11 2005-09-01-04.45.12.099894 R01-M0-N4-C:J12-U11 RAS KERNEL INFO CE sym 18, at 0x18561820, mask 0x08
- 1125575112 2005.09.01 R01-M0-N4-C:J12-U11 2005-09-01-04.45.12.117403 R01-M0-N4-C:J12-U11 RAS KERNEL INFO CE sym 18, at 0x18561820, mask 0x08
- 1125575112 2005.09.01 R01-M0-N4-C:J12-U11 2005-09-01-04.45.12.135975 R01-M0-N4-C:J12-U11 RAS KERNEL INFO CE sym 18, at 0x18561820, mask 0x08
- 1125575112 2005.09.01 R01-M0-N4-C:J12-U11 2005-09-01-04.45.12.153348 R01-M0-N4-C:J12-U11 RAS KERNEL INFO total of 15 ddr error(s) detected and corrected
- 1125575282 2005.09.01 R16-M1-N1-C:J16-U11 2005-09-01-04.48.02.652337 R16-M1-N1-C:J16-U11 RAS KERNEL INFO 1 ddr errors(s) detected and corrected on rank 0, symbol 30, bit 2
- 1125575282 2005.09.01 R16-M1-N1-C:J16-U11 2005-09-01-04.48.02.740291 R16-M1-N1-C:J16-U11 RAS KERNEL INFO CE sym 30, at 0x15aa7560, mask 0x20
- 1125575282 2005.09.01 R16-M1-N1-C:J16-U11 2005-09-01-04.48.02.764848 R16-M1-N1-C:J16-U11 RAS KERNEL INFO total of 1 ddr error(s) detected and corrected
- 1125576340 2005.09.01 R30-M0-N7-C:J09-U01 2005-09-01-05.05.40.796729 R30-M0-N7-C:J09-U01 RAS KERNEL INFO 1 ddr errors(s) detected and corrected on rank 0, symbol 26, bit 3
- 1125576341 2005.09.01 R30-M0-N7-C:J09-U01 2005-09-01-05.05.41.070361 R30-M0-N7-C:J09-U01 RAS KERNEL INFO CE sym 26, at 0x07a95e80, mask 0x10
- 1125576341 2005.09.01 R30-M0-N7-C:J09-U01 2005-09-01-05.05.41.310411 R30-M0-N7-C:J09-U01 RAS KERNEL INFO total of 1 ddr error(s) detected and corrected
- 1125577345 2005.09.01 R30-M0-N7-C:J09-U01 2005-09-01-05.22.25.135610 R30-M0-N7-C:J09-U01 RAS KERNEL INFO 1 ddr errors(s) detected and corrected on rank 0, symbol 26, bit 3
- 1125577345 2005.09.01 R30-M0-N7-C:J09-U01 2005-09-01-05.22.25.412805 R30-M0-N7-C:J09-U01 RAS KERNEL INFO CE sym 26, at 0x07a95e80, mask 0x10
- 1125577345 2005.09.01 R30-M0-N7-C:J09-U01 2005-09-01-05.22.25.663480 R30-M0-N7-C:J09-U01 RAS KERNEL INFO total of 1 ddr error(s) detected and corrected
- 1125581967 2005.09.01 R37-M1-N7-C:J17-U01 2005-09-01-06.39.27.805108 R37-M1-N7-C:J17-U01 RAS KERNEL INFO ddr: activating redundant bit steering: rank=0 symbol=11
- 1125582515 2005.09.01 R37-M1-N7-C:J17-U01 2005-09-01-06.48.35.634257 R37-M1-N7-C:J17-U01 RAS KERNEL INFO 30 ddr errors(s) detected and corrected on rank 0, symbol 11, bit 5
- 1125582516 2005.09.01 R03-M1-N0-C:J15-U11 2005-09-01-06.48.36.131695 R03-M1-N0-C:J15-U11 RAS KERNEL INFO 1 ddr errors(s) detected and corrected on rank 0, symbol 24, bit 4
- 1125582516 2005.09.01 R35-M1-N8-C:J03-U01 2005-09-01-06.48.36.928344 R35-M1-N8-C:J03-U01 RAS KERNEL INFO 2 ddr errors(s) detected and corrected on rank 0, symbol 14, bit 5
- 1125582517 2005.09.01 R22-M0-N6-C:J16-U11 2005-09-01-06.48.37.333510 R22-M0-N6-C:J16-U11 RAS KERNEL INFO 1 L3 EDRAM error(s) (dcr 0x0157) detected and corrected
- 1125582517 2005.09.01 R21-M0-N7-C:J14-U11 2005-09-01-06.48.37.413735 R21-M0-N7-C:J14-U11 RAS KERNEL INFO 1 ddr errors(s) detected and corrected on rank 0, symbol 3, bit 1
- 1125582518 2005.09.01 R23-M0-N0-C:J10-U01 2005-09-01-06.48.38.560926 R23-M0-N0-C:J10-U01 RAS KERNEL INFO 14 ddr errors(s) detected and corrected on rank 0, symbol 18, bit 3
- 1125582519 2005.09.01 R36-M1-N9-C:J06-U01 2005-09-01-06.48.39.867918 R36-M1-N9-C:J06-U01 RAS KERNEL INFO 7 ddr errors(s) detected and corrected on rank 0, symbol 25, bit 4
- 1125582520 2005.09.01 R32-M1-N6-C:J08-U11 2005-09-01-06.48.40.022902 R32-M1-N6-C:J08-U11 RAS KERNEL INFO 1 ddr errors(s) detected and corrected on rank 0, symbol 12, bit 3
- 1125582520 2005.09.01 R06-M1-N6-C:J08-U01 2005-09-01-06.48.40.585588 R06-M1-N6-C:J08-U01 RAS KERNEL INFO 3 ddr errors(s) detected and corrected on rank 0, symbol 22, bit 0
- 1125582521 2005.09.01 R37-M1-N7-C:J17-U01 2005-09-01-06.48.41.423023 R37-M1-N7-C:J17-U01 RAS KERNEL INFO CE sym 11, at 0x05fd6c60, mask 0x04
- 1125582522 2005.09.01 R21-M0-N7-C:J14-U11 2005-09-01-06.48.42.943403 R21-M0-N7-C:J14-U11 RAS KERNEL INFO CE sym 3, at 0x1387cd40, mask 0x40
- 1125582523 2005.09.01 R16-M1-N1-C:J16-U11 2005-09-01-06.48.43.194559 R16-M1-N1-C:J16-U11 RAS KERNEL INFO 9 ddr errors(s) detected and corrected on rank 0, symbol 30, bit 2
- 1125582525 2005.09.01 R23-M0-N0-C:J10-U01 2005-09-01-06.48.45.345946 R23-M0-N0-C:J10-U01 RAS KERNEL INFO CE sym 18, at 0x0e0272e0, mask 0x10
- 1125582527 2005.09.01 R03-M1-N0-C:J15-U11 2005-09-01-06.48.47.944187 R03-M1-N0-C:J15-U11 RAS KERNEL INFO CE sym 24, at 0x190dacc0, mask 0x08
- 1125582528 2005.09.01 R35-M1-N8-C:J03-U01 2005-09-01-06.48.48.398125 R35-M1-N8-C:J03-U01 RAS KERNEL INFO CE sym 14, at 0x1c007240, mask 0x04
- 1125582528 2005.09.01 R36-M1-N9-C:J06-U01 2005-09-01-06.48.48.650718 R36-M1-N9-C:J06-U01 RAS KERNEL INFO CE sym 25, at 0x155e28e0, mask 0x08
- 1125582528 2005.09.01 R32-M1-N6-C:J08-U11 2005-09-01-06.48.48.809998 R32-M1-N6-C:J08-U11 RAS KERNEL INFO CE sym 12, at 0x03af9860, mask 0x10
- 1125582529 2005.09.01 R06-M1-N6-C:J08-U01 2005-09-01-06.48.49.836714 R06-M1-N6-C:J08-U01 RAS KERNEL INFO CE sym 22, at 0x0a3c0760, mask 0x80
- 1125582530 2005.09.01 R37-M1-N7-C:J17-U01 2005-09-01-06.48.50.742671 R37-M1-N7-C:J17-U01 RAS KERNEL INFO CE sym 11, at 0x05fd6c60, mask 0x04
- 1125582532 2005.09.01 R21-M0-N7-C:J14-U11 2005-09-01-06.48.52.341067 R21-M0-N7-C:J14-U11 RAS KERNEL INFO total of 1 ddr error(s) detected and corrected
- 1125582532 2005.09.01 R16-M1-N1-C:J16-U11 2005-09-01-06.48.52.611639 R16-M1-N1-C:J16-U11 RAS KERNEL INFO CE sym 30, at 0x15aa7560, mask 0x20
- 1125582534 2005.09.01 R23-M0-N0-C:J10-U01 2005-09-01-06.48.54.732778 R23-M0-N0-C:J10-U01 RAS KERNEL INFO CE sym 18, at 0x0e0272e0, mask 0x10
- 1125582537 2005.09.01 R03-M1-N0-C:J15-U11 2005-09-01-06.48.57.258189 R03-M1-N0-C:J15-U11 RAS KERNEL INFO total of 1 ddr error(s) detected and corrected
- 1125582537 2005.09.01 R35-M1-N8-C:J03-U01 2005-09-01-06.48.57.659325 R35-M1-N8-C:J03-U01 RAS KERNEL INFO CE sym 14, at 0x1c007240, mask 0x04
- 1125582537 2005.09.01 R36-M1-N9-C:J06-U01 2005-09-01-06.48.57.877744 R36-M1-N9-C:J06-U01 RAS KERNEL INFO CE sym 25, at 0x155e28e0, mask 0x08
- 1125582538 2005.09.01 R32-M1-N6-C:J08-U11 2005-09-01-06.48.58.045524 R32-M1-N6-C:J08-U11 RAS KERNEL INFO total of 1 ddr error(s) detected and corrected
- 1125582538 2005.09.01 R06-M1-N6-C:J08-U01 2005-09-01-06.48.58.606474 R06-M1-N6-C:J08-U01 RAS KERNEL INFO CE sym 22, at 0x0a3c0760, mask 0x80
- 1125582539 2005.09.01 R37-M1-N7-C:J17-U01 2005-09-01-06.48.59.447865 R37-M1-N7-C:J17-U01 RAS KERNEL INFO CE sym 11, at 0x05fd6c60, mask 0x04
- 1125582540 2005.09.01 R16-M1-N1-C:J16-U11 2005-09-01-06.49.00.582888 R16-M1-N1-C:J16-U11 RAS KERNEL INFO CE sym 30, at 0x15aa7560, mask 0x20
- 1125582542 2005.09.01 R23-M0-N0-C:J10-U01 2005-09-01-06.49.02.399751 R23-M0-N0-C:J10-U01 RAS KERNEL INFO CE sym 18, at 0x0e0272e0, mask 0x10
- 1125582545 2005.09.01 R35-M1-N8-C:J03-U01 2005-09-01-06.49.05.312129 R35-M1-N8-C:J03-U01 RAS KERNEL INFO total of 2 ddr error(s) detected and corrected
- 1125582545 2005.09.01 R36-M1-N9-C:J06-U01 2005-09-01-06.49.05.396262 R36-M1-N9-C:J06-U01 RAS KERNEL INFO CE sym 25, at 0x155e28e0, mask 0x08
- 1125582545 2005.09.01 R06-M1-N6-C:J08-U01 2005-09-01-06.49.05.714927 R06-M1-N6-C:J08-U01 RAS KERNEL INFO CE sym 22, at 0x0a3c0760, mask 0x80
- 1125582546 2005.09.01 R37-M1-N7-C:J17-U01 2005-09-01-06.49.06.388352 R37-M1-N7-C:J17-U01 RAS KERNEL INFO CE sym 11, at 0x05fd6c60, mask 0x04
- 1125582547 2005.09.01 R16-M1-N1-C:J16-U11 2005-09-01-06.49.07.205317 R16-M1-N1-C:J16-U11 RAS KERNEL INFO CE sym 30, at 0x15aa7560, mask 0x20
- 1125583127 2005.09.01 R64-M0-N8-C:J12-U11 2005-09-01-06.58.47.093588 R64-M0-N8-C:J12-U11 RAS KERNEL INFO 4 ddr errors(s) detected and corrected on rank 0, symbol 21, bit 3
- 1125583127 2005.09.01 R64-M0-N8-C:J12-U11 2005-09-01-06.58.47.301461 R64-M0-N8-C:J12-U11 RAS KERNEL INFO CE sym 21, at 0x15937660, mask 0x10
- 1125583127 2005.09.01 R64-M0-N8-C:J12-U11 2005-09-01-06.58.47.485554 R64-M0-N8-C:J12-U11 RAS KERNEL INFO CE sym 21, at 0x15937660, mask 0x10
- 1125583127 2005.09.01 R64-M0-N8-C:J12-U11 2005-09-01-06.58.47.647564 R64-M0-N8-C:J12-U11 RAS KERNEL INFO CE sym 21, at 0x15937660, mask 0x10
- 1125583127 2005.09.01 R64-M0-N8-C:J12-U11 2005-09-01-06.58.47.804230 R64-M0-N8-C:J12-U11 RAS KERNEL INFO CE sym 21, at 0x15937660, mask 0x10
- 1125583127 2005.09.01 R64-M0-N8-C:J12-U11 2005-09-01-06.58.47.941687 R64-M0-N8-C:J12-U11 RAS KERNEL INFO total of 4 ddr error(s) detected and corrected
- 1125585075 2005.09.01 R75-M0-N7-C:J14-U11 2005-09-01-07.31.15.297138 R75-M0-N7-C:J14-U11 RAS KERNEL INFO 1 ddr errors(s) detected and corrected on rank 0, symbol 11, bit 6
- 1125585075 2005.09.01 R72-M0-N0-C:J06-U01 2005-09-01-07.31.15.692208 R72-M0-N0-C:J06-U01 RAS KERNEL INFO 18 ddr errors(s) detected and corrected on rank 0, symbol 5, bit 0
- 1125585076 2005.09.01 R75-M0-N7-C:J14-U11 2005-09-01-07.31.16.083978 R75-M0-N7-C:J14-U11 RAS KERNEL INFO CE sym 11, at 0x1385e640, mask 0x02
- 1125585076 2005.09.01 R72-M0-N0-C:J06-U01 2005-09-01-07.31.16.143874 R72-M0-N0-C:J06-U01 RAS KERNEL INFO CE sym 5, at 0x1196ed60, mask 0x80
- 1125585076 2005.09.01 R75-M0-N7-C:J14-U11 2005-09-01-07.31.16.389671 R75-M0-N7-C:J14-U11 RAS KERNEL INFO total of 1 ddr error(s) detected and corrected
- 1125585076 2005.09.01 R72-M0-N0-C:J06-U01 2005-09-01-07.31.16.449620 R72-M0-N0-C:J06-U01 RAS KERNEL INFO CE sym 5, at 0x1196ed60, mask 0x80
- 1125585076 2005.09.01 R72-M0-N0-C:J06-U01 2005-09-01-07.31.16.676728 R72-M0-N0-C:J06-U01 RAS KERNEL INFO CE sym 5, at 0x1196ed60, mask 0x80
- 1125585076 2005.09.01 R72-M0-N0-C:J06-U01 2005-09-01-07.31.16.898717 R72-M0-N0-C:J06-U01 RAS KERNEL INFO CE sym 5, at 0x1196ed60, mask 0x80
- 1125585077 2005.09.01 R72-M0-N0-C:J06-U01 2005-09-01-07.31.17.119861 R72-M0-N0-C:J06-U01 RAS KERNEL INFO CE sym 5, at 0x1196ed60, mask 0x80
- 1125585077 2005.09.01 R72-M0-N0-C:J06-U01 2005-09-01-07.31.17.311863 R72-M0-N0-C:J06-U01 RAS KERNEL INFO CE sym 5, at 0x1196ed60, mask 0x80
- 1125585077 2005.09.01 R72-M0-N0-C:J06-U01 2005-09-01-07.31.17.503918 R72-M0-N0-C:J06-U01 RAS KERNEL INFO CE sym 5, at 0x1196ed60, mask 0x80
- 1125585077 2005.09.01 R72-M0-N0-C:J06-U01 2005-09-01-07.31.17.659908 R72-M0-N0-C:J06-U01 RAS KERNEL INFO CE sym 5, at 0x1196ed60, mask 0x80
- 1125585077 2005.09.01 R72-M0-N0-C:J06-U01 2005-09-01-07.31.17.820889 R72-M0-N0-C:J06-U01 RAS KERNEL INFO CE sym 5, at 0x1196ed60, mask 0x80
- 1125585077 2005.09.01 R72-M0-N0-C:J06-U01 2005-09-01-07.31.17.976826 R72-M0-N0-C:J06-U01 RAS KERNEL INFO CE sym 5, at 0x1196ed60, mask 0x80
- 1125585078 2005.09.01 R72-M0-N0-C:J06-U01 2005-09-01-07.31.18.132058 R72-M0-N0-C:J06-U01 RAS KERNEL INFO CE sym 5, at 0x1196ed60, mask 0x80
- 1125585078 2005.09.01 R72-M0-N0-C:J06-U01 2005-09-01-07.31.18.299105 R72-M0-N0-C:J06-U01 RAS KERNEL INFO CE sym 5, at 0x1196ed60, mask 0x80
- 1125585078 2005.09.01 R72-M0-N0-C:J06-U01 2005-09-01-07.31.18.455594 R72-M0-N0-C:J06-U01 RAS KERNEL INFO CE sym 5, at 0x1196ed60, mask 0x80
- 1125585078 2005.09.01 R72-M0-N0-C:J06-U01 2005-09-01-07.31.18.598455 R72-M0-N0-C:J06-U01 RAS KERNEL INFO CE sym 5, at 0x1196ed60, mask 0x80
- 1125585078 2005.09.01 R72-M0-N0-C:J06-U01 2005-09-01-07.31.18.718020 R72-M0-N0-C:J06-U01 RAS KERNEL INFO CE sym 5, at 0x1196ed60, mask 0x80
- 1125585078 2005.09.01 R72-M0-N0-C:J06-U01 2005-09-01-07.31.18.837669 R72-M0-N0-C:J06-U01 RAS KERNEL INFO CE sym 5, at 0x1196ed60, mask 0x80
- 1125585078 2005.09.01 R72-M0-N0-C:J06-U01 2005-09-01-07.31.18.957528 R72-M0-N0-C:J06-U01 RAS KERNEL INFO CE sym 5, at 0x1196ed60, mask 0x80
- 1125585079 2005.09.01 R72-M0-N0-C:J06-U01 2005-09-01-07.31.19.006902 R72-M0-N0-C:J06-U01 RAS KERNEL INFO CE sym 5, at 0x1196ed60, mask 0x80
- 1125585079 2005.09.01 R72-M0-N0-C:J06-U01 2005-09-01-07.31.19.106240 R72-M0-N0-C:J06-U01 RAS KERNEL INFO total of 18 ddr error(s) detected and corrected
- 1125587402 2005.09.01 R57-M0-N3-C:J03-U11 2005-09-01-08.10.02.794617 R57-M0-N3-C:J03-U11 RAS KERNEL INFO 7 ddr errors(s) detected and corrected on rank 0, symbol 9, bit 0
- 1125587402 2005.09.01 R47-M0-N4-C:J07-U01 2005-09-01-08.10.02.890736 R47-M0-N4-C:J07-U01 RAS KERNEL INFO 4 ddr errors(s) detected and corrected on rank 0, symbol 8, bit 3
- 1125587404 2005.09.01 R57-M0-N3-C:J03-U11 2005-09-01-08.10.04.904500 R57-M0-N3-C:J03-U11 RAS KERNEL INFO CE sym 9, at 0x0defbf60, mask 0x80
- 1125587404 2005.09.01 R47-M0-N4-C:J07-U01 2005-09-01-08.10.04.927909 R47-M0-N4-C:J07-U01 RAS KERNEL INFO CE sym 8, at 0x0a2ae600, mask 0x10
- 1125587405 2005.09.01 R57-M0-N3-C:J03-U11 2005-09-01-08.10.05.580451 R57-M0-N3-C:J03-U11 RAS KERNEL INFO CE sym 9, at 0x0defbf60, mask 0x80
- 1125587405 2005.09.01 R47-M0-N4-C:J07-U01 2005-09-01-08.10.05.605473 R47-M0-N4-C:J07-U01 RAS KERNEL INFO CE sym 8, at 0x0a2ae600, mask 0x10
- 1125587406 2005.09.01 R57-M0-N3-C:J03-U11 2005-09-01-08.10.06.190692 R57-M0-N3-C:J03-U11 RAS KERNEL INFO CE sym 9, at 0x0defbf60, mask 0x80
- 1125587406 2005.09.01 R47-M0-N4-C:J07-U01 2005-09-01-08.10.06.213097 R47-M0-N4-C:J07-U01 RAS KERNEL INFO CE sym 8, at 0x0a2ae600, mask 0x10
- 1125587406 2005.09.01 R57-M0-N3-C:J03-U11 2005-09-01-08.10.06.626369 R57-M0-N3-C:J03-U11 RAS KERNEL INFO CE sym 9, at 0x0defbf60, mask 0x80
- 1125587406 2005.09.01 R47-M0-N4-C:J07-U01 2005-09-01-08.10.06.659011 R47-M0-N4-C:J07-U01 RAS KERNEL INFO CE sym 8, at 0x0a2ae600, mask 0x10
- 1125587407 2005.09.01 R57-M0-N3-C:J03-U11 2005-09-01-08.10.07.099589 R57-M0-N3-C:J03-U11 RAS KERNEL INFO CE sym 9, at 0x0defbf60, mask 0x80
- 1125587407 2005.09.01 R47-M0-N4-C:J07-U01 2005-09-01-08.10.07.131083 R47-M0-N4-C:J07-U01 RAS KERNEL INFO total of 4 ddr error(s) detected and corrected
- 1125587407 2005.09.01 R57-M0-N3-C:J03-U11 2005-09-01-08.10.07.340935 R57-M0-N3-C:J03-U11 RAS KERNEL INFO CE sym 9, at 0x0defbf60, mask 0x80
- 1125587407 2005.09.01 R57-M0-N3-C:J03-U11 2005-09-01-08.10.07.542706 R57-M0-N3-C:J03-U11 RAS KERNEL INFO CE sym 9, at 0x0defbf60, mask 0x80
- 1125587407 2005.09.01 R57-M0-N3-C:J03-U11 2005-09-01-08.10.07.704799 R57-M0-N3-C:J03-U11 RAS KERNEL INFO total of 7 ddr error(s) detected and corrected
- 1125593556 2005.09.01 R21-M0-N4-C:J03-U01 2005-09-01-09.52.36.753418 R21-M0-N4-C:J03-U01 RAS KERNEL INFO 1 ddr errors(s) detected and corrected on rank 0, symbol 12, bit 3
- 1125593556 2005.09.01 R30-M0-N7-C:J09-U01 2005-09-01-09.52.36.921332 R30-M0-N7-C:J09-U01 RAS KERNEL INFO 3 ddr errors(s) detected and corrected on rank 0, symbol 26, bit 3
- 1125593557 2005.09.01 R33-M0-N0-C:J03-U01 2005-09-01-09.52.37.006018 R33-M0-N0-C:J03-U01 RAS KERNEL INFO 2 ddr errors(s) detected and corrected on rank 0, symbol 7, bit 7
- 1125593557 2005.09.01 R35-M1-N8-C:J03-U01 2005-09-01-09.52.37.100741 R35-M1-N8-C:J03-U01 RAS KERNEL INFO 8 ddr errors(s) detected and corrected on rank 0, symbol 14, bit 5
- 1125593558 2005.09.01 R22-M0-N6-C:J16-U11 2005-09-01-09.52.38.926673 R22-M0-N6-C:J16-U11 RAS KERNEL INFO 13 L3 EDRAM error(s) (dcr 0x0157) detected and corrected
- 1125593559 2005.09.01 R21-M0-N7-C:J14-U11 2005-09-01-09.52.39.002332 R21-M0-N7-C:J14-U11 RAS KERNEL INFO 2 ddr errors(s) detected and corrected on rank 0, symbol 3, bit 1
- 1125593559 2005.09.01 R16-M1-N1-C:J16-U11 2005-09-01-09.52.39.301636 R16-M1-N1-C:J16-U11 RAS KERNEL INFO 17 ddr errors(s) detected and corrected on rank 0, symbol 30, bit 2
- 1125593559 2005.09.01 R10-M1-N7-C:J10-U01 2005-09-01-09.52.39.487214 R10-M1-N7-C:J10-U01 RAS KERNEL INFO 1 ddr errors(s) detected and corrected on rank 0, symbol 6, bit 1
- 1125593559 2005.09.01 R15-M0-N5-C:J10-U01 2005-09-01-09.52.39.661041 R15-M0-N5-C:J10-U01 RAS KERNEL INFO 1 ddr errors(s) detected and corrected on rank 0, symbol 6, bit 4
- 1125593560 2005.09.01 R23-M0-N0-C:J10-U01 2005-09-01-09.52.40.354800 R23-M0-N0-C:J10-U01 RAS KERNEL INFO 19 ddr errors(s) detected and corrected on rank 0, symbol 18, bit 3
- 1125593561 2005.09.01 R24-M0-N2-C:J08-U11 2005-09-01-09.52.41.329657 R24-M0-N2-C:J08-U11 RAS KERNEL INFO 1 ddr errors(s) detected and corrected on rank 0, symbol 20, bit 2
- 1125593561 2005.09.01 R32-M1-N6-C:J08-U11 2005-09-01-09.52.41.569180 R32-M1-N6-C:J08-U11 RAS KERNEL INFO 2 ddr errors(s) detected and corrected on rank 0, symbol 12, bit 3
- 1125593562 2005.09.01 R06-M1-N6-C:J08-U01 2005-09-01-09.52.42.425757 R06-M1-N6-C:J08-U01 RAS KERNEL INFO 5 ddr errors(s) detected and corrected on rank 0, symbol 22, bit 0
- 1125593565 2005.09.01 R21-M0-N4-C:J03-U01 2005-09-01-09.52.45.102383 R21-M0-N4-C:J03-U01 RAS KERNEL INFO CE sym 12, at 0x02723660, mask 0x10
- 1125593565 2005.09.01 R30-M0-N7-C:J09-U01 2005-09-01-09.52.45.257276 R30-M0-N7-C:J09-U01 RAS KERNEL INFO CE sym 26, at 0x07a95e80, mask 0x10
- 1125593565 2005.09.01 R33-M0-N0-C:J03-U01 2005-09-01-09.52.45.347463 R33-M0-N0-C:J03-U01 RAS KERNEL INFO CE sym 7, at 0x107bbc40, mask 0x01
- 1125593565 2005.09.01 R35-M1-N8-C:J03-U01 2005-09-01-09.52.45.426556 R35-M1-N8-C:J03-U01 RAS KERNEL INFO CE sym 14, at 0x1c007240, mask 0x04
- 1125593567 2005.09.01 R21-M0-N7-C:J14-U11 2005-09-01-09.52.47.351863 R21-M0-N7-C:J14-U11 RAS KERNEL INFO CE sym 3, at 0x1387cd40, mask 0x40
- 1125593567 2005.09.01 R16-M1-N1-C:J16-U11 2005-09-01-09.52.47.716285 R16-M1-N1-C:J16-U11 RAS KERNEL INFO CE sym 30, at 0x15aa7560, mask 0x20
- 1125593567 2005.09.01 R10-M1-N7-C:J10-U01 2005-09-01-09.52.47.897601 R10-M1-N7-C:J10-U01 RAS KERNEL INFO CE sym 6, at 0x19f01fe0, mask 0x40
- 1125593568 2005.09.01 R15-M0-N5-C:J10-U01 2005-09-01-09.52.48.081935 R15-M0-N5-C:J10-U01 RAS KERNEL INFO CE sym 6, at 0x0504aae0, mask 0x08
- 1125593568 2005.09.01 R23-M0-N0-C:J10-U01 2005-09-01-09.52.48.800009 R23-M0-N0-C:J10-U01 RAS KERNEL INFO CE sym 18, at 0x0e0272e0, mask 0x10
- 1125593569 2005.09.01 R24-M0-N2-C:J08-U11 2005-09-01-09.52.49.584217 R24-M0-N2-C:J08-U11 RAS KERNEL INFO CE sym 20, at 0x019f73e0, mask 0x20
- 1125593569 2005.09.01 R32-M1-N6-C:J08-U11 2005-09-01-09.52.49.847757 R32-M1-N6-C:J08-U11 RAS KERNEL INFO CE sym 12, at 0x03af9860, mask 0x10
- 1125593570 2005.09.01 R06-M1-N6-C:J08-U01 2005-09-01-09.52.50.786818 R06-M1-N6-C:J08-U01 RAS KERNEL INFO CE sym 22, at 0x0a3c0760, mask 0x80
- 1125593573 2005.09.01 R21-M0-N4-C:J03-U01 2005-09-01-09.52.53.538723 R21-M0-N4-C:J03-U01 RAS KERNEL INFO total of 1 ddr error(s) detected and corrected
- 1125593573 2005.09.01 R30-M0-N7-C:J09-U01 2005-09-01-09.52.53.694655 R30-M0-N7-C:J09-U01 RAS KERNEL INFO CE sym 26, at 0x07a95e80, mask 0x10
- 1125593573 2005.09.01 R33-M0-N0-C:J03-U01 2005-09-01-09.52.53.766204 R33-M0-N0-C:J03-U01 RAS KERNEL INFO CE sym 7, at 0x107bbc40, mask 0x01
- 1125593573 2005.09.01 R35-M1-N8-C:J03-U01 2005-09-01-09.52.53.837727 R35-M1-N8-C:J03-U01 RAS KERNEL INFO CE sym 14, at 0x1c007240, mask 0x04
- 1125593575 2005.09.01 R21-M0-N7-C:J14-U11 2005-09-01-09.52.55.297992 R21-M0-N7-C:J14-U11 RAS KERNEL INFO CE sym 3, at 0x1387cd40, mask 0x40
- 1125593575 2005.09.01 R16-M1-N1-C:J16-U11 2005-09-01-09.52.55.616289 R16-M1-N1-C:J16-U11 RAS KERNEL INFO CE sym 30, at 0x15aa7560, mask 0x20
- 1125593575 2005.09.01 R10-M1-N7-C:J10-U01 2005-09-01-09.52.55.783901 R10-M1-N7-C:J10-U01 RAS KERNEL INFO total of 1 ddr error(s) detected and corrected
- 1125593575 2005.09.01 R15-M0-N5-C:J10-U01 2005-09-01-09.52.55.963910 R15-M0-N5-C:J10-U01 RAS KERNEL INFO total of 1 ddr error(s) detected and corrected
- 1125593576 2005.09.01 R23-M0-N0-C:J10-U01 2005-09-01-09.52.56.644610 R23-M0-N0-C:J10-U01 RAS KERNEL INFO CE sym 18, at 0x0e0272e0, mask 0x10
- 1125593577 2005.09.01 R24-M0-N2-C:J08-U11 2005-09-01-09.52.57.632331 R24-M0-N2-C:J08-U11 RAS KERNEL INFO total of 1 ddr error(s) detected and corrected
- 1125593577 2005.09.01 R32-M1-N6-C:J08-U11 2005-09-01-09.52.57.924034 R32-M1-N6-C:J08-U11 RAS KERNEL INFO CE sym 12, at 0x03af9860, mask 0x10
- 1125593578 2005.09.01 R06-M1-N6-C:J08-U01 2005-09-01-09.52.58.983983 R06-M1-N6-C:J08-U01 RAS KERNEL INFO CE sym 22, at 0x0a3c0760, mask 0x80
- 1125593581 2005.09.01 R30-M0-N7-C:J09-U01 2005-09-01-09.53.01.430951 R30-M0-N7-C:J09-U01 RAS KERNEL INFO CE sym 26, at 0x07a95e80, mask 0x10
- 1125593581 2005.09.01 R33-M0-N0-C:J03-U01 2005-09-01-09.53.01.514766 R33-M0-N0-C:J03-U01 RAS KERNEL INFO total of 2 ddr error(s) detected and corrected
- 1125593581 2005.09.01 R35-M1-N8-C:J03-U01 2005-09-01-09.53.01.610046 R35-M1-N8-C:J03-U01 RAS KERNEL INFO CE sym 14, at 0x1c007240, mask 0x04
- 1125593582 2005.09.01 R21-M0-N7-C:J14-U11 2005-09-01-09.53.02.567725 R21-M0-N7-C:J14-U11 RAS KERNEL INFO total of 2 ddr error(s) detected and corrected
- 1125593582 2005.09.01 R16-M1-N1-C:J16-U11 2005-09-01-09.53.02.735513 R16-M1-N1-C:J16-U11 RAS KERNEL INFO CE sym 30, at 0x15aa7560, mask 0x20
- 1125593583 2005.09.01 R23-M0-N0-C:J10-U01 2005-09-01-09.53.03.414984 R23-M0-N0-C:J10-U01 RAS KERNEL INFO CE sym 18, at 0x0e0272e0, mask 0x10
- 1125593583 2005.09.01 R32-M1-N6-C:J08-U11 2005-09-01-09.53.03.920028 R32-M1-N6-C:J08-U11 RAS KERNEL INFO total of 2 ddr error(s) detected and corrected
- 1125593584 2005.09.01 R06-M1-N6-C:J08-U01 2005-09-01-09.53.04.483764 R06-M1-N6-C:J08-U01 RAS KERNEL INFO CE sym 22, at 0x0a3c0760, mask 0x80
- 1125593586 2005.09.01 R30-M0-N7-C:J09-U01 2005-09-01-09.53.06.087096 R30-M0-N7-C:J09-U01 RAS KERNEL INFO total of 3 ddr error(s) detected and corrected
- 1125593586 2005.09.01 R35-M1-N8-C:J03-U01 2005-09-01-09.53.06.183372 R35-M1-N8-C:J03-U01 RAS KERNEL INFO CE sym 14, at 0x1c007240, mask 0x04
- 1125593587 2005.09.01 R16-M1-N1-C:J16-U11 2005-09-01-09.53.07.051272 R16-M1-N1-C:J16-U11 RAS KERNEL INFO CE sym 30, at 0x15aa7560, mask 0x20
- 1125593587 2005.09.01 R23-M0-N0-C:J10-U01 2005-09-01-09.53.07.762681 R23-M0-N0-C:J10-U01 RAS KERNEL INFO CE sym 18, at 0x0e0272e0, mask 0x10
- 1125593588 2005.09.01 R06-M1-N6-C:J08-U01 2005-09-01-09.53.08.694850 R06-M1-N6-C:J08-U01 RAS KERNEL INFO CE sym 22, at 0x0a3c0760, mask 0x80
- 1125593590 2005.09.01 R35-M1-N8-C:J03-U01 2005-09-01-09.53.10.108308 R35-M1-N8-C:J03-U01 RAS KERNEL INFO CE sym 14, at 0x1c007240, mask 0x04
- 1125593590 2005.09.01 R16-M1-N1-C:J16-U11 2005-09-01-09.53.10.365012 R16-M1-N1-C:J16-U11 RAS KERNEL INFO CE sym 30, at 0x15aa7560, mask 0x20
- 1125593590 2005.09.01 R23-M0-N0-C:J10-U01 2005-09-01-09.53.10.572897 R23-M0-N0-C:J10-U01 RAS KERNEL INFO CE sym 18, at 0x0e0272e0, mask 0x10
- 1125593591 2005.09.01 R06-M1-N6-C:J08-U01 2005-09-01-09.53.11.176354 R06-M1-N6-C:J08-U01 RAS KERNEL INFO CE sym 22, at 0x0a3c0760, mask 0x80
- 1125593592 2005.09.01 R35-M1-N8-C:J03-U01 2005-09-01-09.53.12.204864 R35-M1-N8-C:J03-U01 RAS KERNEL INFO CE sym 14, at 0x1c007240, mask 0x04
- 1125593592 2005.09.01 R16-M1-N1-C:J16-U11 2005-09-01-09.53.12.636165 R16-M1-N1-C:J16-U11 RAS KERNEL INFO CE sym 30, at 0x15aa7560, mask 0x20
- 1125593592 2005.09.01 R23-M0-N0-C:J10-U01 2005-09-01-09.53.12.905022 R23-M0-N0-C:J10-U01 RAS KERNEL INFO CE sym 18, at 0x0e0272e0, mask 0x10
- 1125593593 2005.09.01 R06-M1-N6-C:J08-U01 2005-09-01-09.53.13.578374 R06-M1-N6-C:J08-U01 RAS KERNEL INFO total of 5 ddr error(s) detected and corrected
- 1125593594 2005.09.01 R35-M1-N8-C:J03-U01 2005-09-01-09.53.14.310228 R35-M1-N8-C:J03-U01 RAS KERNEL INFO CE sym 14, at 0x1c007240, mask 0x04
- 1125593594 2005.09.01 R16-M1-N1-C:J16-U11 2005-09-01-09.53.14.754632 R16-M1-N1-C:J16-U11 RAS KERNEL INFO CE sym 30, at 0x15aa7560, mask 0x20
- 1125593594 2005.09.01 R23-M0-N0-C:J10-U01 2005-09-01-09.53.14.922595 R23-M0-N0-C:J10-U01 RAS KERNEL INFO CE sym 18, at 0x0e0272e0, mask 0x10
- 1125593596 2005.09.01 R35-M1-N8-C:J03-U01 2005-09-01-09.53.16.027561 R35-M1-N8-C:J03-U01 RAS KERNEL INFO CE sym 14, at 0x1c007240, mask 0x04
- 1125593596 2005.09.01 R16-M1-N1-C:J16-U11 2005-09-01-09.53.16.520116 R16-M1-N1-C:J16-U11 RAS KERNEL INFO CE sym 30, at 0x15aa7560, mask 0x20
- 1125593596 2005.09.01 R23-M0-N0-C:J10-U01 2005-09-01-09.53.16.717114 R23-M0-N0-C:J10-U01 RAS KERNEL INFO CE sym 18, at 0x0e0272e0, mask 0x10
- 1125593597 2005.09.01 R35-M1-N8-C:J03-U01 2005-09-01-09.53.17.768103 R35-M1-N8-C:J03-U01 RAS KERNEL INFO total of 8 ddr error(s) detected and corrected
- 1125593598 2005.09.01 R16-M1-N1-C:J16-U11 2005-09-01-09.53.18.306112 R16-M1-N1-C:J16-U11 RAS KERNEL INFO CE sym 30, at 0x15aa7560, mask 0x20
- 1125593598 2005.09.01 R23-M0-N0-C:J10-U01 2005-09-01-09.53.18.446145 R23-M0-N0-C:J10-U01 RAS KERNEL INFO CE sym 18, at 0x0e0272e0, mask 0x10
- 1125593599 2005.09.01 R16-M1-N1-C:J16-U11 2005-09-01-09.53.19.775475 R16-M1-N1-C:J16-U11 RAS KERNEL INFO CE sym 30, at 0x15aa7560, mask 0x20
- 1125593599 2005.09.01 R23-M0-N0-C:J10-U01 2005-09-01-09.53.19.940872 R23-M0-N0-C:J10-U01 RAS KERNEL INFO CE sym 18, at 0x0e0272e0, mask 0x10
- 1125593601 2005.09.01 R16-M1-N1-C:J16-U11 2005-09-01-09.53.21.067762 R16-M1-N1-C:J16-U11 RAS KERNEL INFO CE sym 30, at 0x15aa7560, mask 0x20
- 1125593601 2005.09.01 R23-M0-N0-C:J10-U01 2005-09-01-09.53.21.227725 R23-M0-N0-C:J10-U01 RAS KERNEL INFO CE sym 18, at 0x0e0272e0, mask 0x10
- 1125593602 2005.09.01 R16-M1-N1-C:J16-U11 2005-09-01-09.53.22.423137 R16-M1-N1-C:J16-U11 RAS KERNEL INFO CE sym 30, at 0x15aa7560, mask 0x20
- 1125593602 2005.09.01 R23-M0-N0-C:J10-U01 2005-09-01-09.53.22.592058 R23-M0-N0-C:J10-U01 RAS KERNEL INFO CE sym 18, at 0x0e0272e0, mask 0x10
- 1125593603 2005.09.01 R16-M1-N1-C:J16-U11 2005-09-01-09.53.23.553993 R16-M1-N1-C:J16-U11 RAS KERNEL INFO CE sym 30, at 0x15aa7560, mask 0x20
- 1125593603 2005.09.01 R23-M0-N0-C:J10-U01 2005-09-01-09.53.23.720768 R23-M0-N0-C:J10-U01 RAS KERNEL INFO CE sym 18, at 0x0e0272e0, mask 0x10
- 1125593604 2005.09.01 R16-M1-N1-C:J16-U11 2005-09-01-09.53.24.549086 R16-M1-N1-C:J16-U11 RAS KERNEL INFO CE sym 30, at 0x15aa7560, mask 0x20
- 1125593604 2005.09.01 R23-M0-N0-C:J10-U01 2005-09-01-09.53.24.720890 R23-M0-N0-C:J10-U01 RAS KERNEL INFO CE sym 18, at 0x0e0272e0, mask 0x10
- 1125593605 2005.09.01 R16-M1-N1-C:J16-U11 2005-09-01-09.53.25.635905 R16-M1-N1-C:J16-U11 RAS KERNEL INFO CE sym 30, at 0x15aa7560, mask 0x20
- 1125593605 2005.09.01 R23-M0-N0-C:J10-U01 2005-09-01-09.53.25.837946 R23-M0-N0-C:J10-U01 RAS KERNEL INFO CE sym 18, at 0x0e0272e0, mask 0x10
- 1125593606 2005.09.01 R16-M1-N1-C:J16-U11 2005-09-01-09.53.26.767848 R16-M1-N1-C:J16-U11 RAS KERNEL INFO CE sym 30, at 0x15aa7560, mask 0x20
- 1125593606 2005.09.01 R23-M0-N0-C:J10-U01 2005-09-01-09.53.26.848393 R23-M0-N0-C:J10-U01 RAS KERNEL INFO CE sym 18, at 0x0e0272e0, mask 0x10
- 1125593607 2005.09.01 R16-M1-N1-C:J16-U11 2005-09-01-09.53.27.214540 R16-M1-N1-C:J16-U11 RAS KERNEL INFO CE sym 30, at 0x15aa7560, mask 0x20
- 1125593607 2005.09.01 R23-M0-N0-C:J10-U01 2005-09-01-09.53.27.363709 R23-M0-N0-C:J10-U01 RAS KERNEL INFO CE sym 18, at 0x0e0272e0, mask 0x10
- 1125593608 2005.09.01 R16-M1-N1-C:J16-U11 2005-09-01-09.53.28.166490 R16-M1-N1-C:J16-U11 RAS KERNEL INFO total of 17 ddr error(s) detected and corrected
- 1125593608 2005.09.01 R23-M0-N0-C:J10-U01 2005-09-01-09.53.28.369319 R23-M0-N0-C:J10-U01 RAS KERNEL INFO CE sym 18, at 0x0e0272e0, mask 0x10
- 1125593609 2005.09.01 R23-M0-N0-C:J10-U01 2005-09-01-09.53.29.134840 R23-M0-N0-C:J10-U01 RAS KERNEL INFO CE sym 18, at 0x0e0272e0, mask 0x10
- 1125593609 2005.09.01 R23-M0-N0-C:J10-U01 2005-09-01-09.53.29.744946 R23-M0-N0-C:J10-U01 RAS KERNEL INFO total of 19 ddr error(s) detected and corrected
- 1125593872 2005.09.01 R30-M0-N7-C:J09-U01 2005-09-01-09.57.52.190171 R30-M0-N7-C:J09-U01 RAS KERNEL INFO 1 ddr errors(s) detected and corrected on rank 0, symbol 26, bit 3
- 1125593872 2005.09.01 R30-M0-N7-C:J09-U01 2005-09-01-09.57.52.389481 R30-M0-N7-C:J09-U01 RAS KERNEL INFO CE sym 26, at 0x07a95e80, mask 0x10
- 1125593872 2005.09.01 R30-M0-N7-C:J09-U01 2005-09-01-09.57.52.574833 R30-M0-N7-C:J09-U01 RAS KERNEL INFO total of 1 ddr error(s) detected and corrected
- 1125595935 2005.09.01 R30-M0-N7-C:J09-U01 2005-09-01-10.32.15.881392 R30-M0-N7-C:J09-U01 RAS KERNEL INFO 1 ddr errors(s) detected and corrected on rank 0, symbol 26, bit 3
- 1125595936 2005.09.01 R30-M0-N7-C:J09-U01 2005-09-01-10.32.16.043492 R30-M0-N7-C:J09-U01 RAS KERNEL INFO CE sym 26, at 0x07a95e80, mask 0x10
- 1125595936 2005.09.01 R30-M0-N7-C:J09-U01 2005-09-01-10.32.16.213153 R30-M0-N7-C:J09-U01 RAS KERNEL INFO total of 1 ddr error(s) detected and corrected
- 1125597961 2005.09.01 R30-M0-N7-C:J09-U01 2005-09-01-11.06.01.583961 R30-M0-N7-C:J09-U01 RAS KERNEL INFO 1 ddr errors(s) detected and corrected on rank 0, symbol 26, bit 3
- 1125597961 2005.09.01 R30-M0-N7-C:J09-U01 2005-09-01-11.06.01.772613 R30-M0-N7-C:J09-U01 RAS KERNEL INFO CE sym 26, at 0x07a95e80, mask 0x10
- 1125597961 2005.09.01 R30-M0-N7-C:J09-U01 2005-09-01-11.06.01.909008 R30-M0-N7-C:J09-U01 RAS KERNEL INFO total of 1 ddr error(s) detected and corrected
- 1125599982 2005.09.01 R30-M0-N7-C:J09-U01 2005-09-01-11.39.42.955051 R30-M0-N7-C:J09-U01 RAS KERNEL INFO 1 ddr errors(s) detected and corrected on rank 0, symbol 26, bit 3
- 1125599983 2005.09.01 R30-M0-N7-C:J09-U01 2005-09-01-11.39.43.257687 R30-M0-N7-C:J09-U01 RAS KERNEL INFO CE sym 26, at 0x07a95e80, mask 0x10
- 1125599983 2005.09.01 R30-M0-N7-C:J09-U01 2005-09-01-11.39.43.473161 R30-M0-N7-C:J09-U01 RAS KERNEL INFO total of 1 ddr error(s) detected and corrected
- 1125602001 2005.09.01 R30-M0-N7-C:J09-U01 2005-09-01-12.13.21.248926 R30-M0-N7-C:J09-U01 RAS KERNEL INFO 1 ddr errors(s) detected and corrected on rank 0, symbol 26, bit 3
- 1125602001 2005.09.01 R30-M0-N7-C:J09-U01 2005-09-01-12.13.21.491366 R30-M0-N7-C:J09-U01 RAS KERNEL INFO CE sym 26, at 0x07a95e80, mask 0x10
- 1125602001 2005.09.01 R30-M0-N7-C:J09-U01 2005-09-01-12.13.21.736159 R30-M0-N7-C:J09-U01 RAS KERNEL INFO total of 1 ddr error(s) detected and corrected
- 1125603559 2005.09.01 R55-M0-N9-C:J06-U11 2005-09-01-12.39.19.584407 R55-M0-N9-C:J06-U11 RAS KERNEL INFO 1 tree receiver 2 in re-synch state event(s) (dcr 0x019a) detected
- 1125603559 2005.09.01 R55-M0-N9-C:J06-U11 2005-09-01-12.39.19.670932 R55-M0-N9-C:J06-U11 RAS KERNEL INFO 1 tree receiver 2 in re-synch state event(s) (dcr 0x019a) detected
- 1125604022 2005.09.01 R30-M0-N7-C:J09-U01 2005-09-01-12.47.02.273514 R30-M0-N7-C:J09-U01 RAS KERNEL INFO 1 ddr errors(s) detected and corrected on rank 0, symbol 26, bit 3
- 1125604022 2005.09.01 R30-M0-N7-C:J09-U01 2005-09-01-12.47.02.661977 R30-M0-N7-C:J09-U01 RAS KERNEL INFO CE sym 26, at 0x07a95e80, mask 0x10
- 1125604023 2005.09.01 R30-M0-N7-C:J09-U01 2005-09-01-12.47.03.009897 R30-M0-N7-C:J09-U01 RAS KERNEL INFO total of 1 ddr error(s) detected and corrected
- 1125604806 2005.09.01 R30-M0-N7-C:J09-U01 2005-09-01-13.00.06.847655 R30-M0-N7-C:J09-U01 RAS KERNEL INFO 1 ddr errors(s) detected and corrected on rank 0, symbol 26, bit 3
- 1125604807 2005.09.01 R30-M0-N7-C:J09-U01 2005-09-01-13.00.07.003792 R30-M0-N7-C:J09-U01 RAS KERNEL INFO CE sym 26, at 0x07a95e80, mask 0x10
- 1125604807 2005.09.01 R30-M0-N7-C:J09-U01 2005-09-01-13.00.07.303495 R30-M0-N7-C:J09-U01 RAS KERNEL INFO total of 1 ddr error(s) detected and corrected
- 1125609896 2005.09.01 R30-M0-N7-C:J09-U01 2005-09-01-14.24.56.957675 R30-M0-N7-C:J09-U01 RAS KERNEL INFO 1 ddr errors(s) detected and corrected on rank 0, symbol 26, bit 3
- 1125609897 2005.09.01 R30-M0-N7-C:J09-U01 2005-09-01-14.24.57.097047 R30-M0-N7-C:J09-U01 RAS KERNEL INFO CE sym 26, at 0x07a95e80, mask 0x10
- 1125609897 2005.09.01 R30-M0-N7-C:J09-U01 2005-09-01-14.24.57.246503 R30-M0-N7-C:J09-U01 RAS KERNEL INFO total of 1 ddr error(s) detected and corrected
- 1125611483 2005.09.01 R30-M0-N7-C:J09-U01 2005-09-01-14.51.23.994832 R30-M0-N7-C:J09-U01 RAS KERNEL INFO 1 ddr errors(s) detected and corrected on rank 0, symbol 26, bit 3
- 1125611484 2005.09.01 R30-M0-N7-C:J09-U01 2005-09-01-14.51.24.213472 R30-M0-N7-C:J09-U01 RAS KERNEL INFO CE sym 26, at 0x07a95e80, mask 0x10
- 1125611484 2005.09.01 R30-M0-N7-C:J09-U01 2005-09-01-14.51.24.385678 R30-M0-N7-C:J09-U01 RAS KERNEL INFO total of 1 ddr error(s) detected and corrected
- 1125613720 2005.09.01 R30-M0-N7-C:J09-U01 2005-09-01-15.28.40.096348 R30-M0-N7-C:J09-U01 RAS KERNEL INFO 1 ddr errors(s) detected and corrected on rank 0, symbol 26, bit 3
- 1125613720 2005.09.01 R30-M0-N7-C:J09-U01 2005-09-01-15.28.40.658792 R30-M0-N7-C:J09-U01 RAS KERNEL INFO CE sym 26, at 0x07a95e80, mask 0x10
- 1125613721 2005.09.01 R30-M0-N7-C:J09-U01 2005-09-01-15.28.41.125297 R30-M0-N7-C:J09-U01 RAS KERNEL INFO total of 1 ddr error(s) detected and corrected
- 1125616416 2005.09.01 R30-M0-N7-C:J09-U01 2005-09-01-16.13.36.029758 R30-M0-N7-C:J09-U01 RAS KERNEL INFO 1 ddr errors(s) detected and corrected on rank 0, symbol 26, bit 3
- 1125616416 2005.09.01 R30-M0-N7-C:J09-U01 2005-09-01-16.13.36.462198 R30-M0-N7-C:J09-U01 RAS KERNEL INFO CE sym 26, at 0x07a95e80, mask 0x10
- 1125616416 2005.09.01 R30-M0-N7-C:J09-U01 2005-09-01-16.13.36.807703 R30-M0-N7-C:J09-U01 RAS KERNEL INFO total of 1 ddr error(s) detected and corrected
- 1125618530 2005.09.01 R30-M0-N7-C:J09-U01 2005-09-01-16.48.50.598046 R30-M0-N7-C:J09-U01 RAS KERNEL INFO 1 ddr errors(s) detected and corrected on rank 0, symbol 26, bit 3
- 1125618530 2005.09.01 R30-M0-N7-C:J09-U01 2005-09-01-16.48.50.909134 R30-M0-N7-C:J09-U01 RAS KERNEL INFO CE sym 26, at 0x07a95e80, mask 0x10
- 1125618531 2005.09.01 R30-M0-N7-C:J09-U01 2005-09-01-16.48.51.170592 R30-M0-N7-C:J09-U01 RAS KERNEL INFO total of 1 ddr error(s) detected and corrected
- 1125618531 2005.09.01 R55-M0-N9-C:J06-U11 2005-09-01-16.48.51.360862 R55-M0-N9-C:J06-U11 RAS KERNEL INFO 1 tree receiver 1 in re-synch state event(s) (dcr 0x0185) detected
- 1125618531 2005.09.01 R55-M0-N9-C:J06-U11 2005-09-01-16.48.51.607382 R55-M0-N9-C:J06-U11 RAS KERNEL INFO 1 tree receiver 2 in re-synch state event(s) (dcr 0x019a) detected
- 1125621681 2005.09.01 R30-M0-N7-C:J09-U01 2005-09-01-17.41.21.618792 R30-M0-N7-C:J09-U01 RAS KERNEL INFO 1 ddr errors(s) detected and corrected on rank 0, symbol 26, bit 3
- 1125621681 2005.09.01 R30-M0-N7-C:J09-U01 2005-09-01-17.41.21.954448 R30-M0-N7-C:J09-U01 RAS KERNEL INFO CE sym 26, at 0x07a95e80, mask 0x10
- 1125621682 2005.09.01 R30-M0-N7-C:J09-U01 2005-09-01-17.41.22.262731 R30-M0-N7-C:J09-U01 RAS KERNEL INFO total of 1 ddr error(s) detected and corrected
- 1125624697 2005.09.01 R30-M0-N7-C:J09-U01 2005-09-01-18.31.37.961195 R30-M0-N7-C:J09-U01 RAS KERNEL INFO 1 ddr errors(s) detected and corrected on rank 0, symbol 26, bit 3
- 1125624698 2005.09.01 R30-M0-N7-C:J09-U01 2005-09-01-18.31.38.288881 R30-M0-N7-C:J09-U01 RAS KERNEL INFO CE sym 26, at 0x07a95e80, mask 0x10
- 1125624698 2005.09.01 R30-M0-N7-C:J09-U01 2005-09-01-18.31.38.580265 R30-M0-N7-C:J09-U01 RAS KERNEL INFO total of 1 ddr error(s) detected and corrected
- 1125632185 2005.09.01 R30-M0-N7-C:J09-U01 2005-09-01-20.36.25.475183 R30-M0-N7-C:J09-U01 RAS KERNEL INFO 1 ddr errors(s) detected and corrected on rank 0, symbol 26, bit 3
- 1125632186 2005.09.01 R30-M0-N7-C:J09-U01 2005-09-01-20.36.26.126654 R30-M0-N7-C:J09-U01 RAS KERNEL INFO CE sym 26, at 0x07a95e80, mask 0x10
- 1125632186 2005.09.01 R30-M0-N7-C:J09-U01 2005-09-01-20.36.26.486276 R30-M0-N7-C:J09-U01 RAS KERNEL INFO total of 1 ddr error(s) detected and corrected
- 1125632469 2005.09.01 R30-M0-N7-C:J09-U01 2005-09-01-20.41.09.024682 R30-M0-N7-C:J09-U01 RAS KERNEL INFO 1 ddr errors(s) detected and corrected on rank 0, symbol 26, bit 3
- 1125632469 2005.09.01 R30-M0-N7-C:J09-U01 2005-09-01-20.41.09.398372 R30-M0-N7-C:J09-U01 RAS KERNEL INFO CE sym 26, at 0x07a95e80, mask 0x10
- 1125632469 2005.09.01 R30-M0-N7-C:J09-U01 2005-09-01-20.41.09.836242 R30-M0-N7-C:J09-U01 RAS KERNEL INFO total of 1 ddr error(s) detected and corrected
- 1125640092 2005.09.01 R30-M0-N7-C:J09-U01 2005-09-01-22.48.12.745212 R30-M0-N7-C:J09-U01 RAS KERNEL INFO 1 ddr errors(s) detected and corrected on rank 0, symbol 26, bit 3
- 1125640093 2005.09.01 R03-M0-N5-C:J05-U01 2005-09-01-22.48.13.023647 R03-M0-N5-C:J05-U01 RAS KERNEL INFO 1 ddr errors(s) detected and corrected on rank 0, symbol 4, bit 6
- 1125640093 2005.09.01 R22-M0-N7-C:J06-U11 2005-09-01-22.48.13.098876 R22-M0-N7-C:J06-U11 RAS KERNEL INFO 1 ddr errors(s) detected and corrected on rank 0, symbol 16, bit 7
- 1125640093 2005.09.01 R30-M0-N7-C:J09-U01 2005-09-01-22.48.13.257508 R30-M0-N7-C:J09-U01 RAS KERNEL INFO CE sym 26, at 0x07a95e80, mask 0x10
- 1125640093 2005.09.01 R03-M0-N5-C:J05-U01 2005-09-01-22.48.13.378265 R03-M0-N5-C:J05-U01 RAS KERNEL INFO CE sym 4, at 0x16d0fe20, mask 0x02
- 1125640093 2005.09.01 R22-M0-N7-C:J06-U11 2005-09-01-22.48.13.456623 R22-M0-N7-C:J06-U11 RAS KERNEL INFO CE sym 16, at 0x11f07ee0, mask 0x01
- 1125640093 2005.09.01 R30-M0-N7-C:J09-U01 2005-09-01-22.48.13.626451 R30-M0-N7-C:J09-U01 RAS KERNEL INFO total of 1 ddr error(s) detected and corrected
- 1125640093 2005.09.01 R03-M0-N5-C:J05-U01 2005-09-01-22.48.13.750507 R03-M0-N5-C:J05-U01 RAS KERNEL INFO total of 1 ddr error(s) detected and corrected
- 1125640093 2005.09.01 R22-M0-N7-C:J06-U11 2005-09-01-22.48.13.821493 R22-M0-N7-C:J06-U11 RAS KERNEL INFO total of 1 ddr error(s) detected and corrected
- 1125641108 2005.09.01 R30-M0-N7-C:J09-U01 2005-09-01-23.05.08.845984 R30-M0-N7-C:J09-U01 RAS KERNEL INFO 1 ddr errors(s) detected and corrected on rank 0, symbol 26, bit 3
- 1125641109 2005.09.01 R30-M0-N7-C:J09-U01 2005-09-01-23.05.09.033595 R30-M0-N7-C:J09-U01 RAS KERNEL INFO CE sym 26, at 0x07a95e80, mask 0x10
- 1125641109 2005.09.01 R30-M0-N7-C:J09-U01 2005-09-01-23.05.09.187515 R30-M0-N7-C:J09-U01 RAS KERNEL INFO total of 1 ddr error(s) detected and corrected
- 1125643283 2005.09.01 R30-M0-N7-C:J09-U01 2005-09-01-23.41.23.720350 R30-M0-N7-C:J09-U01 RAS KERNEL INFO 1 ddr errors(s) detected and corrected on rank 0, symbol 26, bit 3
- 1125643283 2005.09.01 R30-M0-N7-C:J09-U01 2005-09-01-23.41.23.879948 R30-M0-N7-C:J09-U01 RAS KERNEL INFO CE sym 26, at 0x07a95e80, mask 0x10
- 1125643284 2005.09.01 R30-M0-N7-C:J09-U01 2005-09-01-23.41.24.021035 R30-M0-N7-C:J09-U01 RAS KERNEL INFO total of 1 ddr error(s) detected and corrected
- 1125645309 2005.09.02 R30-M0-N7-C:J09-U01 2005-09-02-00.15.09.044359 R30-M0-N7-C:J09-U01 RAS KERNEL INFO 1 ddr errors(s) detected and corrected on rank 0, symbol 26, bit 3
- 1125645309 2005.09.02 R30-M0-N7-C:J09-U01 2005-09-02-00.15.09.190084 R30-M0-N7-C:J09-U01 RAS KERNEL INFO CE sym 26, at 0x07a95e80, mask 0x10
- 1125645309 2005.09.02 R30-M0-N7-C:J09-U01 2005-09-02-00.15.09.306939 R30-M0-N7-C:J09-U01 RAS KERNEL INFO total of 1 ddr error(s) detected and corrected
- 1125647330 2005.09.02 R30-M0-N7-C:J09-U01 2005-09-02-00.48.50.593827 R30-M0-N7-C:J09-U01 RAS KERNEL INFO 1 ddr errors(s) detected and corrected on rank 0, symbol 26, bit 3
- 1125647330 2005.09.02 R30-M0-N7-C:J09-U01 2005-09-02-00.48.50.781451 R30-M0-N7-C:J09-U01 RAS KERNEL INFO CE sym 26, at 0x07a95e80, mask 0x10
- 1125647330 2005.09.02 R30-M0-N7-C:J09-U01 2005-09-02-00.48.50.930659 R30-M0-N7-C:J09-U01 RAS KERNEL INFO total of 1 ddr error(s) detected and corrected
- 1125649350 2005.09.02 R30-M0-N7-C:J09-U01 2005-09-02-01.22.30.594749 R30-M0-N7-C:J09-U01 RAS KERNEL INFO 1 ddr errors(s) detected and corrected on rank 0, symbol 26, bit 3
- 1125649350 2005.09.02 R30-M0-N7-C:J09-U01 2005-09-02-01.22.30.759495 R30-M0-N7-C:J09-U01 RAS KERNEL INFO CE sym 26, at 0x07a95e80, mask 0x10
- 1125649350 2005.09.02 R30-M0-N7-C:J09-U01 2005-09-02-01.22.30.903674 R30-M0-N7-C:J09-U01 RAS KERNEL INFO total of 1 ddr error(s) detected and corrected
- 1125651372 2005.09.02 R30-M0-N7-C:J09-U01 2005-09-02-01.56.12.309441 R30-M0-N7-C:J09-U01 RAS KERNEL INFO 1 ddr errors(s) detected and corrected on rank 0, symbol 26, bit 3
- 1125651372 2005.09.02 R30-M0-N7-C:J09-U01 2005-09-02-01.56.12.499122 R30-M0-N7-C:J09-U01 RAS KERNEL INFO CE sym 26, at 0x07a95e80, mask 0x10
- 1125651372 2005.09.02 R30-M0-N7-C:J09-U01 2005-09-02-01.56.12.771255 R30-M0-N7-C:J09-U01 RAS KERNEL INFO total of 1 ddr error(s) detected and corrected
- 1125653392 2005.09.02 R30-M0-N7-C:J09-U01 2005-09-02-02.29.52.675633 R30-M0-N7-C:J09-U01 RAS KERNEL INFO 1 ddr errors(s) detected and corrected on rank 0, symbol 26, bit 3
- 1125653392 2005.09.02 R30-M0-N7-C:J09-U01 2005-09-02-02.29.52.921483 R30-M0-N7-C:J09-U01 RAS KERNEL INFO CE sym 26, at 0x07a95e80, mask 0x10
- 1125653393 2005.09.02 R30-M0-N7-C:J09-U01 2005-09-02-02.29.53.207979 R30-M0-N7-C:J09-U01 RAS KERNEL INFO total of 1 ddr error(s) detected and corrected
- 1125654951 2005.09.02 R55-M0-N9-C:J06-U11 2005-09-02-02.55.51.189314 R55-M0-N9-C:J06-U11 RAS KERNEL INFO 1 tree receiver 2 in re-synch state event(s) (dcr 0x019a) detected
- 1125654951 2005.09.02 R55-M0-N9-C:J06-U11 2005-09-02-02.55.51.309670 R55-M0-N9-C:J06-U11 RAS KERNEL INFO 1 tree receiver 2 in re-synch state event(s) (dcr 0x019a) detected
- 1125655414 2005.09.02 R30-M0-N7-C:J09-U01 2005-09-02-03.03.34.667883 R30-M0-N7-C:J09-U01 RAS KERNEL INFO 1 ddr errors(s) detected and corrected on rank 0, symbol 26, bit 3
- 1125655414 2005.09.02 R30-M0-N7-C:J09-U01 2005-09-02-03.03.34.854908 R30-M0-N7-C:J09-U01 RAS KERNEL INFO CE sym 26, at 0x07a95e80, mask 0x10
- 1125655415 2005.09.02 R30-M0-N7-C:J09-U01 2005-09-02-03.03.35.007061 R30-M0-N7-C:J09-U01 RAS KERNEL INFO total of 1 ddr error(s) detected and corrected
- 1125657441 2005.09.02 R30-M0-N7-C:J09-U01 2005-09-02-03.37.21.524289 R30-M0-N7-C:J09-U01 RAS KERNEL INFO 1 ddr errors(s) detected and corrected on rank 0, symbol 26, bit 3
- 1125657441 2005.09.02 R30-M0-N7-C:J09-U01 2005-09-02-03.37.21.678626 R30-M0-N7-C:J09-U01 RAS KERNEL INFO CE sym 26, at 0x07a95e80, mask 0x10
- 1125657441 2005.09.02 R30-M0-N7-C:J09-U01 2005-09-02-03.37.21.891695 R30-M0-N7-C:J09-U01 RAS KERNEL INFO total of 1 ddr error(s) detected and corrected
- 1125659458 2005.09.02 R30-M0-N7-C:J09-U01 2005-09-02-04.10.58.410896 R30-M0-N7-C:J09-U01 RAS KERNEL INFO 1 ddr errors(s) detected and corrected on rank 0, symbol 26, bit 3
- 1125659458 2005.09.02 R30-M0-N7-C:J09-U01 2005-09-02-04.10.58.767147 R30-M0-N7-C:J09-U01 RAS KERNEL INFO CE sym 26, at 0x07a95e80, mask 0x10
- 1125659459 2005.09.02 R30-M0-N7-C:J09-U01 2005-09-02-04.10.59.012150 R30-M0-N7-C:J09-U01 RAS KERNEL INFO total of 1 ddr error(s) detected and corrected
- 1125659547 2005.09.02 R07-M0-N8-C:J11-U11 2005-09-02-04.12.27.313538 R07-M0-N8-C:J11-U11 RAS KERNEL INFO 1 ddr errors(s) detected and corrected on rank 0, symbol 27, bit 6
- 1125659547 2005.09.02 R30-M0-N7-C:J09-U01 2005-09-02-04.12.27.385499 R30-M0-N7-C:J09-U01 RAS KERNEL INFO 1 ddr errors(s) detected and corrected on rank 0, symbol 26, bit 3
- 1125659547 2005.09.02 R07-M0-N8-C:J11-U11 2005-09-02-04.12.27.549746 R07-M0-N8-C:J11-U11 RAS KERNEL INFO CE sym 27, at 0x0a3bf660, mask 0x02
- 1125659547 2005.09.02 R30-M0-N7-C:J09-U01 2005-09-02-04.12.27.634784 R30-M0-N7-C:J09-U01 RAS KERNEL INFO CE sym 26, at 0x07a95e80, mask 0x10
- 1125659547 2005.09.02 R07-M0-N8-C:J11-U11 2005-09-02-04.12.27.823583 R07-M0-N8-C:J11-U11 RAS KERNEL INFO total of 1 ddr error(s) detected and corrected
- 1125659547 2005.09.02 R30-M0-N7-C:J09-U01 2005-09-02-04.12.27.889616 R30-M0-N7-C:J09-U01 RAS KERNEL INFO total of 1 ddr error(s) detected and corrected
- 1125659932 2005.09.02 R30-M0-N7-C:J09-U01 2005-09-02-04.18.52.862442 R30-M0-N7-C:J09-U01 RAS KERNEL INFO 1 ddr errors(s) detected and corrected on rank 0, symbol 26, bit 3
- 1125659933 2005.09.02 R30-M0-N7-C:J09-U01 2005-09-02-04.18.53.008699 R30-M0-N7-C:J09-U01 RAS KERNEL INFO CE sym 26, at 0x07a95e80, mask 0x10
- 1125659933 2005.09.02 R30-M0-N7-C:J09-U01 2005-09-02-04.18.53.166453 R30-M0-N7-C:J09-U01 RAS KERNEL INFO total of 1 ddr error(s) detected and corrected
- 1125660707 2005.09.02 R30-M0-N7-C:J09-U01 2005-09-02-04.31.47.293890 R30-M0-N7-C:J09-U01 RAS KERNEL INFO 1 ddr errors(s) detected and corrected on rank 0, symbol 26, bit 3
- 1125660707 2005.09.02 R30-M0-N7-C:J09-U01 2005-09-02-04.31.47.471677 R30-M0-N7-C:J09-U01 RAS KERNEL INFO CE sym 26, at 0x07a95e80, mask 0x10
- 1125660707 2005.09.02 R30-M0-N7-C:J09-U01 2005-09-02-04.31.47.621672 R30-M0-N7-C:J09-U01 RAS KERNEL INFO total of 1 ddr error(s) detected and corrected
- 1125661879 2005.09.02 R30-M0-N7-C:J09-U01 2005-09-02-04.51.19.480875 R30-M0-N7-C:J09-U01 RAS KERNEL INFO 1 ddr errors(s) detected and corrected on rank 0, symbol 26, bit 3
- 1125661879 2005.09.02 R30-M0-N7-C:J09-U01 2005-09-02-04.51.19.600091 R30-M0-N7-C:J09-U01 RAS KERNEL INFO CE sym 26, at 0x07a95e80, mask 0x10
- 1125661879 2005.09.02 R30-M0-N7-C:J09-U01 2005-09-02-04.51.19.745548 R30-M0-N7-C:J09-U01 RAS KERNEL INFO total of 1 ddr error(s) detected and corrected
- 1125661987 2005.09.02 R30-M0-N7-C:J09-U01 2005-09-02-04.53.07.403752 R30-M0-N7-C:J09-U01 RAS KERNEL INFO 1 ddr errors(s) detected and corrected on rank 0, symbol 26, bit 3
- 1125661987 2005.09.02 R30-M0-N7-C:J09-U01 2005-09-02-04.53.07.598293 R30-M0-N7-C:J09-U01 RAS KERNEL INFO CE sym 26, at 0x07a95e80, mask 0x10
- 1125661987 2005.09.02 R30-M0-N7-C:J09-U01 2005-09-02-04.53.07.732608 R30-M0-N7-C:J09-U01 RAS KERNEL INFO total of 1 ddr error(s) detected and corrected
- 1125663649 2005.09.02 R30-M0-N7-C:J09-U01 2005-09-02-05.20.49.928021 R30-M0-N7-C:J09-U01 RAS KERNEL INFO 1 ddr errors(s) detected and corrected on rank 0, symbol 26, bit 3
- 1125663650 2005.09.02 R30-M0-N7-C:J09-U01 2005-09-02-05.20.50.116928 R30-M0-N7-C:J09-U01 RAS KERNEL INFO CE sym 26, at 0x07a95e80, mask 0x10
- 1125663650 2005.09.02 R30-M0-N7-C:J09-U01 2005-09-02-05.20.50.263980 R30-M0-N7-C:J09-U01 RAS KERNEL INFO total of 1 ddr error(s) detected and corrected
- 1125664035 2005.09.02 R30-M0-N7-C:J09-U01 2005-09-02-05.27.15.006906 R30-M0-N7-C:J09-U01 RAS KERNEL INFO 1 ddr errors(s) detected and corrected on rank 0, symbol 26, bit 3
- 1125664035 2005.09.02 R30-M0-N7-C:J09-U01 2005-09-02-05.27.15.200007 R30-M0-N7-C:J09-U01 RAS KERNEL INFO CE sym 26, at 0x07a95e80, mask 0x10
- 1125664035 2005.09.02 R30-M0-N7-C:J09-U01 2005-09-02-05.27.15.358266 R30-M0-N7-C:J09-U01 RAS KERNEL INFO total of 1 ddr error(s) detected and corrected
- 1125664435 2005.09.02 R30-M0-N7-C:J09-U01 2005-09-02-05.33.55.583283 R30-M0-N7-C:J09-U01 RAS KERNEL INFO 1 ddr errors(s) detected and corrected on rank 0, symbol 26, bit 3
- 1125664435 2005.09.02 R30-M0-N7-C:J09-U01 2005-09-02-05.33.55.728878 R30-M0-N7-C:J09-U01 RAS KERNEL INFO CE sym 26, at 0x07a95e80, mask 0x10
- 1125664435 2005.09.02 R30-M0-N7-C:J09-U01 2005-09-02-05.33.55.877806 R30-M0-N7-C:J09-U01 RAS KERNEL INFO total of 1 ddr error(s) detected and corrected
- 1125665758 2005.09.02 R30-M0-N7-C:J09-U01 2005-09-02-05.55.58.512794 R30-M0-N7-C:J09-U01 RAS KERNEL INFO 1 ddr errors(s) detected and corrected on rank 0, symbol 26, bit 3
- 1125665758 2005.09.02 R30-M0-N7-C:J09-U01 2005-09-02-05.55.58.909042 R30-M0-N7-C:J09-U01 RAS KERNEL INFO CE sym 26, at 0x07a95e80, mask 0x10
- 1125665759 2005.09.02 R30-M0-N7-C:J09-U01 2005-09-02-05.55.59.085784 R30-M0-N7-C:J09-U01 RAS KERNEL INFO total of 1 ddr error(s) detected and corrected
- 1125665846 2005.09.02 R30-M0-N7-C:J09-U01 2005-09-02-05.57.26.815059 R30-M0-N7-C:J09-U01 RAS KERNEL INFO 1 ddr errors(s) detected and corrected on rank 0, symbol 26, bit 3
- 1125665847 2005.09.02 R30-M0-N7-C:J09-U01 2005-09-02-05.57.27.105852 R30-M0-N7-C:J09-U01 RAS KERNEL INFO CE sym 26, at 0x07a95e80, mask 0x10
- 1125665847 2005.09.02 R30-M0-N7-C:J09-U01 2005-09-02-05.57.27.351599 R30-M0-N7-C:J09-U01 RAS KERNEL INFO total of 1 ddr error(s) detected and corrected
- 1125665938 2005.09.02 R30-M0-N7-C:J09-U01 2005-09-02-05.58.58.867401 R30-M0-N7-C:J09-U01 RAS KERNEL INFO 1 ddr errors(s) detected and corrected on rank 0, symbol 26, bit 3
- 1125665939 2005.09.02 R30-M0-N7-C:J09-U01 2005-09-02-05.58.59.081424 R30-M0-N7-C:J09-U01 RAS KERNEL INFO CE sym 26, at 0x07a95e80, mask 0x10
- 1125665939 2005.09.02 R30-M0-N7-C:J09-U01 2005-09-02-05.58.59.242860 R30-M0-N7-C:J09-U01 RAS KERNEL INFO total of 1 ddr error(s) detected and corrected
- 1125666669 2005.09.02 R30-M0-N7-C:J09-U01 2005-09-02-06.11.09.255940 R30-M0-N7-C:J09-U01 RAS KERNEL INFO 1 ddr errors(s) detected and corrected on rank 0, symbol 26, bit 3
- 1125666669 2005.09.02 R30-M0-N7-C:J09-U01 2005-09-02-06.11.09.443071 R30-M0-N7-C:J09-U01 RAS KERNEL INFO CE sym 26, at 0x07a95e80, mask 0x10
- 1125666669 2005.09.02 R30-M0-N7-C:J09-U01 2005-09-02-06.11.09.623748 R30-M0-N7-C:J09-U01 RAS KERNEL INFO total of 1 ddr error(s) detected and corrected
- 1125667167 2005.09.02 R30-M0-N7-C:J09-U01 2005-09-02-06.19.27.955545 R30-M0-N7-C:J09-U01 RAS KERNEL INFO 1 ddr errors(s) detected and corrected on rank 0, symbol 26, bit 3
- 1125667168 2005.09.02 R30-M0-N7-C:J09-U01 2005-09-02-06.19.28.102140 R30-M0-N7-C:J09-U01 RAS KERNEL INFO CE sym 26, at 0x07a95e80, mask 0x10
- 1125667168 2005.09.02 R30-M0-N7-C:J09-U01 2005-09-02-06.19.28.249868 R30-M0-N7-C:J09-U01 RAS KERNEL INFO total of 1 ddr error(s) detected and corrected
- 1125667883 2005.09.02 R30-M0-N7-C:J09-U01 2005-09-02-06.31.23.852362 R30-M0-N7-C:J09-U01 RAS KERNEL INFO 1 ddr errors(s) detected and corrected on rank 0, symbol 26, bit 3
- 1125667884 2005.09.02 R30-M0-N7-C:J09-U01 2005-09-02-06.31.24.054483 R30-M0-N7-C:J09-U01 RAS KERNEL INFO CE sym 26, at 0x07a95e80, mask 0x10
- 1125667884 2005.09.02 R30-M0-N7-C:J09-U01 2005-09-02-06.31.24.208224 R30-M0-N7-C:J09-U01 RAS KERNEL INFO total of 1 ddr error(s) detected and corrected
- 1125667981 2005.09.02 R30-M0-N7-C:J09-U01 2005-09-02-06.33.01.834925 R30-M0-N7-C:J09-U01 RAS KERNEL INFO 1 ddr errors(s) detected and corrected on rank 0, symbol 26, bit 3
- 1125667982 2005.09.02 R30-M0-N7-C:J09-U01 2005-09-02-06.33.02.044754 R30-M0-N7-C:J09-U01 RAS KERNEL INFO CE sym 26, at 0x07a95e80, mask 0x10
- 1125667982 2005.09.02 R30-M0-N7-C:J09-U01 2005-09-02-06.33.02.216686 R30-M0-N7-C:J09-U01 RAS KERNEL INFO total of 1 ddr error(s) detected and corrected
- 1125668752 2005.09.02 R30-M0-N7-C:J09-U01 2005-09-02-06.45.52.786643 R30-M0-N7-C:J09-U01 RAS KERNEL INFO 1 ddr errors(s) detected and corrected on rank 0, symbol 26, bit 3
- 1125668752 2005.09.02 R30-M0-N7-C:J09-U01 2005-09-02-06.45.52.988518 R30-M0-N7-C:J09-U01 RAS KERNEL INFO CE sym 26, at 0x07a95e80, mask 0x10
- 1125668753 2005.09.02 R30-M0-N7-C:J09-U01 2005-09-02-06.45.53.150064 R30-M0-N7-C:J09-U01 RAS KERNEL INFO total of 1 ddr error(s) detected and corrected
- 1125669940 2005.09.02 R30-M0-N7-C:J09-U01 2005-09-02-07.05.40.659193 R30-M0-N7-C:J09-U01 RAS KERNEL INFO 1 ddr errors(s) detected and corrected on rank 0, symbol 26, bit 3
- 1125669940 2005.09.02 R30-M0-N7-C:J09-U01 2005-09-02-07.05.40.862506 R30-M0-N7-C:J09-U01 RAS KERNEL INFO CE sym 26, at 0x07a95e80, mask 0x10
- 1125669941 2005.09.02 R30-M0-N7-C:J09-U01 2005-09-02-07.05.41.057247 R30-M0-N7-C:J09-U01 RAS KERNEL INFO total of 1 ddr error(s) detected and corrected
- 1125670758 2005.09.02 R30-M0-N7-C:J09-U01 2005-09-02-07.19.18.509700 R30-M0-N7-C:J09-U01 RAS KERNEL INFO 1 ddr errors(s) detected and corrected on rank 0, symbol 26, bit 3
- 1125670758 2005.09.02 R30-M0-N7-C:J09-U01 2005-09-02-07.19.18.784983 R30-M0-N7-C:J09-U01 RAS KERNEL INFO CE sym 26, at 0x07a95e80, mask 0x10
- 1125670758 2005.09.02 R30-M0-N7-C:J09-U01 2005-09-02-07.19.18.962747 R30-M0-N7-C:J09-U01 RAS KERNEL INFO total of 1 ddr error(s) detected and corrected
- 1125676406 2005.09.02 R30-M0-N7-C:J09-U01 2005-09-02-08.53.26.745087 R30-M0-N7-C:J09-U01 RAS KERNEL INFO 2 ddr errors(s) detected and corrected on rank 0, symbol 26, bit 3
- 1125676407 2005.09.02 R30-M0-N7-C:J09-U01 2005-09-02-08.53.27.627081 R30-M0-N7-C:J09-U01 RAS KERNEL INFO CE sym 26, at 0x07a95e80, mask 0x10
- 1125676408 2005.09.02 R30-M0-N7-C:J09-U01 2005-09-02-08.53.28.411833 R30-M0-N7-C:J09-U01 RAS KERNEL INFO CE sym 26, at 0x07a95e80, mask 0x10
- 1125676409 2005.09.02 R30-M0-N7-C:J09-U01 2005-09-02-08.53.29.166926 R30-M0-N7-C:J09-U01 RAS KERNEL INFO total of 2 ddr error(s) detected and corrected
- 1125687074 2005.09.02 R01-M0-N4-C:J03-U11 2005-09-02-11.51.14.622723 R01-M0-N4-C:J03-U11 RAS KERNEL INFO critical input interrupt (unit=0x0b bit=0x13): warning for tree B1 wire
- 1125687074 2005.09.02 R01-M0-N4-C:J03-U11 2005-09-02-11.51.14.732088 R01-M0-N4-C:J03-U11 RAS KERNEL INFO suppressing further interrupts of same type
- 1125687244 2005.09.02 R17-M1-N2-C:J17-U01 2005-09-02-11.54.04.503863 R17-M1-N2-C:J17-U01 RAS KERNEL INFO critical input interrupt (unit=0x0b bit=0x03): warning for torus x- wire
- 1125687244 2005.09.02 R17-M1-N2-C:J17-U01 2005-09-02-11.54.04.617029 R17-M1-N2-C:J17-U01 RAS KERNEL INFO suppressing further interrupts of same type
- 1125688388 2005.09.02 R16-M1-N1-C:J16-U11 2005-09-02-12.13.08.276137 R16-M1-N1-C:J16-U11 RAS KERNEL INFO 3 ddr errors(s) detected and corrected on rank 0, symbol 30, bit 2
- 1125688388 2005.09.02 R16-M1-N1-C:J16-U11 2005-09-02-12.13.08.301259 R16-M1-N1-C:J16-U11 RAS KERNEL INFO CE sym 30, at 0x15aa7560, mask 0x20
- 1125688388 2005.09.02 R16-M1-N1-C:J16-U11 2005-09-02-12.13.08.325362 R16-M1-N1-C:J16-U11 RAS KERNEL INFO CE sym 30, at 0x15aa7560, mask 0x20
- 1125688388 2005.09.02 R16-M1-N1-C:J16-U11 2005-09-02-12.13.08.347313 R16-M1-N1-C:J16-U11 RAS KERNEL INFO CE sym 30, at 0x15aa7560, mask 0x20
- 1125688388 2005.09.02 R16-M1-N1-C:J16-U11 2005-09-02-12.13.08.370858 R16-M1-N1-C:J16-U11 RAS KERNEL INFO total of 3 ddr error(s) detected and corrected
- 1125688487 2005.09.02 R30-M0-N7-C:J09-U01 2005-09-02-12.14.47.358201 R30-M0-N7-C:J09-U01 RAS KERNEL INFO 1 ddr errors(s) detected and corrected on rank 0, symbol 26, bit 3
- 1125688487 2005.09.02 R30-M0-N7-C:J09-U01 2005-09-02-12.14.47.412260 R30-M0-N7-C:J09-U01 RAS KERNEL INFO CE sym 26, at 0x07a95e80, mask 0x10
- 1125688487 2005.09.02 R30-M0-N7-C:J09-U01 2005-09-02-12.14.47.441274 R30-M0-N7-C:J09-U01 RAS KERNEL INFO total of 1 ddr error(s) detected and corrected
- 1125688488 2005.09.02 R32-M1-N6-C:J08-U11 2005-09-02-12.14.48.638120 R32-M1-N6-C:J08-U11 RAS KERNEL INFO 3 ddr errors(s) detected and corrected on rank 0, symbol 12, bit 3
- 1125688488 2005.09.02 R32-M1-N6-C:J08-U11 2005-09-02-12.14.48.678449 R32-M1-N6-C:J08-U11 RAS KERNEL INFO CE sym 12, at 0x03af9860, mask 0x10
- 1125688488 2005.09.02 R32-M1-N6-C:J08-U11 2005-09-02-12.14.48.772983 R32-M1-N6-C:J08-U11 RAS KERNEL INFO CE sym 12, at 0x03af9860, mask 0x10
- 1125688488 2005.09.02 R32-M1-N6-C:J08-U11 2005-09-02-12.14.48.858169 R32-M1-N6-C:J08-U11 RAS KERNEL INFO CE sym 12, at 0x03af9860, mask 0x10
- 1125688488 2005.09.02 R32-M1-N6-C:J08-U11 2005-09-02-12.14.48.888278 R32-M1-N6-C:J08-U11 RAS KERNEL INFO total of 3 ddr error(s) detected and corrected
- 1125688564 2005.09.02 R55-M0-N9-C:J06-U11 2005-09-02-12.16.04.166061 R55-M0-N9-C:J06-U11 RAS KERNEL INFO 1 tree receiver 1 in re-synch state event(s) (dcr 0x0185) detected
- 1125688564 2005.09.02 R55-M0-N9-C:J06-U11 2005-09-02-12.16.04.216570 R55-M0-N9-C:J06-U11 RAS KERNEL INFO 1 tree receiver 2 in re-synch state event(s) (dcr 0x019a) detected
