- 1152232936 2006.07.06 en373 Jul 6 17:42:16 en373/en373 smartd[1965]: Device: /dev/sda, Temperature changed -2 Celsius to 28 Celsius since last report
- 1152233037 2006.07.06 en79 Jul 6 17:43:57 en79/en79 smartd[1954]: Device: /dev/sda, Temperature changed -2 Celsius to 24 Celsius since last report
- 1152233075 2006.07.06 en139 Jul 6 17:44:35 en139/en139 smartd[1970]: Device: /dev/sda, Temperature changed -2 Celsius to 27 Celsius since last report
- 1152233077 2006.07.06 en129 Jul 6 17:44:37 en129/en129 smartd[1973]: Device: /dev/sda, Temperature changed -2 Celsius to 24 Celsius since last report
- 1152233079 2006.07.06 en179 Jul 6 17:44:39 en179/en179 smartd[1968]: Device: /dev/sda, Temperature changed -2 Celsius to 27 Celsius since last report
- 1152233087 2006.07.06 en229 Jul 6 17:44:47 en229/en229 smartd[1961]: Device: /dev/sda, Temperature changed -2 Celsius to 23 Celsius since last report
- 1152233088 2006.07.06 en201 Jul 6 17:44:48 en201/en201 smartd[1971]: Device: /dev/sda, Temperature changed -2 Celsius to 25 Celsius since last report
- 1152233089 2006.07.06 en247 Jul 6 17:44:49 en247/en247 smartd[1972]: Device: /dev/sda, Temperature changed -2 Celsius to 26 Celsius since last report
- 1152233092 2006.07.06 en198 Jul 6 17:44:52 en198/en198 smartd[1970]: Device: /dev/sda, Temperature changed -2 Celsius to 24 Celsius since last report
- 1152233133 2006.07.06 en297 Jul 6 17:45:33 en297/en297 smartd[1960]: Device: /dev/sda, Temperature changed -2 Celsius to 26 Celsius since last report
- 1152233135 2006.07.06 en291 Jul 6 17:45:35 en291/en291 smartd[1958]: Device: /dev/sda, Temperature changed -2 Celsius to 25 Celsius since last report
- 1152233154 2006.07.06 en356 Jul 6 17:45:54 en356/en356 smartd[1958]: Device: /dev/sda, Temperature changed -2 Celsius to 24 Celsius since last report
- 1152233155 2006.07.06 en335 Jul 6 17:45:55 en335/en335 smartd[1969]: Device: /dev/sda, Temperature changed -2 Celsius to 27 Celsius since last report
- 1152233522 2006.07.06 en7 Jul 6 17:52:02 en7/en7 smartd[2537]: Device: /dev/sda, Temperature changed -2 Celsius to 22 Celsius since last report
- 1152234016 2006.07.06 en322 Jul 6 18:00:16 en322/en322 smartd[1903]: Device: /dev/sda, Temperature changed -2 Celsius to 25 Celsius since last report
- 1152234061 2006.07.06 en100 Jul 6 18:01:01 en100/en100 crond(pam_unix)[15805]: session closed for user root
- 1152234061 2006.07.06 en100 Jul 6 18:01:01 en100/en100 crond(pam_unix)[15805]: session opened for user root by (uid=0)
- 1152234061 2006.07.06 en100 Jul 6 18:01:01 en100/en100 crond[15806]: (root) CMD (run-parts /etc/cron.hourly)
- 1152234061 2006.07.06 en102 Jul 6 18:01:01 en102/en102 crond(pam_unix)[10752]: session closed for user root
- 1152234061 2006.07.06 en102 Jul 6 18:01:01 en102/en102 crond(pam_unix)[10752]: session opened for user root by (uid=0)
- 1152234061 2006.07.06 en105 Jul 6 18:01:01 en105/en105 crond(pam_unix)[24109]: session closed for user root
- 1152234061 2006.07.06 en105 Jul 6 18:01:01 en105/en105 crond[24110]: (root) CMD (run-parts /etc/cron.hourly)
- 1152234061 2006.07.06 en109 Jul 6 18:01:01 en109/en109 crond[10981]: (root) CMD (run-parts /etc/cron.hourly)
- 1152234061 2006.07.06 en112 Jul 6 18:01:01 en112/en112 crond(pam_unix)[6175]: session closed for user root
- 1152234061 2006.07.06 en116 Jul 6 18:01:01 en116/en116 crond(pam_unix)[10755]: session opened for user root by (uid=0)
- 1152234061 2006.07.06 en116 Jul 6 18:01:01 en116/en116 crond[10756]: (root) CMD (run-parts /etc/cron.hourly)
- 1152234061 2006.07.06 en117 Jul 6 18:01:01 en117/en117 crond(pam_unix)[10817]: session closed for user root
- 1152234061 2006.07.06 en117 Jul 6 18:01:01 en117/en117 crond(pam_unix)[10817]: session opened for user root by (uid=0)
- 1152234061 2006.07.06 en117 Jul 6 18:01:01 en117/en117 crond[10818]: (root) CMD (run-parts /etc/cron.hourly)
- 1152234061 2006.07.06 en118 Jul 6 18:01:01 en118/en118 crond[7837]: (root) CMD (run-parts /etc/cron.hourly)
- 1152234061 2006.07.06 en120 Jul 6 18:01:01 en120/en120 crond(pam_unix)[7806]: session opened for user root by (uid=0)
- 1152234061 2006.07.06 en121 Jul 6 18:01:01 en121/en121 crond[12349]: (root) CMD (run-parts /etc/cron.hourly)
- 1152234061 2006.07.06 en126 Jul 6 18:01:01 en126/en126 crond(pam_unix)[2207]: session opened for user root by (uid=0)
- 1152234061 2006.07.06 en127 Jul 6 18:01:01 en127/en127 crond(pam_unix)[27119]: session closed for user root
- 1152234061 2006.07.06 en128 Jul 6 18:01:01 en128/en128 crond(pam_unix)[6490]: session closed for user root
- 1152234061 2006.07.06 en130 Jul 6 18:01:01 en130/en130 crond(pam_unix)[11218]: session closed for user root
- 1152234061 2006.07.06 en130 Jul 6 18:01:01 en130/en130 crond(pam_unix)[11218]: session opened for user root by (uid=0)
- 1152234061 2006.07.06 en130 Jul 6 18:01:01 en130/en130 crond[11219]: (root) CMD (run-parts /etc/cron.hourly)
- 1152234061 2006.07.06 en131 Jul 6 18:01:01 en131/en131 crond(pam_unix)[32736]: session opened for user root by (uid=0)
- 1152234061 2006.07.06 en133 Jul 6 18:01:01 en133/en133 crond(pam_unix)[10690]: session opened for user root by (uid=0)
- 1152234061 2006.07.06 en136 Jul 6 18:01:01 en136/en136 crond(pam_unix)[10643]: session closed for user root
- 1152234061 2006.07.06 en137 Jul 6 18:01:01 en137/en137 crond(pam_unix)[11197]: session opened for user root by (uid=0)
- 1152234061 2006.07.06 en137 Jul 6 18:01:01 en137/en137 crond[11198]: (root) CMD (run-parts /etc/cron.hourly)
- 1152234061 2006.07.06 en140 Jul 6 18:01:01 en140/en140 crond(pam_unix)[10837]: session opened for user root by (uid=0)
- 1152234061 2006.07.06 en141 Jul 6 18:01:01 en141/en141 crond(pam_unix)[10297]: session opened for user root by (uid=0)
- 1152234061 2006.07.06 en141 Jul 6 18:01:01 en141/en141 crond[10298]: (root) CMD (run-parts /etc/cron.hourly)
- 1152234061 2006.07.06 en142 Jul 6 18:01:01 en142/en142 crond(pam_unix)[1478]: session closed for user root
- 1152234061 2006.07.06 en144 Jul 6 18:01:01 en144/en144 crond(pam_unix)[10843]: session opened for user root by (uid=0)
- 1152234061 2006.07.06 en144 Jul 6 18:01:01 en144/en144 crond[10844]: (root) CMD (run-parts /etc/cron.hourly)
- 1152234061 2006.07.06 en146 Jul 6 18:01:01 en146/en146 crond[11773]: (root) CMD (run-parts /etc/cron.hourly)
- 1152234061 2006.07.06 en150 Jul 6 18:01:01 en150/en150 crond(pam_unix)[11533]: session closed for user root
- 1152234061 2006.07.06 en152 Jul 6 18:01:01 en152/en152 crond[11569]: (root) CMD (run-parts /etc/cron.hourly)
- 1152234061 2006.07.06 en158 Jul 6 18:01:01 en158/en158 crond[11061]: (root) CMD (run-parts /etc/cron.hourly)
- 1152234061 2006.07.06 en160 Jul 6 18:01:01 en160/en160 crond[11630]: (root) CMD (run-parts /etc/cron.hourly)
- 1152234061 2006.07.06 en161 Jul 6 18:01:01 en161/en161 crond(pam_unix)[30209]: session opened for user root by (uid=0)
- 1152234061 2006.07.06 en161 Jul 6 18:01:01 en161/en161 crond[30210]: (root) CMD (run-parts /etc/cron.hourly)
- 1152234061 2006.07.06 en162 Jul 6 18:01:01 en162/en162 crond(pam_unix)[29654]: session opened for user root by (uid=0)
- 1152234061 2006.07.06 en162 Jul 6 18:01:01 en162/en162 crond[29655]: (root) CMD (run-parts /etc/cron.hourly)
- 1152234061 2006.07.06 en163 Jul 6 18:01:01 en163/en163 crond(pam_unix)[22940]: session opened for user root by (uid=0)
- 1152234061 2006.07.06 en168 Jul 6 18:01:01 en168/en168 crond[25111]: (root) CMD (run-parts /etc/cron.hourly)
- 1152234061 2006.07.06 en169 Jul 6 18:01:01 en169/en169 crond[30128]: (root) CMD (run-parts /etc/cron.hourly)
- 1152234061 2006.07.06 en170 Jul 6 18:01:01 en170/en170 crond(pam_unix)[24815]: session closed for user root
- 1152234061 2006.07.06 en170 Jul 6 18:01:01 en170/en170 crond(pam_unix)[24815]: session opened for user root by (uid=0)
- 1152234061 2006.07.06 en171 Jul 6 18:01:01 en171/en171 crond(pam_unix)[24447]: session closed for user root
- 1152234061 2006.07.06 en172 Jul 6 18:01:01 en172/en172 crond(pam_unix)[24919]: session closed for user root
- 1152234061 2006.07.06 en172 Jul 6 18:01:01 en172/en172 crond[24920]: (root) CMD (run-parts /etc/cron.hourly)
- 1152234061 2006.07.06 en174 Jul 6 18:01:01 en174/en174 crond(pam_unix)[14677]: session opened for user root by (uid=0)
- 1152234061 2006.07.06 en177 Jul 6 18:01:01 en177/en177 crond(pam_unix)[955]: session closed for user root
- 1152234061 2006.07.06 en177 Jul 6 18:01:01 en177/en177 crond(pam_unix)[955]: session opened for user root by (uid=0)
- 1152234061 2006.07.06 en177 Jul 6 18:01:01 en177/en177 crond[956]: (root) CMD (run-parts /etc/cron.hourly)
- 1152234061 2006.07.06 en178 Jul 6 18:01:01 en178/en178 crond(pam_unix)[6584]: session closed for user root
- 1152234061 2006.07.06 en178 Jul 6 18:01:01 en178/en178 crond[6585]: (root) CMD (run-parts /etc/cron.hourly)
- 1152234061 2006.07.06 en187 Jul 6 18:01:01 en187/en187 crond[31643]: (root) CMD (run-parts /etc/cron.hourly)
- 1152234061 2006.07.06 en188 Jul 6 18:01:01 en188/en188 crond(pam_unix)[32005]: session opened for user root by (uid=0)
- 1152234061 2006.07.06 en188 Jul 6 18:01:01 en188/en188 crond[32006]: (root) CMD (run-parts /etc/cron.hourly)
- 1152234061 2006.07.06 en189 Jul 6 18:01:01 en189/en189 crond[31246]: (root) CMD (run-parts /etc/cron.hourly)
- 1152234061 2006.07.06 en192 Jul 6 18:01:01 en192/en192 crond(pam_unix)[11471]: session opened for user root by (uid=0)
- 1152234061 2006.07.06 en193 Jul 6 18:01:01 en193/en193 crond(pam_unix)[8003]: session closed for user root
- 1152234061 2006.07.06 en194 Jul 6 18:01:01 en194/en194 crond(pam_unix)[29777]: session closed for user root
- 1152234061 2006.07.06 en195 Jul 6 18:01:01 en195/en195 crond(pam_unix)[29800]: session opened for user root by (uid=0)
- 1152234061 2006.07.06 en198 Jul 6 18:01:01 en198/en198 crond[30411]: (root) CMD (run-parts /etc/cron.hourly)
- 1152234061 2006.07.06 en203 Jul 6 18:01:01 en203/en203 crond(pam_unix)[3711]: session opened for user root by (uid=0)
- 1152234061 2006.07.06 en204 Jul 6 18:01:01 en204/en204 crond[4125]: (root) CMD (run-parts /etc/cron.hourly)
- 1152234061 2006.07.06 en205 Jul 6 18:01:01 en205/en205 crond(pam_unix)[4313]: session closed for user root
- 1152234061 2006.07.06 en205 Jul 6 18:01:01 en205/en205 crond(pam_unix)[4313]: session opened for user root by (uid=0)
- 1152234061 2006.07.06 en205 Jul 6 18:01:01 en205/en205 crond[4314]: (root) CMD (run-parts /etc/cron.hourly)
- 1152234061 2006.07.06 en216 Jul 6 18:01:01 en216/en216 crond(pam_unix)[5721]: session closed for user root
- 1152234061 2006.07.06 en218 Jul 6 18:01:01 en218/en218 crond(pam_unix)[23632]: session opened for user root by (uid=0)
- 1152234061 2006.07.06 en219 Jul 6 18:01:01 en219/en219 crond(pam_unix)[3431]: session opened for user root by (uid=0)
- 1152234061 2006.07.06 en220 Jul 6 18:01:01 en220/en220 crond(pam_unix)[3997]: session opened for user root by (uid=0)
- 1152234061 2006.07.06 en221 Jul 6 18:01:01 en221/en221 crond(pam_unix)[3606]: session opened for user root by (uid=0)
- 1152234061 2006.07.06 en222 Jul 6 18:01:01 en222/en222 crond(pam_unix)[4302]: session closed for user root
- 1152234061 2006.07.06 en222 Jul 6 18:01:01 en222/en222 crond(pam_unix)[4302]: session opened for user root by (uid=0)
- 1152234061 2006.07.06 en222 Jul 6 18:01:01 en222/en222 crond[4303]: (root) CMD (run-parts /etc/cron.hourly)
- 1152234061 2006.07.06 en223 Jul 6 18:01:01 en223/en223 crond(pam_unix)[3461]: session opened for user root by (uid=0)
- 1152234061 2006.07.06 en227 Jul 6 18:01:01 en227/en227 crond(pam_unix)[30481]: session opened for user root by (uid=0)
- 1152234061 2006.07.06 en232 Jul 6 18:01:01 en232/en232 crond[4237]: (root) CMD (run-parts /etc/cron.hourly)
- 1152234061 2006.07.06 en233 Jul 6 18:01:01 en233/en233 crond(pam_unix)[4198]: session closed for user root
- 1152234061 2006.07.06 en233 Jul 6 18:01:01 en233/en233 crond(pam_unix)[4198]: session opened for user root by (uid=0)
- 1152234061 2006.07.06 en233 Jul 6 18:01:01 en233/en233 crond[4199]: (root) CMD (run-parts /etc/cron.hourly)
- 1152234061 2006.07.06 en234 Jul 6 18:01:01 en234/en234 crond(pam_unix)[4731]: session closed for user root
- 1152234061 2006.07.06 en234 Jul 6 18:01:01 en234/en234 crond(pam_unix)[4731]: session opened for user root by (uid=0)
- 1152234061 2006.07.06 en235 Jul 6 18:01:01 en235/en235 crond(pam_unix)[4597]: session closed for user root
- 1152234061 2006.07.06 en236 Jul 6 18:01:01 en236/en236 crond(pam_unix)[3690]: session opened for user root by (uid=0)
- 1152234061 2006.07.06 en238 Jul 6 18:01:01 en238/en238 crond(pam_unix)[3924]: session closed for user root
- 1152234061 2006.07.06 en238 Jul 6 18:01:01 en238/en238 crond(pam_unix)[3924]: session opened for user root by (uid=0)
- 1152234061 2006.07.06 en238 Jul 6 18:01:01 en238/en238 crond[3925]: (root) CMD (run-parts /etc/cron.hourly)
- 1152234061 2006.07.06 en242 Jul 6 18:01:01 en242/en242 crond(pam_unix)[5918]: session closed for user root
- 1152234061 2006.07.06 en244 Jul 6 18:01:01 en244/en244 crond(pam_unix)[13036]: session closed for user root
- 1152234061 2006.07.06 en244 Jul 6 18:01:01 en244/en244 crond(pam_unix)[13036]: session opened for user root by (uid=0)
- 1152234061 2006.07.06 en246 Jul 6 18:01:01 en246/en246 crond[5863]: (root) CMD (run-parts /etc/cron.hourly)
- 1152234061 2006.07.06 en251 Jul 6 18:01:01 en251/en251 crond(pam_unix)[26296]: session opened for user root by (uid=0)
- 1152234061 2006.07.06 en258 Jul 6 18:01:01 en258/en258 crond(pam_unix)[6392]: session closed for user root
- 1152234061 2006.07.06 en262 Jul 6 18:01:01 en262/en262 crond(pam_unix)[6387]: session closed for user root
- 1152234061 2006.07.06 en265 Jul 6 18:01:01 en265/en265 crond(pam_unix)[6272]: session opened for user root by (uid=0)
- 1152234061 2006.07.06 en268 Jul 6 18:01:01 en268/en268 crond[6474]: (root) CMD (run-parts /etc/cron.hourly)
- 1152234061 2006.07.06 en270 Jul 6 18:01:01 en270/en270 crond[15192]: (root) CMD (run-parts /etc/cron.hourly)
- 1152234061 2006.07.06 en271 Jul 6 18:01:01 en271/en271 crond(pam_unix)[11601]: session opened for user root by (uid=0)
- 1152234061 2006.07.06 en271 Jul 6 18:01:01 en271/en271 crond[11602]: (root) CMD (run-parts /etc/cron.hourly)
- 1152234061 2006.07.06 en275 Jul 6 18:01:01 en275/en275 crond(pam_unix)[23148]: session closed for user root
- 1152234061 2006.07.06 en275 Jul 6 18:01:01 en275/en275 crond(pam_unix)[23148]: session opened for user root by (uid=0)
- 1152234061 2006.07.06 en275 Jul 6 18:01:01 en275/en275 crond[23149]: (root) CMD (run-parts /etc/cron.hourly)
- 1152234061 2006.07.06 en277 Jul 6 18:01:01 en277/en277 crond[21251]: (root) CMD (run-parts /etc/cron.hourly)
- 1152234061 2006.07.06 en278 Jul 6 18:01:01 en278/en278 crond(pam_unix)[28455]: session closed for user root
- 1152234061 2006.07.06 en278 Jul 6 18:01:01 en278/en278 crond(pam_unix)[28455]: session opened for user root by (uid=0)
- 1152234061 2006.07.06 en278 Jul 6 18:01:01 en278/en278 crond[28456]: (root) CMD (run-parts /etc/cron.hourly)
- 1152234061 2006.07.06 en290 Jul 6 18:01:01 en290/en290 crond(pam_unix)[3832]: session opened for user root by (uid=0)
- 1152234061 2006.07.06 en295 Jul 6 18:01:01 en295/en295 crond(pam_unix)[8378]: session closed for user root
- 1152234061 2006.07.06 en297 Jul 6 18:01:01 en297/en297 crond(pam_unix)[3793]: session opened for user root by (uid=0)
- 1152234061 2006.07.06 en297 Jul 6 18:01:01 en297/en297 crond[3794]: (root) CMD (run-parts /etc/cron.hourly)
- 1152234061 2006.07.06 en298 Jul 6 18:01:01 en298/en298 crond(pam_unix)[3730]: session closed for user root
- 1152234061 2006.07.06 en298 Jul 6 18:01:01 en298/en298 crond(pam_unix)[3730]: session opened for user root by (uid=0)
- 1152234061 2006.07.06 en298 Jul 6 18:01:01 en298/en298 crond[3731]: (root) CMD (run-parts /etc/cron.hourly)
- 1152234061 2006.07.06 en307 Jul 6 18:01:01 en307/en307 crond[3768]: (root) CMD (run-parts /etc/cron.hourly)
- 1152234061 2006.07.06 en314 Jul 6 18:01:01 en314/en314 crond(pam_unix)[32573]: session opened for user root by (uid=0)
- 1152234061 2006.07.06 en314 Jul 6 18:01:01 en314/en314 crond[32574]: (root) CMD (run-parts /etc/cron.hourly)
- 1152234061 2006.07.06 en317 Jul 6 18:01:01 en317/en317 crond[10208]: (root) CMD (run-parts /etc/cron.hourly)
- 1152234061 2006.07.06 en318 Jul 6 18:01:01 en318/en318 crond(pam_unix)[3837]: session closed for user root
- 1152234061 2006.07.06 en319 Jul 6 18:01:01 en319/en319 crond[3805]: (root) CMD (run-parts /etc/cron.hourly)
- 1152234061 2006.07.06 en320 Jul 6 18:01:01 en320/en320 crond(pam_unix)[3703]: session opened for user root by (uid=0)
- 1152234061 2006.07.06 en322 Jul 6 18:01:01 en322/en322 crond(pam_unix)[7260]: session closed for user root
- 1152234061 2006.07.06 en322 Jul 6 18:01:01 en322/en322 crond(pam_unix)[7260]: session opened for user root by (uid=0)
- 1152234061 2006.07.06 en322 Jul 6 18:01:01 en322/en322 crond[7261]: (root) CMD (run-parts /etc/cron.hourly)
- 1152234061 2006.07.06 en324 Jul 6 18:01:01 en324/en324 crond[3783]: (root) CMD (run-parts /etc/cron.hourly)
- 1152234061 2006.07.06 en325 Jul 6 18:01:01 en325/en325 crond[3670]: (root) CMD (run-parts /etc/cron.hourly)
- 1152234061 2006.07.06 en328 Jul 6 18:01:01 en328/en328 crond(pam_unix)[5266]: session opened for user root by (uid=0)
- 1152234061 2006.07.06 en328 Jul 6 18:01:01 en328/en328 crond[5267]: (root) CMD (run-parts /etc/cron.hourly)
- 1152234061 2006.07.06 en329 Jul 6 18:01:01 en329/en329 crond(pam_unix)[30509]: session opened for user root by (uid=0)
- 1152234061 2006.07.06 en329 Jul 6 18:01:01 en329/en329 crond[30510]: (root) CMD (run-parts /etc/cron.hourly)
- 1152234061 2006.07.06 en332 Jul 6 18:01:01 en332/en332 crond(pam_unix)[5149]: session closed for user root
- 1152234061 2006.07.06 en332 Jul 6 18:01:01 en332/en332 crond(pam_unix)[5149]: session opened for user root by (uid=0)
- 1152234061 2006.07.06 en332 Jul 6 18:01:01 en332/en332 crond[5150]: (root) CMD (run-parts /etc/cron.hourly)
- 1152234061 2006.07.06 en334 Jul 6 18:01:01 en334/en334 crond(pam_unix)[5207]: session closed for user root
- 1152234061 2006.07.06 en336 Jul 6 18:01:01 en336/en336 crond(pam_unix)[24204]: session opened for user root by (uid=0)
- 1152234061 2006.07.06 en336 Jul 6 18:01:01 en336/en336 crond[24205]: (root) CMD (run-parts /etc/cron.hourly)
- 1152234061 2006.07.06 en34 Jul 6 18:01:01 en34/en34 crond[495]: (root) CMD (run-parts /etc/cron.hourly)
- 1152234061 2006.07.06 en342 Jul 6 18:01:01 en342/en342 crond[5292]: (root) CMD (run-parts /etc/cron.hourly)
- 1152234061 2006.07.06 en343 Jul 6 18:01:01 en343/en343 crond(pam_unix)[5382]: session opened for user root by (uid=0)
- 1152234061 2006.07.06 en345 Jul 6 18:01:01 en345/en345 crond(pam_unix)[6353]: session closed for user root
- 1152234061 2006.07.06 en345 Jul 6 18:01:01 en345/en345 crond(pam_unix)[6353]: session opened for user root by (uid=0)
- 1152234061 2006.07.06 en347 Jul 6 18:01:01 en347/en347 crond[5571]: (root) CMD (run-parts /etc/cron.hourly)
- 1152234061 2006.07.06 en348 Jul 6 18:01:01 en348/en348 crond(pam_unix)[4635]: session closed for user root
- 1152234061 2006.07.06 en348 Jul 6 18:01:01 en348/en348 crond(pam_unix)[4635]: session opened for user root by (uid=0)
- 1152234061 2006.07.06 en348 Jul 6 18:01:01 en348/en348 crond[4636]: (root) CMD (run-parts /etc/cron.hourly)
- 1152234061 2006.07.06 en350 Jul 6 18:01:01 en350/en350 crond[5487]: (root) CMD (run-parts /etc/cron.hourly)
- 1152234061 2006.07.06 en352 Jul 6 18:01:01 en352/en352 crond(pam_unix)[5563]: session closed for user root
- 1152234061 2006.07.06 en352 Jul 6 18:01:01 en352/en352 crond(pam_unix)[5563]: session opened for user root by (uid=0)
- 1152234061 2006.07.06 en353 Jul 6 18:01:01 en353/en353 crond(pam_unix)[5492]: session opened for user root by (uid=0)
- 1152234061 2006.07.06 en356 Jul 6 18:01:01 en356/en356 crond[6956]: (root) CMD (run-parts /etc/cron.hourly)
- 1152234061 2006.07.06 en357 Jul 6 18:01:01 en357/en357 crond(pam_unix)[5004]: session closed for user root
- 1152234061 2006.07.06 en357 Jul 6 18:01:01 en357/en357 crond(pam_unix)[5004]: session opened for user root by (uid=0)
- 1152234061 2006.07.06 en357 Jul 6 18:01:01 en357/en357 crond[5005]: (root) CMD (run-parts /etc/cron.hourly)
- 1152234061 2006.07.06 en359 Jul 6 18:01:01 en359/en359 crond(pam_unix)[4838]: session opened for user root by (uid=0)
- 1152234061 2006.07.06 en365 Jul 6 18:01:01 en365/en365 crond(pam_unix)[6247]: session closed for user root
- 1152234061 2006.07.06 en365 Jul 6 18:01:01 en365/en365 crond(pam_unix)[6247]: session opened for user root by (uid=0)
- 1152234061 2006.07.06 en365 Jul 6 18:01:01 en365/en365 crond[6248]: (root) CMD (run-parts /etc/cron.hourly)
- 1152234061 2006.07.06 en367 Jul 6 18:01:01 en367/en367 crond(pam_unix)[3213]: session opened for user root by (uid=0)
- 1152234061 2006.07.06 en368 Jul 6 18:01:01 en368/en368 crond(pam_unix)[12395]: session closed for user root
- 1152234061 2006.07.06 en37 Jul 6 18:01:01 en37/en37 crond(pam_unix)[27643]: session opened for user root by (uid=0)
- 1152234061 2006.07.06 en370 Jul 6 18:01:01 en370/en370 crond(pam_unix)[4160]: session opened for user root by (uid=0)
- 1152234061 2006.07.06 en377 Jul 6 18:01:01 en377/en377 crond[2785]: (root) CMD (run-parts /etc/cron.hourly)
- 1152234061 2006.07.06 en379 Jul 6 18:01:01 en379/en379 crond[31145]: (root) CMD (run-parts /etc/cron.hourly)
- 1152234061 2006.07.06 en380 Jul 6 18:01:01 en380/en380 crond(pam_unix)[31108]: session opened for user root by (uid=0)
- 1152234061 2006.07.06 en381 Jul 6 18:01:01 en381/en381 crond(pam_unix)[1838]: session opened for user root by (uid=0)
- 1152234061 2006.07.06 en381 Jul 6 18:01:01 en381/en381 crond[1839]: (root) CMD (run-parts /etc/cron.hourly)
- 1152234061 2006.07.06 en382 Jul 6 18:01:01 en382/en382 crond(pam_unix)[23029]: session closed for user root
- 1152234061 2006.07.06 en42 Jul 6 18:01:01 en42/en42 crond(pam_unix)[12122]: session closed for user root
- 1152234061 2006.07.06 en42 Jul 6 18:01:01 en42/en42 crond[12123]: (root) CMD (run-parts /etc/cron.hourly)
- 1152234061 2006.07.06 en43 Jul 6 18:01:01 en43/en43 crond(pam_unix)[506]: session opened for user root by (uid=0)
- 1152234061 2006.07.06 en43 Jul 6 18:01:01 en43/en43 crond[507]: (root) CMD (run-parts /etc/cron.hourly)
- 1152234061 2006.07.06 en45 Jul 6 18:01:01 en45/en45 crond(pam_unix)[2103]: session closed for user root
- 1152234061 2006.07.06 en45 Jul 6 18:01:01 en45/en45 crond(pam_unix)[2103]: session opened for user root by (uid=0)
- 1152234061 2006.07.06 en45 Jul 6 18:01:01 en45/en45 crond[2104]: (root) CMD (run-parts /etc/cron.hourly)
- 1152234061 2006.07.06 en47 Jul 6 18:01:01 en47/en47 crond[5683]: (root) CMD (run-parts /etc/cron.hourly)
- 1152234061 2006.07.06 en55 Jul 6 18:01:01 en55/en55 crond[2656]: (root) CMD (run-parts /etc/cron.hourly)
- 1152234061 2006.07.06 en64 Jul 6 18:01:01 en64/en64 crond(pam_unix)[5762]: session closed for user root
- 1152234061 2006.07.06 en64 Jul 6 18:01:01 en64/en64 crond(pam_unix)[5762]: session opened for user root by (uid=0)
- 1152234061 2006.07.06 en64 Jul 6 18:01:01 en64/en64 crond[5763]: (root) CMD (run-parts /etc/cron.hourly)
- 1152234061 2006.07.06 en66 Jul 6 18:01:01 en66/en66 crond(pam_unix)[5416]: session opened for user root by (uid=0)
- 1152234061 2006.07.06 en71 Jul 6 18:01:01 en71/en71 crond(pam_unix)[2709]: session closed for user root
- 1152234061 2006.07.06 en71 Jul 6 18:01:01 en71/en71 crond(pam_unix)[2709]: session opened for user root by (uid=0)
- 1152234061 2006.07.06 en71 Jul 6 18:01:01 en71/en71 crond[2710]: (root) CMD (run-parts /etc/cron.hourly)
- 1152234061 2006.07.06 en74 Jul 6 18:01:01 en74/en74 crond(pam_unix)[5593]: session closed for user root
- 1152234061 2006.07.06 en74 Jul 6 18:01:01 en74/en74 crond(pam_unix)[5593]: session opened for user root by (uid=0)
- 1152234061 2006.07.06 en75 Jul 6 18:01:01 en75/en75 crond[2538]: (root) CMD (run-parts /etc/cron.hourly)
- 1152234061 2006.07.06 en76 Jul 6 18:01:01 en76/en76 crond(pam_unix)[12661]: session opened for user root by (uid=0)
- 1152234061 2006.07.06 en79 Jul 6 18:01:01 en79/en79 crond(pam_unix)[3114]: session closed for user root
- 1152234061 2006.07.06 en82 Jul 6 18:01:01 en82/en82 crond(pam_unix)[7304]: session closed for user root
- 1152234061 2006.07.06 en82 Jul 6 18:01:01 en82/en82 crond(pam_unix)[7304]: session opened for user root by (uid=0)
- 1152234061 2006.07.06 en83 Jul 6 18:01:01 en83/en83 crond(pam_unix)[7609]: session opened for user root by (uid=0)
- 1152234061 2006.07.06 en83 Jul 6 18:01:01 en83/en83 crond[7610]: (root) CMD (run-parts /etc/cron.hourly)
- 1152234061 2006.07.06 en85 Jul 6 18:01:01 en85/en85 crond(pam_unix)[24189]: session opened for user root by (uid=0)
- 1152234061 2006.07.06 en86 Jul 6 18:01:01 en86/en86 crond(pam_unix)[28772]: session closed for user root
- 1152234061 2006.07.06 en86 Jul 6 18:01:01 en86/en86 crond(pam_unix)[28772]: session opened for user root by (uid=0)
- 1152234061 2006.07.06 en86 Jul 6 18:01:01 en86/en86 crond[28773]: (root) CMD (run-parts /etc/cron.hourly)
- 1152234061 2006.07.06 en89 Jul 6 18:01:01 en89/en89 crond(pam_unix)[9547]: session closed for user root
- 1152234061 2006.07.06 en89 Jul 6 18:01:01 en89/en89 crond(pam_unix)[9547]: session opened for user root by (uid=0)
- 1152234061 2006.07.06 en89 Jul 6 18:01:01 en89/en89 crond[9548]: (root) CMD (run-parts /etc/cron.hourly)
- 1152234061 2006.07.06 en94 Jul 6 18:01:01 en94/en94 crond[9645]: (root) CMD (run-parts /etc/cron.hourly)
- 1152234061 2006.07.06 en96 Jul 6 18:01:01 en96/en96 crond(pam_unix)[7420]: session closed for user root
- 1152234062 2006.07.06 en186 Jul 6 18:01:02 en186/en186 crond(pam_unix)[754]: session opened for user root by (uid=0)
- 1152234062 2006.07.06 en237 Jul 6 18:01:02 en237/en237 crond(pam_unix)[5484]: session opened for user root by (uid=0)
- 1152234062 2006.07.06 en326 Jul 6 18:01:02 en326/en326 crond[3663]: (root) CMD (run-parts /etc/cron.hourly)
- 1152234062 2006.07.06 en335 Jul 6 18:01:02 en335/en335 crond[5153]: (root) CMD (run-parts /etc/cron.hourly)
- 1152234062 2006.07.06 en60 Jul 6 18:01:02 en60/en60 crond[6829]: (root) CMD (run-parts /etc/cron.hourly)
- 1152234062 2006.07.06 en61 Jul 6 18:01:02 en61/en61 crond(pam_unix)[4784]: session closed for user root
- 1152234062 2006.07.06 en61 Jul 6 18:01:02 en61/en61 crond[4785]: (root) CMD (run-parts /etc/cron.hourly)
- 1152234062 2006.07.06 en97 Jul 6 18:01:02 en97/en97 crond(pam_unix)[7663]: session closed for user root
- 1152234194 2006.07.06 en365 Jul 6 18:03:14 en365/en365 kernel: pan_ips: error -- cmd_destroy: destroying aborted (rc=0x1d7e (IPS: session got unknown error callback)) command 0xffffff00115ae588 (0:0:9457)
- 1152234194 2006.07.06 en365 Jul 6 18:03:14 en365/en365 kernel: pan_ips: error -- cmd_destroy: invoking callback on aborted (rc=0x1d7e (IPS: session got unknown error callback)) command 0xffffff00115ae588
- 1152234805 2006.07.06 en54 Jul 6 18:13:25 en54/en54 smartd[1965]: Device: /dev/sda, Temperature changed -2 Celsius to 28 Celsius since last report
- 1152234807 2006.07.06 en55 Jul 6 18:13:27 en55/en55 smartd[1968]: Device: /dev/sda, Temperature changed -2 Celsius to 27 Celsius since last report
- 1152234875 2006.07.06 en152 Jul 6 18:14:35 en152/en152 smartd[1959]: Device: /dev/sda, Temperature changed -2 Celsius to 29 Celsius since last report
- 1152234875 2006.07.06 en153 Jul 6 18:14:35 en153/en153 smartd[1970]: Device: /dev/sda, Temperature changed -2 Celsius to 32 Celsius since last report
- 1152234877 2006.07.06 en149 Jul 6 18:14:37 en149/en149 smartd[1971]: Device: /dev/sda, Temperature changed -2 Celsius to 27 Celsius since last report
- 1152234889 2006.07.06 en236 Jul 6 18:14:49 en236/en236 smartd[1961]: Device: /dev/sda, Temperature changed -2 Celsius to 22 Celsius since last report
- 1152234957 2006.07.06 en344 Jul 6 18:15:57 en344/en344 smartd[1968]: Device: /dev/sda, Temperature changed -2 Celsius to 28 Celsius since last report
