- 1125800188 2005.09.03 R01-M0-N8-C:J02-U11 2005-09-03-19.16.28.339044 R01-M0-N8-C:J02-U11 RAS KERNEL INFO 1 ddr errors(s) detected and corrected on rank 0, symbol 2, bit 4
- 1125800188 2005.09.03 R01-M0-N8-C:J02-U11 2005-09-03-19.16.28.570185 R01-M0-N8-C:J02-U11 RAS KERNEL INFO CE sym 2, at 0x0fa3d060, mask 0x08
- 1125800188 2005.09.03 R01-M0-N8-C:J02-U11 2005-09-03-19.16.28.809895 R01-M0-N8-C:J02-U11 RAS KERNEL INFO total of 1 ddr error(s) detected and corrected
- 1125800531 2005.09.03 R36-M0-N1-C:J15-U01 2005-09-03-19.22.11.608559 R36-M0-N1-C:J15-U01 RAS KERNEL INFO 1 ddr errors(s) detected and corrected on rank 0, symbol 18, bit 3
- 1125800531 2005.09.03 R36-M0-N1-C:J15-U01 2005-09-03-19.22.11.881844 R36-M0-N1-C:J15-U01 RAS KERNEL INFO CE sym 18, at 0x02302f00, mask 0x10
- 1125800532 2005.09.03 R36-M0-N1-C:J15-U01 2005-09-03-19.22.12.058231 R36-M0-N1-C:J15-U01 RAS KERNEL INFO total of 1 ddr error(s) detected and corrected
- 1125811044 2005.09.03 R66-M0-N1-C:J03-U01 2005-09-03-22.17.24.571714 R66-M0-N1-C:J03-U01 RAS KERNEL INFO 1 ddr errors(s) detected and corrected on rank 0, symbol 15, bit 5
- 1125811044 2005.09.03 R66-M0-N1-C:J03-U01 2005-09-03-22.17.24.700814 R66-M0-N1-C:J03-U01 RAS KERNEL INFO CE sym 15, at 0x06a72120, mask 0x04
- 1125811044 2005.09.03 R66-M0-N1-C:J03-U01 2005-09-03-22.17.24.802822 R66-M0-N1-C:J03-U01 RAS KERNEL INFO total of 1 ddr error(s) detected and corrected
- 1125815455 2005.09.03 R41-M1-N6-C:J16-U01 2005-09-03-23.30.55.579011 R41-M1-N6-C:J16-U01 RAS KERNEL INFO 1 ddr errors(s) detected and corrected on rank 0, symbol 20, bit 1
- 1125815455 2005.09.03 R47-M1-N2-C:J12-U01 2005-09-03-23.30.55.861474 R47-M1-N2-C:J12-U01 RAS KERNEL INFO 7 ddr errors(s) detected and corrected on rank 0, symbol 26, bit 2
- 1125815456 2005.09.03 R50-M0-N4-C:J16-U11 2005-09-03-23.30.56.142671 R50-M0-N4-C:J16-U11 RAS KERNEL INFO 3 ddr errors(s) detected and corrected on rank 0, symbol 28, bit 3
- 1125815456 2005.09.03 R53-M0-N7-C:J06-U01 2005-09-03-23.30.56.327987 R53-M0-N7-C:J06-U01 RAS KERNEL INFO 1 L3 directory error(s) (dcr 0x0152) detected and corrected
- 1125815456 2005.09.03 R53-M0-N7-C:J06-U01 2005-09-03-23.30.56.408716 R53-M0-N7-C:J06-U01 RAS KERNEL INFO 1 L3 directory error(s) (dcr 0x0152) detected and corrected
- 1125815457 2005.09.03 R45-M0-N9-C:J08-U11 2005-09-03-23.30.57.291562 R45-M0-N9-C:J08-U11 RAS KERNEL INFO 2 ddr errors(s) detected and corrected on rank 0, symbol 35, bit 0
- 1125815457 2005.09.03 R41-M1-N6-C:J16-U01 2005-09-03-23.30.57.761757 R41-M1-N6-C:J16-U01 RAS KERNEL INFO CE sym 20, at 0x148f7c40, mask 0x40
- 1125815457 2005.09.03 R47-M1-N2-C:J12-U01 2005-09-03-23.30.57.839746 R47-M1-N2-C:J12-U01 RAS KERNEL INFO CE sym 26, at 0x04bbd900, mask 0x20
- 1125815457 2005.09.03 R50-M0-N4-C:J16-U11 2005-09-03-23.30.57.923562 R50-M0-N4-C:J16-U11 RAS KERNEL INFO CE sym 28, at 0x13359840, mask 0x10
- 1125815458 2005.09.03 R45-M0-N9-C:J08-U11 2005-09-03-23.30.58.181109 R45-M0-N9-C:J08-U11 RAS KERNEL INFO CE sym 35, at 0x090075e0, mask 0x80
- 1125815458 2005.09.03 R41-M1-N6-C:J16-U01 2005-09-03-23.30.58.600308 R41-M1-N6-C:J16-U01 RAS KERNEL INFO total of 1 ddr error(s) detected and corrected
- 1125815458 2005.09.03 R47-M1-N2-C:J12-U01 2005-09-03-23.30.58.767945 R47-M1-N2-C:J12-U01 RAS KERNEL INFO CE sym 26, at 0x04bbd900, mask 0x20
- 1125815458 2005.09.03 R50-M0-N4-C:J16-U11 2005-09-03-23.30.58.845269 R50-M0-N4-C:J16-U11 RAS KERNEL INFO CE sym 28, at 0x13359840, mask 0x10
- 1125815459 2005.09.03 R45-M0-N9-C:J08-U11 2005-09-03-23.30.59.061027 R45-M0-N9-C:J08-U11 RAS KERNEL INFO CE sym 35, at 0x090075e0, mask 0x80
- 1125815459 2005.09.03 R47-M1-N2-C:J12-U01 2005-09-03-23.30.59.449303 R47-M1-N2-C:J12-U01 RAS KERNEL INFO CE sym 26, at 0x04bbd900, mask 0x20
- 1125815459 2005.09.03 R50-M0-N4-C:J16-U11 2005-09-03-23.30.59.539017 R50-M0-N4-C:J16-U11 RAS KERNEL INFO CE sym 28, at 0x13359840, mask 0x10
- 1125815459 2005.09.03 R45-M0-N9-C:J08-U11 2005-09-03-23.30.59.682870 R45-M0-N9-C:J08-U11 RAS KERNEL INFO total of 2 ddr error(s) detected and corrected
- 1125815459 2005.09.03 R47-M1-N2-C:J12-U01 2005-09-03-23.30.59.958271 R47-M1-N2-C:J12-U01 RAS KERNEL INFO CE sym 26, at 0x04bbd900, mask 0x20
- 1125815460 2005.09.03 R50-M0-N4-C:J16-U11 2005-09-03-23.31.00.000695 R50-M0-N4-C:J16-U11 RAS KERNEL INFO total of 3 ddr error(s) detected and corrected
- 1125815460 2005.09.03 R47-M1-N2-C:J12-U01 2005-09-03-23.31.00.274628 R47-M1-N2-C:J12-U01 RAS KERNEL INFO CE sym 26, at 0x04bbd900, mask 0x20
- 1125815460 2005.09.03 R47-M1-N2-C:J12-U01 2005-09-03-23.31.00.581455 R47-M1-N2-C:J12-U01 RAS KERNEL INFO CE sym 26, at 0x04bbd900, mask 0x20
- 1125815460 2005.09.03 R47-M1-N2-C:J12-U01 2005-09-03-23.31.00.880930 R47-M1-N2-C:J12-U01 RAS KERNEL INFO CE sym 26, at 0x04bbd900, mask 0x20
- 1125815461 2005.09.03 R47-M1-N2-C:J12-U01 2005-09-03-23.31.01.168321 R47-M1-N2-C:J12-U01 RAS KERNEL INFO total of 7 ddr error(s) detected and corrected
- 1125815919 2005.09.03 R20-M1-N0-C:J11-U11 2005-09-03-23.38.39.130123 R20-M1-N0-C:J11-U11 RAS KERNEL INFO 1 ddr errors(s) detected and corrected on rank 0, symbol 1, bit 4
- 1125815919 2005.09.03 R17-M0-N9-C:J17-U01 2005-09-03-23.38.39.484373 R17-M0-N9-C:J17-U01 RAS KERNEL INFO 1 ddr errors(s) detected and corrected on rank 0, symbol 35, bit 5
- 1125815919 2005.09.03 R07-M0-N6-C:J11-U01 2005-09-03-23.38.39.771666 R07-M0-N6-C:J11-U01 RAS KERNEL INFO 2 ddr errors(s) detected and corrected on rank 0, symbol 18, bit 0
- 1125815920 2005.09.03 R35-M0-N0-C:J07-U01 2005-09-03-23.38.40.763840 R35-M0-N0-C:J07-U01 RAS KERNEL INFO 5 ddr errors(s) detected and corrected on rank 0, symbol 12, bit 7
- 1125815921 2005.09.03 R05-M1-N4-C:J07-U11 2005-09-03-23.38.41.367690 R05-M1-N4-C:J07-U11 RAS KERNEL INFO 24 ddr errors(s) detected and corrected on rank 0, symbol 10, bit 5
- 1125815921 2005.09.03 R31-M1-N6-C:J14-U01 2005-09-03-23.38.41.816972 R31-M1-N6-C:J14-U01 RAS KERNEL INFO 4 ddr errors(s) detected and corrected on rank 0, symbol 7, bit 7
- 1125815923 2005.09.03 R14-M0-N8-C:J16-U11 2005-09-03-23.38.43.598649 R14-M0-N8-C:J16-U11 RAS KERNEL INFO 2 ddr errors(s) detected and corrected on rank 0, symbol 30, bit 1
- 1125815924 2005.09.03 R26-M1-N4-C:J02-U11 2005-09-03-23.38.44.067589 R26-M1-N4-C:J02-U11 RAS KERNEL INFO 8 ddr errors(s) detected and corrected on rank 0, symbol 12, bit 2
- 1125815924 2005.09.03 R27-M1-N6-C:J06-U11 2005-09-03-23.38.44.156057 R27-M1-N6-C:J06-U11 RAS KERNEL INFO 4 ddr errors(s) detected and corrected on rank 0, symbol 10, bit 2
- 1125815924 2005.09.03 R15-M1-N6-C:J04-U11 2005-09-03-23.38.44.795716 R15-M1-N6-C:J04-U11 RAS KERNEL INFO 5 ddr errors(s) detected and corrected on rank 0, symbol 14, bit 2
- 1125815924 2005.09.03 R16-M0-N3-C:J08-U01 2005-09-03-23.38.44.974869 R16-M0-N3-C:J08-U01 RAS KERNEL INFO 1 ddr errors(s) detected and corrected on rank 0, symbol 21, bit 3
- 1125815925 2005.09.03 R20-M1-N0-C:J11-U11 2005-09-03-23.38.45.528123 R20-M1-N0-C:J11-U11 RAS KERNEL INFO CE sym 1, at 0x04d310e0, mask 0x08
- 1125815925 2005.09.03 R17-M0-N9-C:J17-U01 2005-09-03-23.38.45.853189 R17-M0-N9-C:J17-U01 RAS KERNEL INFO CE sym 35, at 0x190faee0, mask 0x04
- 1125815926 2005.09.03 R07-M0-N6-C:J11-U01 2005-09-03-23.38.46.086032 R07-M0-N6-C:J11-U01 RAS KERNEL INFO CE sym 18, at 0x1808d120, mask 0x80
- 1125815927 2005.09.03 R35-M0-N0-C:J07-U01 2005-09-03-23.38.47.450814 R35-M0-N0-C:J07-U01 RAS KERNEL INFO CE sym 12, at 0x1682ed20, mask 0x01
- 1125815928 2005.09.03 R05-M1-N4-C:J07-U11 2005-09-03-23.38.48.230738 R05-M1-N4-C:J07-U11 RAS KERNEL INFO CE sym 10, at 0x16a36360, mask 0x04
- 1125815928 2005.09.03 R31-M1-N6-C:J14-U01 2005-09-03-23.38.48.689406 R31-M1-N6-C:J14-U01 RAS KERNEL INFO CE sym 7, at 0x11596a00, mask 0x01
- 1125815929 2005.09.03 R14-M0-N8-C:J16-U11 2005-09-03-23.38.49.993667 R14-M0-N8-C:J16-U11 RAS KERNEL INFO CE sym 30, at 0x16c3e460, mask 0x40
- 1125815930 2005.09.03 R26-M1-N4-C:J02-U11 2005-09-03-23.38.50.419455 R26-M1-N4-C:J02-U11 RAS KERNEL INFO CE sym 12, at 0x162a2060, mask 0x20
- 1125815930 2005.09.03 R27-M1-N6-C:J06-U11 2005-09-03-23.38.50.503319 R27-M1-N6-C:J06-U11 RAS KERNEL INFO CE sym 10, at 0x13e7dee0, mask 0x20
- 1125815931 2005.09.03 R15-M1-N6-C:J04-U11 2005-09-03-23.38.51.042152 R15-M1-N6-C:J04-U11 RAS KERNEL INFO CE sym 14, at 0x06047860, mask 0x20
- 1125815931 2005.09.03 R16-M0-N3-C:J08-U01 2005-09-03-23.38.51.233470 R16-M0-N3-C:J08-U01 RAS KERNEL INFO CE sym 21, at 0x18551520, mask 0x10
- 1125815931 2005.09.03 R20-M1-N0-C:J11-U11 2005-09-03-23.38.51.762240 R20-M1-N0-C:J11-U11 RAS KERNEL INFO total of 1 ddr error(s) detected and corrected
- 1125815932 2005.09.03 R17-M0-N9-C:J17-U01 2005-09-03-23.38.52.071978 R17-M0-N9-C:J17-U01 RAS KERNEL INFO total of 1 ddr error(s) detected and corrected
- 1125815932 2005.09.03 R07-M0-N6-C:J11-U01 2005-09-03-23.38.52.335754 R07-M0-N6-C:J11-U01 RAS KERNEL INFO CE sym 18, at 0x1808d120, mask 0x80
- 1125815933 2005.09.03 R35-M0-N0-C:J07-U01 2005-09-03-23.38.53.258678 R35-M0-N0-C:J07-U01 RAS KERNEL INFO CE sym 12, at 0x1682ed20, mask 0x01
- 1125815933 2005.09.03 R05-M1-N4-C:J07-U11 2005-09-03-23.38.53.857240 R05-M1-N4-C:J07-U11 RAS KERNEL INFO CE sym 10, at 0x16a36360, mask 0x04
- 1125815934 2005.09.03 R31-M1-N6-C:J14-U01 2005-09-03-23.38.54.317816 R31-M1-N6-C:J14-U01 RAS KERNEL INFO CE sym 7, at 0x11596a00, mask 0x01
- 1125815935 2005.09.03 R14-M0-N8-C:J16-U11 2005-09-03-23.38.55.710057 R14-M0-N8-C:J16-U11 RAS KERNEL INFO CE sym 30, at 0x16c3e460, mask 0x40
- 1125815936 2005.09.03 R26-M1-N4-C:J02-U11 2005-09-03-23.38.56.086864 R26-M1-N4-C:J02-U11 RAS KERNEL INFO CE sym 12, at 0x162a2060, mask 0x20
- 1125815936 2005.09.03 R27-M1-N6-C:J06-U11 2005-09-03-23.38.56.182497 R27-M1-N6-C:J06-U11 RAS KERNEL INFO CE sym 10, at 0x13e7dee0, mask 0x20
- 1125815936 2005.09.03 R15-M1-N6-C:J04-U11 2005-09-03-23.38.56.775211 R15-M1-N6-C:J04-U11 RAS KERNEL INFO CE sym 14, at 0x06047860, mask 0x20
- 1125815936 2005.09.03 R16-M0-N3-C:J08-U01 2005-09-03-23.38.56.948400 R16-M0-N3-C:J08-U01 RAS KERNEL INFO total of 1 ddr error(s) detected and corrected
- 1125815937 2005.09.03 R07-M0-N6-C:J11-U01 2005-09-03-23.38.57.768337 R07-M0-N6-C:J11-U01 RAS KERNEL INFO total of 2 ddr error(s) detected and corrected
- 1125815938 2005.09.03 R35-M0-N0-C:J07-U01 2005-09-03-23.38.58.569712 R35-M0-N0-C:J07-U01 RAS KERNEL INFO CE sym 12, at 0x1682ed20, mask 0x01
- 1125815939 2005.09.03 R05-M1-N4-C:J07-U11 2005-09-03-23.38.59.325082 R05-M1-N4-C:J07-U11 RAS KERNEL INFO CE sym 10, at 0x16a36360, mask 0x04
- 1125815939 2005.09.03 R31-M1-N6-C:J14-U01 2005-09-03-23.38.59.414708 R31-M1-N6-C:J14-U01 RAS KERNEL INFO CE sym 7, at 0x11596a00, mask 0x01
- 1125815940 2005.09.03 R14-M0-N8-C:J16-U11 2005-09-03-23.39.00.419671 R14-M0-N8-C:J16-U11 RAS KERNEL INFO total of 2 ddr error(s) detected and corrected
- 1125815940 2005.09.03 R26-M1-N4-C:J02-U11 2005-09-03-23.39.00.689513 R26-M1-N4-C:J02-U11 RAS KERNEL INFO CE sym 12, at 0x162a2060, mask 0x20
- 1125815940 2005.09.03 R27-M1-N6-C:J06-U11 2005-09-03-23.39.00.779408 R27-M1-N6-C:J06-U11 RAS KERNEL INFO CE sym 10, at 0x13e7dee0, mask 0x20
- 1125815941 2005.09.03 R15-M1-N6-C:J04-U11 2005-09-03-23.39.01.229653 R15-M1-N6-C:J04-U11 RAS KERNEL INFO CE sym 14, at 0x06047860, mask 0x20
- 1125815942 2005.09.03 R35-M0-N0-C:J07-U01 2005-09-03-23.39.02.707266 R35-M0-N0-C:J07-U01 RAS KERNEL INFO CE sym 12, at 0x1682ed20, mask 0x01
- 1125815943 2005.09.03 R05-M1-N4-C:J07-U11 2005-09-03-23.39.03.289460 R05-M1-N4-C:J07-U11 RAS KERNEL INFO CE sym 10, at 0x16a36360, mask 0x04
- 1125815943 2005.09.03 R31-M1-N6-C:J14-U01 2005-09-03-23.39.03.384318 R31-M1-N6-C:J14-U01 RAS KERNEL INFO CE sym 7, at 0x11596a00, mask 0x01
- 1125815944 2005.09.03 R26-M1-N4-C:J02-U11 2005-09-03-23.39.04.665533 R26-M1-N4-C:J02-U11 RAS KERNEL INFO CE sym 12, at 0x162a2060, mask 0x20
- 1125815944 2005.09.03 R27-M1-N6-C:J06-U11 2005-09-03-23.39.04.755354 R27-M1-N6-C:J06-U11 RAS KERNEL INFO CE sym 10, at 0x13e7dee0, mask 0x20
- 1125815945 2005.09.03 R15-M1-N6-C:J04-U11 2005-09-03-23.39.05.228246 R15-M1-N6-C:J04-U11 RAS KERNEL INFO CE sym 14, at 0x06047860, mask 0x20
- 1125815946 2005.09.03 R35-M0-N0-C:J07-U01 2005-09-03-23.39.06.551959 R35-M0-N0-C:J07-U01 RAS KERNEL INFO CE sym 12, at 0x1682ed20, mask 0x01
- 1125815947 2005.09.03 R05-M1-N4-C:J07-U11 2005-09-03-23.39.07.144987 R05-M1-N4-C:J07-U11 RAS KERNEL INFO CE sym 10, at 0x16a36360, mask 0x04
- 1125815947 2005.09.03 R31-M1-N6-C:J14-U01 2005-09-03-23.39.07.252414 R31-M1-N6-C:J14-U01 RAS KERNEL INFO total of 4 ddr error(s) detected and corrected
- 1125815948 2005.09.03 R26-M1-N4-C:J02-U11 2005-09-03-23.39.08.169737 R26-M1-N4-C:J02-U11 RAS KERNEL INFO CE sym 12, at 0x162a2060, mask 0x20
- 1125815948 2005.09.03 R27-M1-N6-C:J06-U11 2005-09-03-23.39.08.272320 R27-M1-N6-C:J06-U11 RAS KERNEL INFO total of 4 ddr error(s) detected and corrected
- 1125815948 2005.09.03 R15-M1-N6-C:J04-U11 2005-09-03-23.39.08.733087 R15-M1-N6-C:J04-U11 RAS KERNEL INFO CE sym 14, at 0x06047860, mask 0x20
- 1125815949 2005.09.03 R35-M0-N0-C:J07-U01 2005-09-03-23.39.09.888298 R35-M0-N0-C:J07-U01 RAS KERNEL INFO total of 5 ddr error(s) detected and corrected
- 1125815950 2005.09.03 R05-M1-N4-C:J07-U11 2005-09-03-23.39.10.569773 R05-M1-N4-C:J07-U11 RAS KERNEL INFO CE sym 10, at 0x16a36360, mask 0x04
- 1125815951 2005.09.03 R26-M1-N4-C:J02-U11 2005-09-03-23.39.11.186358 R26-M1-N4-C:J02-U11 RAS KERNEL INFO CE sym 12, at 0x162a2060, mask 0x20
- 1125815951 2005.09.03 R15-M1-N6-C:J04-U11 2005-09-03-23.39.11.587429 R15-M1-N6-C:J04-U11 RAS KERNEL INFO total of 5 ddr error(s) detected and corrected
- 1125815952 2005.09.03 R05-M1-N4-C:J07-U11 2005-09-03-23.39.12.959252 R05-M1-N4-C:J07-U11 RAS KERNEL INFO CE sym 10, at 0x16a36360, mask 0x04
- 1125815953 2005.09.03 R26-M1-N4-C:J02-U11 2005-09-03-23.39.13.439047 R26-M1-N4-C:J02-U11 RAS KERNEL INFO CE sym 12, at 0x162a2060, mask 0x20
- 1125815954 2005.09.03 R05-M1-N4-C:J07-U11 2005-09-03-23.39.14.737521 R05-M1-N4-C:J07-U11 RAS KERNEL INFO CE sym 10, at 0x16a36360, mask 0x04
- 1125815955 2005.09.03 R26-M1-N4-C:J02-U11 2005-09-03-23.39.15.241052 R26-M1-N4-C:J02-U11 RAS KERNEL INFO CE sym 12, at 0x162a2060, mask 0x20
- 1125815956 2005.09.03 R05-M1-N4-C:J07-U11 2005-09-03-23.39.16.659311 R05-M1-N4-C:J07-U11 RAS KERNEL INFO CE sym 10, at 0x16a36360, mask 0x04
- 1125815957 2005.09.03 R26-M1-N4-C:J02-U11 2005-09-03-23.39.17.168629 R26-M1-N4-C:J02-U11 RAS KERNEL INFO total of 8 ddr error(s) detected and corrected
- 1125815958 2005.09.03 R05-M1-N4-C:J07-U11 2005-09-03-23.39.18.268712 R05-M1-N4-C:J07-U11 RAS KERNEL INFO CE sym 10, at 0x16a36360, mask 0x04
- 1125815959 2005.09.03 R05-M1-N4-C:J07-U11 2005-09-03-23.39.19.669500 R05-M1-N4-C:J07-U11 RAS KERNEL INFO CE sym 10, at 0x16a36360, mask 0x04
- 1125815961 2005.09.03 R05-M1-N4-C:J07-U11 2005-09-03-23.39.21.129357 R05-M1-N4-C:J07-U11 RAS KERNEL INFO CE sym 10, at 0x16a36360, mask 0x04
- 1125815962 2005.09.03 R05-M1-N4-C:J07-U11 2005-09-03-23.39.22.040241 R05-M1-N4-C:J07-U11 RAS KERNEL INFO CE sym 10, at 0x16a36360, mask 0x04
- 1125815963 2005.09.03 R05-M1-N4-C:J07-U11 2005-09-03-23.39.23.105359 R05-M1-N4-C:J07-U11 RAS KERNEL INFO CE sym 10, at 0x16a36360, mask 0x04
- 1125815964 2005.09.03 R05-M1-N4-C:J07-U11 2005-09-03-23.39.24.495954 R05-M1-N4-C:J07-U11 RAS KERNEL INFO CE sym 10, at 0x16a36360, mask 0x04
- 1125815965 2005.09.03 R05-M1-N4-C:J07-U11 2005-09-03-23.39.25.505149 R05-M1-N4-C:J07-U11 RAS KERNEL INFO CE sym 10, at 0x16a36360, mask 0x04
- 1125815966 2005.09.03 R05-M1-N4-C:J07-U11 2005-09-03-23.39.26.306992 R05-M1-N4-C:J07-U11 RAS KERNEL INFO CE sym 10, at 0x16a36360, mask 0x04
- 1125815967 2005.09.03 R05-M1-N4-C:J07-U11 2005-09-03-23.39.27.123105 R05-M1-N4-C:J07-U11 RAS KERNEL INFO CE sym 10, at 0x16a36360, mask 0x04
- 1125815967 2005.09.03 R05-M1-N4-C:J07-U11 2005-09-03-23.39.27.864998 R05-M1-N4-C:J07-U11 RAS KERNEL INFO CE sym 10, at 0x16a36360, mask 0x04
- 1125815968 2005.09.03 R05-M1-N4-C:J07-U11 2005-09-03-23.39.28.499799 R05-M1-N4-C:J07-U11 RAS KERNEL INFO CE sym 10, at 0x16a36360, mask 0x04
- 1125815968 2005.09.03 R05-M1-N4-C:J07-U11 2005-09-03-23.39.28.985375 R05-M1-N4-C:J07-U11 RAS KERNEL INFO CE sym 10, at 0x16a36360, mask 0x04
- 1125815969 2005.09.03 R05-M1-N4-C:J07-U11 2005-09-03-23.39.29.481353 R05-M1-N4-C:J07-U11 RAS KERNEL INFO CE sym 10, at 0x16a36360, mask 0x04
- 1125815969 2005.09.03 R05-M1-N4-C:J07-U11 2005-09-03-23.39.29.892427 R05-M1-N4-C:J07-U11 RAS KERNEL INFO CE sym 10, at 0x16a36360, mask 0x04
- 1125815970 2005.09.03 R05-M1-N4-C:J07-U11 2005-09-03-23.39.30.134634 R05-M1-N4-C:J07-U11 RAS KERNEL INFO CE sym 10, at 0x16a36360, mask 0x04
- 1125815970 2005.09.03 R05-M1-N4-C:J07-U11 2005-09-03-23.39.30.427774 R05-M1-N4-C:J07-U11 RAS KERNEL INFO total of 24 ddr error(s) detected and corrected
- 1125817573 2005.09.04 R72-M0-N2-C:J16-U01 2005-09-04-00.06.13.609966 R72-M0-N2-C:J16-U01 RAS KERNEL INFO 1 ddr errors(s) detected and corrected on rank 0, symbol 23, bit 0
- 1125817573 2005.09.04 R74-M1-N0-C:J12-U01 2005-09-04-00.06.13.789855 R74-M1-N0-C:J12-U01 RAS KERNEL INFO 12 ddr errors(s) detected and corrected on rank 0, symbol 28, bit 3
- 1125817573 2005.09.04 R70-M1-N3-C:J02-U01 2005-09-04-00.06.13.980404 R70-M1-N3-C:J02-U01 RAS KERNEL INFO 1 ddr errors(s) detected and corrected on rank 0, symbol 0, bit 1
- 1125817574 2005.09.04 R76-M1-N7-C:J02-U01 2005-09-04-00.06.14.183982 R76-M1-N7-C:J02-U01 RAS KERNEL INFO 2 ddr errors(s) detected and corrected on rank 0, symbol 12, bit 6
- 1125817574 2005.09.04 R71-M0-N5-C:J02-U01 2005-09-04-00.06.14.452205 R71-M0-N5-C:J02-U01 RAS KERNEL INFO 2 ddr errors(s) detected and corrected on rank 0, symbol 35, bit 3
- 1125817574 2005.09.04 R72-M0-N2-C:J16-U01 2005-09-04-00.06.14.899962 R72-M0-N2-C:J16-U01 RAS KERNEL INFO CE sym 23, at 0x04008d60, mask 0x80
- 1125817574 2005.09.04 R74-M1-N0-C:J12-U01 2005-09-04-00.06.14.942064 R74-M1-N0-C:J12-U01 RAS KERNEL INFO CE sym 28, at 0x03189100, mask 0x10
- 1125817574 2005.09.04 R70-M1-N3-C:J02-U01 2005-09-04-00.06.14.977499 R70-M1-N3-C:J02-U01 RAS KERNEL INFO CE sym 0, at 0x071eaae0, mask 0x40
- 1125817575 2005.09.04 R76-M1-N7-C:J02-U01 2005-09-04-00.06.15.013201 R76-M1-N7-C:J02-U01 RAS KERNEL INFO CE sym 12, at 0x04232960, mask 0x02
- 1125817575 2005.09.04 R71-M0-N5-C:J02-U01 2005-09-04-00.06.15.054587 R71-M0-N5-C:J02-U01 RAS KERNEL INFO CE sym 35, at 0x06566f60, mask 0x10
- 1125817575 2005.09.04 R72-M0-N2-C:J16-U01 2005-09-04-00.06.15.318809 R72-M0-N2-C:J16-U01 RAS KERNEL INFO total of 1 ddr error(s) detected and corrected
- 1125817575 2005.09.04 R74-M1-N0-C:J12-U01 2005-09-04-00.06.15.354493 R74-M1-N0-C:J12-U01 RAS KERNEL INFO CE sym 28, at 0x03189100, mask 0x10
- 1125817575 2005.09.04 R70-M1-N3-C:J02-U01 2005-09-04-00.06.15.396496 R70-M1-N3-C:J02-U01 RAS KERNEL INFO total of 1 ddr error(s) detected and corrected
- 1125817575 2005.09.04 R76-M1-N7-C:J02-U01 2005-09-04-00.06.15.433402 R76-M1-N7-C:J02-U01 RAS KERNEL INFO CE sym 12, at 0x04232960, mask 0x02
- 1125817575 2005.09.04 R71-M0-N5-C:J02-U01 2005-09-04-00.06.15.468252 R71-M0-N5-C:J02-U01 RAS KERNEL INFO CE sym 35, at 0x06566f60, mask 0x10
- 1125817575 2005.09.04 R74-M1-N0-C:J12-U01 2005-09-04-00.06.15.659429 R74-M1-N0-C:J12-U01 RAS KERNEL INFO CE sym 28, at 0x03189100, mask 0x10
- 1125817575 2005.09.04 R76-M1-N7-C:J02-U01 2005-09-04-00.06.15.695226 R76-M1-N7-C:J02-U01 RAS KERNEL INFO total of 2 ddr error(s) detected and corrected
- 1125817575 2005.09.04 R71-M0-N5-C:J02-U01 2005-09-04-00.06.15.731384 R71-M0-N5-C:J02-U01 RAS KERNEL INFO total of 2 ddr error(s) detected and corrected
- 1125817575 2005.09.04 R74-M1-N0-C:J12-U01 2005-09-04-00.06.15.959462 R74-M1-N0-C:J12-U01 RAS KERNEL INFO CE sym 28, at 0x03189100, mask 0x10
- 1125817576 2005.09.04 R74-M1-N0-C:J12-U01 2005-09-04-00.06.16.162372 R74-M1-N0-C:J12-U01 RAS KERNEL INFO CE sym 28, at 0x03189100, mask 0x10
- 1125817576 2005.09.04 R74-M1-N0-C:J12-U01 2005-09-04-00.06.16.402592 R74-M1-N0-C:J12-U01 RAS KERNEL INFO CE sym 28, at 0x03189100, mask 0x10
- 1125817576 2005.09.04 R74-M1-N0-C:J12-U01 2005-09-04-00.06.16.564104 R74-M1-N0-C:J12-U01 RAS KERNEL INFO CE sym 28, at 0x03189100, mask 0x10
- 1125817576 2005.09.04 R74-M1-N0-C:J12-U01 2005-09-04-00.06.16.725327 R74-M1-N0-C:J12-U01 RAS KERNEL INFO CE sym 28, at 0x03189100, mask 0x10
- 1125817576 2005.09.04 R74-M1-N0-C:J12-U01 2005-09-04-00.06.16.862545 R74-M1-N0-C:J12-U01 RAS KERNEL INFO CE sym 28, at 0x03189100, mask 0x10
- 1125817576 2005.09.04 R74-M1-N0-C:J12-U01 2005-09-04-00.06.16.993751 R74-M1-N0-C:J12-U01 RAS KERNEL INFO CE sym 28, at 0x03189100, mask 0x10
- 1125817577 2005.09.04 R74-M1-N0-C:J12-U01 2005-09-04-00.06.17.137940 R74-M1-N0-C:J12-U01 RAS KERNEL INFO CE sym 28, at 0x03189100, mask 0x10
- 1125817577 2005.09.04 R74-M1-N0-C:J12-U01 2005-09-04-00.06.17.269520 R74-M1-N0-C:J12-U01 RAS KERNEL INFO CE sym 28, at 0x03189100, mask 0x10
- 1125817577 2005.09.04 R74-M1-N0-C:J12-U01 2005-09-04-00.06.17.400740 R74-M1-N0-C:J12-U01 RAS KERNEL INFO total of 12 ddr error(s) detected and corrected
- 1125818915 2005.09.04 R31-M0-N5-C:J15-U11 2005-09-04-00.28.35.344900 R31-M0-N5-C:J15-U11 RAS KERNEL INFO ddr: activating redundant bit steering: rank=0 symbol=14
- 1125827212 2005.09.04 R45-M0-N9-C:J08-U11 2005-09-04-02.46.52.451263 R45-M0-N9-C:J08-U11 RAS KERNEL INFO 3 ddr errors(s) detected and corrected on rank 0, symbol 35, bit 0
- 1125827212 2005.09.04 R45-M0-N9-C:J08-U11 2005-09-04-02.46.52.838440 R45-M0-N9-C:J08-U11 RAS KERNEL INFO CE sym 35, at 0x090075e0, mask 0x80
- 1125827213 2005.09.04 R45-M0-N9-C:J08-U11 2005-09-04-02.46.53.249746 R45-M0-N9-C:J08-U11 RAS KERNEL INFO CE sym 35, at 0x090075e0, mask 0x80
- 1125827213 2005.09.04 R45-M0-N9-C:J08-U11 2005-09-04-02.46.53.508414 R45-M0-N9-C:J08-U11 RAS KERNEL INFO CE sym 35, at 0x090075e0, mask 0x80
- 1125827213 2005.09.04 R45-M0-N9-C:J08-U11 2005-09-04-02.46.53.723377 R45-M0-N9-C:J08-U11 RAS KERNEL INFO total of 3 ddr error(s) detected and corrected
- 1125827712 2005.09.04 R31-M0-N5-C:J15-U11 2005-09-04-02.55.12.034932 R31-M0-N5-C:J15-U11 RAS KERNEL INFO 30 ddr errors(s) detected and corrected on rank 0, symbol 14, bit 6
- 1125827712 2005.09.04 R07-M1-N0-C:J17-U01 2005-09-04-02.55.12.296346 R07-M1-N0-C:J17-U01 RAS KERNEL INFO 1 ddr errors(s) detected and corrected on rank 0, symbol 11, bit 3
- 1125827713 2005.09.04 R25-M1-N3-C:J12-U11 2005-09-04-02.55.13.409345 R25-M1-N3-C:J12-U11 RAS KERNEL INFO 1 ddr errors(s) detected and corrected on rank 0, symbol 33, bit 6
- 1125827714 2005.09.04 R15-M1-N6-C:J04-U11 2005-09-04-02.55.14.318870 R15-M1-N6-C:J04-U11 RAS KERNEL INFO 3 ddr errors(s) detected and corrected on rank 0, symbol 14, bit 2
- 1125827714 2005.09.04 R31-M0-N5-C:J15-U11 2005-09-04-02.55.14.836711 R31-M0-N5-C:J15-U11 RAS KERNEL INFO CE sym 14, at 0x011a94e0, mask 0x02
- 1125827715 2005.09.04 R07-M1-N0-C:J17-U01 2005-09-04-02.55.15.076144 R07-M1-N0-C:J17-U01 RAS KERNEL INFO CE sym 11, at 0x053c2ce0, mask 0x10
- 1125827716 2005.09.04 R25-M1-N3-C:J12-U11 2005-09-04-02.55.16.046236 R25-M1-N3-C:J12-U11 RAS KERNEL INFO CE sym 33, at 0x1ab3c520, mask 0x02
- 1125827716 2005.09.04 R15-M1-N6-C:J04-U11 2005-09-04-02.55.16.925436 R15-M1-N6-C:J04-U11 RAS KERNEL INFO CE sym 14, at 0x06047860, mask 0x20
- 1125827717 2005.09.04 R31-M0-N5-C:J15-U11 2005-09-04-02.55.17.459146 R31-M0-N5-C:J15-U11 RAS KERNEL INFO CE sym 14, at 0x011a94e0, mask 0x02
- 1125827717 2005.09.04 R07-M1-N0-C:J17-U01 2005-09-04-02.55.17.690646 R07-M1-N0-C:J17-U01 RAS KERNEL INFO total of 1 ddr error(s) detected and corrected
- 1125827718 2005.09.04 R25-M1-N3-C:J12-U11 2005-09-04-02.55.18.553380 R25-M1-N3-C:J12-U11 RAS KERNEL INFO total of 1 ddr error(s) detected and corrected
- 1125827719 2005.09.04 R15-M1-N6-C:J04-U11 2005-09-04-02.55.19.353915 R15-M1-N6-C:J04-U11 RAS KERNEL INFO CE sym 14, at 0x06047860, mask 0x20
- 1125827719 2005.09.04 R31-M0-N5-C:J15-U11 2005-09-04-02.55.19.712715 R31-M0-N5-C:J15-U11 RAS KERNEL INFO CE sym 14, at 0x011a94e0, mask 0x02
- 1125827720 2005.09.04 R15-M1-N6-C:J04-U11 2005-09-04-02.55.20.613770 R15-M1-N6-C:J04-U11 RAS KERNEL INFO CE sym 14, at 0x06047860, mask 0x20
- 1125827720 2005.09.04 R31-M0-N5-C:J15-U11 2005-09-04-02.55.20.981659 R31-M0-N5-C:J15-U11 RAS KERNEL INFO CE sym 14, at 0x011a94e0, mask 0x02
- 1125827721 2005.09.04 R15-M1-N6-C:J04-U11 2005-09-04-02.55.21.805849 R15-M1-N6-C:J04-U11 RAS KERNEL INFO total of 3 ddr error(s) detected and corrected
- 1125827722 2005.09.04 R31-M0-N5-C:J15-U11 2005-09-04-02.55.22.065288 R31-M0-N5-C:J15-U11 RAS KERNEL INFO CE sym 14, at 0x011a94e0, mask 0x02
- 1125827722 2005.09.04 R31-M0-N5-C:J15-U11 2005-09-04-02.55.22.954549 R31-M0-N5-C:J15-U11 RAS KERNEL INFO CE sym 14, at 0x011a94e0, mask 0x02
- 1125827723 2005.09.04 R31-M0-N5-C:J15-U11 2005-09-04-02.55.23.646435 R31-M0-N5-C:J15-U11 RAS KERNEL INFO CE sym 14, at 0x011a94e0, mask 0x02
- 1125827724 2005.09.04 R31-M0-N5-C:J15-U11 2005-09-04-02.55.24.293791 R31-M0-N5-C:J15-U11 RAS KERNEL INFO CE sym 14, at 0x011a94e0, mask 0x02
- 1125827724 2005.09.04 R31-M0-N5-C:J15-U11 2005-09-04-02.55.24.887762 R31-M0-N5-C:J15-U11 RAS KERNEL INFO CE sym 14, at 0x011a94e0, mask 0x02
- 1125827725 2005.09.04 R31-M0-N5-C:J15-U11 2005-09-04-02.55.25.434333 R31-M0-N5-C:J15-U11 RAS KERNEL INFO CE sym 14, at 0x011a94e0, mask 0x02
- 1125827725 2005.09.04 R31-M0-N5-C:J15-U11 2005-09-04-02.55.25.930562 R31-M0-N5-C:J15-U11 RAS KERNEL INFO CE sym 14, at 0x011a94e0, mask 0x02
- 1125827726 2005.09.04 R31-M0-N5-C:J15-U11 2005-09-04-02.55.26.425270 R31-M0-N5-C:J15-U11 RAS KERNEL INFO CE sym 14, at 0x011a94e0, mask 0x02
- 1125827727 2005.09.04 R31-M0-N5-C:J15-U11 2005-09-04-02.55.27.032723 R31-M0-N5-C:J15-U11 RAS KERNEL INFO CE sym 14, at 0x011a94e0, mask 0x02
- 1125827727 2005.09.04 R31-M0-N5-C:J15-U11 2005-09-04-02.55.27.445074 R31-M0-N5-C:J15-U11 RAS KERNEL INFO CE sym 14, at 0x011a94e0, mask 0x02
- 1125827727 2005.09.04 R31-M0-N5-C:J15-U11 2005-09-04-02.55.27.853640 R31-M0-N5-C:J15-U11 RAS KERNEL INFO CE sym 14, at 0x011a94e0, mask 0x02
- 1125827728 2005.09.04 R31-M0-N5-C:J15-U11 2005-09-04-02.55.28.260299 R31-M0-N5-C:J15-U11 RAS KERNEL INFO CE sym 14, at 0x011a94e0, mask 0x02
- 1125827728 2005.09.04 R31-M0-N5-C:J15-U11 2005-09-04-02.55.28.675314 R31-M0-N5-C:J15-U11 RAS KERNEL INFO CE sym 14, at 0x011a94e0, mask 0x02
- 1125827729 2005.09.04 R31-M0-N5-C:J15-U11 2005-09-04-02.55.29.212299 R31-M0-N5-C:J15-U11 RAS KERNEL INFO CE sym 14, at 0x011a94e0, mask 0x02
- 1125827729 2005.09.04 R31-M0-N5-C:J15-U11 2005-09-04-02.55.29.584400 R31-M0-N5-C:J15-U11 RAS KERNEL INFO CE sym 14, at 0x011a94e0, mask 0x02
- 1125827729 2005.09.04 R31-M0-N5-C:J15-U11 2005-09-04-02.55.29.898630 R31-M0-N5-C:J15-U11 RAS KERNEL INFO CE sym 14, at 0x011a94e0, mask 0x02
- 1125827730 2005.09.04 R31-M0-N5-C:J15-U11 2005-09-04-02.55.30.223548 R31-M0-N5-C:J15-U11 RAS KERNEL INFO CE sym 14, at 0x011a94e0, mask 0x02
- 1125827730 2005.09.04 R31-M0-N5-C:J15-U11 2005-09-04-02.55.30.548976 R31-M0-N5-C:J15-U11 RAS KERNEL INFO CE sym 14, at 0x011a94e0, mask 0x02
- 1125827730 2005.09.04 R31-M0-N5-C:J15-U11 2005-09-04-02.55.30.771181 R31-M0-N5-C:J15-U11 RAS KERNEL INFO CE sym 14, at 0x011a94e0, mask 0x02
- 1125827731 2005.09.04 R31-M0-N5-C:J15-U11 2005-09-04-02.55.31.068523 R31-M0-N5-C:J15-U11 RAS KERNEL INFO CE sym 14, at 0x011a94e0, mask 0x02
- 1125827731 2005.09.04 R31-M0-N5-C:J15-U11 2005-09-04-02.55.31.398754 R31-M0-N5-C:J15-U11 RAS KERNEL INFO CE sym 14, at 0x011a94e0, mask 0x02
- 1125827731 2005.09.04 R31-M0-N5-C:J15-U11 2005-09-04-02.55.31.717322 R31-M0-N5-C:J15-U11 RAS KERNEL INFO CE sym 14, at 0x011a94e0, mask 0x02
- 1125827731 2005.09.04 R31-M0-N5-C:J15-U11 2005-09-04-02.55.31.924468 R31-M0-N5-C:J15-U11 RAS KERNEL INFO CE sym 14, at 0x011a94e0, mask 0x02
- 1125827732 2005.09.04 R31-M0-N5-C:J15-U11 2005-09-04-02.55.32.131862 R31-M0-N5-C:J15-U11 RAS KERNEL INFO CE sym 14, at 0x011a94e0, mask 0x02
- 1125827732 2005.09.04 R31-M0-N5-C:J15-U11 2005-09-04-02.55.32.449193 R31-M0-N5-C:J15-U11 RAS KERNEL INFO CE sym 14, at 0x011a94e0, mask 0x02
- 1125827732 2005.09.04 R31-M0-N5-C:J15-U11 2005-09-04-02.55.32.770747 R31-M0-N5-C:J15-U11 RAS KERNEL INFO CE sym 14, at 0x011a94e0, mask 0x02
- 1125827849 2005.09.04 R25-M1-N3-C:J12-U11 2005-09-04-02.57.29.657805 R25-M1-N3-C:J12-U11 RAS KERNEL INFO 1 ddr errors(s) detected and corrected on rank 0, symbol 33, bit 6
- 1125827850 2005.09.04 R25-M1-N3-C:J12-U11 2005-09-04-02.57.30.086833 R25-M1-N3-C:J12-U11 RAS KERNEL INFO CE sym 33, at 0x1ab3c520, mask 0x02
- 1125827850 2005.09.04 R25-M1-N3-C:J12-U11 2005-09-04-02.57.30.601190 R25-M1-N3-C:J12-U11 RAS KERNEL INFO total of 1 ddr error(s) detected and corrected
- 1125829336 2005.09.04 R74-M1-N0-C:J12-U01 2005-09-04-03.22.16.318724 R74-M1-N0-C:J12-U01 RAS KERNEL INFO 1 ddr errors(s) detected and corrected on rank 0, symbol 28, bit 3
- 1125829336 2005.09.04 R76-M0-N7-C:J08-U01 2005-09-04-03.22.16.493872 R76-M0-N7-C:J08-U01 RAS KERNEL INFO 1 torus receiver x+ input pipe error(s) (dcr 0x02ec) detected and corrected
- 1125829336 2005.09.04 R74-M1-N0-C:J12-U01 2005-09-04-03.22.16.652845 R74-M1-N0-C:J12-U01 RAS KERNEL INFO CE sym 28, at 0x03189100, mask 0x10
- 1125829336 2005.09.04 R76-M0-N7-C:J08-U01 2005-09-04-03.22.16.670335 R76-M0-N7-C:J08-U01 RAS KERNEL INFO 1 torus receiver x- input pipe error(s) (dcr 0x02ed) detected and corrected
- 1125829336 2005.09.04 R74-M1-N0-C:J12-U01 2005-09-04-03.22.16.777604 R74-M1-N0-C:J12-U01 RAS KERNEL INFO total of 1 ddr error(s) detected and corrected
- 1125829336 2005.09.04 R76-M0-N7-C:J08-U01 2005-09-04-03.22.16.795909 R76-M0-N7-C:J08-U01 RAS KERNEL INFO 1 torus receiver y+ input pipe error(s) (dcr 0x02ee) detected and corrected
- 1125829336 2005.09.04 R76-M0-N7-C:J08-U01 2005-09-04-03.22.16.843071 R76-M0-N7-C:J08-U01 RAS KERNEL INFO 1 torus receiver y- input pipe error(s) (dcr 0x02ef) detected and corrected
- 1125829336 2005.09.04 R76-M0-N7-C:J08-U01 2005-09-04-03.22.16.931571 R76-M0-N7-C:J08-U01 RAS KERNEL INFO 1 torus receiver z- input pipe error(s) (dcr 0x02f1) detected and corrected
- 1125829337 2005.09.04 R76-M0-N7-C:J08-U01 2005-09-04-03.22.17.008209 R76-M0-N7-C:J08-U01 RAS KERNEL INFO 1 tree receiver 1 in re-synch state event(s) (dcr 0x0185) detected
- 1125829337 2005.09.04 R76-M0-N7-C:J08-U01 2005-09-04-03.22.17.089303 R76-M0-N7-C:J08-U01 RAS KERNEL INFO 1 tree receiver 2 in re-synch state event(s) (dcr 0x019a) detected
- 1125857805 2005.09.04 R63-M0-N2-C:J09-U11 2005-09-04-11.16.45.746471 R63-M0-N2-C:J09-U11 RAS KERNEL INFO 2 ddr errors(s) detected and corrected on rank 0, symbol 12, bit 7
- 1125857805 2005.09.04 R63-M0-N2-C:J09-U11 2005-09-04-11.16.45.875675 R63-M0-N2-C:J09-U11 RAS KERNEL INFO CE sym 12, at 0x0cbca9e0, mask 0x01
- 1125857805 2005.09.04 R63-M0-N2-C:J09-U11 2005-09-04-11.16.45.905072 R63-M0-N2-C:J09-U11 RAS KERNEL INFO CE sym 12, at 0x0cbca9e0, mask 0x01
- 1125857805 2005.09.04 R63-M0-N2-C:J09-U11 2005-09-04-11.16.45.939167 R63-M0-N2-C:J09-U11 RAS KERNEL INFO total of 2 ddr error(s) detected and corrected
- 1125870788 2005.09.04 R63-M1-N8-C:J10-U01 2005-09-04-14.53.08.621631 R63-M1-N8-C:J10-U01 RAS KERNEL INFO 2767 torus receiver z+ input pipe error(s) (dcr 0x02f0) detected and corrected
- 1125870789 2005.09.04 R63-M1-N8-C:J10-U01 2005-09-04-14.53.09.403715 R63-M1-N8-C:J10-U01 RAS KERNEL INFO 565 torus sender z+ retransmission error(s) (dcr 0x02f8) detected and corrected
- 1125871192 2005.09.04 R63-M1-N8-C:J10-U01 2005-09-04-14.59.52.558015 R63-M1-N8-C:J10-U01 RAS KERNEL INFO 4325095 torus receiver z+ input pipe error(s) (dcr 0x02f0) detected and corrected
- 1125871194 2005.09.04 R63-M1-N8-C:J10-U01 2005-09-04-14.59.54.904262 R63-M1-N8-C:J10-U01 RAS KERNEL INFO 43 torus sender z+ retransmission error(s) (dcr 0x02f8) detected and corrected
- 1125871199 2005.09.04 R63-M1-N8-C:J10-U01 2005-09-04-14.59.59.768614 R63-M1-N8-C:J10-U01 RAS KERNEL INFO 55211 torus non-crc error(s) (dcr 0x02fd) detected and corrected
- 1125879135 2005.09.04 R62-M1-N6-C:J17-U01 2005-09-04-17.12.15.125071 R62-M1-N6-C:J17-U01 RAS KERNEL INFO critical input interrupt (unit=0x0b bit=0x0b): warning for torus z- wire
- 1125879135 2005.09.04 R63-M1-N0-C:J07-U01 2005-09-04-17.12.15.186372 R63-M1-N0-C:J07-U01 RAS KERNEL INFO critical input interrupt (unit=0x0b bit=0x0a): warning for torus z+ wire
- 1125879135 2005.09.04 R62-M1-N6-C:J17-U01 2005-09-04-17.12.15.257022 R62-M1-N6-C:J17-U01 RAS KERNEL INFO suppressing further interrupts of same type
- 1125879135 2005.09.04 R63-M1-N0-C:J07-U01 2005-09-04-17.12.15.398942 R63-M1-N0-C:J07-U01 RAS KERNEL INFO suppressing further interrupts of same type
- 1125879144 2005.09.04 R65-M0-N3-C:J11-U11 2005-09-04-17.12.24.805879 R65-M0-N3-C:J11-U11 RAS KERNEL FATAL external input interrupt (unit=0x02 bit=0x0b): torus sender y+ retransmission error was corrected
- 1125879144 2005.09.04 R65-M0-N3-C:J05-U11 2005-09-04-17.12.24.957850 R65-M0-N3-C:J05-U11 RAS KERNEL FATAL external input interrupt (unit=0x02 bit=0x0b): torus sender y+ retransmission error was corrected
- 1125879145 2005.09.04 R65-M0-N2-C:J13-U11 2005-09-04-17.12.25.848166 R65-M0-N2-C:J13-U11 RAS KERNEL FATAL external input interrupt (unit=0x02 bit=0x0b): torus sender y+ retransmission error was corrected
- 1125879146 2005.09.04 R65-M0-N5-C:J17-U11 2005-09-04-17.12.26.104371 R65-M0-N5-C:J17-U11 RAS KERNEL FATAL external input interrupt (unit=0x02 bit=0x0b): torus sender y+ retransmission error was corrected
- 1125879146 2005.09.04 R61-M0-N9-C:J10-U01 2005-09-04-17.12.26.906296 R61-M0-N9-C:J10-U01 RAS KERNEL FATAL external input interrupt (unit=0x02 bit=0x0c): torus sender y- retransmission error was corrected
- 1125879146 2005.09.04 R61-M0-N9-C:J12-U01 2005-09-04-17.12.26.942489 R61-M0-N9-C:J12-U01 RAS KERNEL FATAL external input interrupt (unit=0x02 bit=0x0c): torus sender y- retransmission error was corrected
- 1125879147 2005.09.04 R61-M0-N9-C:J02-U01 2005-09-04-17.12.27.049157 R61-M0-N9-C:J02-U01 RAS KERNEL FATAL external input interrupt (unit=0x02 bit=0x0c): torus sender y- retransmission error was corrected
- 1125879147 2005.09.04 R61-M0-N8-C:J08-U01 2005-09-04-17.12.27.613183 R61-M0-N8-C:J08-U01 RAS KERNEL FATAL external input interrupt (unit=0x02 bit=0x0c): torus sender y- retransmission error was corrected
- 1125879148 2005.09.04 R65-M0-N7-C:J07-U11 2005-09-04-17.12.28.439415 R65-M0-N7-C:J07-U11 RAS KERNEL FATAL external input interrupt (unit=0x02 bit=0x0b): torus sender y+ retransmission error was corrected
KERNRTSP 1125879148 2005.09.04 R65-M0-N3-C:J11-U11 2005-09-04-17.12.28.492549 R65-M0-N3-C:J11-U11 RAS KERNEL FATAL rts panic! - stopping execution
KERNRTSP 1125879148 2005.09.04 R65-M0-N3-C:J05-U11 2005-09-04-17.12.28.544832 R65-M0-N3-C:J05-U11 RAS KERNEL FATAL rts panic! - stopping execution
KERNRTSP 1125879148 2005.09.04 R65-M0-N2-C:J13-U11 2005-09-04-17.12.28.820191 R65-M0-N2-C:J13-U11 RAS KERNEL FATAL rts panic! - stopping execution
KERNRTSP 1125879148 2005.09.04 R65-M0-N5-C:J17-U11 2005-09-04-17.12.28.945599 R65-M0-N5-C:J17-U11 RAS KERNEL FATAL rts panic! - stopping execution
- 1125879149 2005.09.04 R65-M0-N6-C:J13-U11 2005-09-04-17.12.29.154499 R65-M0-N6-C:J13-U11 RAS KERNEL FATAL external input interrupt (unit=0x02 bit=0x0b): torus sender y+ retransmission error was corrected
- 1125879149 2005.09.04 R65-M0-N6-C:J07-U11 2005-09-04-17.12.29.319190 R65-M0-N6-C:J07-U11 RAS KERNEL FATAL external input interrupt (unit=0x02 bit=0x0b): torus sender y+ retransmission error was corrected
- 1125879150 2005.09.04 R65-M0-N0-C:J05-U11 2005-09-04-17.12.30.241883 R65-M0-N0-C:J05-U11 RAS KERNEL FATAL external input interrupt (unit=0x02 bit=0x0b): torus sender y+ retransmission error was corrected
KERNRTSP 1125879151 2005.09.04 R61-M0-N9-C:J10-U01 2005-09-04-17.12.31.001891 R61-M0-N9-C:J10-U01 RAS KERNEL FATAL rts panic! - stopping execution
KERNRTSP 1125879151 2005.09.04 R61-M0-N9-C:J12-U01 2005-09-04-17.12.31.019867 R61-M0-N9-C:J12-U01 RAS KERNEL FATAL rts panic! - stopping execution
KERNRTSP 1125879151 2005.09.04 R61-M0-N9-C:J02-U01 2005-09-04-17.12.31.097686 R61-M0-N9-C:J02-U01 RAS KERNEL FATAL rts panic! - stopping execution
KERNRTSP 1125879151 2005.09.04 R61-M0-N8-C:J08-U01 2005-09-04-17.12.31.529746 R61-M0-N8-C:J08-U01 RAS KERNEL FATAL rts panic! - stopping execution
- 1125879151 2005.09.04 R63-M1-N9-C:J07-U11 2005-09-04-17.12.31.631799 R63-M1-N9-C:J07-U11 RAS KERNEL FATAL external input interrupt (unit=0x02 bit=0x0d): torus sender z+ retransmission error was corrected
- 1125879151 2005.09.04 R63-M1-N9-C:J11-U01 2005-09-04-17.12.31.734730 R63-M1-N9-C:J11-U01 RAS KERNEL FATAL external input interrupt (unit=0x02 bit=0x0d): torus sender z+ retransmission error was corrected
- 1125879151 2005.09.04 R63-M1-N9-C:J07-U01 2005-09-04-17.12.31.758957 R63-M1-N9-C:J07-U01 RAS KERNEL FATAL external input interrupt (unit=0x02 bit=0x0d): torus sender z+ retransmission error was corrected
KERNRTSP 1125879152 2005.09.04 R65-M0-N7-C:J07-U11 2005-09-04-17.12.32.049891 R65-M0-N7-C:J07-U11 RAS KERNEL FATAL rts panic! - stopping execution
KERNRTSP 1125879152 2005.09.04 R65-M0-N6-C:J13-U11 2005-09-04-17.12.32.127672 R65-M0-N6-C:J13-U11 RAS KERNEL FATAL rts panic! - stopping execution
KERNRTSP 1125879152 2005.09.04 R65-M0-N6-C:J07-U11 2005-09-04-17.12.32.211363 R65-M0-N6-C:J07-U11 RAS KERNEL FATAL rts panic! - stopping execution
- 1125879152 2005.09.04 R63-M1-N1-C:J11-U11 2005-09-04-17.12.32.537980 R63-M1-N1-C:J11-U11 RAS KERNEL FATAL external input interrupt (unit=0x02 bit=0x0d): torus sender z+ retransmission error was corrected
- 1125879152 2005.09.04 R63-M1-N1-C:J07-U11 2005-09-04-17.12.32.622206 R63-M1-N1-C:J07-U11 RAS KERNEL FATAL external input interrupt (unit=0x02 bit=0x0d): torus sender z+ retransmission error was corrected
KERNRTSP 1125879152 2005.09.04 R65-M0-N0-C:J05-U11 2005-09-04-17.12.32.750813 R65-M0-N0-C:J05-U11 RAS KERNEL FATAL rts panic! - stopping execution
- 1125879152 2005.09.04 R63-M1-N1-C:J07-U01 2005-09-04-17.12.32.783382 R63-M1-N1-C:J07-U01 RAS KERNEL FATAL external input interrupt (unit=0x02 bit=0x0d): torus sender z+ retransmission error was corrected
- 1125879152 2005.09.04 R63-M1-N1-C:J14-U11 2005-09-04-17.12.32.809238 R63-M1-N1-C:J14-U11 RAS KERNEL FATAL external input interrupt (unit=0x02 bit=0x0d): torus sender z+ retransmission error was corrected
- 1125879154 2005.09.04 R62-M1-N7-C:J17-U01 2005-09-04-17.12.34.321169 R62-M1-N7-C:J17-U01 RAS KERNEL FATAL external input interrupt (unit=0x02 bit=0x0e): torus sender z- retransmission error was corrected
- 1125879154 2005.09.04 R62-M1-N7-C:J04-U01 2005-09-04-17.12.34.816841 R62-M1-N7-C:J04-U01 RAS KERNEL FATAL external input interrupt (unit=0x02 bit=0x0e): torus sender z- retransmission error was corrected
- 1125879154 2005.09.04 R62-M1-N6-C:J17-U11 2005-09-04-17.12.34.935402 R62-M1-N6-C:J17-U11 RAS KERNEL FATAL external input interrupt (unit=0x02 bit=0x0e): torus sender z- retransmission error was corrected
- 1125879155 2005.09.04 R62-M1-N6-C:J17-U01 2005-09-04-17.12.35.014690 R62-M1-N6-C:J17-U01 RAS KERNEL FATAL external input interrupt (unit=0x02 bit=0x0e): torus sender z- retransmission error was corrected
- 1125879155 2005.09.04 R62-M1-N6-C:J12-U01 2005-09-04-17.12.35.194374 R62-M1-N6-C:J12-U01 RAS KERNEL FATAL external input interrupt (unit=0x02 bit=0x0e): torus sender z- retransmission error was corrected
- 1125879155 2005.09.04 R63-M1-N0-C:J07-U01 2005-09-04-17.12.35.810157 R63-M1-N0-C:J07-U01 RAS KERNEL FATAL external input interrupt (unit=0x02 bit=0x0d): torus sender z+ retransmission error was corrected
- 1125879155 2005.09.04 R63-M1-N0-C:J14-U11 2005-09-04-17.12.35.835077 R63-M1-N0-C:J14-U11 RAS KERNEL FATAL external input interrupt (unit=0x02 bit=0x0d): torus sender z+ retransmission error was corrected
- 1125879155 2005.09.04 R63-M1-N0-C:J06-U01 2005-09-04-17.12.35.960079 R63-M1-N0-C:J06-U01 RAS KERNEL FATAL external input interrupt (unit=0x02 bit=0x0d): torus sender z+ retransmission error was corrected
- 1125879156 2005.09.04 R63-M1-N8-C:J06-U11 2005-09-04-17.12.36.307352 R63-M1-N8-C:J06-U11 RAS KERNEL FATAL external input interrupt (unit=0x02 bit=0x0d): torus sender z+ retransmission error was corrected
- 1125879156 2005.09.04 R63-M1-N8-C:J10-U01 2005-09-04-17.12.36.362889 R63-M1-N8-C:J10-U01 RAS KERNEL FATAL external input interrupt (unit=0x02 bit=0x0d): torus sender z+ retransmission error was corrected
KERNRTSP 1125879156 2005.09.04 R63-M1-N9-C:J07-U11 2005-09-04-17.12.36.785874 R63-M1-N9-C:J07-U11 RAS KERNEL FATAL rts panic! - stopping execution
KERNRTSP 1125879156 2005.09.04 R63-M1-N9-C:J11-U01 2005-09-04-17.12.36.839657 R63-M1-N9-C:J11-U01 RAS KERNEL FATAL rts panic! - stopping execution
KERNRTSP 1125879156 2005.09.04 R63-M1-N9-C:J07-U01 2005-09-04-17.12.36.863306 R63-M1-N9-C:J07-U01 RAS KERNEL FATAL rts panic! - stopping execution
KERNRTSP 1125879157 2005.09.04 R63-M1-N1-C:J11-U11 2005-09-04-17.12.37.460145 R63-M1-N1-C:J11-U11 RAS KERNEL FATAL rts panic! - stopping execution
KERNRTSP 1125879157 2005.09.04 R63-M1-N1-C:J07-U11 2005-09-04-17.12.37.514579 R63-M1-N1-C:J07-U11 RAS KERNEL FATAL rts panic! - stopping execution
KERNRTSP 1125879157 2005.09.04 R63-M1-N1-C:J07-U01 2005-09-04-17.12.37.590122 R63-M1-N1-C:J07-U01 RAS KERNEL FATAL rts panic! - stopping execution
KERNRTSP 1125879157 2005.09.04 R63-M1-N1-C:J14-U11 2005-09-04-17.12.37.603858 R63-M1-N1-C:J14-U11 RAS KERNEL FATAL rts panic! - stopping execution
KERNRTSP 1125879158 2005.09.04 R62-M1-N7-C:J17-U01 2005-09-04-17.12.38.113314 R62-M1-N7-C:J17-U01 RAS KERNEL FATAL rts panic! - stopping execution
KERNRTSP 1125879158 2005.09.04 R62-M1-N7-C:J04-U01 2005-09-04-17.12.38.278931 R62-M1-N7-C:J04-U01 RAS KERNEL FATAL rts panic! - stopping execution
KERNRTSP 1125879158 2005.09.04 R62-M1-N6-C:J17-U11 2005-09-04-17.12.38.364549 R62-M1-N6-C:J17-U11 RAS KERNEL FATAL rts panic! - stopping execution
KERNRTSP 1125879158 2005.09.04 R62-M1-N6-C:J17-U01 2005-09-04-17.12.38.428644 R62-M1-N6-C:J17-U01 RAS KERNEL FATAL rts panic! - stopping execution
KERNRTSP 1125879158 2005.09.04 R62-M1-N6-C:J12-U01 2005-09-04-17.12.38.569520 R62-M1-N6-C:J12-U01 RAS KERNEL FATAL rts panic! - stopping execution
KERNRTSP 1125879158 2005.09.04 R63-M1-N0-C:J07-U01 2005-09-04-17.12.38.778411 R63-M1-N0-C:J07-U01 RAS KERNEL FATAL rts panic! - stopping execution
KERNRTSP 1125879158 2005.09.04 R63-M1-N0-C:J14-U11 2005-09-04-17.12.38.799989 R63-M1-N0-C:J14-U11 RAS KERNEL FATAL rts panic! - stopping execution
KERNRTSP 1125879158 2005.09.04 R63-M1-N0-C:J06-U01 2005-09-04-17.12.38.896050 R63-M1-N0-C:J06-U01 RAS KERNEL FATAL rts panic! - stopping execution
KERNRTSP 1125879159 2005.09.04 R63-M1-N8-C:J06-U11 2005-09-04-17.12.39.152248 R63-M1-N8-C:J06-U11 RAS KERNEL FATAL rts panic! - stopping execution
KERNRTSP 1125879159 2005.09.04 R63-M1-N8-C:J10-U01 2005-09-04-17.12.39.188542 R63-M1-N8-C:J10-U01 RAS KERNEL FATAL rts panic! - stopping execution
- 1125879681 2005.09.04 R62-M1-N6-C:J17-U11 2005-09-04-17.21.21.241438 R62-M1-N6-C:J17-U11 RAS KERNEL INFO critical input interrupt (unit=0x0b bit=0x0b): warning for torus z- wire
- 1125879681 2005.09.04 R62-M1-N6-C:J17-U01 2005-09-04-17.21.21.359440 R62-M1-N6-C:J17-U01 RAS KERNEL INFO critical input interrupt (unit=0x0b bit=0x0b): warning for torus z- wire
- 1125879681 2005.09.04 R62-M1-N6-C:J17-U11 2005-09-04-17.21.21.446437 R62-M1-N6-C:J17-U11 RAS KERNEL INFO suppressing further interrupts of same type
- 1125879681 2005.09.04 R62-M1-N6-C:J17-U01 2005-09-04-17.21.21.491291 R62-M1-N6-C:J17-U01 RAS KERNEL INFO suppressing further interrupts of same type
- 1125879686 2005.09.04 R62-M1-N7-C:J04-U01 2005-09-04-17.21.26.843099 R62-M1-N7-C:J04-U01 RAS KERNEL INFO critical input interrupt (unit=0x0b bit=0x0b): warning for torus z- wire
- 1125879686 2005.09.04 R62-M1-N7-C:J04-U01 2005-09-04-17.21.26.951762 R62-M1-N7-C:J04-U01 RAS KERNEL INFO suppressing further interrupts of same type
- 1125879692 2005.09.04 R65-M0-N3-C:J11-U11 2005-09-04-17.21.32.345561 R65-M0-N3-C:J11-U11 RAS KERNEL FATAL external input interrupt (unit=0x02 bit=0x0b): torus sender y+ retransmission error was corrected
- 1125879692 2005.09.04 R65-M0-N3-C:J05-U11 2005-09-04-17.21.32.560533 R65-M0-N3-C:J05-U11 RAS KERNEL FATAL external input interrupt (unit=0x02 bit=0x0b): torus sender y+ retransmission error was corrected
- 1125879692 2005.09.04 R65-M0-N2-C:J13-U11 2005-09-04-17.21.32.707342 R65-M0-N2-C:J13-U11 RAS KERNEL FATAL external input interrupt (unit=0x02 bit=0x0b): torus sender y+ retransmission error was corrected
- 1125879693 2005.09.04 R61-M0-N9-C:J10-U01 2005-09-04-17.21.33.602060 R61-M0-N9-C:J10-U01 RAS KERNEL FATAL external input interrupt (unit=0x02 bit=0x0c): torus sender y- retransmission error was corrected
- 1125879693 2005.09.04 R61-M0-N9-C:J12-U01 2005-09-04-17.21.33.631244 R61-M0-N9-C:J12-U01 RAS KERNEL FATAL external input interrupt (unit=0x02 bit=0x0c): torus sender y- retransmission error was corrected
- 1125879693 2005.09.04 R61-M0-N9-C:J02-U01 2005-09-04-17.21.33.763538 R61-M0-N9-C:J02-U01 RAS KERNEL FATAL external input interrupt (unit=0x02 bit=0x0c): torus sender y- retransmission error was corrected
- 1125879694 2005.09.04 R61-M0-N8-C:J08-U01 2005-09-04-17.21.34.144237 R61-M0-N8-C:J08-U01 RAS KERNEL FATAL external input interrupt (unit=0x02 bit=0x0c): torus sender y- retransmission error was corrected
- 1125879694 2005.09.04 R63-M1-N0-C:J07-U01 2005-09-04-17.21.34.221897 R63-M1-N0-C:J07-U01 RAS KERNEL INFO critical input interrupt (unit=0x0b bit=0x0a): warning for torus z+ wire
- 1125879694 2005.09.04 R63-M1-N0-C:J07-U01 2005-09-04-17.21.34.360262 R63-M1-N0-C:J07-U01 RAS KERNEL INFO suppressing further interrupts of same type
KERNRTSP 1125879694 2005.09.04 R65-M0-N3-C:J11-U11 2005-09-04-17.21.34.475012 R65-M0-N3-C:J11-U11 RAS KERNEL FATAL rts panic! - stopping execution
KERNRTSP 1125879694 2005.09.04 R65-M0-N3-C:J05-U11 2005-09-04-17.21.34.538421 R65-M0-N3-C:J05-U11 RAS KERNEL FATAL rts panic! - stopping execution
KERNRTSP 1125879695 2005.09.04 R65-M0-N2-C:J13-U11 2005-09-04-17.21.35.407064 R65-M0-N2-C:J13-U11 RAS KERNEL FATAL rts panic! - stopping execution
- 1125879695 2005.09.04 R65-M0-N0-C:J15-U11 2005-09-04-17.21.35.595861 R65-M0-N0-C:J15-U11 RAS KERNEL FATAL external input interrupt (unit=0x02 bit=0x0b): torus sender y+ retransmission error was corrected
- 1125879695 2005.09.04 R65-M0-N0-C:J05-U11 2005-09-04-17.21.35.959795 R65-M0-N0-C:J05-U11 RAS KERNEL FATAL external input interrupt (unit=0x02 bit=0x0b): torus sender y+ retransmission error was corrected
KERNRTSP 1125879696 2005.09.04 R61-M0-N9-C:J10-U01 2005-09-04-17.21.36.618905 R61-M0-N9-C:J10-U01 RAS KERNEL FATAL rts panic! - stopping execution
KERNRTSP 1125879696 2005.09.04 R61-M0-N9-C:J12-U01 2005-09-04-17.21.36.636881 R61-M0-N9-C:J12-U01 RAS KERNEL FATAL rts panic! - stopping execution
KERNRTSP 1125879696 2005.09.04 R61-M0-N9-C:J02-U01 2005-09-04-17.21.36.726819 R61-M0-N9-C:J02-U01 RAS KERNEL FATAL rts panic! - stopping execution
KERNRTSP 1125879697 2005.09.04 R61-M0-N8-C:J08-U01 2005-09-04-17.21.37.205892 R61-M0-N8-C:J08-U01 RAS KERNEL FATAL rts panic! - stopping execution
- 1125879697 2005.09.04 R65-M0-N7-C:J07-U11 2005-09-04-17.21.37.585104 R65-M0-N7-C:J07-U11 RAS KERNEL INFO 1 torus receiver y+ input pipe error(s) (dcr 0x02ee) detected and corrected
- 1125879697 2005.09.04 R65-M0-N5-C:J17-U11 2005-09-04-17.21.37.920540 R65-M0-N5-C:J17-U11 RAS KERNEL INFO 1 torus receiver y+ input pipe error(s) (dcr 0x02ee) detected and corrected
- 1125879698 2005.09.04 R65-M0-N6-C:J13-U11 2005-09-04-17.21.38.100343 R65-M0-N6-C:J13-U11 RAS KERNEL INFO 2 torus receiver y+ input pipe error(s) (dcr 0x02ee) detected and corrected
- 1125879698 2005.09.04 R65-M0-N6-C:J07-U11 2005-09-04-17.21.38.216555 R65-M0-N6-C:J07-U11 RAS KERNEL INFO 3 torus receiver y+ input pipe error(s) (dcr 0x02ee) detected and corrected
- 1125879698 2005.09.04 R63-M1-N9-C:J07-U11 2005-09-04-17.21.38.288817 R63-M1-N9-C:J07-U11 RAS KERNEL FATAL external input interrupt (unit=0x02 bit=0x0d): torus sender z+ retransmission error was corrected
- 1125879698 2005.09.04 R63-M1-N9-C:J11-U01 2005-09-04-17.21.38.343653 R63-M1-N9-C:J11-U01 RAS KERNEL FATAL external input interrupt (unit=0x02 bit=0x0d): torus sender z+ retransmission error was corrected
- 1125879698 2005.09.04 R63-M1-N9-C:J07-U01 2005-09-04-17.21.38.521372 R63-M1-N9-C:J07-U01 RAS KERNEL FATAL external input interrupt (unit=0x02 bit=0x0d): torus sender z+ retransmission error was corrected
KERNRTSP 1125879699 2005.09.04 R65-M0-N0-C:J15-U11 2005-09-04-17.21.39.097485 R65-M0-N0-C:J15-U11 RAS KERNEL FATAL rts panic! - stopping execution
KERNRTSP 1125879699 2005.09.04 R65-M0-N0-C:J05-U11 2005-09-04-17.21.39.172605 R65-M0-N0-C:J05-U11 RAS KERNEL FATAL rts panic! - stopping execution
- 1125879699 2005.09.04 R63-M1-N1-C:J11-U11 2005-09-04-17.21.39.408838 R63-M1-N1-C:J11-U11 RAS KERNEL FATAL external input interrupt (unit=0x02 bit=0x0d): torus sender z+ retransmission error was corrected
- 1125879699 2005.09.04 R63-M1-N1-C:J07-U11 2005-09-04-17.21.39.504011 R63-M1-N1-C:J07-U11 RAS KERNEL FATAL external input interrupt (unit=0x02 bit=0x0d): torus sender z+ retransmission error was corrected
- 1125879699 2005.09.04 R63-M1-N1-C:J07-U01 2005-09-04-17.21.39.595582 R63-M1-N1-C:J07-U01 RAS KERNEL FATAL external input interrupt (unit=0x02 bit=0x0d): torus sender z+ retransmission error was corrected
- 1125879699 2005.09.04 R63-M1-N1-C:J14-U11 2005-09-04-17.21.39.624977 R63-M1-N1-C:J14-U11 RAS KERNEL FATAL external input interrupt (unit=0x02 bit=0x0d): torus sender z+ retransmission error was corrected
- 1125879700 2005.09.04 R62-M1-N7-C:J17-U01 2005-09-04-17.21.40.490668 R62-M1-N7-C:J17-U01 RAS KERNEL FATAL external input interrupt (unit=0x02 bit=0x0e): torus sender z- retransmission error was corrected
- 1125879700 2005.09.04 R62-M1-N7-C:J04-U01 2005-09-04-17.21.40.783863 R62-M1-N7-C:J04-U01 RAS KERNEL FATAL external input interrupt (unit=0x02 bit=0x0e): torus sender z- retransmission error was corrected
- 1125879701 2005.09.04 R62-M1-N6-C:J17-U11 2005-09-04-17.21.41.030351 R62-M1-N6-C:J17-U11 RAS KERNEL FATAL external input interrupt (unit=0x02 bit=0x0e): torus sender z- retransmission error was corrected
- 1125879701 2005.09.04 R62-M1-N6-C:J17-U01 2005-09-04-17.21.41.090117 R62-M1-N6-C:J17-U01 RAS KERNEL FATAL external input interrupt (unit=0x02 bit=0x0e): torus sender z- retransmission error was corrected
- 1125879701 2005.09.04 R62-M1-N6-C:J12-U01 2005-09-04-17.21.41.311946 R62-M1-N6-C:J12-U01 RAS KERNEL FATAL external input interrupt (unit=0x02 bit=0x0e): torus sender z- retransmission error was corrected
- 1125879701 2005.09.04 R63-M1-N0-C:J07-U01 2005-09-04-17.21.41.727401 R63-M1-N0-C:J07-U01 RAS KERNEL FATAL external input interrupt (unit=0x02 bit=0x0d): torus sender z+ retransmission error was corrected
- 1125879701 2005.09.04 R63-M1-N0-C:J14-U11 2005-09-04-17.21.41.753341 R63-M1-N0-C:J14-U11 RAS KERNEL FATAL external input interrupt (unit=0x02 bit=0x0d): torus sender z+ retransmission error was corrected
- 1125879701 2005.09.04 R63-M1-N0-C:J06-U01 2005-09-04-17.21.41.880331 R63-M1-N0-C:J06-U01 RAS KERNEL FATAL external input interrupt (unit=0x02 bit=0x0d): torus sender z+ retransmission error was corrected
- 1125879702 2005.09.04 R63-M1-N8-C:J06-U11 2005-09-04-17.21.42.521174 R63-M1-N8-C:J06-U11 RAS KERNEL FATAL external input interrupt (unit=0x02 bit=0x0d): torus sender z+ retransmission error was corrected
- 1125879702 2005.09.04 R63-M1-N8-C:J10-U01 2005-09-04-17.21.42.581977 R63-M1-N8-C:J10-U01 RAS KERNEL FATAL external input interrupt (unit=0x02 bit=0x0d): torus sender z+ retransmission error was corrected
KERNRTSP 1125879702 2005.09.04 R63-M1-N9-C:J07-U11 2005-09-04-17.21.42.972889 R63-M1-N9-C:J07-U11 RAS KERNEL FATAL rts panic! - stopping execution
KERNRTSP 1125879703 2005.09.04 R63-M1-N9-C:J11-U01 2005-09-04-17.21.43.015706 R63-M1-N9-C:J11-U01 RAS KERNEL FATAL rts panic! - stopping execution
KERNRTSP 1125879703 2005.09.04 R63-M1-N9-C:J07-U01 2005-09-04-17.21.43.033500 R63-M1-N9-C:J07-U01 RAS KERNEL FATAL rts panic! - stopping execution
KERNRTSP 1125879703 2005.09.04 R63-M1-N1-C:J11-U11 2005-09-04-17.21.43.912396 R63-M1-N1-C:J11-U11 RAS KERNEL FATAL rts panic! - stopping execution
KERNRTSP 1125879703 2005.09.04 R63-M1-N1-C:J07-U11 2005-09-04-17.21.43.979653 R63-M1-N1-C:J07-U11 RAS KERNEL FATAL rts panic! - stopping execution
KERNRTSP 1125879704 2005.09.04 R63-M1-N1-C:J07-U01 2005-09-04-17.21.44.048346 R63-M1-N1-C:J07-U01 RAS KERNEL FATAL rts panic! - stopping execution
KERNRTSP 1125879704 2005.09.04 R63-M1-N1-C:J14-U11 2005-09-04-17.21.44.063431 R63-M1-N1-C:J14-U11 RAS KERNEL FATAL rts panic! - stopping execution
KERNRTSP 1125879704 2005.09.04 R62-M1-N7-C:J17-U01 2005-09-04-17.21.44.599740 R62-M1-N7-C:J17-U01 RAS KERNEL FATAL rts panic! - stopping execution
KERNRTSP 1125879704 2005.09.04 R62-M1-N7-C:J04-U01 2005-09-04-17.21.44.767375 R62-M1-N7-C:J04-U01 RAS KERNEL FATAL rts panic! - stopping execution
KERNRTSP 1125879704 2005.09.04 R62-M1-N6-C:J17-U11 2005-09-04-17.21.44.838863 R62-M1-N6-C:J17-U11 RAS KERNEL FATAL rts panic! - stopping execution
KERNRTSP 1125879704 2005.09.04 R62-M1-N6-C:J17-U01 2005-09-04-17.21.44.883693 R62-M1-N6-C:J17-U01 RAS KERNEL FATAL rts panic! - stopping execution
KERNRTSP 1125879705 2005.09.04 R62-M1-N6-C:J12-U01 2005-09-04-17.21.45.007078 R62-M1-N6-C:J12-U01 RAS KERNEL FATAL rts panic! - stopping execution
KERNRTSP 1125879705 2005.09.04 R63-M1-N0-C:J07-U01 2005-09-04-17.21.45.223091 R63-M1-N0-C:J07-U01 RAS KERNEL FATAL rts panic! - stopping execution
KERNRTSP 1125879705 2005.09.04 R63-M1-N0-C:J14-U11 2005-09-04-17.21.45.244906 R63-M1-N0-C:J14-U11 RAS KERNEL FATAL rts panic! - stopping execution
KERNRTSP 1125879705 2005.09.04 R63-M1-N0-C:J06-U01 2005-09-04-17.21.45.354243 R63-M1-N0-C:J06-U01 RAS KERNEL FATAL rts panic! - stopping execution
KERNRTSP 1125879705 2005.09.04 R63-M1-N8-C:J06-U11 2005-09-04-17.21.45.578876 R63-M1-N8-C:J06-U11 RAS KERNEL FATAL rts panic! - stopping execution
KERNRTSP 1125879705 2005.09.04 R63-M1-N8-C:J10-U01 2005-09-04-17.21.45.609454 R63-M1-N8-C:J10-U01 RAS KERNEL FATAL rts panic! - stopping execution
