- 1125792325 2005.09.03 R03-M0-N3-C:J02-U11 2005-09-03-17.05.25.065808 R03-M0-N3-C:J02-U11 RAS KERNEL INFO ddr: activating redundant bit steering: rank=0 symbol=33
- 1125797779 2005.09.03 R03-M0-N3-C:J02-U11 2005-09-03-18.36.19.322369 R03-M0-N3-C:J02-U11 RAS KERNEL INFO 30 ddr errors(s) detected and corrected on rank 0, symbol 33, bit 0
- 1125797779 2005.09.03 R03-M0-N3-C:J02-U11 2005-09-03-18.36.19.427278 R03-M0-N3-C:J02-U11 RAS KERNEL INFO CE sym 33, at 0x00dbd200, mask 0x80
- 1125797779 2005.09.03 R03-M0-N3-C:J02-U11 2005-09-03-18.36.19.448029 R03-M0-N3-C:J02-U11 RAS KERNEL INFO CE sym 33, at 0x00dbd200, mask 0x80
- 1125797779 2005.09.03 R03-M0-N3-C:J02-U11 2005-09-03-18.36.19.468788 R03-M0-N3-C:J02-U11 RAS KERNEL INFO CE sym 33, at 0x00dbd200, mask 0x80
- 1125797779 2005.09.03 R03-M0-N3-C:J02-U11 2005-09-03-18.36.19.489960 R03-M0-N3-C:J02-U11 RAS KERNEL INFO CE sym 33, at 0x00dbd200, mask 0x80
- 1125797779 2005.09.03 R03-M0-N3-C:J02-U11 2005-09-03-18.36.19.510937 R03-M0-N3-C:J02-U11 RAS KERNEL INFO CE sym 33, at 0x00dbd200, mask 0x80
- 1125797779 2005.09.03 R03-M0-N3-C:J02-U11 2005-09-03-18.36.19.531899 R03-M0-N3-C:J02-U11 RAS KERNEL INFO CE sym 33, at 0x00dbd200, mask 0x80
- 1125797779 2005.09.03 R03-M0-N3-C:J02-U11 2005-09-03-18.36.19.553249 R03-M0-N3-C:J02-U11 RAS KERNEL INFO CE sym 33, at 0x00dbd200, mask 0x80
- 1125797779 2005.09.03 R03-M0-N3-C:J02-U11 2005-09-03-18.36.19.579630 R03-M0-N3-C:J02-U11 RAS KERNEL INFO CE sym 33, at 0x00dbd200, mask 0x80
- 1125797779 2005.09.03 R03-M0-N3-C:J02-U11 2005-09-03-18.36.19.600475 R03-M0-N3-C:J02-U11 RAS KERNEL INFO CE sym 33, at 0x00dbd200, mask 0x80
- 1125797779 2005.09.03 R03-M0-N3-C:J02-U11 2005-09-03-18.36.19.621604 R03-M0-N3-C:J02-U11 RAS KERNEL INFO CE sym 33, at 0x00dbd200, mask 0x80
- 1125797779 2005.09.03 R03-M0-N3-C:J02-U11 2005-09-03-18.36.19.642712 R03-M0-N3-C:J02-U11 RAS KERNEL INFO CE sym 33, at 0x00dbd200, mask 0x80
- 1125797779 2005.09.03 R03-M0-N3-C:J02-U11 2005-09-03-18.36.19.663579 R03-M0-N3-C:J02-U11 RAS KERNEL INFO CE sym 33, at 0x00dbd200, mask 0x80
- 1125797779 2005.09.03 R03-M0-N3-C:J02-U11 2005-09-03-18.36.19.684473 R03-M0-N3-C:J02-U11 RAS KERNEL INFO CE sym 33, at 0x00dbd200, mask 0x80
- 1125797779 2005.09.03 R03-M0-N3-C:J02-U11 2005-09-03-18.36.19.705784 R03-M0-N3-C:J02-U11 RAS KERNEL INFO CE sym 33, at 0x00dbd200, mask 0x80
- 1125797779 2005.09.03 R03-M0-N3-C:J02-U11 2005-09-03-18.36.19.726493 R03-M0-N3-C:J02-U11 RAS KERNEL INFO CE sym 33, at 0x00dbd200, mask 0x80
- 1125797779 2005.09.03 R03-M0-N3-C:J02-U11 2005-09-03-18.36.19.747711 R03-M0-N3-C:J02-U11 RAS KERNEL INFO CE sym 33, at 0x00dbd200, mask 0x80
- 1125797779 2005.09.03 R03-M0-N3-C:J02-U11 2005-09-03-18.36.19.780210 R03-M0-N3-C:J02-U11 RAS KERNEL INFO CE sym 33, at 0x00dbd200, mask 0x80
- 1125797779 2005.09.03 R03-M0-N3-C:J02-U11 2005-09-03-18.36.19.801207 R03-M0-N3-C:J02-U11 RAS KERNEL INFO CE sym 33, at 0x00dbd200, mask 0x80
- 1125797779 2005.09.03 R03-M0-N3-C:J02-U11 2005-09-03-18.36.19.822051 R03-M0-N3-C:J02-U11 RAS KERNEL INFO CE sym 33, at 0x00dbd200, mask 0x80
- 1125797779 2005.09.03 R03-M0-N3-C:J02-U11 2005-09-03-18.36.19.840237 R03-M0-N3-C:J02-U11 RAS KERNEL INFO CE sym 33, at 0x00dbd200, mask 0x80
- 1125797779 2005.09.03 R03-M0-N3-C:J02-U11 2005-09-03-18.36.19.867055 R03-M0-N3-C:J02-U11 RAS KERNEL INFO CE sym 33, at 0x00dbd200, mask 0x80
- 1125797779 2005.09.03 R03-M0-N3-C:J02-U11 2005-09-03-18.36.19.887893 R03-M0-N3-C:J02-U11 RAS KERNEL INFO CE sym 33, at 0x00dbd200, mask 0x80
- 1125797779 2005.09.03 R03-M0-N3-C:J02-U11 2005-09-03-18.36.19.905935 R03-M0-N3-C:J02-U11 RAS KERNEL INFO CE sym 33, at 0x00dbd200, mask 0x80
- 1125797779 2005.09.03 R03-M0-N3-C:J02-U11 2005-09-03-18.36.19.926988 R03-M0-N3-C:J02-U11 RAS KERNEL INFO CE sym 33, at 0x00dbd200, mask 0x80
- 1125797779 2005.09.03 R03-M0-N3-C:J02-U11 2005-09-03-18.36.19.947917 R03-M0-N3-C:J02-U11 RAS KERNEL INFO CE sym 33, at 0x00dbd200, mask 0x80
- 1125797779 2005.09.03 R03-M0-N3-C:J02-U11 2005-09-03-18.36.19.975291 R03-M0-N3-C:J02-U11 RAS KERNEL INFO CE sym 33, at 0x00dbd200, mask 0x80
- 1125797779 2005.09.03 R03-M0-N3-C:J02-U11 2005-09-03-18.36.19.995450 R03-M0-N3-C:J02-U11 RAS KERNEL INFO CE sym 33, at 0x00dbd200, mask 0x80
- 1125797780 2005.09.03 R03-M0-N3-C:J02-U11 2005-09-03-18.36.20.016741 R03-M0-N3-C:J02-U11 RAS KERNEL INFO CE sym 33, at 0x00dbd200, mask 0x80
- 1125797780 2005.09.03 R03-M0-N3-C:J02-U11 2005-09-03-18.36.20.037772 R03-M0-N3-C:J02-U11 RAS KERNEL INFO CE sym 33, at 0x00dbd200, mask 0x80
- 1125797780 2005.09.03 R03-M0-N3-C:J02-U11 2005-09-03-18.36.20.058996 R03-M0-N3-C:J02-U11 RAS KERNEL INFO CE sym 33, at 0x00dbd200, mask 0x80
- 1125799217 2005.09.03 R06-M1-N6-C:J15-U01 2005-09-03-19.00.17.089301 R06-M1-N6-C:J15-U01 RAS KERNEL INFO 1 tree receiver 2 in re-synch state event(s) (dcr 0x019a) detected
- 1125799217 2005.09.03 R06-M1-N6-C:J15-U01 2005-09-03-19.00.17.192603 R06-M1-N6-C:J15-U01 RAS KERNEL INFO 1 tree receiver 2 in re-synch state event(s) (dcr 0x019a) detected
- 1125799217 2005.09.03 R15-M0-N3-C:J09-U01 2005-09-03-19.00.17.290877 R15-M0-N3-C:J09-U01 RAS KERNEL INFO 1 ddr errors(s) detected and corrected on rank 0, symbol 2, bit 7
- 1125799217 2005.09.03 R15-M0-N3-C:J09-U01 2005-09-03-19.00.17.751738 R15-M0-N3-C:J09-U01 RAS KERNEL INFO CE sym 2, at 0x0ba04ce0, mask 0x01
- 1125799218 2005.09.03 R15-M0-N3-C:J09-U01 2005-09-03-19.00.18.173250 R15-M0-N3-C:J09-U01 RAS KERNEL INFO total of 1 ddr error(s) detected and corrected
- 1125799374 2005.09.03 R66-M0-N1-C:J05-U01 2005-09-03-19.02.54.823662 R66-M0-N1-C:J05-U01 RAS KERNEL INFO 1 ddr errors(s) detected and corrected on rank 0, symbol 33, bit 3
- 1125799374 2005.09.03 R66-M0-N1-C:J05-U01 2005-09-03-19.02.54.924486 R66-M0-N1-C:J05-U01 RAS KERNEL INFO CE sym 33, at 0x0378ba20, mask 0x10
- 1125799375 2005.09.03 R66-M0-N1-C:J05-U01 2005-09-03-19.02.55.021318 R66-M0-N1-C:J05-U01 RAS KERNEL INFO total of 1 ddr error(s) detected and corrected
- 1125799729 2005.09.03 R32-M1-N9-C:J16-U11 2005-09-03-19.08.49.182621 R32-M1-N9-C:J16-U11 RAS KERNEL INFO 5 ddr errors(s) detected and corrected on rank 0, symbol 15, bit 4
- 1125799729 2005.09.03 R17-M1-N9-C:J08-U01 2005-09-03-19.08.49.226172 R17-M1-N9-C:J08-U01 RAS KERNEL INFO 1 ddr errors(s) detected and corrected on rank 0, symbol 23, bit 0
- 1125799729 2005.09.03 R32-M1-N9-C:J16-U11 2005-09-03-19.08.49.413467 R32-M1-N9-C:J16-U11 RAS KERNEL INFO CE sym 15, at 0x096de080, mask 0x08
- 1125799729 2005.09.03 R17-M1-N9-C:J08-U01 2005-09-03-19.08.49.491802 R17-M1-N9-C:J08-U01 RAS KERNEL INFO 1 ddr errors(s) detected and corrected on rank 0, symbol 23, bit 2
- 1125799729 2005.09.03 R32-M1-N9-C:J16-U11 2005-09-03-19.08.49.712934 R32-M1-N9-C:J16-U11 RAS KERNEL INFO CE sym 15, at 0x093bde80, mask 0x08
- 1125799729 2005.09.03 R17-M1-N9-C:J08-U01 2005-09-03-19.08.49.791208 R17-M1-N9-C:J08-U01 RAS KERNEL INFO CE sym 23, at 0x080bb0c0, mask 0x20
- 1125799729 2005.09.03 R32-M1-N9-C:J16-U11 2005-09-03-19.08.49.961974 R32-M1-N9-C:J16-U11 RAS KERNEL INFO CE sym 15, at 0x096de080, mask 0x08
- 1125799730 2005.09.03 R17-M1-N9-C:J08-U01 2005-09-03-19.08.50.030412 R17-M1-N9-C:J08-U01 RAS KERNEL INFO CE sym 23, at 0x0837b4e0, mask 0x80
- 1125799730 2005.09.03 R32-M1-N9-C:J16-U11 2005-09-03-19.08.50.199725 R32-M1-N9-C:J16-U11 RAS KERNEL INFO CE sym 15, at 0x096de080, mask 0x08
- 1125799730 2005.09.03 R17-M1-N9-C:J08-U01 2005-09-03-19.08.50.233934 R17-M1-N9-C:J08-U01 RAS KERNEL INFO total of 2 ddr error(s) detected and corrected
- 1125799730 2005.09.03 R32-M1-N9-C:J16-U11 2005-09-03-19.08.50.373415 R32-M1-N9-C:J16-U11 RAS KERNEL INFO CE sym 15, at 0x096de080, mask 0x08
- 1125799730 2005.09.03 R32-M1-N9-C:J16-U11 2005-09-03-19.08.50.512249 R32-M1-N9-C:J16-U11 RAS KERNEL INFO total of 5 ddr error(s) detected and corrected
- 1125799861 2005.09.03 R32-M1-N9-C:J16-U11 2005-09-03-19.11.01.156952 R32-M1-N9-C:J16-U11 RAS KERNEL INFO 1 ddr errors(s) detected and corrected on rank 0, symbol 15, bit 4
- 1125799861 2005.09.03 R17-M1-N9-C:J08-U01 2005-09-03-19.11.01.259208 R17-M1-N9-C:J08-U01 RAS KERNEL INFO 1 ddr errors(s) detected and corrected on rank 0, symbol 23, bit 2
- 1125799861 2005.09.03 R32-M1-N9-C:J16-U11 2005-09-03-19.11.01.514132 R32-M1-N9-C:J16-U11 RAS KERNEL INFO CE sym 15, at 0x09cbe080, mask 0x08
- 1125799861 2005.09.03 R17-M1-N9-C:J08-U01 2005-09-03-19.11.01.616235 R17-M1-N9-C:J08-U01 RAS KERNEL INFO CE sym 23, at 0x0811a2c0, mask 0x20
- 1125799861 2005.09.03 R32-M1-N9-C:J16-U11 2005-09-03-19.11.01.883987 R32-M1-N9-C:J16-U11 RAS KERNEL INFO total of 1 ddr error(s) detected and corrected
- 1125799861 2005.09.03 R17-M1-N9-C:J08-U01 2005-09-03-19.11.01.987448 R17-M1-N9-C:J08-U01 RAS KERNEL INFO total of 1 ddr error(s) detected and corrected
- 1125811044 2005.09.03 R66-M0-N1-C:J05-U01 2005-09-03-22.17.24.472689 R66-M0-N1-C:J05-U01 RAS KERNEL INFO 1 ddr errors(s) detected and corrected on rank 0, symbol 33, bit 3
- 1125811044 2005.09.03 R66-M0-N7-C:J12-U01 2005-09-03-22.17.24.595663 R66-M0-N7-C:J12-U01 RAS KERNEL INFO 6 tree receiver 2 in re-synch state event(s) (dcr 0x019a) detected
- 1125811044 2005.09.03 R66-M0-N1-C:J05-U01 2005-09-03-22.17.24.623317 R66-M0-N1-C:J05-U01 RAS KERNEL INFO CE sym 33, at 0x0378ba20, mask 0x10
- 1125811044 2005.09.03 R66-M0-N1-C:J05-U01 2005-09-03-22.17.24.726822 R66-M0-N1-C:J05-U01 RAS KERNEL INFO total of 1 ddr error(s) detected and corrected
- 1125815454 2005.09.03 R54-M1-N4-C:J15-U01 2005-09-03-23.30.54.905467 R54-M1-N4-C:J15-U01 RAS KERNEL INFO 17 ddr errors(s) detected and corrected on rank 0, symbol 33, bit 5
- 1125815455 2005.09.03 R53-M1-N4-C:J09-U01 2005-09-03-23.30.55.389061 R53-M1-N4-C:J09-U01 RAS KERNEL INFO 2 ddr errors(s) detected and corrected on rank 0, symbol 35, bit 4
- 1125815455 2005.09.03 R50-M1-N1-C:J16-U01 2005-09-03-23.30.55.951535 R50-M1-N1-C:J16-U01 RAS KERNEL INFO 2 ddr errors(s) detected and corrected on rank 0, symbol 30, bit 7
- 1125815457 2005.09.03 R42-M1-N7-C:J02-U01 2005-09-03-23.30.57.183183 R42-M1-N7-C:J02-U01 RAS KERNEL INFO 2 ddr errors(s) detected and corrected on rank 0, symbol 26, bit 4
- 1125815457 2005.09.03 R54-M1-N4-C:J15-U01 2005-09-03-23.30.57.583060 R54-M1-N4-C:J15-U01 RAS KERNEL INFO CE sym 33, at 0x04f289a0, mask 0x04
- 1125815457 2005.09.03 R53-M1-N4-C:J09-U01 2005-09-03-23.30.57.714938 R53-M1-N4-C:J09-U01 RAS KERNEL INFO CE sym 35, at 0x171288c0, mask 0x08
- 1125815457 2005.09.03 R50-M1-N1-C:J16-U01 2005-09-03-23.30.57.869757 R50-M1-N1-C:J16-U01 RAS KERNEL INFO CE sym 30, at 0x04004f00, mask 0x01
- 1125815458 2005.09.03 R42-M1-N7-C:J02-U01 2005-09-03-23.30.58.151413 R42-M1-N7-C:J02-U01 RAS KERNEL INFO CE sym 26, at 0x12b4a7e0, mask 0x08
- 1125815458 2005.09.03 R54-M1-N4-C:J15-U01 2005-09-03-23.30.58.396016 R54-M1-N4-C:J15-U01 RAS KERNEL INFO CE sym 33, at 0x04f289a0, mask 0x04
- 1125815458 2005.09.03 R53-M1-N4-C:J09-U01 2005-09-03-23.30.58.534771 R53-M1-N4-C:J09-U01 RAS KERNEL INFO CE sym 35, at 0x171288c0, mask 0x08
- 1125815458 2005.09.03 R50-M1-N1-C:J16-U01 2005-09-03-23.30.58.791625 R50-M1-N1-C:J16-U01 RAS KERNEL INFO CE sym 30, at 0x04004f00, mask 0x01
- 1125815459 2005.09.03 R42-M1-N7-C:J02-U01 2005-09-03-23.30.59.031439 R42-M1-N7-C:J02-U01 RAS KERNEL INFO CE sym 26, at 0x12b4a7e0, mask 0x08
- 1125815459 2005.09.03 R54-M1-N4-C:J15-U01 2005-09-03-23.30.59.282883 R54-M1-N4-C:J15-U01 RAS KERNEL INFO CE sym 33, at 0x04f289a0, mask 0x04
- 1125815459 2005.09.03 R53-M1-N4-C:J09-U01 2005-09-03-23.30.59.353497 R53-M1-N4-C:J09-U01 RAS KERNEL INFO total of 2 ddr error(s) detected and corrected
- 1125815459 2005.09.03 R50-M1-N1-C:J16-U01 2005-09-03-23.30.59.491166 R50-M1-N1-C:J16-U01 RAS KERNEL INFO total of 2 ddr error(s) detected and corrected
- 1125815459 2005.09.03 R42-M1-N7-C:J02-U01 2005-09-03-23.30.59.658567 R42-M1-N7-C:J02-U01 RAS KERNEL INFO total of 2 ddr error(s) detected and corrected
- 1125815459 2005.09.03 R54-M1-N4-C:J15-U01 2005-09-03-23.30.59.875032 R54-M1-N4-C:J15-U01 RAS KERNEL INFO CE sym 33, at 0x04f289a0, mask 0x04
- 1125815460 2005.09.03 R54-M1-N4-C:J15-U01 2005-09-03-23.31.00.208699 R54-M1-N4-C:J15-U01 RAS KERNEL INFO CE sym 33, at 0x04f289a0, mask 0x04
- 1125815460 2005.09.03 R54-M1-N4-C:J15-U01 2005-09-03-23.31.00.497447 R54-M1-N4-C:J15-U01 RAS KERNEL INFO CE sym 33, at 0x04f289a0, mask 0x04
- 1125815460 2005.09.03 R54-M1-N4-C:J15-U01 2005-09-03-23.31.00.821328 R54-M1-N4-C:J15-U01 RAS KERNEL INFO CE sym 33, at 0x04f289a0, mask 0x04
- 1125815461 2005.09.03 R54-M1-N4-C:J15-U01 2005-09-03-23.31.01.114526 R54-M1-N4-C:J15-U01 RAS KERNEL INFO CE sym 33, at 0x04f289a0, mask 0x04
- 1125815461 2005.09.03 R54-M1-N4-C:J15-U01 2005-09-03-23.31.01.366399 R54-M1-N4-C:J15-U01 RAS KERNEL INFO CE sym 33, at 0x04f289a0, mask 0x04
- 1125815461 2005.09.03 R54-M1-N4-C:J15-U01 2005-09-03-23.31.01.563701 R54-M1-N4-C:J15-U01 RAS KERNEL INFO CE sym 33, at 0x04f289a0, mask 0x04
- 1125815461 2005.09.03 R54-M1-N4-C:J15-U01 2005-09-03-23.31.01.767392 R54-M1-N4-C:J15-U01 RAS KERNEL INFO CE sym 33, at 0x04f289a0, mask 0x04
- 1125815461 2005.09.03 R54-M1-N4-C:J15-U01 2005-09-03-23.31.01.953067 R54-M1-N4-C:J15-U01 RAS KERNEL INFO CE sym 33, at 0x04f289a0, mask 0x04
- 1125815462 2005.09.03 R54-M1-N4-C:J15-U01 2005-09-03-23.31.02.139923 R54-M1-N4-C:J15-U01 RAS KERNEL INFO CE sym 33, at 0x04f289a0, mask 0x04
- 1125815462 2005.09.03 R54-M1-N4-C:J15-U01 2005-09-03-23.31.02.354551 R54-M1-N4-C:J15-U01 RAS KERNEL INFO CE sym 33, at 0x04f289a0, mask 0x04
- 1125815462 2005.09.03 R54-M1-N4-C:J15-U01 2005-09-03-23.31.02.521904 R54-M1-N4-C:J15-U01 RAS KERNEL INFO CE sym 33, at 0x04f289a0, mask 0x04
- 1125815462 2005.09.03 R54-M1-N4-C:J15-U01 2005-09-03-23.31.02.683278 R54-M1-N4-C:J15-U01 RAS KERNEL INFO CE sym 33, at 0x04f289a0, mask 0x04
- 1125815462 2005.09.03 R54-M1-N4-C:J15-U01 2005-09-03-23.31.02.864183 R54-M1-N4-C:J15-U01 RAS KERNEL INFO CE sym 33, at 0x04f289a0, mask 0x04
- 1125815463 2005.09.03 R54-M1-N4-C:J15-U01 2005-09-03-23.31.03.039685 R54-M1-N4-C:J15-U01 RAS KERNEL INFO total of 17 ddr error(s) detected and corrected
- 1125815920 2005.09.03 R06-M1-N6-C:J15-U01 2005-09-03-23.38.40.140615 R06-M1-N6-C:J15-U01 RAS KERNEL INFO 6 torus receiver x+ input pipe error(s) (dcr 0x02ec) detected and corrected
- 1125815920 2005.09.03 R06-M1-N6-C:J15-U01 2005-09-03-23.38.40.222518 R06-M1-N6-C:J15-U01 RAS KERNEL INFO 1 torus receiver x- input pipe error(s) (dcr 0x02ed) detected and corrected
- 1125815920 2005.09.03 R06-M1-N4-C:J13-U01 2005-09-03-23.38.40.407272 R06-M1-N4-C:J13-U01 RAS KERNEL INFO 3 ddr errors(s) detected and corrected on rank 0, symbol 33, bit 6
- 1125815920 2005.09.03 R04-M1-N4-C:J17-U11 2005-09-03-23.38.40.500594 R04-M1-N4-C:J17-U11 RAS KERNEL INFO 2 ddr errors(s) detected and corrected on rank 0, symbol 24, bit 7
- 1125815920 2005.09.03 R34-M1-N6-C:J03-U01 2005-09-03-23.38.40.627087 R34-M1-N6-C:J03-U01 RAS KERNEL INFO 4 ddr errors(s) detected and corrected on rank 0, symbol 34, bit 0
- 1125815920 2005.09.03 R12-M1-N6-C:J09-U11 2005-09-03-23.38.40.895355 R12-M1-N6-C:J09-U11 RAS KERNEL INFO 7 ddr errors(s) detected and corrected on rank 0, symbol 31, bit 5
- 1125815922 2005.09.03 R02-M0-N1-C:J14-U01 2005-09-03-23.38.42.931318 R02-M0-N1-C:J14-U01 RAS KERNEL INFO 1 ddr errors(s) detected and corrected on rank 0, symbol 13, bit 2
- 1125815923 2005.09.03 R14-M0-N8-C:J10-U01 2005-09-03-23.38.43.702254 R14-M0-N8-C:J10-U01 RAS KERNEL INFO 1 ddr errors(s) detected and corrected on rank 0, symbol 3, bit 6
- 1125815924 2005.09.03 R33-M0-N5-C:J08-U01 2005-09-03-23.38.44.436399 R33-M0-N5-C:J08-U01 RAS KERNEL INFO 1 ddr errors(s) detected and corrected on rank 0, symbol 6, bit 0
- 1125815924 2005.09.03 R10-M1-N9-C:J06-U11 2005-09-03-23.38.44.707035 R10-M1-N9-C:J06-U11 RAS KERNEL INFO 2 ddr errors(s) detected and corrected on rank 0, symbol 4, bit 7
- 1125815926 2005.09.03 R06-M1-N6-C:J15-U01 2005-09-03-23.38.46.450529 R06-M1-N6-C:J15-U01 RAS KERNEL INFO 1 torus receiver y+ input pipe error(s) (dcr 0x02ee) detected and corrected
- 1125815926 2005.09.03 R06-M1-N6-C:J15-U01 2005-09-03-23.38.46.540911 R06-M1-N6-C:J15-U01 RAS KERNEL INFO 1 torus receiver z+ input pipe error(s) (dcr 0x02f0) detected and corrected
- 1125815926 2005.09.03 R06-M1-N4-C:J13-U01 2005-09-03-23.38.46.810649 R06-M1-N4-C:J13-U01 RAS KERNEL INFO CE sym 33, at 0x07a1bac0, mask 0x02
- 1125815926 2005.09.03 R04-M1-N4-C:J17-U11 2005-09-03-23.38.46.989797 R04-M1-N4-C:J17-U11 RAS KERNEL INFO CE sym 24, at 0x08a2c0c0, mask 0x01
- 1125815927 2005.09.03 R34-M1-N6-C:J03-U01 2005-09-03-23.38.47.270851 R34-M1-N6-C:J03-U01 RAS KERNEL INFO CE sym 34, at 0x041cc780, mask 0x80
- 1125815927 2005.09.03 R12-M1-N6-C:J09-U11 2005-09-03-23.38.47.637720 R12-M1-N6-C:J09-U11 RAS KERNEL INFO CE sym 31, at 0x03cf9420, mask 0x04
- 1125815929 2005.09.03 R02-M0-N1-C:J14-U01 2005-09-03-23.38.49.581704 R02-M0-N1-C:J14-U01 RAS KERNEL INFO CE sym 13, at 0x0302d460, mask 0x20
- 1125815930 2005.09.03 R14-M0-N8-C:J10-U01 2005-09-03-23.38.50.077830 R14-M0-N8-C:J10-U01 RAS KERNEL INFO CE sym 3, at 0x15cca960, mask 0x02
- 1125815930 2005.09.03 R33-M0-N5-C:J08-U01 2005-09-03-23.38.50.755804 R33-M0-N5-C:J08-U01 RAS KERNEL INFO CE sym 6, at 0x0555c1c0, mask 0x80
- 1125815931 2005.09.03 R10-M1-N9-C:J06-U11 2005-09-03-23.38.51.006246 R10-M1-N9-C:J06-U11 RAS KERNEL INFO CE sym 4, at 0x023d3f60, mask 0x01
- 1125815932 2005.09.03 R06-M1-N6-C:J15-U01 2005-09-03-23.38.52.677937 R06-M1-N6-C:J15-U01 RAS KERNEL INFO 2 torus receiver z- input pipe error(s) (dcr 0x02f1) detected and corrected
- 1125815932 2005.09.03 R06-M1-N6-C:J15-U01 2005-09-03-23.38.52.760754 R06-M1-N6-C:J15-U01 RAS KERNEL INFO 7 tree receiver 2 in re-synch state event(s) (dcr 0x019a) detected
- 1125815932 2005.09.03 R06-M1-N4-C:J13-U01 2005-09-03-23.38.52.970649 R06-M1-N4-C:J13-U01 RAS KERNEL INFO CE sym 33, at 0x07a1bac0, mask 0x02
- 1125815933 2005.09.03 R04-M1-N4-C:J17-U11 2005-09-03-23.38.53.054259 R04-M1-N4-C:J17-U11 RAS KERNEL INFO CE sym 24, at 0x08a2c0c0, mask 0x01
- 1125815933 2005.09.03 R34-M1-N6-C:J03-U01 2005-09-03-23.38.53.162108 R34-M1-N6-C:J03-U01 RAS KERNEL INFO CE sym 34, at 0x041cc780, mask 0x80
- 1125815933 2005.09.03 R12-M1-N6-C:J09-U11 2005-09-03-23.38.53.371839 R12-M1-N6-C:J09-U11 RAS KERNEL INFO CE sym 31, at 0x03cf9420, mask 0x04
- 1125815935 2005.09.03 R02-M0-N1-C:J14-U01 2005-09-03-23.38.55.120939 R02-M0-N1-C:J14-U01 RAS KERNEL INFO total of 1 ddr error(s) detected and corrected
- 1125815935 2005.09.03 R14-M0-N8-C:J10-U01 2005-09-03-23.38.55.793815 R14-M0-N8-C:J10-U01 RAS KERNEL INFO total of 1 ddr error(s) detected and corrected
- 1125815936 2005.09.03 R33-M0-N5-C:J08-U01 2005-09-03-23.38.56.439314 R33-M0-N5-C:J08-U01 RAS KERNEL INFO total of 1 ddr error(s) detected and corrected
- 1125815936 2005.09.03 R10-M1-N9-C:J06-U11 2005-09-03-23.38.56.692070 R10-M1-N9-C:J06-U11 RAS KERNEL INFO CE sym 4, at 0x023d3f60, mask 0x01
- 1125815937 2005.09.03 R06-M1-N6-C:J15-U01 2005-09-03-23.38.57.929553 R06-M1-N6-C:J15-U01 RAS KERNEL INFO 7 tree receiver 2 in re-synch state event(s) (dcr 0x019a) detected
- 1125815938 2005.09.03 R06-M1-N4-C:J13-U01 2005-09-03-23.38.58.007408 R06-M1-N4-C:J13-U01 RAS KERNEL INFO CE sym 33, at 0x07a1bac0, mask 0x02
- 1125815938 2005.09.03 R04-M1-N4-C:J17-U11 2005-09-03-23.38.58.130085 R04-M1-N4-C:J17-U11 RAS KERNEL INFO total of 2 ddr error(s) detected and corrected
- 1125815938 2005.09.03 R34-M1-N6-C:J03-U01 2005-09-03-23.38.58.390758 R34-M1-N6-C:J03-U01 RAS KERNEL INFO CE sym 34, at 0x041cc780, mask 0x80
- 1125815938 2005.09.03 R12-M1-N6-C:J09-U11 2005-09-03-23.38.58.977928 R12-M1-N6-C:J09-U11 RAS KERNEL INFO CE sym 31, at 0x03cf9420, mask 0x04
- 1125815941 2005.09.03 R10-M1-N9-C:J06-U11 2005-09-03-23.39.01.133532 R10-M1-N9-C:J06-U11 RAS KERNEL INFO total of 2 ddr error(s) detected and corrected
- 1125815942 2005.09.03 R06-M1-N4-C:J13-U01 2005-09-03-23.39.02.324284 R06-M1-N4-C:J13-U01 RAS KERNEL INFO total of 3 ddr error(s) detected and corrected
- 1125815942 2005.09.03 R34-M1-N6-C:J03-U01 2005-09-03-23.39.02.611595 R34-M1-N6-C:J03-U01 RAS KERNEL INFO CE sym 34, at 0x041cc780, mask 0x80
- 1125815943 2005.09.03 R12-M1-N6-C:J09-U11 2005-09-03-23.39.03.001860 R12-M1-N6-C:J09-U11 RAS KERNEL INFO CE sym 31, at 0x03cf9420, mask 0x04
- 1125815946 2005.09.03 R34-M1-N6-C:J03-U01 2005-09-03-23.39.06.449723 R34-M1-N6-C:J03-U01 RAS KERNEL INFO total of 4 ddr error(s) detected and corrected
- 1125815946 2005.09.03 R12-M1-N6-C:J09-U11 2005-09-03-23.39.06.844894 R12-M1-N6-C:J09-U11 RAS KERNEL INFO CE sym 31, at 0x03cf9420, mask 0x04
- 1125815950 2005.09.03 R12-M1-N6-C:J09-U11 2005-09-03-23.39.10.180879 R12-M1-N6-C:J09-U11 RAS KERNEL INFO CE sym 31, at 0x03cf9420, mask 0x04
- 1125815952 2005.09.03 R12-M1-N6-C:J09-U11 2005-09-03-23.39.12.707739 R12-M1-N6-C:J09-U11 RAS KERNEL INFO CE sym 31, at 0x03cf9420, mask 0x04
- 1125815954 2005.09.03 R12-M1-N6-C:J09-U11 2005-09-03-23.39.14.498254 R12-M1-N6-C:J09-U11 RAS KERNEL INFO total of 7 ddr error(s) detected and corrected
- 1125822829 2005.09.04 R02-M1-N0-C:J05-U11 2005-09-04-01.33.49.731558 R02-M1-N0-C:J05-U11 RAS KERNEL INFO ddr: activating redundant bit steering: rank=0 symbol=18
- 1125824908 2005.09.04 R66-M0-N7-C:J12-U01 2005-09-04-02.08.28.300252 R66-M0-N7-C:J12-U01 RAS KERNEL INFO 1 torus receiver x+ input pipe error(s) (dcr 0x02ec) detected and corrected
- 1125824908 2005.09.04 R66-M0-N7-C:J12-U01 2005-09-04-02.08.28.404680 R66-M0-N7-C:J12-U01 RAS KERNEL INFO 1 torus receiver y+ input pipe error(s) (dcr 0x02ee) detected and corrected
- 1125824908 2005.09.04 R66-M0-N7-C:J12-U01 2005-09-04-02.08.28.512112 R66-M0-N7-C:J12-U01 RAS KERNEL INFO 4 torus receiver z- input pipe error(s) (dcr 0x02f1) detected and corrected
- 1125824908 2005.09.04 R66-M0-N7-C:J12-U01 2005-09-04-02.08.28.537967 R66-M0-N7-C:J12-U01 RAS KERNEL INFO 1 tree receiver 1 in re-synch state event(s) (dcr 0x0185) detected
- 1125824908 2005.09.04 R66-M0-N7-C:J12-U01 2005-09-04-02.08.28.574933 R66-M0-N7-C:J12-U01 RAS KERNEL INFO 110 tree receiver 2 in re-synch state event(s) (dcr 0x019a) detected
- 1125825734 2005.09.04 R17-M1-N9-C:J08-U01 2005-09-04-02.22.14.485932 R17-M1-N9-C:J08-U01 RAS KERNEL INFO ddr: activating redundant bit steering: rank=0 symbol=23
- 1125827211 2005.09.04 R54-M0-N3-C:J03-U01 2005-09-04-02.46.51.620181 R54-M0-N3-C:J03-U01 RAS KERNEL INFO 4 L3 EDRAM error(s) (dcr 0x0157) detected and corrected
- 1125827712 2005.09.04 R06-M1-N6-C:J15-U01 2005-09-04-02.55.12.379644 R06-M1-N6-C:J15-U01 RAS KERNEL INFO 2 torus receiver x+ input pipe error(s) (dcr 0x02ec) detected and corrected
- 1125827713 2005.09.04 R12-M1-N6-C:J09-U11 2005-09-04-02.55.13.074308 R12-M1-N6-C:J09-U11 RAS KERNEL INFO 2 ddr errors(s) detected and corrected on rank 0, symbol 31, bit 5
- 1125827713 2005.09.04 R32-M1-N9-C:J16-U11 2005-09-04-02.55.13.582044 R32-M1-N9-C:J16-U11 RAS KERNEL INFO 3 ddr errors(s) detected and corrected on rank 0, symbol 15, bit 4
- 1125827713 2005.09.04 R02-M1-N0-C:J05-U11 2005-09-04-02.55.13.994850 R02-M1-N0-C:J05-U11 RAS KERNEL INFO 30 ddr errors(s) detected and corrected on rank 0, symbol 18, bit 0
- 1125827714 2005.09.04 R22-M1-N3-C:J06-U01 2005-09-04-02.55.14.072771 R22-M1-N3-C:J06-U01 RAS KERNEL INFO 6 ddr errors(s) detected and corrected on rank 0, symbol 21, bit 4
- 1125827714 2005.09.04 R33-M0-N5-C:J08-U01 2005-09-04-02.55.14.240854 R33-M0-N5-C:J08-U01 RAS KERNEL INFO 1 ddr errors(s) detected and corrected on rank 0, symbol 6, bit 0
- 1125827714 2005.09.04 R17-M1-N9-C:J08-U01 2005-09-04-02.55.14.396752 R17-M1-N9-C:J08-U01 RAS KERNEL INFO 28 ddr errors(s) detected and corrected on rank 0, symbol 23, bit 0
- 1125827715 2005.09.04 R06-M1-N6-C:J15-U01 2005-09-04-02.55.15.154274 R06-M1-N6-C:J15-U01 RAS KERNEL INFO 4 tree receiver 2 in re-synch state event(s) (dcr 0x019a) detected
- 1125827715 2005.09.04 R12-M1-N6-C:J09-U11 2005-09-04-02.55.15.729091 R12-M1-N6-C:J09-U11 RAS KERNEL INFO CE sym 31, at 0x03cf9420, mask 0x04
- 1125827716 2005.09.04 R32-M1-N9-C:J16-U11 2005-09-04-02.55.16.122826 R32-M1-N9-C:J16-U11 RAS KERNEL INFO CE sym 15, at 0x096de080, mask 0x08
- 1125827716 2005.09.04 R02-M1-N0-C:J05-U11 2005-09-04-02.55.16.656038 R02-M1-N0-C:J05-U11 RAS KERNEL INFO CE sym 18, at 0x086609a0, mask 0x80
- 1125827716 2005.09.04 R22-M1-N3-C:J06-U01 2005-09-04-02.55.16.733918 R22-M1-N3-C:J06-U01 RAS KERNEL INFO CE sym 21, at 0x047cc0c0, mask 0x08
- 1125827716 2005.09.04 R33-M0-N5-C:J08-U01 2005-09-04-02.55.16.889267 R33-M0-N5-C:J08-U01 RAS KERNEL INFO CE sym 6, at 0x0555c1c0, mask 0x80
- 1125827717 2005.09.04 R17-M1-N9-C:J08-U01 2005-09-04-02.55.17.009401 R17-M1-N9-C:J08-U01 RAS KERNEL INFO 2 ddr errors(s) detected and corrected on rank 0, symbol 23, bit 2
- 1125827718 2005.09.04 R12-M1-N6-C:J09-U11 2005-09-04-02.55.18.241042 R12-M1-N6-C:J09-U11 RAS KERNEL INFO CE sym 31, at 0x03cf9420, mask 0x04
- 1125827718 2005.09.04 R32-M1-N9-C:J16-U11 2005-09-04-02.55.18.630908 R32-M1-N9-C:J16-U11 RAS KERNEL INFO CE sym 15, at 0x0935de80, mask 0x08
- 1125827719 2005.09.04 R02-M1-N0-C:J05-U11 2005-09-04-02.55.19.036931 R02-M1-N0-C:J05-U11 RAS KERNEL INFO CE sym 18, at 0x08663380, mask 0x80
- 1125827719 2005.09.04 R22-M1-N3-C:J06-U01 2005-09-04-02.55.19.121748 R22-M1-N3-C:J06-U01 RAS KERNEL INFO CE sym 21, at 0x047cc0c0, mask 0x08
- 1125827719 2005.09.04 R33-M0-N5-C:J08-U01 2005-09-04-02.55.19.276334 R33-M0-N5-C:J08-U01 RAS KERNEL INFO total of 1 ddr error(s) detected and corrected
- 1125827719 2005.09.04 R17-M1-N9-C:J08-U01 2005-09-04-02.55.19.438538 R17-M1-N9-C:J08-U01 RAS KERNEL INFO CE sym 23, at 0x081daea0, mask 0x80
- 1125827719 2005.09.04 R12-M1-N6-C:J09-U11 2005-09-04-02.55.19.941254 R12-M1-N6-C:J09-U11 RAS KERNEL INFO total of 2 ddr error(s) detected and corrected
- 1125827720 2005.09.04 R32-M1-N9-C:J16-U11 2005-09-04-02.55.20.107192 R32-M1-N9-C:J16-U11 RAS KERNEL INFO CE sym 15, at 0x0935de80, mask 0x08
- 1125827720 2005.09.04 R02-M1-N0-C:J05-U11 2005-09-04-02.55.20.364515 R02-M1-N0-C:J05-U11 RAS KERNEL INFO CE sym 18, at 0x086673e0, mask 0x80
- 1125827720 2005.09.04 R22-M1-N3-C:J06-U01 2005-09-04-02.55.20.449270 R22-M1-N3-C:J06-U01 RAS KERNEL INFO CE sym 21, at 0x047cc0c0, mask 0x08
- 1125827720 2005.09.04 R17-M1-N9-C:J08-U01 2005-09-04-02.55.20.700156 R17-M1-N9-C:J08-U01 RAS KERNEL INFO CE sym 23, at 0x081daea0, mask 0x80
- 1125827721 2005.09.04 R32-M1-N9-C:J16-U11 2005-09-04-02.55.21.215530 R32-M1-N9-C:J16-U11 RAS KERNEL INFO total of 3 ddr error(s) detected and corrected
- 1125827721 2005.09.04 R02-M1-N0-C:J05-U11 2005-09-04-02.55.21.537986 R02-M1-N0-C:J05-U11 RAS KERNEL INFO CE sym 18, at 0x08670bc0, mask 0x80
- 1125827721 2005.09.04 R22-M1-N3-C:J06-U01 2005-09-04-02.55.21.626381 R22-M1-N3-C:J06-U01 RAS KERNEL INFO CE sym 21, at 0x047cc0c0, mask 0x08
- 1125827721 2005.09.04 R17-M1-N9-C:J08-U01 2005-09-04-02.55.21.897003 R17-M1-N9-C:J08-U01 RAS KERNEL INFO CE sym 23, at 0x081daea0, mask 0x80
- 1125827722 2005.09.04 R02-M1-N0-C:J05-U11 2005-09-04-02.55.22.398290 R02-M1-N0-C:J05-U11 RAS KERNEL INFO CE sym 18, at 0x086737a0, mask 0x80
- 1125827722 2005.09.04 R22-M1-N3-C:J06-U01 2005-09-04-02.55.22.488381 R22-M1-N3-C:J06-U01 RAS KERNEL INFO CE sym 21, at 0x047cc0c0, mask 0x08
- 1125827722 2005.09.04 R17-M1-N9-C:J08-U01 2005-09-04-02.55.22.668969 R17-M1-N9-C:J08-U01 RAS KERNEL INFO CE sym 23, at 0x0831b0c0, mask 0x20
- 1125827723 2005.09.04 R02-M1-N0-C:J05-U11 2005-09-04-02.55.23.200787 R02-M1-N0-C:J05-U11 RAS KERNEL INFO CE sym 18, at 0x0867b7a0, mask 0x80
- 1125827723 2005.09.04 R22-M1-N3-C:J06-U01 2005-09-04-02.55.23.296645 R22-M1-N3-C:J06-U01 RAS KERNEL INFO CE sym 21, at 0x047cc0c0, mask 0x08
- 1125827723 2005.09.04 R17-M1-N9-C:J08-U01 2005-09-04-02.55.23.386935 R17-M1-N9-C:J08-U01 RAS KERNEL INFO CE sym 23, at 0x081daea0, mask 0x80
- 1125827723 2005.09.04 R02-M1-N0-C:J05-U11 2005-09-04-02.55.23.865392 R02-M1-N0-C:J05-U11 RAS KERNEL INFO CE sym 18, at 0x0867e180, mask 0x80
- 1125827723 2005.09.04 R22-M1-N3-C:J06-U01 2005-09-04-02.55.23.943334 R22-M1-N3-C:J06-U01 RAS KERNEL INFO total of 6 ddr error(s) detected and corrected
- 1125827724 2005.09.04 R17-M1-N9-C:J08-U01 2005-09-04-02.55.24.027082 R17-M1-N9-C:J08-U01 RAS KERNEL INFO CE sym 23, at 0x081daea0, mask 0x80
- 1125827724 2005.09.04 R02-M1-N0-C:J05-U11 2005-09-04-02.55.24.530892 R02-M1-N0-C:J05-U11 RAS KERNEL INFO CE sym 18, at 0x0867f780, mask 0x80
- 1125827724 2005.09.04 R17-M1-N9-C:J08-U01 2005-09-04-02.55.24.617543 R17-M1-N9-C:J08-U01 RAS KERNEL INFO CE sym 23, at 0x081daea0, mask 0x80
- 1125827724 2005.09.04 R02-M1-N0-C:J05-U11 2005-09-04-02.55.24.993541 R02-M1-N0-C:J05-U11 RAS KERNEL INFO CE sym 18, at 0x0867f9e0, mask 0x80
- 1125827725 2005.09.04 R17-M1-N9-C:J08-U01 2005-09-04-02.55.25.029747 R17-M1-N9-C:J08-U01 RAS KERNEL INFO CE sym 23, at 0x081daea0, mask 0x80
- 1125827725 2005.09.04 R02-M1-N0-C:J05-U11 2005-09-04-02.55.25.574092 R02-M1-N0-C:J05-U11 RAS KERNEL INFO CE sym 18, at 0x086823c0, mask 0x80
- 1125827725 2005.09.04 R17-M1-N9-C:J08-U01 2005-09-04-02.55.25.658432 R17-M1-N9-C:J08-U01 RAS KERNEL INFO CE sym 23, at 0x081daea0, mask 0x80
- 1125827726 2005.09.04 R02-M1-N0-C:J05-U11 2005-09-04-02.55.26.077139 R02-M1-N0-C:J05-U11 RAS KERNEL INFO CE sym 18, at 0x08680fc0, mask 0x80
- 1125827726 2005.09.04 R17-M1-N9-C:J08-U01 2005-09-04-02.55.26.162556 R17-M1-N9-C:J08-U01 RAS KERNEL INFO CE sym 23, at 0x081daea0, mask 0x80
- 1125827726 2005.09.04 R02-M1-N0-C:J05-U11 2005-09-04-02.55.26.574521 R02-M1-N0-C:J05-U11 RAS KERNEL INFO CE sym 18, at 0x08684fa0, mask 0x80
- 1125827726 2005.09.04 R17-M1-N9-C:J08-U01 2005-09-04-02.55.26.663865 R17-M1-N9-C:J08-U01 RAS KERNEL INFO CE sym 23, at 0x081daea0, mask 0x80
- 1125827727 2005.09.04 R02-M1-N0-C:J05-U11 2005-09-04-02.55.27.094782 R02-M1-N0-C:J05-U11 RAS KERNEL INFO CE sym 18, at 0x08687980, mask 0x80
- 1125827727 2005.09.04 R17-M1-N9-C:J08-U01 2005-09-04-02.55.27.177785 R17-M1-N9-C:J08-U01 RAS KERNEL INFO CE sym 23, at 0x081daea0, mask 0x80
- 1125827727 2005.09.04 R02-M1-N0-C:J05-U11 2005-09-04-02.55.27.506916 R02-M1-N0-C:J05-U11 RAS KERNEL INFO CE sym 18, at 0x08686580, mask 0x80
- 1125827727 2005.09.04 R17-M1-N9-C:J08-U01 2005-09-04-02.55.27.590971 R17-M1-N9-C:J08-U01 RAS KERNEL INFO CE sym 23, at 0x081daea0, mask 0x80
- 1125827727 2005.09.04 R02-M1-N0-C:J05-U11 2005-09-04-02.55.27.913104 R02-M1-N0-C:J05-U11 RAS KERNEL INFO CE sym 18, at 0x0868a5c0, mask 0x80
- 1125827727 2005.09.04 R17-M1-N9-C:J08-U01 2005-09-04-02.55.27.998114 R17-M1-N9-C:J08-U01 RAS KERNEL INFO CE sym 23, at 0x081daea0, mask 0x80
- 1125827728 2005.09.04 R02-M1-N0-C:J05-U11 2005-09-04-02.55.28.320189 R02-M1-N0-C:J05-U11 RAS KERNEL INFO CE sym 18, at 0x0868b9c0, mask 0x80
- 1125827728 2005.09.04 R17-M1-N9-C:J08-U01 2005-09-04-02.55.28.411086 R17-M1-N9-C:J08-U01 RAS KERNEL INFO CE sym 23, at 0x081daea0, mask 0x80
- 1125827728 2005.09.04 R02-M1-N0-C:J05-U11 2005-09-04-02.55.28.733426 R02-M1-N0-C:J05-U11 RAS KERNEL INFO CE sym 18, at 0x0868cfa0, mask 0x80
- 1125827728 2005.09.04 R17-M1-N9-C:J08-U01 2005-09-04-02.55.28.918253 R17-M1-N9-C:J08-U01 RAS KERNEL INFO CE sym 23, at 0x081daea0, mask 0x80
- 1125827729 2005.09.04 R02-M1-N0-C:J05-U11 2005-09-04-02.55.29.265001 R02-M1-N0-C:J05-U11 RAS KERNEL INFO CE sym 18, at 0x0868bba0, mask 0x80
- 1125827729 2005.09.04 R17-M1-N9-C:J08-U01 2005-09-04-02.55.29.338884 R17-M1-N9-C:J08-U01 RAS KERNEL INFO CE sym 23, at 0x081daea0, mask 0x80
- 1125827729 2005.09.04 R02-M1-N0-C:J05-U11 2005-09-04-02.55.29.636781 R02-M1-N0-C:J05-U11 RAS KERNEL INFO CE sym 18, at 0x0868d180, mask 0x80
- 1125827729 2005.09.04 R17-M1-N9-C:J08-U01 2005-09-04-02.55.29.721719 R17-M1-N9-C:J08-U01 RAS KERNEL INFO CE sym 23, at 0x080bb0c0, mask 0x20
- 1125827729 2005.09.04 R02-M1-N0-C:J05-U11 2005-09-04-02.55.29.960544 R02-M1-N0-C:J05-U11 RAS KERNEL INFO CE sym 18, at 0x0868e580, mask 0x80
- 1125827730 2005.09.04 R17-M1-N9-C:J08-U01 2005-09-04-02.55.30.045105 R17-M1-N9-C:J08-U01 RAS KERNEL INFO CE sym 23, at 0x081daea0, mask 0x80
- 1125827730 2005.09.04 R02-M1-N0-C:J05-U11 2005-09-04-02.55.30.283781 R02-M1-N0-C:J05-U11 RAS KERNEL INFO CE sym 18, at 0x08690f80, mask 0x80
- 1125827730 2005.09.04 R17-M1-N9-C:J08-U01 2005-09-04-02.55.30.367794 R17-M1-N9-C:J08-U01 RAS KERNEL INFO CE sym 23, at 0x081daea0, mask 0x80
- 1125827730 2005.09.04 R02-M1-N0-C:J05-U11 2005-09-04-02.55.30.607542 R02-M1-N0-C:J05-U11 RAS KERNEL INFO CE sym 18, at 0x086925c0, mask 0x80
- 1125827730 2005.09.04 R17-M1-N9-C:J08-U01 2005-09-04-02.55.30.642658 R17-M1-N9-C:J08-U01 RAS KERNEL INFO CE sym 23, at 0x081daea0, mask 0x80
- 1125827730 2005.09.04 R02-M1-N0-C:J05-U11 2005-09-04-02.55.30.802299 R02-M1-N0-C:J05-U11 RAS KERNEL INFO CE sym 18, at 0x086927c0, mask 0x80
- 1125827730 2005.09.04 R17-M1-N9-C:J08-U01 2005-09-04-02.55.30.892265 R17-M1-N9-C:J08-U01 RAS KERNEL INFO CE sym 23, at 0x081daea0, mask 0x80
- 1125827731 2005.09.04 R02-M1-N0-C:J05-U11 2005-09-04-02.55.31.125894 R02-M1-N0-C:J05-U11 RAS KERNEL INFO CE sym 18, at 0x086951a0, mask 0x80
- 1125827731 2005.09.04 R17-M1-N9-C:J08-U01 2005-09-04-02.55.31.210067 R17-M1-N9-C:J08-U01 RAS KERNEL INFO CE sym 23, at 0x081daea0, mask 0x80
- 1125827731 2005.09.04 R02-M1-N0-C:J05-U11 2005-09-04-02.55.31.454936 R02-M1-N0-C:J05-U11 RAS KERNEL INFO CE sym 18, at 0x08693da0, mask 0x80
- 1125827731 2005.09.04 R17-M1-N9-C:J08-U01 2005-09-04-02.55.31.539572 R17-M1-N9-C:J08-U01 RAS KERNEL INFO CE sym 23, at 0x081daea0, mask 0x80
- 1125827731 2005.09.04 R02-M1-N0-C:J05-U11 2005-09-04-02.55.31.760477 R02-M1-N0-C:J05-U11 RAS KERNEL INFO CE sym 18, at 0x08697d80, mask 0x80
- 1125827731 2005.09.04 R17-M1-N9-C:J08-U01 2005-09-04-02.55.31.796509 R17-M1-N9-C:J08-U01 RAS KERNEL INFO CE sym 23, at 0x081daea0, mask 0x80
- 1125827731 2005.09.04 R02-M1-N0-C:J05-U11 2005-09-04-02.55.31.966091 R02-M1-N0-C:J05-U11 RAS KERNEL INFO CE sym 18, at 0x086993e0, mask 0x80
- 1125827732 2005.09.04 R17-M1-N9-C:J08-U01 2005-09-04-02.55.32.001910 R17-M1-N9-C:J08-U01 RAS KERNEL INFO CE sym 23, at 0x081daea0, mask 0x80
- 1125827732 2005.09.04 R02-M1-N0-C:J05-U11 2005-09-04-02.55.32.191901 R02-M1-N0-C:J05-U11 RAS KERNEL INFO CE sym 18, at 0x0869d1c0, mask 0x80
- 1125827732 2005.09.04 R17-M1-N9-C:J08-U01 2005-09-04-02.55.32.275333 R17-M1-N9-C:J08-U01 RAS KERNEL INFO CE sym 23, at 0x081daea0, mask 0x80
- 1125827732 2005.09.04 R02-M1-N0-C:J05-U11 2005-09-04-02.55.32.507537 R02-M1-N0-C:J05-U11 RAS KERNEL INFO CE sym 18, at 0x0869e7c0, mask 0x80
- 1125827732 2005.09.04 R17-M1-N9-C:J08-U01 2005-09-04-02.55.32.593742 R17-M1-N9-C:J08-U01 RAS KERNEL INFO CE sym 23, at 0x081daea0, mask 0x80
- 1125827732 2005.09.04 R02-M1-N0-C:J05-U11 2005-09-04-02.55.32.838035 R02-M1-N0-C:J05-U11 RAS KERNEL INFO CE sym 18, at 0x0869ffc0, mask 0x80
- 1125827732 2005.09.04 R17-M1-N9-C:J08-U01 2005-09-04-02.55.32.922027 R17-M1-N9-C:J08-U01 RAS KERNEL INFO CE sym 23, at 0x081daea0, mask 0x80
- 1125827733 2005.09.04 R17-M1-N9-C:J08-U01 2005-09-04-02.55.33.098463 R17-M1-N9-C:J08-U01 RAS KERNEL INFO CE sym 23, at 0x081daea0, mask 0x80
- 1125827849 2005.09.04 R32-M1-N9-C:J16-U11 2005-09-04-02.57.29.836753 R32-M1-N9-C:J16-U11 RAS KERNEL INFO 1 ddr errors(s) detected and corrected on rank 0, symbol 15, bit 4
- 1125827850 2005.09.04 R32-M1-N9-C:J16-U11 2005-09-04-02.57.30.266526 R32-M1-N9-C:J16-U11 RAS KERNEL INFO CE sym 15, at 0x096de080, mask 0x08
- 1125827850 2005.09.04 R32-M1-N9-C:J16-U11 2005-09-04-02.57.30.780603 R32-M1-N9-C:J16-U11 RAS KERNEL INFO total of 1 ddr error(s) detected and corrected
- 1125847619 2005.09.04 R72-M0-N5-C:J07-U11 2005-09-04-08.26.59.668036 R72-M0-N5-C:J07-U11 RAS KERNEL INFO 1 ddr errors(s) detected and corrected on rank 0, symbol 16, bit 6
- 1125847620 2005.09.04 R72-M0-N5-C:J07-U11 2005-09-04-08.27.00.053524 R72-M0-N5-C:J07-U11 RAS KERNEL INFO CE sym 16, at 0x073a9600, mask 0x02
- 1125847620 2005.09.04 R72-M0-N5-C:J07-U11 2005-09-04-08.27.00.218387 R72-M0-N5-C:J07-U11 RAS KERNEL INFO total of 1 ddr error(s) detected and corrected
- 1125857805 2005.09.04 R63-M0-N0-C:J04-U01 2005-09-04-11.16.45.853199 R63-M0-N0-C:J04-U01 RAS KERNEL INFO 1 ddr errors(s) detected and corrected on rank 0, symbol 2, bit 4
- 1125857805 2005.09.04 R63-M0-N0-C:J04-U01 2005-09-04-11.16.45.886064 R63-M0-N0-C:J04-U01 RAS KERNEL INFO CE sym 2, at 0x06018e00, mask 0x08
- 1125857805 2005.09.04 R63-M0-N0-C:J04-U01 2005-09-04-11.16.45.922122 R63-M0-N0-C:J04-U01 RAS KERNEL INFO total of 1 ddr error(s) detected and corrected
- 1125870788 2005.09.04 R10-M0-N7-C:J17-U01 2005-09-04-14.53.08.166286 R10-M0-N7-C:J17-U01 RAS KERNEL INFO 1 ddr errors(s) detected and corrected on rank 0, symbol 14, bit 7
- 1125870789 2005.09.04 R10-M0-N7-C:J17-U01 2005-09-04-14.53.09.053825 R10-M0-N7-C:J17-U01 RAS KERNEL INFO CE sym 14, at 0x145e5be0, mask 0x01
- 1125870789 2005.09.04 R10-M0-N7-C:J17-U01 2005-09-04-14.53.09.762487 R10-M0-N7-C:J17-U01 RAS KERNEL INFO total of 1 ddr error(s) detected and corrected
- 1125871192 2005.09.04 R10-M0-N7-C:J17-U01 2005-09-04-14.59.52.128850 R10-M0-N7-C:J17-U01 RAS KERNEL INFO 1 ddr errors(s) detected and corrected on rank 0, symbol 14, bit 7
- 1125871193 2005.09.04 R10-M0-N7-C:J17-U01 2005-09-04-14.59.53.780029 R10-M0-N7-C:J17-U01 RAS KERNEL INFO CE sym 14, at 0x145e5be0, mask 0x01
- 1125871197 2005.09.04 R10-M0-N7-C:J17-U01 2005-09-04-14.59.57.449571 R10-M0-N7-C:J17-U01 RAS KERNEL INFO total of 1 ddr error(s) detected and corrected
- 1125871971 2005.09.04 R10-M0-N7-C:J17-U01 2005-09-04-15.12.51.554252 R10-M0-N7-C:J17-U01 RAS KERNEL INFO 1 ddr errors(s) detected and corrected on rank 0, symbol 14, bit 7
- 1125871971 2005.09.04 R10-M0-N7-C:J17-U01 2005-09-04-15.12.51.784352 R10-M0-N7-C:J17-U01 RAS KERNEL INFO CE sym 14, at 0x145e5be0, mask 0x01
- 1125871971 2005.09.04 R10-M0-N7-C:J17-U01 2005-09-04-15.12.51.995774 R10-M0-N7-C:J17-U01 RAS KERNEL INFO total of 1 ddr error(s) detected and corrected
- 1125879133 2005.09.04 R63-M1-N1-C:J06-U01 2005-09-04-17.12.13.483879 R63-M1-N1-C:J06-U01 RAS KERNEL INFO critical input interrupt (unit=0x0b bit=0x0a): warning for torus z+ wire
- 1125879133 2005.09.04 R63-M1-N1-C:J06-U01 2005-09-04-17.12.13.563904 R63-M1-N1-C:J06-U01 RAS KERNEL INFO suppressing further interrupts of same type
- 1125879135 2005.09.04 R65-M0-N7-C:J15-U11 2005-09-04-17.12.15.432340 R65-M0-N7-C:J15-U11 RAS KERNEL INFO critical input interrupt (unit=0x0b bit=0x06): warning for torus y+ wire
- 1125879135 2005.09.04 R65-M0-N2-C:J15-U11 2005-09-04-17.12.15.484714 R65-M0-N2-C:J15-U11 RAS KERNEL INFO critical input interrupt (unit=0x0b bit=0x06): warning for torus y+ wire
- 1125879135 2005.09.04 R63-M1-N8-C:J11-U11 2005-09-04-17.12.15.509810 R63-M1-N8-C:J11-U11 RAS KERNEL INFO critical input interrupt (unit=0x0b bit=0x0a): warning for torus z+ wire
- 1125879135 2005.09.04 R63-M1-N8-C:J11-U11 2005-09-04-17.12.15.576813 R63-M1-N8-C:J11-U11 RAS KERNEL INFO suppressing further interrupts of same type
- 1125879135 2005.09.04 R65-M0-N7-C:J15-U11 2005-09-04-17.12.15.715438 R65-M0-N7-C:J15-U11 RAS KERNEL INFO suppressing further interrupts of same type
- 1125879135 2005.09.04 R65-M0-N2-C:J15-U11 2005-09-04-17.12.15.733277 R65-M0-N2-C:J15-U11 RAS KERNEL INFO suppressing further interrupts of same type
- 1125879141 2005.09.04 R63-M1-N0-C:J02-U01 2005-09-04-17.12.21.151754 R63-M1-N0-C:J02-U01 RAS KERNEL INFO critical input interrupt (unit=0x0b bit=0x0a): warning for torus z+ wire
- 1125879141 2005.09.04 R63-M1-N0-C:J02-U01 2005-09-04-17.12.21.212166 R63-M1-N0-C:J02-U01 RAS KERNEL INFO suppressing further interrupts of same type
- 1125879143 2005.09.04 R65-M0-N4-C:J09-U11 2005-09-04-17.12.23.996970 R65-M0-N4-C:J09-U11 RAS KERNEL FATAL external input interrupt (unit=0x02 bit=0x0b): torus sender y+ retransmission error was corrected
- 1125879144 2005.09.04 R65-M0-N7-C:J09-U11 2005-09-04-17.12.24.236680 R65-M0-N7-C:J09-U11 RAS KERNEL FATAL external input interrupt (unit=0x02 bit=0x0b): torus sender y+ retransmission error was corrected
- 1125879144 2005.09.04 R65-M0-N3-C:J09-U11 2005-09-04-17.12.24.619780 R65-M0-N3-C:J09-U11 RAS KERNEL FATAL external input interrupt (unit=0x02 bit=0x0b): torus sender y+ retransmission error was corrected
- 1125879144 2005.09.04 R65-M0-N3-C:J13-U11 2005-09-04-17.12.24.837257 R65-M0-N3-C:J13-U11 RAS KERNEL FATAL external input interrupt (unit=0x02 bit=0x0b): torus sender y+ retransmission error was corrected
- 1125879144 2005.09.04 R65-M0-N3-C:J17-U11 2005-09-04-17.12.24.865797 R65-M0-N3-C:J17-U11 RAS KERNEL FATAL external input interrupt (unit=0x02 bit=0x0b): torus sender y+ retransmission error was corrected
- 1125879145 2005.09.04 R65-M0-N1-C:J09-U11 2005-09-04-17.12.25.231117 R65-M0-N1-C:J09-U11 RAS KERNEL FATAL external input interrupt (unit=0x02 bit=0x0b): torus sender y+ retransmission error was corrected
- 1125879145 2005.09.04 R65-M0-N2-C:J15-U11 2005-09-04-17.12.25.778397 R65-M0-N2-C:J15-U11 RAS KERNEL FATAL external input interrupt (unit=0x02 bit=0x0b): torus sender y+ retransmission error was corrected
- 1125879145 2005.09.04 R65-M0-N2-C:J03-U11 2005-09-04-17.12.25.936778 R65-M0-N2-C:J03-U11 RAS KERNEL FATAL external input interrupt (unit=0x02 bit=0x0b): torus sender y+ retransmission error was corrected
- 1125879145 2005.09.04 R65-M0-N5-C:J09-U11 2005-09-04-17.12.25.990182 R65-M0-N5-C:J09-U11 RAS KERNEL FATAL external input interrupt (unit=0x02 bit=0x0b): torus sender y+ retransmission error was corrected
- 1125879146 2005.09.04 R65-M0-N0-C:J13-U11 2005-09-04-17.12.26.247845 R65-M0-N0-C:J13-U11 RAS KERNEL FATAL external input interrupt (unit=0x02 bit=0x0b): torus sender y+ retransmission error was corrected
- 1125879146 2005.09.04 R61-M0-N9-C:J14-U01 2005-09-04-17.12.26.786608 R61-M0-N9-C:J14-U01 RAS KERNEL FATAL external input interrupt (unit=0x02 bit=0x0c): torus sender y- retransmission error was corrected
- 1125879147 2005.09.04 R61-M0-N9-C:J06-U01 2005-09-04-17.12.27.019347 R61-M0-N9-C:J06-U01 RAS KERNEL FATAL external input interrupt (unit=0x02 bit=0x0c): torus sender y- retransmission error was corrected
- 1125879147 2005.09.04 R61-M0-N8-C:J14-U01 2005-09-04-17.12.27.389230 R61-M0-N8-C:J14-U01 RAS KERNEL FATAL external input interrupt (unit=0x02 bit=0x0c): torus sender y- retransmission error was corrected
- 1125879147 2005.09.04 R61-M0-N8-C:J16-U01 2005-09-04-17.12.27.467473 R61-M0-N8-C:J16-U01 RAS KERNEL FATAL external input interrupt (unit=0x02 bit=0x0c): torus sender y- retransmission error was corrected
KERNRTSP 1125879148 2005.09.04 R65-M0-N7-C:J09-U11 2005-09-04-17.12.28.091887 R65-M0-N7-C:J09-U11 RAS KERNEL FATAL rts panic! - stopping execution
- 1125879148 2005.09.04 R65-M0-N7-C:J15-U11 2005-09-04-17.12.28.164612 R65-M0-N7-C:J15-U11 RAS KERNEL FATAL external input interrupt (unit=0x02 bit=0x0b): torus sender y+ retransmission error was corrected
- 1125879148 2005.09.04 R65-M0-N7-C:J03-U11 2005-09-04-17.12.28.415291 R65-M0-N7-C:J03-U11 RAS KERNEL FATAL external input interrupt (unit=0x02 bit=0x0b): torus sender y+ retransmission error was corrected
KERNRTSP 1125879148 2005.09.04 R65-M0-N3-C:J09-U11 2005-09-04-17.12.28.456465 R65-M0-N3-C:J09-U11 RAS KERNEL FATAL rts panic! - stopping execution
KERNRTSP 1125879148 2005.09.04 R65-M0-N3-C:J13-U11 2005-09-04-17.12.28.510294 R65-M0-N3-C:J13-U11 RAS KERNEL FATAL rts panic! - stopping execution
KERNRTSP 1125879148 2005.09.04 R65-M0-N3-C:J17-U11 2005-09-04-17.12.28.526974 R65-M0-N3-C:J17-U11 RAS KERNEL FATAL rts panic! - stopping execution
KERNRTSP 1125879148 2005.09.04 R65-M0-N1-C:J09-U11 2005-09-04-17.12.28.604511 R65-M0-N1-C:J09-U11 RAS KERNEL FATAL rts panic! - stopping execution
KERNRTSP 1125879148 2005.09.04 R65-M0-N2-C:J15-U11 2005-09-04-17.12.28.701568 R65-M0-N2-C:J15-U11 RAS KERNEL FATAL rts panic! - stopping execution
KERNRTSP 1125879148 2005.09.04 R65-M0-N2-C:J03-U11 2005-09-04-17.12.28.879690 R65-M0-N2-C:J03-U11 RAS KERNEL FATAL rts panic! - stopping execution
KERNRTSP 1125879148 2005.09.04 R65-M0-N5-C:J09-U11 2005-09-04-17.12.28.913105 R65-M0-N5-C:J09-U11 RAS KERNEL FATAL rts panic! - stopping execution
- 1125879149 2005.09.04 R65-M0-N6-C:J09-U11 2005-09-04-17.12.29.062569 R65-M0-N6-C:J09-U11 RAS KERNEL FATAL external input interrupt (unit=0x02 bit=0x0b): torus sender y+ retransmission error was corrected
- 1125879149 2005.09.04 R65-M0-N6-C:J11-U11 2005-09-04-17.12.29.127502 R65-M0-N6-C:J11-U11 RAS KERNEL FATAL external input interrupt (unit=0x02 bit=0x0b): torus sender y+ retransmission error was corrected
- 1125879149 2005.09.04 R65-M0-N6-C:J05-U11 2005-09-04-17.12.29.269145 R65-M0-N6-C:J05-U11 RAS KERNEL FATAL external input interrupt (unit=0x02 bit=0x0b): torus sender y+ retransmission error was corrected
KERNRTSP 1125879149 2005.09.04 R65-M0-N4-C:J09-U11 2005-09-04-17.12.29.794264 R65-M0-N4-C:J09-U11 RAS KERNEL FATAL rts panic! - stopping execution
KERNRTSP 1125879150 2005.09.04 R65-M0-N0-C:J13-U11 2005-09-04-17.12.30.173970 R65-M0-N0-C:J13-U11 RAS KERNEL FATAL rts panic! - stopping execution
KERNRTSP 1125879150 2005.09.04 R61-M0-N9-C:J14-U01 2005-09-04-17.12.30.956475 R61-M0-N9-C:J14-U01 RAS KERNEL FATAL rts panic! - stopping execution
KERNRTSP 1125879151 2005.09.04 R61-M0-N9-C:J06-U01 2005-09-04-17.12.31.082434 R61-M0-N9-C:J06-U01 RAS KERNEL FATAL rts panic! - stopping execution
KERNRTSP 1125879151 2005.09.04 R61-M0-N8-C:J14-U01 2005-09-04-17.12.31.388287 R61-M0-N8-C:J14-U01 RAS KERNEL FATAL rts panic! - stopping execution
KERNRTSP 1125879151 2005.09.04 R61-M0-N8-C:J16-U01 2005-09-04-17.12.31.464412 R61-M0-N8-C:J16-U01 RAS KERNEL FATAL rts panic! - stopping execution
- 1125879151 2005.09.04 R63-M1-N9-C:J03-U11 2005-09-04-17.12.31.606086 R63-M1-N9-C:J03-U11 RAS KERNEL FATAL external input interrupt (unit=0x02 bit=0x0d): torus sender z+ retransmission error was corrected
- 1125879151 2005.09.04 R63-M1-N9-C:J14-U11 2005-09-04-17.12.31.783849 R63-M1-N9-C:J14-U11 RAS KERNEL FATAL external input interrupt (unit=0x02 bit=0x0d): torus sender z+ retransmission error was corrected
- 1125879151 2005.09.04 R63-M1-N9-C:J10-U01 2005-09-04-17.12.31.887600 R63-M1-N9-C:J10-U01 RAS KERNEL FATAL external input interrupt (unit=0x02 bit=0x0d): torus sender z+ retransmission error was corrected
- 1125879151 2005.09.04 R63-M1-N9-C:J02-U11 2005-09-04-17.12.31.958806 R63-M1-N9-C:J02-U11 RAS KERNEL FATAL external input interrupt (unit=0x02 bit=0x0d): torus sender z+ retransmission error was corrected
KERNRTSP 1125879151 2005.09.04 R65-M0-N7-C:J15-U11 2005-09-04-17.12.31.984883 R65-M0-N7-C:J15-U11 RAS KERNEL FATAL rts panic! - stopping execution
KERNRTSP 1125879152 2005.09.04 R65-M0-N7-C:J03-U11 2005-09-04-17.12.32.032216 R65-M0-N7-C:J03-U11 RAS KERNEL FATAL rts panic! - stopping execution
KERNRTSP 1125879152 2005.09.04 R65-M0-N6-C:J09-U11 2005-09-04-17.12.32.067920 R65-M0-N6-C:J09-U11 RAS KERNEL FATAL rts panic! - stopping execution
KERNRTSP 1125879152 2005.09.04 R65-M0-N6-C:J11-U11 2005-09-04-17.12.32.103640 R65-M0-N6-C:J11-U11 RAS KERNEL FATAL rts panic! - stopping execution
KERNRTSP 1125879152 2005.09.04 R65-M0-N6-C:J05-U11 2005-09-04-17.12.32.176106 R65-M0-N6-C:J05-U11 RAS KERNEL FATAL rts panic! - stopping execution
- 1125879152 2005.09.04 R63-M1-N1-C:J10-U11 2005-09-04-17.12.32.845029 R63-M1-N1-C:J10-U11 RAS KERNEL FATAL external input interrupt (unit=0x02 bit=0x0d): torus sender z+ retransmission error was corrected
- 1125879152 2005.09.04 R63-M1-N1-C:J14-U01 2005-09-04-17.12.32.898757 R63-M1-N1-C:J14-U01 RAS KERNEL FATAL external input interrupt (unit=0x02 bit=0x0d): torus sender z+ retransmission error was corrected
- 1125879152 2005.09.04 R63-M1-N1-C:J06-U01 2005-09-04-17.12.32.961818 R63-M1-N1-C:J06-U01 RAS KERNEL FATAL external input interrupt (unit=0x02 bit=0x0d): torus sender z+ retransmission error was corrected
- 1125879152 2005.09.04 R63-M1-N1-C:J02-U01 2005-09-04-17.12.32.991617 R63-M1-N1-C:J02-U01 RAS KERNEL FATAL external input interrupt (unit=0x02 bit=0x0d): torus sender z+ retransmission error was corrected
- 1125879154 2005.09.04 R62-M1-N7-C:J17-U11 2005-09-04-17.12.34.248849 R62-M1-N7-C:J17-U11 RAS KERNEL FATAL external input interrupt (unit=0x02 bit=0x0e): torus sender z- retransmission error was corrected
- 1125879154 2005.09.04 R62-M1-N7-C:J05-U01 2005-09-04-17.12.34.272970 R62-M1-N7-C:J05-U01 RAS KERNEL FATAL external input interrupt (unit=0x02 bit=0x0e): torus sender z- retransmission error was corrected
- 1125879154 2005.09.04 R62-M1-N7-C:J13-U01 2005-09-04-17.12.34.351666 R62-M1-N7-C:J13-U01 RAS KERNEL FATAL external input interrupt (unit=0x02 bit=0x0e): torus sender z- retransmission error was corrected
- 1125879154 2005.09.04 R62-M1-N7-C:J08-U11 2005-09-04-17.12.34.561603 R62-M1-N7-C:J08-U11 RAS KERNEL FATAL external input interrupt (unit=0x02 bit=0x0e): torus sender z- retransmission error was corrected
- 1125879154 2005.09.04 R62-M1-N7-C:J12-U01 2005-09-04-17.12.34.764661 R62-M1-N7-C:J12-U01 RAS KERNEL FATAL external input interrupt (unit=0x02 bit=0x0e): torus sender z- retransmission error was corrected
- 1125879154 2005.09.04 R62-M1-N7-C:J04-U11 2005-09-04-17.12.34.845456 R62-M1-N7-C:J04-U11 RAS KERNEL FATAL external input interrupt (unit=0x02 bit=0x0e): torus sender z- retransmission error was corrected
- 1125879155 2005.09.04 R62-M1-N6-C:J12-U11 2005-09-04-17.12.35.146194 R62-M1-N6-C:J12-U11 RAS KERNEL FATAL external input interrupt (unit=0x02 bit=0x0e): torus sender z- retransmission error was corrected
- 1125879155 2005.09.04 R62-M1-N6-C:J16-U01 2005-09-04-17.12.35.170419 R62-M1-N6-C:J16-U01 RAS KERNEL FATAL external input interrupt (unit=0x02 bit=0x0e): torus sender z- retransmission error was corrected
- 1125879155 2005.09.04 R62-M1-N6-C:J04-U01 2005-09-04-17.12.35.241417 R62-M1-N6-C:J04-U01 RAS KERNEL FATAL external input interrupt (unit=0x02 bit=0x0e): torus sender z- retransmission error was corrected
- 1125879155 2005.09.04 R63-M1-N0-C:J06-U11 2005-09-04-17.12.35.888191 R63-M1-N0-C:J06-U11 RAS KERNEL FATAL external input interrupt (unit=0x02 bit=0x0d): torus sender z+ retransmission error was corrected
- 1125879155 2005.09.04 R63-M1-N0-C:J14-U01 2005-09-04-17.12.35.912156 R63-M1-N0-C:J14-U01 RAS KERNEL FATAL external input interrupt (unit=0x02 bit=0x0d): torus sender z+ retransmission error was corrected
- 1125879155 2005.09.04 R63-M1-N0-C:J02-U01 2005-09-04-17.12.35.984896 R63-M1-N0-C:J02-U01 RAS KERNEL FATAL external input interrupt (unit=0x02 bit=0x0d): torus sender z+ retransmission error was corrected
- 1125879156 2005.09.04 R63-M1-N8-C:J15-U11 2005-09-04-17.12.36.051528 R63-M1-N8-C:J15-U11 RAS KERNEL FATAL external input interrupt (unit=0x02 bit=0x0d): torus sender z+ retransmission error was corrected
- 1125879156 2005.09.04 R63-M1-N8-C:J11-U11 2005-09-04-17.12.36.079956 R63-M1-N8-C:J11-U11 RAS KERNEL FATAL external input interrupt (unit=0x02 bit=0x0d): torus sender z+ retransmission error was corrected
- 1125879156 2005.09.04 R63-M1-N8-C:J03-U01 2005-09-04-17.12.36.103785 R63-M1-N8-C:J03-U01 RAS KERNEL FATAL external input interrupt (unit=0x02 bit=0x0d): torus sender z+ retransmission error was corrected
- 1125879156 2005.09.04 R63-M1-N8-C:J07-U01 2005-09-04-17.12.36.230123 R63-M1-N8-C:J07-U01 RAS KERNEL FATAL external input interrupt (unit=0x02 bit=0x0d): torus sender z+ retransmission error was corrected
- 1125879156 2005.09.04 R63-M1-N8-C:J14-U01 2005-09-04-17.12.36.337661 R63-M1-N8-C:J14-U01 RAS KERNEL FATAL external input interrupt (unit=0x02 bit=0x0d): torus sender z+ retransmission error was corrected
- 1125879156 2005.09.04 R63-M1-N8-C:J02-U01 2005-09-04-17.12.36.422001 R63-M1-N8-C:J02-U01 RAS KERNEL FATAL external input interrupt (unit=0x02 bit=0x0d): torus sender z+ retransmission error was corrected
KERNRTSP 1125879156 2005.09.04 R63-M1-N9-C:J03-U11 2005-09-04-17.12.36.755853 R63-M1-N9-C:J03-U11 RAS KERNEL FATAL rts panic! - stopping execution
KERNRTSP 1125879156 2005.09.04 R63-M1-N9-C:J14-U11 2005-09-04-17.12.36.894231 R63-M1-N9-C:J14-U11 RAS KERNEL FATAL rts panic! - stopping execution
KERNRTSP 1125879156 2005.09.04 R63-M1-N9-C:J10-U01 2005-09-04-17.12.36.989239 R63-M1-N9-C:J10-U01 RAS KERNEL FATAL rts panic! - stopping execution
KERNRTSP 1125879157 2005.09.04 R63-M1-N9-C:J02-U11 2005-09-04-17.12.37.068358 R63-M1-N9-C:J02-U11 RAS KERNEL FATAL rts panic! - stopping execution
KERNRTSP 1125879157 2005.09.04 R63-M1-N1-C:J10-U11 2005-09-04-17.12.37.619912 R63-M1-N1-C:J10-U11 RAS KERNEL FATAL rts panic! - stopping execution
KERNRTSP 1125879157 2005.09.04 R63-M1-N1-C:J14-U01 2005-09-04-17.12.37.657794 R63-M1-N1-C:J14-U01 RAS KERNEL FATAL rts panic! - stopping execution
KERNRTSP 1125879157 2005.09.04 R63-M1-N1-C:J06-U01 2005-09-04-17.12.37.687404 R63-M1-N1-C:J06-U01 RAS KERNEL FATAL rts panic! - stopping execution
KERNRTSP 1125879157 2005.09.04 R63-M1-N1-C:J02-U01 2005-09-04-17.12.37.703703 R63-M1-N1-C:J02-U01 RAS KERNEL FATAL rts panic! - stopping execution
KERNRTSP 1125879158 2005.09.04 R62-M1-N7-C:J17-U11 2005-09-04-17.12.38.063304 R62-M1-N7-C:J17-U11 RAS KERNEL FATAL rts panic! - stopping execution
KERNRTSP 1125879158 2005.09.04 R62-M1-N7-C:J05-U01 2005-09-04-17.12.38.083468 R62-M1-N7-C:J05-U01 RAS KERNEL FATAL rts panic! - stopping execution
KERNRTSP 1125879158 2005.09.04 R62-M1-N7-C:J13-U01 2005-09-04-17.12.38.135334 R62-M1-N7-C:J13-U01 RAS KERNEL FATAL rts panic! - stopping execution
KERNRTSP 1125879158 2005.09.04 R62-M1-N7-C:J08-U11 2005-09-04-17.12.38.178949 R62-M1-N7-C:J08-U11 RAS KERNEL FATAL rts panic! - stopping execution
KERNRTSP 1125879158 2005.09.04 R62-M1-N7-C:J12-U01 2005-09-04-17.12.38.239035 R62-M1-N7-C:J12-U01 RAS KERNEL FATAL rts panic! - stopping execution
KERNRTSP 1125879158 2005.09.04 R62-M1-N7-C:J04-U11 2005-09-04-17.12.38.307287 R62-M1-N7-C:J04-U11 RAS KERNEL FATAL rts panic! - stopping execution
KERNRTSP 1125879158 2005.09.04 R62-M1-N6-C:J12-U11 2005-09-04-17.12.38.533126 R62-M1-N6-C:J12-U11 RAS KERNEL FATAL rts panic! - stopping execution
KERNRTSP 1125879158 2005.09.04 R62-M1-N6-C:J16-U01 2005-09-04-17.12.38.551070 R62-M1-N6-C:J16-U01 RAS KERNEL FATAL rts panic! - stopping execution
KERNRTSP 1125879158 2005.09.04 R62-M1-N6-C:J04-U01 2005-09-04-17.12.38.611555 R62-M1-N6-C:J04-U01 RAS KERNEL FATAL rts panic! - stopping execution
KERNRTSP 1125879158 2005.09.04 R63-M1-N0-C:J06-U11 2005-09-04-17.12.38.840622 R63-M1-N0-C:J06-U11 RAS KERNEL FATAL rts panic! - stopping execution
KERNRTSP 1125879158 2005.09.04 R63-M1-N0-C:J14-U01 2005-09-04-17.12.38.856362 R63-M1-N0-C:J14-U01 RAS KERNEL FATAL rts panic! - stopping execution
KERNRTSP 1125879158 2005.09.04 R63-M1-N0-C:J02-U01 2005-09-04-17.12.38.920375 R63-M1-N0-C:J02-U01 RAS KERNEL FATAL rts panic! - stopping execution
KERNRTSP 1125879158 2005.09.04 R63-M1-N8-C:J15-U11 2005-09-04-17.12.38.951813 R63-M1-N8-C:J15-U11 RAS KERNEL FATAL rts panic! - stopping execution
KERNRTSP 1125879158 2005.09.04 R63-M1-N8-C:J11-U11 2005-09-04-17.12.38.968665 R63-M1-N8-C:J11-U11 RAS KERNEL FATAL rts panic! - stopping execution
KERNRTSP 1125879158 2005.09.04 R63-M1-N8-C:J03-U01 2005-09-04-17.12.38.984660 R63-M1-N8-C:J03-U01 RAS KERNEL FATAL rts panic! - stopping execution
KERNRTSP 1125879159 2005.09.04 R63-M1-N8-C:J07-U01 2005-09-04-17.12.39.077655 R63-M1-N8-C:J07-U01 RAS KERNEL FATAL rts panic! - stopping execution
KERNRTSP 1125879159 2005.09.04 R63-M1-N8-C:J14-U01 2005-09-04-17.12.39.173776 R63-M1-N8-C:J14-U01 RAS KERNEL FATAL rts panic! - stopping execution
KERNRTSP 1125879159 2005.09.04 R63-M1-N8-C:J02-U01 2005-09-04-17.12.39.255144 R63-M1-N8-C:J02-U01 RAS KERNEL FATAL rts panic! - stopping execution
- 1125879681 2005.09.04 R65-M0-N2-C:J15-U11 2005-09-04-17.21.21.133172 R65-M0-N2-C:J15-U11 RAS KERNEL INFO critical input interrupt (unit=0x0b bit=0x06): warning for torus y+ wire
- 1125879681 2005.09.04 R65-M0-N3-C:J17-U11 2005-09-04-17.21.21.205224 R65-M0-N3-C:J17-U11 RAS KERNEL INFO critical input interrupt (unit=0x0b bit=0x06): warning for torus y+ wire
- 1125879681 2005.09.04 R65-M0-N2-C:J15-U11 2005-09-04-17.21.21.278287 R65-M0-N2-C:J15-U11 RAS KERNEL INFO suppressing further interrupts of same type
- 1125879681 2005.09.04 R65-M0-N3-C:J17-U11 2005-09-04-17.21.21.370532 R65-M0-N3-C:J17-U11 RAS KERNEL INFO suppressing further interrupts of same type
- 1125879684 2005.09.04 R63-M1-N8-C:J15-U11 2005-09-04-17.21.24.067616 R63-M1-N8-C:J15-U11 RAS KERNEL INFO critical input interrupt (unit=0x0b bit=0x0a): warning for torus z+ wire
- 1125879684 2005.09.04 R63-M1-N8-C:J07-U01 2005-09-04-17.21.24.150693 R63-M1-N8-C:J07-U01 RAS KERNEL INFO critical input interrupt (unit=0x0b bit=0x0a): warning for torus z+ wire
- 1125879684 2005.09.04 R63-M1-N8-C:J15-U11 2005-09-04-17.21.24.176696 R63-M1-N8-C:J15-U11 RAS KERNEL INFO suppressing further interrupts of same type
- 1125879684 2005.09.04 R63-M1-N8-C:J07-U01 2005-09-04-17.21.24.235622 R63-M1-N8-C:J07-U01 RAS KERNEL INFO suppressing further interrupts of same type
- 1125879692 2005.09.04 R65-M0-N3-C:J09-U11 2005-09-04-17.21.32.220152 R65-M0-N3-C:J09-U11 RAS KERNEL FATAL external input interrupt (unit=0x02 bit=0x0b): torus sender y+ retransmission error was corrected
- 1125879692 2005.09.04 R65-M0-N3-C:J13-U11 2005-09-04-17.21.32.447076 R65-M0-N3-C:J13-U11 RAS KERNEL FATAL external input interrupt (unit=0x02 bit=0x0b): torus sender y+ retransmission error was corrected
- 1125879692 2005.09.04 R65-M0-N3-C:J17-U11 2005-09-04-17.21.32.534842 R65-M0-N3-C:J17-U11 RAS KERNEL FATAL external input interrupt (unit=0x02 bit=0x0b): torus sender y+ retransmission error was corrected
- 1125879692 2005.09.04 R65-M0-N2-C:J15-U11 2005-09-04-17.21.32.647212 R65-M0-N2-C:J15-U11 RAS KERNEL FATAL external input interrupt (unit=0x02 bit=0x0b): torus sender y+ retransmission error was corrected
- 1125879692 2005.09.04 R65-M0-N2-C:J03-U11 2005-09-04-17.21.32.926564 R65-M0-N2-C:J03-U11 RAS KERNEL FATAL external input interrupt (unit=0x02 bit=0x0b): torus sender y+ retransmission error was corrected
- 1125879693 2005.09.04 R61-M0-N9-C:J14-U01 2005-09-04-17.21.33.279669 R61-M0-N9-C:J14-U01 RAS KERNEL FATAL external input interrupt (unit=0x02 bit=0x0c): torus sender y- retransmission error was corrected
- 1125879693 2005.09.04 R61-M0-N9-C:J06-U01 2005-09-04-17.21.33.727670 R61-M0-N9-C:J06-U01 RAS KERNEL FATAL external input interrupt (unit=0x02 bit=0x0c): torus sender y- retransmission error was corrected
- 1125879693 2005.09.04 R61-M0-N8-C:J14-U01 2005-09-04-17.21.33.802731 R61-M0-N8-C:J14-U01 RAS KERNEL FATAL external input interrupt (unit=0x02 bit=0x0c): torus sender y- retransmission error was corrected
- 1125879693 2005.09.04 R61-M0-N8-C:J16-U01 2005-09-04-17.21.33.925547 R61-M0-N8-C:J16-U01 RAS KERNEL FATAL external input interrupt (unit=0x02 bit=0x0c): torus sender y- retransmission error was corrected
- 1125879694 2005.09.04 R63-M1-N0-C:J14-U01 2005-09-04-17.21.34.245664 R63-M1-N0-C:J14-U01 RAS KERNEL INFO critical input interrupt (unit=0x0b bit=0x0a): warning for torus z+ wire
- 1125879694 2005.09.04 R62-M1-N6-C:J04-U01 2005-09-04-17.21.34.325285 R62-M1-N6-C:J04-U01 RAS KERNEL INFO critical input interrupt (unit=0x0b bit=0x0b): warning for torus z- wire
KERNRTSP 1125879694 2005.09.04 R65-M0-N3-C:J09-U11 2005-09-04-17.21.34.386989 R65-M0-N3-C:J09-U11 RAS KERNEL FATAL rts panic! - stopping execution
- 1125879694 2005.09.04 R63-M1-N0-C:J14-U01 2005-09-04-17.21.34.442795 R63-M1-N0-C:J14-U01 RAS KERNEL INFO suppressing further interrupts of same type
KERNRTSP 1125879694 2005.09.04 R65-M0-N3-C:J13-U11 2005-09-04-17.21.34.495805 R65-M0-N3-C:J13-U11 RAS KERNEL FATAL rts panic! - stopping execution
KERNRTSP 1125879694 2005.09.04 R65-M0-N3-C:J17-U11 2005-09-04-17.21.34.519583 R65-M0-N3-C:J17-U11 RAS KERNEL FATAL rts panic! - stopping execution
- 1125879694 2005.09.04 R62-M1-N6-C:J04-U01 2005-09-04-17.21.34.520293 R62-M1-N6-C:J04-U01 RAS KERNEL INFO suppressing further interrupts of same type
- 1125879694 2005.09.04 R65-M0-N1-C:J09-U11 2005-09-04-17.21.34.625307 R65-M0-N1-C:J09-U11 RAS KERNEL FATAL external input interrupt (unit=0x02 bit=0x0b): torus sender y+ retransmission error was corrected
- 1125879694 2005.09.04 R65-M0-N1-C:J11-U11 2005-09-04-17.21.34.811457 R65-M0-N1-C:J11-U11 RAS KERNEL FATAL external input interrupt (unit=0x02 bit=0x0b): torus sender y+ retransmission error was corrected
- 1125879695 2005.09.04 R65-M0-N1-C:J07-U11 2005-09-04-17.21.35.283363 R65-M0-N1-C:J07-U11 RAS KERNEL FATAL external input interrupt (unit=0x02 bit=0x0b): torus sender y+ retransmission error was corrected
KERNRTSP 1125879695 2005.09.04 R65-M0-N2-C:J15-U11 2005-09-04-17.21.35.359834 R65-M0-N2-C:J15-U11 RAS KERNEL FATAL rts panic! - stopping execution
KERNRTSP 1125879695 2005.09.04 R65-M0-N2-C:J03-U11 2005-09-04-17.21.35.460885 R65-M0-N2-C:J03-U11 RAS KERNEL FATAL rts panic! - stopping execution
- 1125879695 2005.09.04 R65-M0-N0-C:J13-U11 2005-09-04-17.21.35.782665 R65-M0-N0-C:J13-U11 RAS KERNEL FATAL external input interrupt (unit=0x02 bit=0x0b): torus sender y+ retransmission error was corrected
KERNRTSP 1125879696 2005.09.04 R61-M0-N9-C:J14-U01 2005-09-04-17.21.36.577247 R61-M0-N9-C:J14-U01 RAS KERNEL FATAL rts panic! - stopping execution
KERNRTSP 1125879696 2005.09.04 R61-M0-N9-C:J06-U01 2005-09-04-17.21.36.696878 R61-M0-N9-C:J06-U01 RAS KERNEL FATAL rts panic! - stopping execution
KERNRTSP 1125879697 2005.09.04 R61-M0-N8-C:J14-U01 2005-09-04-17.21.37.122441 R61-M0-N8-C:J14-U01 RAS KERNEL FATAL rts panic! - stopping execution
KERNRTSP 1125879697 2005.09.04 R61-M0-N8-C:J16-U01 2005-09-04-17.21.37.140279 R61-M0-N8-C:J16-U01 RAS KERNEL FATAL rts panic! - stopping execution
- 1125879697 2005.09.04 R65-M0-N7-C:J09-U11 2005-09-04-17.21.37.380603 R65-M0-N7-C:J09-U11 RAS KERNEL INFO 1 torus receiver y+ input pipe error(s) (dcr 0x02ee) detected and corrected
- 1125879697 2005.09.04 R65-M0-N7-C:J15-U11 2005-09-04-17.21.37.429483 R65-M0-N7-C:J15-U11 RAS KERNEL INFO 4 torus receiver y+ input pipe error(s) (dcr 0x02ee) detected and corrected
- 1125879697 2005.09.04 R65-M0-N7-C:J03-U11 2005-09-04-17.21.37.561324 R65-M0-N7-C:J03-U11 RAS KERNEL INFO 3 torus receiver y+ input pipe error(s) (dcr 0x02ee) detected and corrected
KERNRTSP 1125879697 2005.09.04 R65-M0-N1-C:J09-U11 2005-09-04-17.21.37.601237 R65-M0-N1-C:J09-U11 RAS KERNEL FATAL rts panic! - stopping execution
KERNRTSP 1125879697 2005.09.04 R65-M0-N1-C:J11-U11 2005-09-04-17.21.37.642835 R65-M0-N1-C:J11-U11 RAS KERNEL FATAL rts panic! - stopping execution
KERNRTSP 1125879697 2005.09.04 R65-M0-N1-C:J07-U11 2005-09-04-17.21.37.738655 R65-M0-N1-C:J07-U11 RAS KERNEL FATAL rts panic! - stopping execution
- 1125879697 2005.09.04 R65-M0-N5-C:J09-U11 2005-09-04-17.21.37.764482 R65-M0-N5-C:J09-U11 RAS KERNEL INFO 2 torus receiver y+ input pipe error(s) (dcr 0x02ee) detected and corrected
- 1125879697 2005.09.04 R65-M0-N5-C:J11-U11 2005-09-04-17.21.37.806320 R65-M0-N5-C:J11-U11 RAS KERNEL INFO 1 torus receiver y+ input pipe error(s) (dcr 0x02ee) detected and corrected
- 1125879698 2005.09.04 R65-M0-N5-C:J07-U11 2005-09-04-17.21.38.004549 R65-M0-N5-C:J07-U11 RAS KERNEL INFO 1 torus receiver y+ input pipe error(s) (dcr 0x02ee) detected and corrected
- 1125879698 2005.09.04 R65-M0-N6-C:J09-U11 2005-09-04-17.21.38.028146 R65-M0-N6-C:J09-U11 RAS KERNEL INFO 1 torus receiver y+ input pipe error(s) (dcr 0x02ee) detected and corrected
- 1125879698 2005.09.04 R65-M0-N6-C:J11-U11 2005-09-04-17.21.38.076085 R65-M0-N6-C:J11-U11 RAS KERNEL INFO 1 torus receiver y+ input pipe error(s) (dcr 0x02ee) detected and corrected
- 1125879698 2005.09.04 R65-M0-N6-C:J05-U11 2005-09-04-17.21.38.166156 R65-M0-N6-C:J05-U11 RAS KERNEL INFO 2 torus receiver y+ input pipe error(s) (dcr 0x02ee) detected and corrected
- 1125879698 2005.09.04 R63-M1-N9-C:J03-U11 2005-09-04-17.21.38.258633 R63-M1-N9-C:J03-U11 RAS KERNEL FATAL external input interrupt (unit=0x02 bit=0x0d): torus sender z+ retransmission error was corrected
- 1125879698 2005.09.04 R63-M1-N9-C:J14-U11 2005-09-04-17.21.38.557141 R63-M1-N9-C:J14-U11 RAS KERNEL FATAL external input interrupt (unit=0x02 bit=0x0d): torus sender z+ retransmission error was corrected
- 1125879698 2005.09.04 R63-M1-N9-C:J10-U01 2005-09-04-17.21.38.767226 R63-M1-N9-C:J10-U01 RAS KERNEL FATAL external input interrupt (unit=0x02 bit=0x0d): torus sender z+ retransmission error was corrected
- 1125879698 2005.09.04 R65-M0-N4-C:J09-U11 2005-09-04-17.21.38.781916 R65-M0-N4-C:J09-U11 RAS KERNEL INFO 3 torus receiver y+ input pipe error(s) (dcr 0x02ee) detected and corrected
- 1125879698 2005.09.04 R63-M1-N9-C:J02-U11 2005-09-04-17.21.38.916283 R63-M1-N9-C:J02-U11 RAS KERNEL FATAL external input interrupt (unit=0x02 bit=0x0d): torus sender z+ retransmission error was corrected
- 1125879699 2005.09.04 R65-M0-N4-C:J07-U11 2005-09-04-17.21.39.042300 R65-M0-N4-C:J07-U11 RAS KERNEL INFO 1 torus receiver y+ input pipe error(s) (dcr 0x02ee) detected and corrected
KERNRTSP 1125879699 2005.09.04 R65-M0-N0-C:J13-U11 2005-09-04-17.21.39.132527 R65-M0-N0-C:J13-U11 RAS KERNEL FATAL rts panic! - stopping execution
- 1125879699 2005.09.04 R63-M1-N1-C:J10-U11 2005-09-04-17.21.39.649115 R63-M1-N1-C:J10-U11 RAS KERNEL FATAL external input interrupt (unit=0x02 bit=0x0d): torus sender z+ retransmission error was corrected
- 1125879699 2005.09.04 R63-M1-N1-C:J14-U01 2005-09-04-17.21.39.696651 R63-M1-N1-C:J14-U01 RAS KERNEL FATAL external input interrupt (unit=0x02 bit=0x0d): torus sender z+ retransmission error was corrected
- 1125879699 2005.09.04 R63-M1-N1-C:J06-U01 2005-09-04-17.21.39.757327 R63-M1-N1-C:J06-U01 RAS KERNEL FATAL external input interrupt (unit=0x02 bit=0x0d): torus sender z+ retransmission error was corrected
- 1125879699 2005.09.04 R63-M1-N1-C:J02-U01 2005-09-04-17.21.39.780143 R63-M1-N1-C:J02-U01 RAS KERNEL FATAL external input interrupt (unit=0x02 bit=0x0d): torus sender z+ retransmission error was corrected
- 1125879700 2005.09.04 R62-M1-N7-C:J17-U11 2005-09-04-17.21.40.426987 R62-M1-N7-C:J17-U11 RAS KERNEL FATAL external input interrupt (unit=0x02 bit=0x0e): torus sender z- retransmission error was corrected
- 1125879700 2005.09.04 R62-M1-N7-C:J05-U01 2005-09-04-17.21.40.450510 R62-M1-N7-C:J05-U01 RAS KERNEL FATAL external input interrupt (unit=0x02 bit=0x0e): torus sender z- retransmission error was corrected
- 1125879700 2005.09.04 R62-M1-N7-C:J13-U01 2005-09-04-17.21.40.520560 R62-M1-N7-C:J13-U01 RAS KERNEL FATAL external input interrupt (unit=0x02 bit=0x0e): torus sender z- retransmission error was corrected
- 1125879700 2005.09.04 R62-M1-N7-C:J08-U11 2005-09-04-17.21.40.582489 R62-M1-N7-C:J08-U11 RAS KERNEL FATAL external input interrupt (unit=0x02 bit=0x0e): torus sender z- retransmission error was corrected
- 1125879700 2005.09.04 R62-M1-N7-C:J12-U01 2005-09-04-17.21.40.661721 R62-M1-N7-C:J12-U01 RAS KERNEL FATAL external input interrupt (unit=0x02 bit=0x0e): torus sender z- retransmission error was corrected
- 1125879700 2005.09.04 R62-M1-N7-C:J04-U11 2005-09-04-17.21.40.810071 R62-M1-N7-C:J04-U11 RAS KERNEL FATAL external input interrupt (unit=0x02 bit=0x0e): torus sender z- retransmission error was corrected
- 1125879701 2005.09.04 R62-M1-N6-C:J12-U11 2005-09-04-17.21.41.263927 R62-M1-N6-C:J12-U11 RAS KERNEL FATAL external input interrupt (unit=0x02 bit=0x0e): torus sender z- retransmission error was corrected
- 1125879701 2005.09.04 R62-M1-N6-C:J16-U01 2005-09-04-17.21.41.287744 R62-M1-N6-C:J16-U01 RAS KERNEL FATAL external input interrupt (unit=0x02 bit=0x0e): torus sender z- retransmission error was corrected
- 1125879701 2005.09.04 R62-M1-N6-C:J04-U01 2005-09-04-17.21.41.349917 R62-M1-N6-C:J04-U01 RAS KERNEL FATAL external input interrupt (unit=0x02 bit=0x0e): torus sender z- retransmission error was corrected
- 1125879701 2005.09.04 R63-M1-N0-C:J06-U11 2005-09-04-17.21.41.808714 R63-M1-N0-C:J06-U11 RAS KERNEL FATAL external input interrupt (unit=0x02 bit=0x0d): torus sender z+ retransmission error was corrected
- 1125879701 2005.09.04 R63-M1-N0-C:J14-U01 2005-09-04-17.21.41.823457 R63-M1-N0-C:J14-U01 RAS KERNEL FATAL external input interrupt (unit=0x02 bit=0x0d): torus sender z+ retransmission error was corrected
- 1125879701 2005.09.04 R63-M1-N0-C:J02-U01 2005-09-04-17.21.41.910607 R63-M1-N0-C:J02-U01 RAS KERNEL FATAL external input interrupt (unit=0x02 bit=0x0d): torus sender z+ retransmission error was corrected
- 1125879701 2005.09.04 R63-M1-N8-C:J15-U11 2005-09-04-17.21.41.974416 R63-M1-N8-C:J15-U11 RAS KERNEL FATAL external input interrupt (unit=0x02 bit=0x0d): torus sender z+ retransmission error was corrected
- 1125879702 2005.09.04 R63-M1-N8-C:J11-U11 2005-09-04-17.21.42.025330 R63-M1-N8-C:J11-U11 RAS KERNEL FATAL external input interrupt (unit=0x02 bit=0x0d): torus sender z+ retransmission error was corrected
- 1125879702 2005.09.04 R63-M1-N8-C:J03-U01 2005-09-04-17.21.42.054815 R63-M1-N8-C:J03-U01 RAS KERNEL FATAL external input interrupt (unit=0x02 bit=0x0d): torus sender z+ retransmission error was corrected
- 1125879702 2005.09.04 R63-M1-N8-C:J07-U01 2005-09-04-17.21.42.303792 R63-M1-N8-C:J07-U01 RAS KERNEL FATAL external input interrupt (unit=0x02 bit=0x0d): torus sender z+ retransmission error was corrected
- 1125879702 2005.09.04 R63-M1-N8-C:J14-U01 2005-09-04-17.21.42.544905 R63-M1-N8-C:J14-U01 RAS KERNEL FATAL external input interrupt (unit=0x02 bit=0x0d): torus sender z+ retransmission error was corrected
- 1125879702 2005.09.04 R63-M1-N8-C:J02-U01 2005-09-04-17.21.42.647340 R63-M1-N8-C:J02-U01 RAS KERNEL FATAL external input interrupt (unit=0x02 bit=0x0d): torus sender z+ retransmission error was corrected
KERNRTSP 1125879702 2005.09.04 R63-M1-N9-C:J03-U11 2005-09-04-17.21.42.959451 R63-M1-N9-C:J03-U11 RAS KERNEL FATAL rts panic! - stopping execution
KERNRTSP 1125879703 2005.09.04 R63-M1-N9-C:J14-U11 2005-09-04-17.21.43.049633 R63-M1-N9-C:J14-U11 RAS KERNEL FATAL rts panic! - stopping execution
KERNRTSP 1125879703 2005.09.04 R63-M1-N9-C:J10-U01 2005-09-04-17.21.43.109832 R63-M1-N9-C:J10-U01 RAS KERNEL FATAL rts panic! - stopping execution
KERNRTSP 1125879703 2005.09.04 R63-M1-N9-C:J02-U11 2005-09-04-17.21.43.170463 R63-M1-N9-C:J02-U11 RAS KERNEL FATAL rts panic! - stopping execution
KERNRTSP 1125879704 2005.09.04 R63-M1-N1-C:J10-U11 2005-09-04-17.21.44.079994 R63-M1-N1-C:J10-U11 RAS KERNEL FATAL rts panic! - stopping execution
KERNRTSP 1125879704 2005.09.04 R63-M1-N1-C:J14-U01 2005-09-04-17.21.44.109967 R63-M1-N1-C:J14-U01 RAS KERNEL FATAL rts panic! - stopping execution
KERNRTSP 1125879704 2005.09.04 R63-M1-N1-C:J06-U01 2005-09-04-17.21.44.139701 R63-M1-N1-C:J06-U01 RAS KERNEL FATAL rts panic! - stopping execution
KERNRTSP 1125879704 2005.09.04 R63-M1-N1-C:J02-U01 2005-09-04-17.21.44.167876 R63-M1-N1-C:J02-U01 RAS KERNEL FATAL rts panic! - stopping execution
KERNRTSP 1125879704 2005.09.04 R62-M1-N7-C:J17-U11 2005-09-04-17.21.44.533981 R62-M1-N7-C:J17-U11 RAS KERNEL FATAL rts panic! - stopping execution
KERNRTSP 1125879704 2005.09.04 R62-M1-N7-C:J05-U01 2005-09-04-17.21.44.560419 R62-M1-N7-C:J05-U01 RAS KERNEL FATAL rts panic! - stopping execution
KERNRTSP 1125879704 2005.09.04 R62-M1-N7-C:J13-U01 2005-09-04-17.21.44.617375 R62-M1-N7-C:J13-U01 RAS KERNEL FATAL rts panic! - stopping execution
KERNRTSP 1125879704 2005.09.04 R62-M1-N7-C:J08-U11 2005-09-04-17.21.44.689773 R62-M1-N7-C:J08-U11 RAS KERNEL FATAL rts panic! - stopping execution
KERNRTSP 1125879704 2005.09.04 R62-M1-N7-C:J12-U01 2005-09-04-17.21.44.737524 R62-M1-N7-C:J12-U01 RAS KERNEL FATAL rts panic! - stopping execution
KERNRTSP 1125879704 2005.09.04 R62-M1-N7-C:J04-U11 2005-09-04-17.21.44.782155 R62-M1-N7-C:J04-U11 RAS KERNEL FATAL rts panic! - stopping execution
KERNRTSP 1125879704 2005.09.04 R62-M1-N6-C:J12-U11 2005-09-04-17.21.44.961730 R62-M1-N6-C:J12-U11 RAS KERNEL FATAL rts panic! - stopping execution
KERNRTSP 1125879704 2005.09.04 R62-M1-N6-C:J16-U01 2005-09-04-17.21.44.988809 R62-M1-N6-C:J16-U01 RAS KERNEL FATAL rts panic! - stopping execution
KERNRTSP 1125879705 2005.09.04 R62-M1-N6-C:J04-U01 2005-09-04-17.21.45.042601 R62-M1-N6-C:J04-U01 RAS KERNEL FATAL rts panic! - stopping execution
KERNRTSP 1125879705 2005.09.04 R63-M1-N0-C:J06-U11 2005-09-04-17.21.45.297561 R63-M1-N0-C:J06-U11 RAS KERNEL FATAL rts panic! - stopping execution
KERNRTSP 1125879705 2005.09.04 R63-M1-N0-C:J14-U01 2005-09-04-17.21.45.312169 R63-M1-N0-C:J14-U01 RAS KERNEL FATAL rts panic! - stopping execution
KERNRTSP 1125879705 2005.09.04 R63-M1-N0-C:J02-U01 2005-09-04-17.21.45.369306 R63-M1-N0-C:J02-U01 RAS KERNEL FATAL rts panic! - stopping execution
KERNRTSP 1125879705 2005.09.04 R63-M1-N8-C:J15-U11 2005-09-04-17.21.45.399157 R63-M1-N8-C:J15-U11 RAS KERNEL FATAL rts panic! - stopping execution
KERNRTSP 1125879705 2005.09.04 R63-M1-N8-C:J11-U11 2005-09-04-17.21.45.413925 R63-M1-N8-C:J11-U11 RAS KERNEL FATAL rts panic! - stopping execution
KERNRTSP 1125879705 2005.09.04 R63-M1-N8-C:J03-U01 2005-09-04-17.21.45.429104 R63-M1-N8-C:J03-U01 RAS KERNEL FATAL rts panic! - stopping execution
KERNRTSP 1125879705 2005.09.04 R63-M1-N8-C:J07-U01 2005-09-04-17.21.45.515973 R63-M1-N8-C:J07-U01 RAS KERNEL FATAL rts panic! - stopping execution
KERNRTSP 1125879705 2005.09.04 R63-M1-N8-C:J14-U01 2005-09-04-17.21.45.593703 R63-M1-N8-C:J14-U01 RAS KERNEL FATAL rts panic! - stopping execution
KERNRTSP 1125879705 2005.09.04 R63-M1-N8-C:J02-U01 2005-09-04-17.21.45.641243 R63-M1-N8-C:J02-U01 RAS KERNEL FATAL rts panic! - stopping execution
