- 1125800531 2005.09.03 R02-M1-N5-C:J16-U11 2005-09-03-19.22.11.680049 R02-M1-N5-C:J16-U11 RAS KERNEL INFO 2 ddr errors(s) detected and corrected on rank 0, symbol 4, bit 1
- 1125800531 2005.09.03 R02-M1-N5-C:J16-U11 2005-09-03-19.22.11.917484 R02-M1-N5-C:J16-U11 RAS KERNEL INFO CE sym 4, at 0x012def80, mask 0x40
- 1125800532 2005.09.03 R02-M1-N5-C:J16-U11 2005-09-03-19.22.12.121872 R02-M1-N5-C:J16-U11 RAS KERNEL INFO CE sym 4, at 0x012def80, mask 0x40
- 1125800532 2005.09.03 R02-M1-N5-C:J16-U11 2005-09-03-19.22.12.306743 R02-M1-N5-C:J16-U11 RAS KERNEL INFO total of 2 ddr error(s) detected and corrected
- 1125802713 2005.09.03 R23-M0-N5-C:J12-U01 2005-09-03-19.58.33.916456 R23-M0-N5-C:J12-U01 RAS KERNEL INFO ddr: activating redundant bit steering: rank=0 symbol=29
- 1125815455 2005.09.03 R50-M0-N7-C:J17-U11 2005-09-03-23.30.55.101864 R50-M0-N7-C:J17-U11 RAS KERNEL INFO 5 ddr errors(s) detected and corrected on rank 0, symbol 11, bit 4
- 1125815455 2005.09.03 R44-M0-N5-C:J14-U11 2005-09-03-23.30.55.675840 R44-M0-N5-C:J14-U11 RAS KERNEL INFO 3 ddr errors(s) detected and corrected on rank 0, symbol 27, bit 4
- 1125815456 2005.09.03 R44-M1-N3-C:J02-U11 2005-09-03-23.30.56.666934 R44-M1-N3-C:J02-U11 RAS KERNEL INFO 2 ddr errors(s) detected and corrected on rank 0, symbol 31, bit 4
- 1125815456 2005.09.03 R44-M1-N4-C:J04-U01 2005-09-03-23.30.56.764699 R44-M1-N4-C:J04-U01 RAS KERNEL INFO 4 tree receiver 2 in re-synch state event(s) (dcr 0x019a) detected
- 1125815456 2005.09.03 R44-M1-N4-C:J04-U01 2005-09-03-23.30.56.845567 R44-M1-N4-C:J04-U01 RAS KERNEL INFO 2 tree receiver 1 in re-synch state event(s) (dcr 0x0185) detected
- 1125815456 2005.09.03 R50-M0-N6-C:J06-U11 2005-09-03-23.30.56.876132 R50-M0-N6-C:J06-U11 RAS KERNEL INFO 12 ddr errors(s) detected and corrected on rank 0, symbol 29, bit 5
- 1125815456 2005.09.03 R45-M0-N4-C:J08-U01 2005-09-03-23.30.56.968240 R45-M0-N4-C:J08-U01 RAS KERNEL INFO 19 L3 EDRAM error(s) (dcr 0x0157) detected and corrected
- 1125815457 2005.09.03 R45-M0-N4-C:J08-U01 2005-09-03-23.30.57.043279 R45-M0-N4-C:J08-U01 RAS KERNEL INFO 19 L3 EDRAM error(s) (dcr 0x0157) detected and corrected
- 1125815457 2005.09.03 R52-M1-N3-C:J06-U11 2005-09-03-23.30.57.153831 R52-M1-N3-C:J06-U11 RAS KERNEL INFO 1 ddr errors(s) detected and corrected on rank 0, symbol 28, bit 1
- 1125815457 2005.09.03 R50-M0-N7-C:J17-U11 2005-09-03-23.30.57.629160 R50-M0-N7-C:J17-U11 RAS KERNEL INFO CE sym 11, at 0x0092e3a0, mask 0x08
- 1125815457 2005.09.03 R44-M0-N5-C:J14-U11 2005-09-03-23.30.57.784922 R44-M0-N5-C:J14-U11 RAS KERNEL INFO CE sym 27, at 0x00581340, mask 0x08
- 1125815458 2005.09.03 R44-M1-N3-C:J02-U11 2005-09-03-23.30.58.025262 R44-M1-N3-C:J02-U11 RAS KERNEL INFO CE sym 31, at 0x007ef360, mask 0x08
- 1125815458 2005.09.03 R44-M1-N4-C:J04-U01 2005-09-03-23.30.58.049025 R44-M1-N4-C:J04-U01 RAS KERNEL INFO 4 tree receiver 2 in re-synch state event(s) (dcr 0x019a) detected
- 1125815458 2005.09.03 R50-M0-N6-C:J06-U11 2005-09-03-23.30.58.071677 R50-M0-N6-C:J06-U11 RAS KERNEL INFO CE sym 29, at 0x092db580, mask 0x04
- 1125815458 2005.09.03 R52-M1-N3-C:J06-U11 2005-09-03-23.30.58.127965 R52-M1-N3-C:J06-U11 RAS KERNEL INFO CE sym 28, at 0x162496a0, mask 0x40
- 1125815458 2005.09.03 R50-M0-N7-C:J17-U11 2005-09-03-23.30.58.449919 R50-M0-N7-C:J17-U11 RAS KERNEL INFO CE sym 11, at 0x0092e3a0, mask 0x08
- 1125815458 2005.09.03 R44-M0-N5-C:J14-U11 2005-09-03-23.30.58.654901 R44-M0-N5-C:J14-U11 RAS KERNEL INFO CE sym 27, at 0x00581340, mask 0x08
- 1125815458 2005.09.03 R44-M1-N3-C:J02-U11 2005-09-03-23.30.58.945066 R44-M1-N3-C:J02-U11 RAS KERNEL INFO CE sym 31, at 0x007ef360, mask 0x08
- 1125815458 2005.09.03 R50-M0-N6-C:J06-U11 2005-09-03-23.30.58.964895 R50-M0-N6-C:J06-U11 RAS KERNEL INFO CE sym 29, at 0x092db580, mask 0x04
- 1125815459 2005.09.03 R52-M1-N3-C:J06-U11 2005-09-03-23.30.59.010091 R52-M1-N3-C:J06-U11 RAS KERNEL INFO total of 1 ddr error(s) detected and corrected
- 1125815459 2005.09.03 R50-M0-N7-C:J17-U11 2005-09-03-23.30.59.306952 R50-M0-N7-C:J17-U11 RAS KERNEL INFO CE sym 11, at 0x0092e3a0, mask 0x08
- 1125815459 2005.09.03 R44-M0-N5-C:J14-U11 2005-09-03-23.30.59.401252 R44-M0-N5-C:J14-U11 RAS KERNEL INFO CE sym 27, at 0x00581340, mask 0x08
- 1125815459 2005.09.03 R44-M1-N3-C:J02-U11 2005-09-03-23.30.59.586830 R44-M1-N3-C:J02-U11 RAS KERNEL INFO total of 2 ddr error(s) detected and corrected
- 1125815459 2005.09.03 R50-M0-N6-C:J06-U11 2005-09-03-23.30.59.611142 R50-M0-N6-C:J06-U11 RAS KERNEL INFO CE sym 29, at 0x092db580, mask 0x04
- 1125815459 2005.09.03 R50-M0-N7-C:J17-U11 2005-09-03-23.30.59.897379 R50-M0-N7-C:J17-U11 RAS KERNEL INFO CE sym 11, at 0x0092e3a0, mask 0x08
- 1125815459 2005.09.03 R44-M0-N5-C:J14-U11 2005-09-03-23.30.59.916700 R44-M0-N5-C:J14-U11 RAS KERNEL INFO total of 3 ddr error(s) detected and corrected
- 1125815460 2005.09.03 R50-M0-N6-C:J06-U11 2005-09-03-23.31.00.031818 R50-M0-N6-C:J06-U11 RAS KERNEL INFO CE sym 29, at 0x092db580, mask 0x04
- 1125815460 2005.09.03 R50-M0-N7-C:J17-U11 2005-09-03-23.31.00.227667 R50-M0-N7-C:J17-U11 RAS KERNEL INFO CE sym 11, at 0x0092e3a0, mask 0x08
- 1125815460 2005.09.03 R50-M0-N6-C:J06-U11 2005-09-03-23.31.00.324055 R50-M0-N6-C:J06-U11 RAS KERNEL INFO CE sym 29, at 0x092db580, mask 0x04
- 1125815460 2005.09.03 R50-M0-N7-C:J17-U11 2005-09-03-23.31.00.528290 R50-M0-N7-C:J17-U11 RAS KERNEL INFO total of 5 ddr error(s) detected and corrected
- 1125815460 2005.09.03 R50-M0-N6-C:J06-U11 2005-09-03-23.31.00.635217 R50-M0-N6-C:J06-U11 RAS KERNEL INFO CE sym 29, at 0x092db580, mask 0x04
- 1125815460 2005.09.03 R50-M0-N6-C:J06-U11 2005-09-03-23.31.00.934728 R50-M0-N6-C:J06-U11 RAS KERNEL INFO CE sym 29, at 0x092db580, mask 0x04
- 1125815461 2005.09.03 R50-M0-N6-C:J06-U11 2005-09-03-23.31.01.192334 R50-M0-N6-C:J06-U11 RAS KERNEL INFO CE sym 29, at 0x092db580, mask 0x04
- 1125815461 2005.09.03 R50-M0-N6-C:J06-U11 2005-09-03-23.31.01.414152 R50-M0-N6-C:J06-U11 RAS KERNEL INFO CE sym 29, at 0x092db580, mask 0x04
- 1125815461 2005.09.03 R50-M0-N6-C:J06-U11 2005-09-03-23.31.01.617534 R50-M0-N6-C:J06-U11 RAS KERNEL INFO CE sym 29, at 0x092db580, mask 0x04
- 1125815461 2005.09.03 R50-M0-N6-C:J06-U11 2005-09-03-23.31.01.816745 R50-M0-N6-C:J06-U11 RAS KERNEL INFO CE sym 29, at 0x092db580, mask 0x04
- 1125815462 2005.09.03 R50-M0-N6-C:J06-U11 2005-09-03-23.31.02.001091 R50-M0-N6-C:J06-U11 RAS KERNEL INFO CE sym 29, at 0x092db580, mask 0x04
- 1125815462 2005.09.03 R50-M0-N6-C:J06-U11 2005-09-03-23.31.02.193651 R50-M0-N6-C:J06-U11 RAS KERNEL INFO total of 12 ddr error(s) detected and corrected
- 1125815919 2005.09.03 R32-M1-N7-C:J11-U01 2005-09-03-23.38.39.292199 R32-M1-N7-C:J11-U01 RAS KERNEL INFO 8 ddr errors(s) detected and corrected on rank 0, symbol 10, bit 5
- 1125815920 2005.09.03 R01-M1-N9-C:J17-U11 2005-09-03-23.38.40.320796 R01-M1-N9-C:J17-U11 RAS KERNEL INFO 2 ddr errors(s) detected and corrected on rank 0, symbol 22, bit 0
- 1125815920 2005.09.03 R06-M1-N5-C:J15-U11 2005-09-03-23.38.40.454974 R06-M1-N5-C:J15-U11 RAS KERNEL INFO 2 ddr errors(s) detected and corrected on rank 0, symbol 19, bit 1
- 1125815920 2005.09.03 R24-M0-N7-C:J07-U11 2005-09-03-23.38.40.584848 R24-M0-N7-C:J07-U11 RAS KERNEL INFO 5 ddr errors(s) detected and corrected on rank 0, symbol 9, bit 3
- 1125815920 2005.09.03 R03-M1-N9-C:J09-U11 2005-09-03-23.38.40.996644 R03-M1-N9-C:J09-U11 RAS KERNEL INFO 22 ddr errors(s) detected and corrected on rank 0, symbol 25, bit 1
- 1125815921 2005.09.03 R07-M0-N0-C:J09-U01 2005-09-03-23.38.41.177202 R07-M0-N0-C:J09-U01 RAS KERNEL INFO 25 ddr errors(s) detected and corrected on rank 0, symbol 4, bit 1
- 1125815921 2005.09.03 R14-M1-N0-C:J13-U01 2005-09-03-23.38.41.548209 R14-M1-N0-C:J13-U01 RAS KERNEL INFO 1 ddr errors(s) detected and corrected on rank 0, symbol 22, bit 7
- 1125815922 2005.09.03 R23-M0-N5-C:J12-U01 2005-09-03-23.38.42.105099 R23-M0-N5-C:J12-U01 RAS KERNEL INFO 30 ddr errors(s) detected and corrected on rank 0, symbol 29, bit 4
- 1125815922 2005.09.03 R12-M1-N3-C:J14-U11 2005-09-03-23.38.42.374402 R12-M1-N3-C:J14-U11 RAS KERNEL INFO 1 ddr errors(s) detected and corrected on rank 0, symbol 12, bit 1
- 1125815922 2005.09.03 R12-M1-N1-C:J16-U11 2005-09-03-23.38.42.553023 R12-M1-N1-C:J16-U11 RAS KERNEL INFO 3 ddr errors(s) detected and corrected on rank 0, symbol 31, bit 4
- 1125815922 2005.09.03 R14-M0-N9-C:J12-U01 2005-09-03-23.38.42.738960 R14-M0-N9-C:J12-U01 RAS KERNEL INFO 4 ddr errors(s) detected and corrected on rank 0, symbol 24, bit 2
- 1125815923 2005.09.03 R30-M0-N7-C:J10-U01 2005-09-03-23.38.43.330571 R30-M0-N7-C:J10-U01 RAS KERNEL INFO 8 ddr errors(s) detected and corrected on rank 0, symbol 1, bit 3
- 1125815923 2005.09.03 R17-M0-N0-C:J10-U01 2005-09-03-23.38.43.792175 R17-M0-N0-C:J10-U01 RAS KERNEL INFO 10 ddr errors(s) detected and corrected on rank 0, symbol 29, bit 7
- 1125815924 2005.09.03 R31-M1-N7-C:J06-U11 2005-09-03-23.38.44.526566 R31-M1-N7-C:J06-U11 RAS KERNEL INFO 16 ddr errors(s) detected and corrected on rank 0, symbol 15, bit 5
- 1125815925 2005.09.03 R11-M0-N7-C:J06-U01 2005-09-03-23.38.45.065196 R11-M0-N7-C:J06-U01 RAS KERNEL INFO 3 ddr errors(s) detected and corrected on rank 0, symbol 25, bit 6
- 1125815925 2005.09.03 R32-M1-N7-C:J11-U01 2005-09-03-23.38.45.673938 R32-M1-N7-C:J11-U01 RAS KERNEL INFO CE sym 10, at 0x0249e060, mask 0x04
- 1125815926 2005.09.03 R01-M1-N9-C:J17-U11 2005-09-03-23.38.46.630605 R01-M1-N9-C:J17-U11 RAS KERNEL INFO CE sym 22, at 0x07520ce0, mask 0x80
- 1125815926 2005.09.03 R06-M1-N5-C:J15-U11 2005-09-03-23.38.46.900459 R06-M1-N5-C:J15-U11 RAS KERNEL INFO CE sym 19, at 0x008e9c40, mask 0x40
- 1125815927 2005.09.03 R24-M0-N7-C:J07-U11 2005-09-03-23.38.47.168901 R24-M0-N7-C:J07-U11 RAS KERNEL INFO CE sym 9, at 0x1289a060, mask 0x10
- 1125815927 2005.09.03 R03-M1-N9-C:J09-U11 2005-09-03-23.38.47.731384 R03-M1-N9-C:J09-U11 RAS KERNEL INFO CE sym 25, at 0x06c27c60, mask 0x40
- 1125815927 2005.09.03 R07-M0-N0-C:J09-U01 2005-09-03-23.38.47.912167 R07-M0-N0-C:J09-U01 RAS KERNEL INFO CE sym 4, at 0x18f28be0, mask 0x40
- 1125815928 2005.09.03 R14-M1-N0-C:J13-U01 2005-09-03-23.38.48.407113 R14-M1-N0-C:J13-U01 RAS KERNEL INFO CE sym 22, at 0x06fb3840, mask 0x01
- 1125815928 2005.09.03 R23-M0-N5-C:J12-U01 2005-09-03-23.38.48.927989 R23-M0-N5-C:J12-U01 RAS KERNEL INFO CE sym 29, at 0x14123c20, mask 0x08
- 1125815929 2005.09.03 R12-M1-N3-C:J14-U11 2005-09-03-23.38.49.198428 R12-M1-N3-C:J14-U11 RAS KERNEL INFO CE sym 12, at 0x03fbc8e0, mask 0x40
- 1125815929 2005.09.03 R12-M1-N1-C:J16-U11 2005-09-03-23.38.49.377451 R12-M1-N1-C:J16-U11 RAS KERNEL INFO CE sym 31, at 0x18004d60, mask 0x08
- 1125815929 2005.09.03 R14-M0-N9-C:J12-U01 2005-09-03-23.38.49.551250 R14-M0-N9-C:J12-U01 RAS KERNEL INFO CE sym 24, at 0x008287e0, mask 0x20
- 1125815929 2005.09.03 R30-M0-N7-C:J10-U01 2005-09-03-23.38.49.742964 R30-M0-N7-C:J10-U01 RAS KERNEL INFO CE sym 1, at 0x17bfb740, mask 0x10
- 1125815930 2005.09.03 R17-M0-N0-C:J10-U01 2005-09-03-23.38.50.162111 R17-M0-N0-C:J10-U01 RAS KERNEL INFO CE sym 29, at 0x04fdc8e0, mask 0x01
- 1125815930 2005.09.03 R31-M1-N7-C:J06-U11 2005-09-03-23.38.50.838770 R31-M1-N7-C:J06-U11 RAS KERNEL INFO CE sym 15, at 0x111e0880, mask 0x04
- 1125815931 2005.09.03 R11-M0-N7-C:J06-U01 2005-09-03-23.38.51.323578 R11-M0-N7-C:J06-U01 RAS KERNEL INFO CE sym 25, at 0x03a821e0, mask 0x02
- 1125815931 2005.09.03 R32-M1-N7-C:J11-U01 2005-09-03-23.38.51.904503 R32-M1-N7-C:J11-U01 RAS KERNEL INFO CE sym 10, at 0x0249e060, mask 0x04
- 1125815932 2005.09.03 R01-M1-N9-C:J17-U11 2005-09-03-23.38.52.850361 R01-M1-N9-C:J17-U11 RAS KERNEL INFO CE sym 22, at 0x07520ce0, mask 0x80
- 1125815933 2005.09.03 R06-M1-N5-C:J15-U11 2005-09-03-23.38.53.012196 R06-M1-N5-C:J15-U11 RAS KERNEL INFO CE sym 19, at 0x008e9c40, mask 0x40
- 1125815933 2005.09.03 R24-M0-N7-C:J07-U11 2005-09-03-23.38.53.126273 R24-M0-N7-C:J07-U11 RAS KERNEL INFO CE sym 9, at 0x1289a060, mask 0x10
- 1125815933 2005.09.03 R03-M1-N9-C:J09-U11 2005-09-03-23.38.53.504241 R03-M1-N9-C:J09-U11 RAS KERNEL INFO CE sym 25, at 0x06c27c60, mask 0x40
- 1125815933 2005.09.03 R07-M0-N0-C:J09-U01 2005-09-03-23.38.53.677353 R07-M0-N0-C:J09-U01 RAS KERNEL INFO CE sym 4, at 0x18f28be0, mask 0x40
- 1125815934 2005.09.03 R14-M1-N0-C:J13-U01 2005-09-03-23.38.54.049898 R14-M1-N0-C:J13-U01 RAS KERNEL INFO total of 1 ddr error(s) detected and corrected
- 1125815934 2005.09.03 R23-M0-N5-C:J12-U01 2005-09-03-23.38.54.407120 R23-M0-N5-C:J12-U01 RAS KERNEL INFO CE sym 29, at 0x14123c20, mask 0x08
- 1125815934 2005.09.03 R12-M1-N3-C:J14-U11 2005-09-03-23.38.54.683086 R12-M1-N3-C:J14-U11 RAS KERNEL INFO total of 1 ddr error(s) detected and corrected
- 1125815934 2005.09.03 R12-M1-N1-C:J16-U11 2005-09-03-23.38.54.869427 R12-M1-N1-C:J16-U11 RAS KERNEL INFO CE sym 31, at 0x18004d60, mask 0x08
- 1125815935 2005.09.03 R14-M0-N9-C:J12-U01 2005-09-03-23.38.55.034128 R14-M0-N9-C:J12-U01 RAS KERNEL INFO CE sym 24, at 0x008287e0, mask 0x20
- 1125815935 2005.09.03 R30-M0-N7-C:J10-U01 2005-09-03-23.38.55.452877 R30-M0-N7-C:J10-U01 RAS KERNEL INFO CE sym 1, at 0x17bfb740, mask 0x10
- 1125815935 2005.09.03 R17-M0-N0-C:J10-U01 2005-09-03-23.38.55.877120 R17-M0-N0-C:J10-U01 RAS KERNEL INFO CE sym 29, at 0x04fdc8e0, mask 0x01
- 1125815936 2005.09.03 R31-M1-N7-C:J06-U11 2005-09-03-23.38.56.523867 R31-M1-N7-C:J06-U11 RAS KERNEL INFO CE sym 15, at 0x111e0880, mask 0x04
- 1125815937 2005.09.03 R11-M0-N7-C:J06-U01 2005-09-03-23.38.57.038197 R11-M0-N7-C:J06-U01 RAS KERNEL INFO CE sym 25, at 0x03a821e0, mask 0x02
- 1125815937 2005.09.03 R32-M1-N7-C:J11-U01 2005-09-03-23.38.57.516601 R32-M1-N7-C:J11-U01 RAS KERNEL INFO CE sym 10, at 0x0249e060, mask 0x04
- 1125815937 2005.09.03 R01-M1-N9-C:J17-U11 2005-09-03-23.38.57.971796 R01-M1-N9-C:J17-U11 RAS KERNEL INFO total of 2 ddr error(s) detected and corrected
- 1125815938 2005.09.03 R06-M1-N5-C:J15-U11 2005-09-03-23.38.58.037345 R06-M1-N5-C:J15-U11 RAS KERNEL INFO total of 2 ddr error(s) detected and corrected
- 1125815938 2005.09.03 R24-M0-N7-C:J07-U11 2005-09-03-23.38.58.302826 R24-M0-N7-C:J07-U11 RAS KERNEL INFO CE sym 9, at 0x1289a060, mask 0x10
- 1125815939 2005.09.03 R03-M1-N9-C:J09-U11 2005-09-03-23.38.59.061600 R03-M1-N9-C:J09-U11 RAS KERNEL INFO CE sym 25, at 0x06c27c60, mask 0x40
- 1125815939 2005.09.03 R07-M0-N0-C:J09-U01 2005-09-03-23.38.59.145470 R07-M0-N0-C:J09-U01 RAS KERNEL INFO CE sym 4, at 0x18f28be0, mask 0x40
- 1125815939 2005.09.03 R23-M0-N5-C:J12-U01 2005-09-03-23.38.59.505185 R23-M0-N5-C:J12-U01 RAS KERNEL INFO CE sym 29, at 0x14123c20, mask 0x08
- 1125815939 2005.09.03 R30-M0-N7-C:J10-U01 2005-09-03-23.38.59.600268 R30-M0-N7-C:J10-U01 RAS KERNEL INFO CE sym 1, at 0x17bfb740, mask 0x10
- 1125815939 2005.09.03 R12-M1-N1-C:J16-U11 2005-09-03-23.38.59.884171 R12-M1-N1-C:J16-U11 RAS KERNEL INFO CE sym 31, at 0x18004d60, mask 0x08
- 1125815939 2005.09.03 R14-M0-N9-C:J12-U01 2005-09-03-23.38.59.965061 R14-M0-N9-C:J12-U01 RAS KERNEL INFO CE sym 24, at 0x008287e0, mask 0x20
- 1125815940 2005.09.03 R17-M0-N0-C:J10-U01 2005-09-03-23.39.00.509943 R17-M0-N0-C:J10-U01 RAS KERNEL INFO CE sym 29, at 0x04fdc8e0, mask 0x01
- 1125815941 2005.09.03 R31-M1-N7-C:J06-U11 2005-09-03-23.39.01.048743 R31-M1-N7-C:J06-U11 RAS KERNEL INFO CE sym 15, at 0x111e0880, mask 0x04
- 1125815941 2005.09.03 R11-M0-N7-C:J06-U01 2005-09-03-23.39.01.424016 R11-M0-N7-C:J06-U01 RAS KERNEL INFO CE sym 25, at 0x03a821e0, mask 0x02
- 1125815941 2005.09.03 R32-M1-N7-C:J11-U01 2005-09-03-23.39.01.821335 R32-M1-N7-C:J11-U01 RAS KERNEL INFO CE sym 10, at 0x0249e060, mask 0x04
- 1125815942 2005.09.03 R24-M0-N7-C:J07-U11 2005-09-03-23.39.02.516649 R24-M0-N7-C:J07-U11 RAS KERNEL INFO CE sym 9, at 0x1289a060, mask 0x10
- 1125815943 2005.09.03 R03-M1-N9-C:J09-U11 2005-09-03-23.39.03.097076 R03-M1-N9-C:J09-U11 RAS KERNEL INFO CE sym 25, at 0x06c27c60, mask 0x40
- 1125815943 2005.09.03 R07-M0-N0-C:J09-U01 2005-09-03-23.39.03.193062 R07-M0-N0-C:J09-U01 RAS KERNEL INFO CE sym 4, at 0x18f28be0, mask 0x40
- 1125815943 2005.09.03 R23-M0-N5-C:J12-U01 2005-09-03-23.39.03.486296 R23-M0-N5-C:J12-U01 RAS KERNEL INFO CE sym 29, at 0x14123c20, mask 0x08
- 1125815943 2005.09.03 R30-M0-N7-C:J10-U01 2005-09-03-23.39.03.581912 R30-M0-N7-C:J10-U01 RAS KERNEL INFO CE sym 1, at 0x17bfb740, mask 0x10
- 1125815944 2005.09.03 R12-M1-N1-C:J16-U11 2005-09-03-23.39.04.006847 R12-M1-N1-C:J16-U11 RAS KERNEL INFO total of 3 ddr error(s) detected and corrected
- 1125815944 2005.09.03 R14-M0-N9-C:J12-U01 2005-09-03-23.39.04.102729 R14-M0-N9-C:J12-U01 RAS KERNEL INFO CE sym 24, at 0x008287e0, mask 0x20
- 1125815944 2005.09.03 R17-M0-N0-C:J10-U01 2005-09-03-23.39.04.485598 R17-M0-N0-C:J10-U01 RAS KERNEL INFO CE sym 29, at 0x04fdc8e0, mask 0x01
- 1125815945 2005.09.03 R31-M1-N7-C:J06-U11 2005-09-03-23.39.05.037317 R31-M1-N7-C:J06-U11 RAS KERNEL INFO CE sym 15, at 0x111e0880, mask 0x04
- 1125815945 2005.09.03 R11-M0-N7-C:J06-U01 2005-09-03-23.39.05.419649 R11-M0-N7-C:J06-U01 RAS KERNEL INFO total of 3 ddr error(s) detected and corrected
- 1125815945 2005.09.03 R32-M1-N7-C:J11-U01 2005-09-03-23.39.05.820629 R32-M1-N7-C:J11-U01 RAS KERNEL INFO CE sym 10, at 0x0249e060, mask 0x04
- 1125815946 2005.09.03 R24-M0-N7-C:J07-U11 2005-09-03-23.39.06.354222 R24-M0-N7-C:J07-U11 RAS KERNEL INFO CE sym 9, at 0x1289a060, mask 0x10
- 1125815946 2005.09.03 R03-M1-N9-C:J09-U11 2005-09-03-23.39.06.947019 R03-M1-N9-C:J09-U11 RAS KERNEL INFO CE sym 25, at 0x06c27c60, mask 0x40
- 1125815947 2005.09.03 R07-M0-N0-C:J09-U01 2005-09-03-23.39.07.049006 R07-M0-N0-C:J09-U01 RAS KERNEL INFO CE sym 4, at 0x18f28be0, mask 0x40
- 1125815947 2005.09.03 R23-M0-N5-C:J12-U01 2005-09-03-23.39.07.354598 R23-M0-N5-C:J12-U01 RAS KERNEL INFO CE sym 29, at 0x14123c20, mask 0x08
- 1125815947 2005.09.03 R30-M0-N7-C:J10-U01 2005-09-03-23.39.07.456283 R30-M0-N7-C:J10-U01 RAS KERNEL INFO CE sym 1, at 0x17bfb740, mask 0x10
- 1125815947 2005.09.03 R14-M0-N9-C:J12-U01 2005-09-03-23.39.07.768332 R14-M0-N9-C:J12-U01 RAS KERNEL INFO total of 4 ddr error(s) detected and corrected
- 1125815948 2005.09.03 R17-M0-N0-C:J10-U01 2005-09-03-23.39.08.067493 R17-M0-N0-C:J10-U01 RAS KERNEL INFO CE sym 29, at 0x04fdc8e0, mask 0x01
- 1125815948 2005.09.03 R31-M1-N7-C:J06-U11 2005-09-03-23.39.08.553675 R31-M1-N7-C:J06-U11 RAS KERNEL INFO CE sym 15, at 0x111e0880, mask 0x04
- 1125815949 2005.09.03 R32-M1-N7-C:J11-U01 2005-09-03-23.39.09.210734 R32-M1-N7-C:J11-U01 RAS KERNEL INFO CE sym 10, at 0x0249e060, mask 0x04
- 1125815949 2005.09.03 R24-M0-N7-C:J07-U11 2005-09-03-23.39.09.792361 R24-M0-N7-C:J07-U11 RAS KERNEL INFO total of 5 ddr error(s) detected and corrected
- 1125815950 2005.09.03 R03-M1-N9-C:J09-U11 2005-09-03-23.39.10.324428 R03-M1-N9-C:J09-U11 RAS KERNEL INFO CE sym 25, at 0x06c27c60, mask 0x40
- 1125815950 2005.09.03 R07-M0-N0-C:J09-U01 2005-09-03-23.39.10.474407 R07-M0-N0-C:J09-U01 RAS KERNEL INFO CE sym 4, at 0x18f28be0, mask 0x40
- 1125815950 2005.09.03 R23-M0-N5-C:J12-U01 2005-09-03-23.39.10.665699 R23-M0-N5-C:J12-U01 RAS KERNEL INFO CE sym 29, at 0x14123c20, mask 0x08
- 1125815950 2005.09.03 R30-M0-N7-C:J10-U01 2005-09-03-23.39.10.761912 R30-M0-N7-C:J10-U01 RAS KERNEL INFO CE sym 1, at 0x17bfb740, mask 0x10
- 1125815951 2005.09.03 R17-M0-N0-C:J10-U01 2005-09-03-23.39.11.150217 R17-M0-N0-C:J10-U01 RAS KERNEL INFO CE sym 29, at 0x04fdc8e0, mask 0x01
- 1125815951 2005.09.03 R31-M1-N7-C:J06-U11 2005-09-03-23.39.11.415485 R31-M1-N7-C:J06-U11 RAS KERNEL INFO CE sym 15, at 0x111e0880, mask 0x04
- 1125815952 2005.09.03 R32-M1-N7-C:J11-U01 2005-09-03-23.39.12.030381 R32-M1-N7-C:J11-U01 RAS KERNEL INFO CE sym 10, at 0x0249e060, mask 0x04
- 1125815952 2005.09.03 R03-M1-N9-C:J09-U11 2005-09-03-23.39.12.795495 R03-M1-N9-C:J09-U11 RAS KERNEL INFO CE sym 25, at 0x06c27c60, mask 0x40
- 1125815952 2005.09.03 R07-M0-N0-C:J09-U01 2005-09-03-23.39.12.875388 R07-M0-N0-C:J09-U01 RAS KERNEL INFO CE sym 4, at 0x18f28be0, mask 0x40
- 1125815953 2005.09.03 R23-M0-N5-C:J12-U01 2005-09-03-23.39.13.043201 R23-M0-N5-C:J12-U01 RAS KERNEL INFO CE sym 29, at 0x14123c20, mask 0x08
- 1125815953 2005.09.03 R30-M0-N7-C:J10-U01 2005-09-03-23.39.13.126415 R30-M0-N7-C:J10-U01 RAS KERNEL INFO CE sym 1, at 0x17bfb740, mask 0x10
- 1125815953 2005.09.03 R17-M0-N0-C:J10-U01 2005-09-03-23.39.13.396686 R17-M0-N0-C:J10-U01 RAS KERNEL INFO CE sym 29, at 0x04fdc8e0, mask 0x01
- 1125815953 2005.09.03 R31-M1-N7-C:J06-U11 2005-09-03-23.39.13.516958 R31-M1-N7-C:J06-U11 RAS KERNEL INFO CE sym 15, at 0x111e0880, mask 0x04
- 1125815953 2005.09.03 R32-M1-N7-C:J11-U01 2005-09-03-23.39.13.821907 R32-M1-N7-C:J11-U01 RAS KERNEL INFO CE sym 10, at 0x0249e060, mask 0x04
- 1125815954 2005.09.03 R03-M1-N9-C:J09-U11 2005-09-03-23.39.14.577806 R03-M1-N9-C:J09-U11 RAS KERNEL INFO CE sym 25, at 0x06c27c60, mask 0x40
- 1125815954 2005.09.03 R07-M0-N0-C:J09-U01 2005-09-03-23.39.14.660121 R07-M0-N0-C:J09-U01 RAS KERNEL INFO CE sym 4, at 0x18f28be0, mask 0x40
- 1125815954 2005.09.03 R23-M0-N5-C:J12-U01 2005-09-03-23.39.14.815064 R23-M0-N5-C:J12-U01 RAS KERNEL INFO CE sym 29, at 0x14123c20, mask 0x08
- 1125815954 2005.09.03 R30-M0-N7-C:J10-U01 2005-09-03-23.39.14.899289 R30-M0-N7-C:J10-U01 RAS KERNEL INFO CE sym 1, at 0x17bfb740, mask 0x10
- 1125815955 2005.09.03 R17-M0-N0-C:J10-U01 2005-09-03-23.39.15.156548 R17-M0-N0-C:J10-U01 RAS KERNEL INFO CE sym 29, at 0x04fdc8e0, mask 0x01
- 1125815955 2005.09.03 R31-M1-N7-C:J06-U11 2005-09-03-23.39.15.408152 R31-M1-N7-C:J06-U11 RAS KERNEL INFO CE sym 15, at 0x111e0880, mask 0x04
- 1125815955 2005.09.03 R32-M1-N7-C:J11-U01 2005-09-03-23.39.15.839195 R32-M1-N7-C:J11-U01 RAS KERNEL INFO total of 8 ddr error(s) detected and corrected
- 1125815956 2005.09.03 R03-M1-N9-C:J09-U11 2005-09-03-23.39.16.491784 R03-M1-N9-C:J09-U11 RAS KERNEL INFO CE sym 25, at 0x06c27c60, mask 0x40
- 1125815956 2005.09.03 R07-M0-N0-C:J09-U01 2005-09-03-23.39.16.575341 R07-M0-N0-C:J09-U01 RAS KERNEL INFO CE sym 4, at 0x18f28be0, mask 0x40
- 1125815956 2005.09.03 R23-M0-N5-C:J12-U01 2005-09-03-23.39.16.742992 R23-M0-N5-C:J12-U01 RAS KERNEL INFO CE sym 29, at 0x14123c20, mask 0x08
- 1125815956 2005.09.03 R30-M0-N7-C:J10-U01 2005-09-03-23.39.16.827182 R30-M0-N7-C:J10-U01 RAS KERNEL INFO total of 8 ddr error(s) detected and corrected
- 1125815957 2005.09.03 R17-M0-N0-C:J10-U01 2005-09-03-23.39.17.084453 R17-M0-N0-C:J10-U01 RAS KERNEL INFO CE sym 29, at 0x04fdc8e0, mask 0x01
- 1125815957 2005.09.03 R31-M1-N7-C:J06-U11 2005-09-03-23.39.17.336095 R31-M1-N7-C:J06-U11 RAS KERNEL INFO CE sym 15, at 0x111e0880, mask 0x04
- 1125815958 2005.09.03 R03-M1-N9-C:J09-U11 2005-09-03-23.39.18.095582 R03-M1-N9-C:J09-U11 RAS KERNEL INFO CE sym 25, at 0x06c27c60, mask 0x40
- 1125815958 2005.09.03 R07-M0-N0-C:J09-U01 2005-09-03-23.39.18.179175 R07-M0-N0-C:J09-U01 RAS KERNEL INFO CE sym 4, at 0x18f28be0, mask 0x40
- 1125815958 2005.09.03 R23-M0-N5-C:J12-U01 2005-09-03-23.39.18.364947 R23-M0-N5-C:J12-U01 RAS KERNEL INFO CE sym 29, at 0x14123c20, mask 0x08
- 1125815958 2005.09.03 R17-M0-N0-C:J10-U01 2005-09-03-23.39.18.616099 R17-M0-N0-C:J10-U01 RAS KERNEL INFO CE sym 29, at 0x04fdc8e0, mask 0x01
- 1125815958 2005.09.03 R31-M1-N7-C:J06-U11 2005-09-03-23.39.18.790653 R31-M1-N7-C:J06-U11 RAS KERNEL INFO CE sym 15, at 0x111e0880, mask 0x04
- 1125815959 2005.09.03 R03-M1-N9-C:J09-U11 2005-09-03-23.39.19.489951 R03-M1-N9-C:J09-U11 RAS KERNEL INFO CE sym 25, at 0x06c27c60, mask 0x40
- 1125815959 2005.09.03 R07-M0-N0-C:J09-U01 2005-09-03-23.39.19.579520 R07-M0-N0-C:J09-U01 RAS KERNEL INFO CE sym 4, at 0x18f28be0, mask 0x40
- 1125815959 2005.09.03 R23-M0-N5-C:J12-U01 2005-09-03-23.39.19.759202 R23-M0-N5-C:J12-U01 RAS KERNEL INFO CE sym 29, at 0x14123c20, mask 0x08
- 1125815960 2005.09.03 R17-M0-N0-C:J10-U01 2005-09-03-23.39.20.041112 R17-M0-N0-C:J10-U01 RAS KERNEL INFO total of 10 ddr error(s) detected and corrected
- 1125815960 2005.09.03 R31-M1-N7-C:J06-U11 2005-09-03-23.39.20.227208 R31-M1-N7-C:J06-U11 RAS KERNEL INFO CE sym 15, at 0x111e0880, mask 0x04
- 1125815960 2005.09.03 R03-M1-N9-C:J09-U11 2005-09-03-23.39.20.950220 R03-M1-N9-C:J09-U11 RAS KERNEL INFO CE sym 25, at 0x06c27c60, mask 0x40
- 1125815961 2005.09.03 R07-M0-N0-C:J09-U01 2005-09-03-23.39.21.040853 R07-M0-N0-C:J09-U01 RAS KERNEL INFO CE sym 4, at 0x18f28be0, mask 0x40
- 1125815961 2005.09.03 R23-M0-N5-C:J12-U01 2005-09-03-23.39.21.219170 R23-M0-N5-C:J12-U01 RAS KERNEL INFO CE sym 29, at 0x14123c20, mask 0x08
- 1125815961 2005.09.03 R31-M1-N7-C:J06-U11 2005-09-03-23.39.21.531384 R31-M1-N7-C:J06-U11 RAS KERNEL INFO CE sym 15, at 0x111e0880, mask 0x04
- 1125815961 2005.09.03 R03-M1-N9-C:J09-U11 2005-09-03-23.39.21.968734 R03-M1-N9-C:J09-U11 RAS KERNEL INFO CE sym 25, at 0x06c27c60, mask 0x40
- 1125815962 2005.09.03 R07-M0-N0-C:J09-U01 2005-09-03-23.39.22.004293 R07-M0-N0-C:J09-U01 RAS KERNEL INFO CE sym 4, at 0x18f28be0, mask 0x40
- 1125815962 2005.09.03 R23-M0-N5-C:J12-U01 2005-09-03-23.39.22.076272 R23-M0-N5-C:J12-U01 RAS KERNEL INFO CE sym 29, at 0x14123c20, mask 0x08
- 1125815962 2005.09.03 R31-M1-N7-C:J06-U11 2005-09-03-23.39.22.220182 R31-M1-N7-C:J06-U11 RAS KERNEL INFO CE sym 15, at 0x111e0880, mask 0x04
- 1125815962 2005.09.03 R03-M1-N9-C:J09-U11 2005-09-03-23.39.22.920539 R03-M1-N9-C:J09-U11 RAS KERNEL INFO CE sym 25, at 0x06c27c60, mask 0x40
- 1125815963 2005.09.03 R07-M0-N0-C:J09-U01 2005-09-03-23.39.23.009890 R07-M0-N0-C:J09-U01 RAS KERNEL INFO CE sym 4, at 0x18f28be0, mask 0x40
- 1125815963 2005.09.03 R23-M0-N5-C:J12-U01 2005-09-03-23.39.23.194474 R23-M0-N5-C:J12-U01 RAS KERNEL INFO CE sym 29, at 0x14123c20, mask 0x08
- 1125815963 2005.09.03 R31-M1-N7-C:J06-U11 2005-09-03-23.39.23.584007 R31-M1-N7-C:J06-U11 RAS KERNEL INFO CE sym 15, at 0x111e0880, mask 0x04
- 1125815964 2005.09.03 R03-M1-N9-C:J09-U11 2005-09-03-23.39.24.328723 R03-M1-N9-C:J09-U11 RAS KERNEL INFO CE sym 25, at 0x06c27c60, mask 0x40
- 1125815964 2005.09.03 R07-M0-N0-C:J09-U01 2005-09-03-23.39.24.410068 R07-M0-N0-C:J09-U01 RAS KERNEL INFO CE sym 4, at 0x18f28be0, mask 0x40
- 1125815964 2005.09.03 R23-M0-N5-C:J12-U01 2005-09-03-23.39.24.571764 R23-M0-N5-C:J12-U01 RAS KERNEL INFO CE sym 29, at 0x14123c20, mask 0x08
- 1125815964 2005.09.03 R31-M1-N7-C:J06-U11 2005-09-03-23.39.24.734190 R31-M1-N7-C:J06-U11 RAS KERNEL INFO CE sym 15, at 0x111e0880, mask 0x04
- 1125815965 2005.09.03 R03-M1-N9-C:J09-U11 2005-09-03-23.39.25.331420 R03-M1-N9-C:J09-U11 RAS KERNEL INFO CE sym 25, at 0x06c27c60, mask 0x40
- 1125815965 2005.09.03 R07-M0-N0-C:J09-U01 2005-09-03-23.39.25.421713 R07-M0-N0-C:J09-U01 RAS KERNEL INFO CE sym 4, at 0x18f28be0, mask 0x40
- 1125815965 2005.09.03 R23-M0-N5-C:J12-U01 2005-09-03-23.39.25.600743 R23-M0-N5-C:J12-U01 RAS KERNEL INFO CE sym 29, at 0x14123c20, mask 0x08
- 1125815965 2005.09.03 R31-M1-N7-C:J06-U11 2005-09-03-23.39.25.687112 R31-M1-N7-C:J06-U11 RAS KERNEL INFO CE sym 15, at 0x111e0880, mask 0x04
- 1125815966 2005.09.03 R03-M1-N9-C:J09-U11 2005-09-03-23.39.26.180940 R03-M1-N9-C:J09-U11 RAS KERNEL INFO CE sym 25, at 0x06c27c60, mask 0x40
- 1125815966 2005.09.03 R07-M0-N0-C:J09-U01 2005-09-03-23.39.26.265390 R07-M0-N0-C:J09-U01 RAS KERNEL INFO CE sym 4, at 0x18f28be0, mask 0x40
- 1125815966 2005.09.03 R23-M0-N5-C:J12-U01 2005-09-03-23.39.26.393258 R23-M0-N5-C:J12-U01 RAS KERNEL INFO CE sym 29, at 0x14123c20, mask 0x08
- 1125815966 2005.09.03 R31-M1-N7-C:J06-U11 2005-09-03-23.39.26.475141 R31-M1-N7-C:J06-U11 RAS KERNEL INFO total of 16 ddr error(s) detected and corrected
- 1125815966 2005.09.03 R03-M1-N9-C:J09-U11 2005-09-03-23.39.26.950275 R03-M1-N9-C:J09-U11 RAS KERNEL INFO CE sym 25, at 0x06c27c60, mask 0x40
- 1125815967 2005.09.03 R07-M0-N0-C:J09-U01 2005-09-03-23.39.27.031307 R07-M0-N0-C:J09-U01 RAS KERNEL INFO CE sym 4, at 0x18f28be0, mask 0x40
- 1125815967 2005.09.03 R23-M0-N5-C:J12-U01 2005-09-03-23.39.27.206846 R23-M0-N5-C:J12-U01 RAS KERNEL INFO CE sym 29, at 0x14123c20, mask 0x08
- 1125815967 2005.09.03 R03-M1-N9-C:J09-U11 2005-09-03-23.39.27.709568 R03-M1-N9-C:J09-U11 RAS KERNEL INFO CE sym 25, at 0x06c27c60, mask 0x40
- 1125815967 2005.09.03 R07-M0-N0-C:J09-U01 2005-09-03-23.39.27.787826 R07-M0-N0-C:J09-U01 RAS KERNEL INFO CE sym 4, at 0x18f28be0, mask 0x40
- 1125815967 2005.09.03 R23-M0-N5-C:J12-U01 2005-09-03-23.39.27.945104 R23-M0-N5-C:J12-U01 RAS KERNEL INFO CE sym 29, at 0x14123c20, mask 0x08
- 1125815968 2005.09.03 R03-M1-N9-C:J09-U11 2005-09-03-23.39.28.343331 R03-M1-N9-C:J09-U11 RAS KERNEL INFO CE sym 25, at 0x06c27c60, mask 0x40
- 1125815968 2005.09.03 R07-M0-N0-C:J09-U01 2005-09-03-23.39.28.422710 R07-M0-N0-C:J09-U01 RAS KERNEL INFO CE sym 4, at 0x18f28be0, mask 0x40
- 1125815968 2005.09.03 R23-M0-N5-C:J12-U01 2005-09-03-23.39.28.577939 R23-M0-N5-C:J12-U01 RAS KERNEL INFO CE sym 29, at 0x14123c20, mask 0x08
- 1125815968 2005.09.03 R03-M1-N9-C:J09-U11 2005-09-03-23.39.28.831010 R03-M1-N9-C:J09-U11 RAS KERNEL INFO CE sym 25, at 0x06c27c60, mask 0x40
- 1125815968 2005.09.03 R07-M0-N0-C:J09-U01 2005-09-03-23.39.28.888339 R07-M0-N0-C:J09-U01 RAS KERNEL INFO CE sym 4, at 0x18f28be0, mask 0x40
- 1125815969 2005.09.03 R23-M0-N5-C:J12-U01 2005-09-03-23.39.29.068590 R23-M0-N5-C:J12-U01 RAS KERNEL INFO CE sym 29, at 0x14123c20, mask 0x08
- 1125815969 2005.09.03 R03-M1-N9-C:J09-U11 2005-09-03-23.39.29.336780 R03-M1-N9-C:J09-U11 RAS KERNEL INFO CE sym 25, at 0x06c27c60, mask 0x40
- 1125815969 2005.09.03 R07-M0-N0-C:J09-U01 2005-09-03-23.39.29.397775 R07-M0-N0-C:J09-U01 RAS KERNEL INFO CE sym 4, at 0x18f28be0, mask 0x40
- 1125815969 2005.09.03 R23-M0-N5-C:J12-U01 2005-09-03-23.39.29.558637 R23-M0-N5-C:J12-U01 RAS KERNEL INFO CE sym 29, at 0x14123c20, mask 0x08
- 1125815969 2005.09.03 R03-M1-N9-C:J09-U11 2005-09-03-23.39.29.813498 R03-M1-N9-C:J09-U11 RAS KERNEL INFO total of 22 ddr error(s) detected and corrected
- 1125815969 2005.09.03 R07-M0-N0-C:J09-U01 2005-09-03-23.39.29.844366 R07-M0-N0-C:J09-U01 RAS KERNEL INFO CE sym 4, at 0x18f28be0, mask 0x40
- 1125815969 2005.09.03 R23-M0-N5-C:J12-U01 2005-09-03-23.39.29.933826 R23-M0-N5-C:J12-U01 RAS KERNEL INFO CE sym 29, at 0x14123c20, mask 0x08
- 1125815970 2005.09.03 R07-M0-N0-C:J09-U01 2005-09-03-23.39.30.099519 R07-M0-N0-C:J09-U01 RAS KERNEL INFO CE sym 4, at 0x18f28be0, mask 0x40
- 1125815970 2005.09.03 R23-M0-N5-C:J12-U01 2005-09-03-23.39.30.167034 R23-M0-N5-C:J12-U01 RAS KERNEL INFO CE sym 29, at 0x14123c20, mask 0x08
- 1125815970 2005.09.03 R07-M0-N0-C:J09-U01 2005-09-03-23.39.30.338024 R07-M0-N0-C:J09-U01 RAS KERNEL INFO CE sym 4, at 0x18f28be0, mask 0x40
- 1125815970 2005.09.03 R23-M0-N5-C:J12-U01 2005-09-03-23.39.30.525037 R23-M0-N5-C:J12-U01 RAS KERNEL INFO CE sym 29, at 0x14123c20, mask 0x08
- 1125815970 2005.09.03 R07-M0-N0-C:J09-U01 2005-09-03-23.39.30.803822 R07-M0-N0-C:J09-U01 RAS KERNEL INFO total of 25 ddr error(s) detected and corrected
- 1125815970 2005.09.03 R23-M0-N5-C:J12-U01 2005-09-03-23.39.30.877303 R23-M0-N5-C:J12-U01 RAS KERNEL INFO CE sym 29, at 0x14123c20, mask 0x08
- 1125815971 2005.09.03 R23-M0-N5-C:J12-U01 2005-09-03-23.39.31.156485 R23-M0-N5-C:J12-U01 RAS KERNEL INFO CE sym 29, at 0x14123c20, mask 0x08
- 1125815971 2005.09.03 R23-M0-N5-C:J12-U01 2005-09-03-23.39.31.416642 R23-M0-N5-C:J12-U01 RAS KERNEL INFO CE sym 29, at 0x14123c20, mask 0x08
- 1125815971 2005.09.03 R23-M0-N5-C:J12-U01 2005-09-03-23.39.31.670066 R23-M0-N5-C:J12-U01 RAS KERNEL INFO CE sym 29, at 0x14123c20, mask 0x08
- 1125815971 2005.09.03 R23-M0-N5-C:J12-U01 2005-09-03-23.39.31.929093 R23-M0-N5-C:J12-U01 RAS KERNEL INFO CE sym 29, at 0x14123c20, mask 0x08
- 1125816386 2005.09.03 R72-M1-N1-C:J08-U11 2005-09-03-23.46.26.712170 R72-M1-N1-C:J08-U11 RAS KERNEL INFO ddr: activating redundant bit steering: rank=0 symbol=25
- 1125817573 2005.09.04 R74-M0-N7-C:J12-U01 2005-09-04-00.06.13.423830 R74-M0-N7-C:J12-U01 RAS KERNEL INFO 1 ddr errors(s) detected and corrected on rank 0, symbol 7, bit 0
- 1125817574 2005.09.04 R72-M1-N1-C:J08-U11 2005-09-04-00.06.14.081995 R72-M1-N1-C:J08-U11 RAS KERNEL INFO 30 ddr errors(s) detected and corrected on rank 0, symbol 25, bit 6
- 1125817574 2005.09.04 R70-M0-N1-C:J02-U11 2005-09-04-00.06.14.291682 R70-M0-N1-C:J02-U11 RAS KERNEL INFO 4 ddr errors(s) detected and corrected on rank 0, symbol 4, bit 5
- 1125817574 2005.09.04 R74-M0-N7-C:J12-U01 2005-09-04-00.06.14.864126 R74-M0-N7-C:J12-U01 RAS KERNEL INFO CE sym 7, at 0x0904c820, mask 0x80
- 1125817574 2005.09.04 R72-M1-N1-C:J08-U11 2005-09-04-00.06.14.995181 R72-M1-N1-C:J08-U11 RAS KERNEL INFO CE sym 25, at 0x104c5d00, mask 0x02
- 1125817575 2005.09.04 R70-M0-N1-C:J02-U11 2005-09-04-00.06.15.036775 R70-M0-N1-C:J02-U11 RAS KERNEL INFO CE sym 4, at 0x11dab4c0, mask 0x04
- 1125817575 2005.09.04 R74-M0-N7-C:J12-U01 2005-09-04-00.06.15.276453 R74-M0-N7-C:J12-U01 RAS KERNEL INFO total of 1 ddr error(s) detected and corrected
- 1125817575 2005.09.04 R72-M1-N1-C:J08-U11 2005-09-04-00.06.15.414431 R72-M1-N1-C:J08-U11 RAS KERNEL INFO CE sym 25, at 0x104c5d00, mask 0x02
- 1125817575 2005.09.04 R70-M0-N1-C:J02-U11 2005-09-04-00.06.15.450435 R70-M0-N1-C:J02-U11 RAS KERNEL INFO CE sym 4, at 0x11dab4c0, mask 0x04
- 1125817575 2005.09.04 R72-M1-N1-C:J08-U11 2005-09-04-00.06.15.677365 R72-M1-N1-C:J08-U11 RAS KERNEL INFO CE sym 25, at 0x104c5d00, mask 0x02
- 1125817575 2005.09.04 R70-M0-N1-C:J02-U11 2005-09-04-00.06.15.713514 R70-M0-N1-C:J02-U11 RAS KERNEL INFO CE sym 4, at 0x11dab4c0, mask 0x04
- 1125817575 2005.09.04 R72-M1-N1-C:J08-U11 2005-09-04-00.06.15.983045 R72-M1-N1-C:J08-U11 RAS KERNEL INFO CE sym 25, at 0x104c5d00, mask 0x02
- 1125817576 2005.09.04 R70-M0-N1-C:J02-U11 2005-09-04-00.06.16.025768 R70-M0-N1-C:J02-U11 RAS KERNEL INFO CE sym 4, at 0x11dab4c0, mask 0x04
- 1125817576 2005.09.04 R72-M1-N1-C:J08-U11 2005-09-04-00.06.16.186256 R72-M1-N1-C:J08-U11 RAS KERNEL INFO CE sym 25, at 0x104c5d00, mask 0x02
- 1125817576 2005.09.04 R70-M0-N1-C:J02-U11 2005-09-04-00.06.16.210313 R70-M0-N1-C:J02-U11 RAS KERNEL INFO total of 4 ddr error(s) detected and corrected
- 1125817576 2005.09.04 R72-M1-N1-C:J08-U11 2005-09-04-00.06.16.420820 R72-M1-N1-C:J08-U11 RAS KERNEL INFO CE sym 25, at 0x104c5d00, mask 0x02
- 1125817576 2005.09.04 R72-M1-N1-C:J08-U11 2005-09-04-00.06.16.582400 R72-M1-N1-C:J08-U11 RAS KERNEL INFO CE sym 25, at 0x104c5d00, mask 0x02
- 1125817576 2005.09.04 R72-M1-N1-C:J08-U11 2005-09-04-00.06.16.743047 R72-M1-N1-C:J08-U11 RAS KERNEL INFO CE sym 25, at 0x104c5d00, mask 0x02
- 1125817576 2005.09.04 R72-M1-N1-C:J08-U11 2005-09-04-00.06.16.880891 R72-M1-N1-C:J08-U11 RAS KERNEL INFO CE sym 25, at 0x104c5d00, mask 0x02
- 1125817577 2005.09.04 R72-M1-N1-C:J08-U11 2005-09-04-00.06.17.012975 R72-M1-N1-C:J08-U11 RAS KERNEL INFO CE sym 25, at 0x104c5d00, mask 0x02
- 1125817577 2005.09.04 R72-M1-N1-C:J08-U11 2005-09-04-00.06.17.156325 R72-M1-N1-C:J08-U11 RAS KERNEL INFO CE sym 25, at 0x104c5d00, mask 0x02
- 1125817577 2005.09.04 R72-M1-N1-C:J08-U11 2005-09-04-00.06.17.288215 R72-M1-N1-C:J08-U11 RAS KERNEL INFO CE sym 25, at 0x104c5d00, mask 0x02
- 1125817577 2005.09.04 R72-M1-N1-C:J08-U11 2005-09-04-00.06.17.431675 R72-M1-N1-C:J08-U11 RAS KERNEL INFO CE sym 25, at 0x104c5d00, mask 0x02
- 1125817577 2005.09.04 R72-M1-N1-C:J08-U11 2005-09-04-00.06.17.544170 R72-M1-N1-C:J08-U11 RAS KERNEL INFO CE sym 25, at 0x104c5d00, mask 0x02
- 1125817577 2005.09.04 R72-M1-N1-C:J08-U11 2005-09-04-00.06.17.658393 R72-M1-N1-C:J08-U11 RAS KERNEL INFO CE sym 25, at 0x104c5d00, mask 0x02
- 1125817577 2005.09.04 R72-M1-N1-C:J08-U11 2005-09-04-00.06.17.790069 R72-M1-N1-C:J08-U11 RAS KERNEL INFO CE sym 25, at 0x104c5d00, mask 0x02
- 1125817577 2005.09.04 R72-M1-N1-C:J08-U11 2005-09-04-00.06.17.951702 R72-M1-N1-C:J08-U11 RAS KERNEL INFO CE sym 25, at 0x104c5d00, mask 0x02
- 1125817578 2005.09.04 R72-M1-N1-C:J08-U11 2005-09-04-00.06.18.070909 R72-M1-N1-C:J08-U11 RAS KERNEL INFO CE sym 25, at 0x104c5d00, mask 0x02
- 1125817578 2005.09.04 R72-M1-N1-C:J08-U11 2005-09-04-00.06.18.190824 R72-M1-N1-C:J08-U11 RAS KERNEL INFO CE sym 25, at 0x104c5d00, mask 0x02
- 1125817578 2005.09.04 R72-M1-N1-C:J08-U11 2005-09-04-00.06.18.310353 R72-M1-N1-C:J08-U11 RAS KERNEL INFO CE sym 25, at 0x104c5d00, mask 0x02
- 1125817578 2005.09.04 R72-M1-N1-C:J08-U11 2005-09-04-00.06.18.436784 R72-M1-N1-C:J08-U11 RAS KERNEL INFO CE sym 25, at 0x104c5d00, mask 0x02
- 1125817578 2005.09.04 R72-M1-N1-C:J08-U11 2005-09-04-00.06.18.488490 R72-M1-N1-C:J08-U11 RAS KERNEL INFO CE sym 25, at 0x104c5d00, mask 0x02
- 1125817578 2005.09.04 R72-M1-N1-C:J08-U11 2005-09-04-00.06.18.582491 R72-M1-N1-C:J08-U11 RAS KERNEL INFO CE sym 25, at 0x104c5d00, mask 0x02
- 1125817578 2005.09.04 R72-M1-N1-C:J08-U11 2005-09-04-00.06.18.680127 R72-M1-N1-C:J08-U11 RAS KERNEL INFO CE sym 25, at 0x104c5d00, mask 0x02
- 1125817578 2005.09.04 R72-M1-N1-C:J08-U11 2005-09-04-00.06.18.774153 R72-M1-N1-C:J08-U11 RAS KERNEL INFO CE sym 25, at 0x104c5d00, mask 0x02
- 1125817578 2005.09.04 R72-M1-N1-C:J08-U11 2005-09-04-00.06.18.870718 R72-M1-N1-C:J08-U11 RAS KERNEL INFO CE sym 25, at 0x104c5d00, mask 0x02
- 1125817578 2005.09.04 R72-M1-N1-C:J08-U11 2005-09-04-00.06.18.966509 R72-M1-N1-C:J08-U11 RAS KERNEL INFO CE sym 25, at 0x104c5d00, mask 0x02
- 1125817579 2005.09.04 R72-M1-N1-C:J08-U11 2005-09-04-00.06.19.061667 R72-M1-N1-C:J08-U11 RAS KERNEL INFO CE sym 25, at 0x104c5d00, mask 0x02
- 1125817579 2005.09.04 R72-M1-N1-C:J08-U11 2005-09-04-00.06.19.161025 R72-M1-N1-C:J08-U11 RAS KERNEL INFO CE sym 25, at 0x104c5d00, mask 0x02
- 1125817579 2005.09.04 R72-M1-N1-C:J08-U11 2005-09-04-00.06.19.265309 R72-M1-N1-C:J08-U11 RAS KERNEL INFO CE sym 25, at 0x104c5d00, mask 0x02
- 1125827211 2005.09.04 R44-M0-N5-C:J14-U11 2005-09-04-02.46.51.907380 R44-M0-N5-C:J14-U11 RAS KERNEL INFO 1 ddr errors(s) detected and corrected on rank 0, symbol 27, bit 4
- 1125827212 2005.09.04 R44-M1-N4-C:J04-U01 2005-09-04-02.46.52.241731 R44-M1-N4-C:J04-U01 RAS KERNEL INFO 1 tree receiver 1 in re-synch state event(s) (dcr 0x0185) detected
- 1125827212 2005.09.04 R45-M0-N4-C:J08-U01 2005-09-04-02.46.52.342591 R45-M0-N4-C:J08-U01 RAS KERNEL INFO 15 L3 EDRAM error(s) (dcr 0x0157) detected and corrected
- 1125827212 2005.09.04 R43-M0-N4-C:J06-U11 2005-09-04-02.46.52.379455 R43-M0-N4-C:J06-U11 RAS KERNEL INFO 2 ddr errors(s) detected and corrected on rank 0, symbol 27, bit 5
- 1125827212 2005.09.04 R44-M0-N5-C:J14-U11 2005-09-04-02.46.52.700818 R44-M0-N5-C:J14-U11 RAS KERNEL INFO CE sym 27, at 0x00581340, mask 0x08
- 1125827212 2005.09.04 R44-M1-N4-C:J04-U01 2005-09-04-02.46.52.796107 R44-M1-N4-C:J04-U01 RAS KERNEL INFO 1 tree receiver 2 in re-synch state event(s) (dcr 0x019a) detected
- 1125827212 2005.09.04 R43-M0-N4-C:J06-U11 2005-09-04-02.46.52.819375 R43-M0-N4-C:J06-U11 RAS KERNEL INFO CE sym 27, at 0x0503bd20, mask 0x04
- 1125827213 2005.09.04 R44-M0-N5-C:J14-U11 2005-09-04-02.46.53.154785 R44-M0-N5-C:J14-U11 RAS KERNEL INFO total of 1 ddr error(s) detected and corrected
- 1125827213 2005.09.04 R43-M0-N4-C:J06-U11 2005-09-04-02.46.53.227538 R43-M0-N4-C:J06-U11 RAS KERNEL INFO CE sym 27, at 0x0503bd20, mask 0x04
- 1125827213 2005.09.04 R43-M0-N4-C:J06-U11 2005-09-04-02.46.53.484005 R43-M0-N4-C:J06-U11 RAS KERNEL INFO total of 2 ddr error(s) detected and corrected
- 1125827712 2005.09.04 R06-M0-N0-C:J11-U01 2005-09-04-02.55.12.464155 R06-M0-N0-C:J11-U01 RAS KERNEL INFO 1 ddr errors(s) detected and corrected on rank 0, symbol 4, bit 0
- 1125827712 2005.09.04 R35-M1-N4-C:J09-U11 2005-09-04-02.55.12.552903 R35-M1-N4-C:J09-U11 RAS KERNEL INFO 4 ddr errors(s) detected and corrected on rank 0, symbol 34, bit 1
- 1125827712 2005.09.04 R35-M0-N3-C:J09-U01 2005-09-04-02.55.12.816823 R35-M0-N3-C:J09-U01 RAS KERNEL INFO 1 ddr errors(s) detected and corrected on rank 0, symbol 3, bit 1
- 1125827713 2005.09.04 R03-M1-N9-C:J09-U11 2005-09-04-02.55.13.157318 R03-M1-N9-C:J09-U11 RAS KERNEL INFO 2 ddr errors(s) detected and corrected on rank 0, symbol 25, bit 1
- 1125827713 2005.09.04 R17-M0-N0-C:J10-U01 2005-09-04-02.55.13.918143 R17-M0-N0-C:J10-U01 RAS KERNEL INFO 2 ddr errors(s) detected and corrected on rank 0, symbol 29, bit 7
- 1125827714 2005.09.04 R11-M0-N7-C:J06-U01 2005-09-04-02.55.14.487745 R11-M0-N7-C:J06-U01 RAS KERNEL INFO 17 ddr errors(s) detected and corrected on rank 0, symbol 25, bit 6
- 1125827715 2005.09.04 R06-M0-N0-C:J11-U01 2005-09-04-02.55.15.232749 R06-M0-N0-C:J11-U01 RAS KERNEL INFO CE sym 4, at 0x00a1ffe0, mask 0x80
- 1125827715 2005.09.04 R35-M1-N4-C:J09-U11 2005-09-04-02.55.15.321612 R35-M1-N4-C:J09-U11 RAS KERNEL INFO CE sym 34, at 0x018106a0, mask 0x40
- 1125827715 2005.09.04 R35-M0-N3-C:J09-U01 2005-09-04-02.55.15.555623 R35-M0-N3-C:J09-U01 RAS KERNEL INFO CE sym 3, at 0x04074da0, mask 0x40
- 1125827715 2005.09.04 R03-M1-N9-C:J09-U11 2005-09-04-02.55.15.805904 R03-M1-N9-C:J09-U11 RAS KERNEL INFO CE sym 25, at 0x06c27c60, mask 0x40
- 1125827716 2005.09.04 R17-M0-N0-C:J10-U01 2005-09-04-02.55.16.578159 R17-M0-N0-C:J10-U01 RAS KERNEL INFO CE sym 29, at 0x04fdc8e0, mask 0x01
- 1125827717 2005.09.04 R11-M0-N7-C:J06-U01 2005-09-04-02.55.17.087299 R11-M0-N7-C:J06-U01 RAS KERNEL INFO CE sym 25, at 0x03a821e0, mask 0x02
- 1125827717 2005.09.04 R06-M0-N0-C:J11-U01 2005-09-04-02.55.17.768620 R06-M0-N0-C:J11-U01 RAS KERNEL INFO total of 1 ddr error(s) detected and corrected
- 1125827717 2005.09.04 R35-M1-N4-C:J09-U11 2005-09-04-02.55.17.846127 R35-M1-N4-C:J09-U11 RAS KERNEL INFO CE sym 34, at 0x018106a0, mask 0x40
- 1125827718 2005.09.04 R35-M0-N3-C:J09-U01 2005-09-04-02.55.18.087777 R35-M0-N3-C:J09-U01 RAS KERNEL INFO total of 1 ddr error(s) detected and corrected
- 1125827718 2005.09.04 R03-M1-N9-C:J09-U11 2005-09-04-02.55.18.320048 R03-M1-N9-C:J09-U11 RAS KERNEL INFO CE sym 25, at 0x06c27c60, mask 0x40
- 1125827718 2005.09.04 R17-M0-N0-C:J10-U01 2005-09-04-02.55.18.952963 R17-M0-N0-C:J10-U01 RAS KERNEL INFO CE sym 29, at 0x04fdc8e0, mask 0x01
- 1125827719 2005.09.04 R11-M0-N7-C:J06-U01 2005-09-04-02.55.19.516443 R11-M0-N7-C:J06-U01 RAS KERNEL INFO CE sym 25, at 0x03a821e0, mask 0x02
- 1125827719 2005.09.04 R35-M1-N4-C:J09-U11 2005-09-04-02.55.19.857103 R35-M1-N4-C:J09-U11 RAS KERNEL INFO CE sym 34, at 0x018106a0, mask 0x40
- 1125827720 2005.09.04 R03-M1-N9-C:J09-U11 2005-09-04-02.55.20.026260 R03-M1-N9-C:J09-U11 RAS KERNEL INFO total of 2 ddr error(s) detected and corrected
- 1125827720 2005.09.04 R17-M0-N0-C:J10-U01 2005-09-04-02.55.20.275512 R17-M0-N0-C:J10-U01 RAS KERNEL INFO total of 2 ddr error(s) detected and corrected
- 1125827720 2005.09.04 R11-M0-N7-C:J06-U01 2005-09-04-02.55.20.787017 R11-M0-N7-C:J06-U01 RAS KERNEL INFO CE sym 25, at 0x03a821e0, mask 0x02
- 1125827721 2005.09.04 R35-M1-N4-C:J09-U11 2005-09-04-02.55.21.126327 R35-M1-N4-C:J09-U11 RAS KERNEL INFO CE sym 34, at 0x018106a0, mask 0x40
- 1125827721 2005.09.04 R11-M0-N7-C:J06-U01 2005-09-04-02.55.21.927361 R11-M0-N7-C:J06-U01 RAS KERNEL INFO CE sym 25, at 0x03a821e0, mask 0x02
- 1125827722 2005.09.04 R35-M1-N4-C:J09-U11 2005-09-04-02.55.22.220384 R35-M1-N4-C:J09-U11 RAS KERNEL INFO total of 4 ddr error(s) detected and corrected
- 1125827722 2005.09.04 R11-M0-N7-C:J06-U01 2005-09-04-02.55.22.763279 R11-M0-N7-C:J06-U01 RAS KERNEL INFO CE sym 25, at 0x03a821e0, mask 0x02
- 1125827723 2005.09.04 R11-M0-N7-C:J06-U01 2005-09-04-02.55.23.470427 R11-M0-N7-C:J06-U01 RAS KERNEL INFO CE sym 25, at 0x03a821e0, mask 0x02
- 1125827724 2005.09.04 R11-M0-N7-C:J06-U01 2005-09-04-02.55.24.111206 R11-M0-N7-C:J06-U01 RAS KERNEL INFO CE sym 25, at 0x03a821e0, mask 0x02
- 1125827724 2005.09.04 R11-M0-N7-C:J06-U01 2005-09-04-02.55.24.707281 R11-M0-N7-C:J06-U01 RAS KERNEL INFO CE sym 25, at 0x03a821e0, mask 0x02
- 1125827725 2005.09.04 R11-M0-N7-C:J06-U01 2005-09-04-02.55.25.060166 R11-M0-N7-C:J06-U01 RAS KERNEL INFO CE sym 25, at 0x03a821e0, mask 0x02
- 1125827725 2005.09.04 R11-M0-N7-C:J06-U01 2005-09-04-02.55.25.747616 R11-M0-N7-C:J06-U01 RAS KERNEL INFO CE sym 25, at 0x03a821e0, mask 0x02
- 1125827726 2005.09.04 R11-M0-N7-C:J06-U01 2005-09-04-02.55.26.244844 R11-M0-N7-C:J06-U01 RAS KERNEL INFO CE sym 25, at 0x03a821e0, mask 0x02
- 1125827726 2005.09.04 R11-M0-N7-C:J06-U01 2005-09-04-02.55.26.813080 R11-M0-N7-C:J06-U01 RAS KERNEL INFO CE sym 25, at 0x03a821e0, mask 0x02
- 1125827727 2005.09.04 R11-M0-N7-C:J06-U01 2005-09-04-02.55.27.262320 R11-M0-N7-C:J06-U01 RAS KERNEL INFO CE sym 25, at 0x03a821e0, mask 0x02
- 1125827727 2005.09.04 R11-M0-N7-C:J06-U01 2005-09-04-02.55.27.674945 R11-M0-N7-C:J06-U01 RAS KERNEL INFO CE sym 25, at 0x03a821e0, mask 0x02
- 1125827728 2005.09.04 R11-M0-N7-C:J06-U01 2005-09-04-02.55.28.082150 R11-M0-N7-C:J06-U01 RAS KERNEL INFO CE sym 25, at 0x03a821e0, mask 0x02
- 1125827728 2005.09.04 R11-M0-N7-C:J06-U01 2005-09-04-02.55.28.494598 R11-M0-N7-C:J06-U01 RAS KERNEL INFO CE sym 25, at 0x03a821e0, mask 0x02
- 1125827729 2005.09.04 R11-M0-N7-C:J06-U01 2005-09-04-02.55.29.045455 R11-M0-N7-C:J06-U01 RAS KERNEL INFO CE sym 25, at 0x03a821e0, mask 0x02
- 1125827729 2005.09.04 R11-M0-N7-C:J06-U01 2005-09-04-02.55.29.415736 R11-M0-N7-C:J06-U01 RAS KERNEL INFO total of 17 ddr error(s) detected and corrected
- 1125828128 2005.09.04 R25-M1-N7-C:J13-U11 2005-09-04-03.02.08.638262 R25-M1-N7-C:J13-U11 RAS KERNEL INFO 1 ddr errors(s) detected and corrected on rank 0, symbol 21, bit 1
- 1125828129 2005.09.04 R25-M1-N7-C:J13-U11 2005-09-04-03.02.09.521574 R25-M1-N7-C:J13-U11 RAS KERNEL INFO CE sym 21, at 0x1fca2980, mask 0x40
- 1125828130 2005.09.04 R25-M1-N7-C:J13-U11 2005-09-04-03.02.10.115236 R25-M1-N7-C:J13-U11 RAS KERNEL INFO total of 1 ddr error(s) detected and corrected
- 1125828684 2005.09.04 R40-M0-N9-C:J09-U11 2005-09-04-03.11.24.666053 R40-M0-N9-C:J09-U11 RAS KERNEL INFO 1 ddr errors(s) detected and corrected on rank 0, symbol 20, bit 7
- 1125828685 2005.09.04 R40-M0-N9-C:J09-U11 2005-09-04-03.11.25.030866 R40-M0-N9-C:J09-U11 RAS KERNEL INFO CE sym 20, at 0x09f091a0, mask 0x01
- 1125828685 2005.09.04 R40-M0-N9-C:J09-U11 2005-09-04-03.11.25.208039 R40-M0-N9-C:J09-U11 RAS KERNEL INFO total of 1 ddr error(s) detected and corrected
- 1125847619 2005.09.04 R77-M0-N8-C:J07-U01 2005-09-04-08.26.59.494108 R77-M0-N8-C:J07-U01 RAS KERNEL INFO 18 ddr errors(s) detected and corrected on rank 0, symbol 7, bit 7
- 1125847619 2005.09.04 R77-M0-N8-C:J07-U01 2005-09-04-08.26.59.988451 R77-M0-N8-C:J07-U01 RAS KERNEL INFO CE sym 7, at 0x0fca4d20, mask 0x01
- 1125847620 2005.09.04 R77-M0-N8-C:J07-U01 2005-09-04-08.27.00.143518 R77-M0-N8-C:J07-U01 RAS KERNEL INFO CE sym 7, at 0x0fca4d20, mask 0x01
- 1125847620 2005.09.04 R77-M0-N8-C:J07-U01 2005-09-04-08.27.00.305341 R77-M0-N8-C:J07-U01 RAS KERNEL INFO CE sym 7, at 0x0fca4d20, mask 0x01
- 1125847620 2005.09.04 R77-M0-N8-C:J07-U01 2005-09-04-08.27.00.380752 R77-M0-N8-C:J07-U01 RAS KERNEL INFO CE sym 7, at 0x0fca4d20, mask 0x01
- 1125847620 2005.09.04 R77-M0-N8-C:J07-U01 2005-09-04-08.27.00.458231 R77-M0-N8-C:J07-U01 RAS KERNEL INFO CE sym 7, at 0x0fca4d20, mask 0x01
- 1125847620 2005.09.04 R77-M0-N8-C:J07-U01 2005-09-04-08.27.00.539095 R77-M0-N8-C:J07-U01 RAS KERNEL INFO CE sym 7, at 0x0fca4d20, mask 0x01
- 1125847620 2005.09.04 R77-M0-N8-C:J07-U01 2005-09-04-08.27.00.620714 R77-M0-N8-C:J07-U01 RAS KERNEL INFO CE sym 7, at 0x0fca4d20, mask 0x01
- 1125847620 2005.09.04 R77-M0-N8-C:J07-U01 2005-09-04-08.27.00.702975 R77-M0-N8-C:J07-U01 RAS KERNEL INFO CE sym 7, at 0x0fca4d20, mask 0x01
- 1125847620 2005.09.04 R77-M0-N8-C:J07-U01 2005-09-04-08.27.00.790033 R77-M0-N8-C:J07-U01 RAS KERNEL INFO CE sym 7, at 0x0fca4d20, mask 0x01
- 1125847620 2005.09.04 R77-M0-N8-C:J07-U01 2005-09-04-08.27.00.866591 R77-M0-N8-C:J07-U01 RAS KERNEL INFO CE sym 7, at 0x0fca4d20, mask 0x01
- 1125847620 2005.09.04 R77-M0-N8-C:J07-U01 2005-09-04-08.27.00.943647 R77-M0-N8-C:J07-U01 RAS KERNEL INFO CE sym 7, at 0x0fca4d20, mask 0x01
- 1125847621 2005.09.04 R77-M0-N8-C:J07-U01 2005-09-04-08.27.01.020905 R77-M0-N8-C:J07-U01 RAS KERNEL INFO CE sym 7, at 0x0fca4d20, mask 0x01
- 1125847621 2005.09.04 R77-M0-N8-C:J07-U01 2005-09-04-08.27.01.098729 R77-M0-N8-C:J07-U01 RAS KERNEL INFO CE sym 7, at 0x0fca4d20, mask 0x01
- 1125847621 2005.09.04 R77-M0-N8-C:J07-U01 2005-09-04-08.27.01.178473 R77-M0-N8-C:J07-U01 RAS KERNEL INFO CE sym 7, at 0x0fca4d20, mask 0x01
- 1125847621 2005.09.04 R77-M0-N8-C:J07-U01 2005-09-04-08.27.01.258149 R77-M0-N8-C:J07-U01 RAS KERNEL INFO CE sym 7, at 0x0fca4d20, mask 0x01
- 1125847621 2005.09.04 R77-M0-N8-C:J07-U01 2005-09-04-08.27.01.332246 R77-M0-N8-C:J07-U01 RAS KERNEL INFO CE sym 7, at 0x0fca4d20, mask 0x01
- 1125847621 2005.09.04 R77-M0-N8-C:J07-U01 2005-09-04-08.27.01.410004 R77-M0-N8-C:J07-U01 RAS KERNEL INFO CE sym 7, at 0x0fca4d20, mask 0x01
- 1125847621 2005.09.04 R77-M0-N8-C:J07-U01 2005-09-04-08.27.01.500119 R77-M0-N8-C:J07-U01 RAS KERNEL INFO CE sym 7, at 0x0fca4d20, mask 0x01
- 1125847621 2005.09.04 R77-M0-N8-C:J07-U01 2005-09-04-08.27.01.578156 R77-M0-N8-C:J07-U01 RAS KERNEL INFO total of 18 ddr error(s) detected and corrected
- 1125870788 2005.09.04 R62-M0-N9-C:J04-U01 2005-09-04-14.53.08.716542 R62-M0-N9-C:J04-U01 RAS KERNEL INFO 1 ddr errors(s) detected and corrected on rank 0, symbol 12, bit 5
- 1125870789 2005.09.04 R62-M0-N9-C:J04-U01 2005-09-04-14.53.09.498990 R62-M0-N9-C:J04-U01 RAS KERNEL INFO CE sym 12, at 0x0353d340, mask 0x04
- 1125870790 2005.09.04 R62-M0-N9-C:J04-U01 2005-09-04-14.53.10.123680 R62-M0-N9-C:J04-U01 RAS KERNEL INFO total of 1 ddr error(s) detected and corrected
- 1125879133 2005.09.04 R63-M1-N0-C:J02-U11 2005-09-04-17.12.13.454474 R63-M1-N0-C:J02-U11 RAS KERNEL INFO critical input interrupt (unit=0x0b bit=0x0a): warning for torus z+ wire
- 1125879133 2005.09.04 R63-M1-N0-C:J02-U11 2005-09-04-17.12.13.547107 R63-M1-N0-C:J02-U11 RAS KERNEL INFO suppressing further interrupts of same type
- 1125879135 2005.09.04 R63-M1-N8-C:J02-U11 2005-09-04-17.12.15.543719 R63-M1-N8-C:J02-U11 RAS KERNEL INFO critical input interrupt (unit=0x0b bit=0x0a): warning for torus z+ wire
- 1125879135 2005.09.04 R63-M1-N8-C:J02-U11 2005-09-04-17.12.15.600301 R63-M1-N8-C:J02-U11 RAS KERNEL INFO suppressing further interrupts of same type
- 1125879135 2005.09.04 R61-M0-N9-C:J08-U01 2005-09-04-17.12.15.617101 R61-M0-N9-C:J08-U01 RAS KERNEL INFO critical input interrupt (unit=0x0b bit=0x07): warning for torus y- wire
- 1125879135 2005.09.04 R61-M0-N9-C:J08-U01 2005-09-04-17.12.15.789270 R61-M0-N9-C:J08-U01 RAS KERNEL INFO suppressing further interrupts of same type
- 1125879142 2005.09.04 R65-M0-N0-C:J11-U11 2005-09-04-17.12.22.952177 R65-M0-N0-C:J11-U11 RAS KERNEL FATAL external input interrupt (unit=0x02 bit=0x0b): torus sender y+ retransmission error was corrected
KERNRTSP 1125879143 2005.09.04 R65-M0-N0-C:J11-U11 2005-09-04-17.12.23.249644 R65-M0-N0-C:J11-U11 RAS KERNEL FATAL rts panic! - stopping execution
- 1125879144 2005.09.04 R65-M0-N4-C:J13-U11 2005-09-04-17.12.24.027473 R65-M0-N4-C:J13-U11 RAS KERNEL FATAL external input interrupt (unit=0x02 bit=0x0b): torus sender y+ retransmission error was corrected
- 1125879144 2005.09.04 R65-M0-N4-C:J05-U11 2005-09-04-17.12.24.136413 R65-M0-N4-C:J05-U11 RAS KERNEL FATAL external input interrupt (unit=0x02 bit=0x0b): torus sender y+ retransmission error was corrected
- 1125879144 2005.09.04 R65-M0-N7-C:J13-U11 2005-09-04-17.12.24.335191 R65-M0-N7-C:J13-U11 RAS KERNEL FATAL external input interrupt (unit=0x02 bit=0x0b): torus sender y+ retransmission error was corrected
- 1125879145 2005.09.04 R65-M0-N3-C:J07-U11 2005-09-04-17.12.25.137239 R65-M0-N3-C:J07-U11 RAS KERNEL FATAL external input interrupt (unit=0x02 bit=0x0b): torus sender y+ retransmission error was corrected
- 1125879145 2005.09.04 R65-M0-N1-C:J05-U11 2005-09-04-17.12.25.655708 R65-M0-N1-C:J05-U11 RAS KERNEL FATAL external input interrupt (unit=0x02 bit=0x0b): torus sender y+ retransmission error was corrected
- 1125879145 2005.09.04 R65-M0-N2-C:J11-U11 2005-09-04-17.12.25.818105 R65-M0-N2-C:J11-U11 RAS KERNEL FATAL external input interrupt (unit=0x02 bit=0x0b): torus sender y+ retransmission error was corrected
- 1125879145 2005.09.04 R65-M0-N2-C:J07-U11 2005-09-04-17.12.25.966116 R65-M0-N2-C:J07-U11 RAS KERNEL FATAL external input interrupt (unit=0x02 bit=0x0b): torus sender y+ retransmission error was corrected
- 1125879146 2005.09.04 R65-M0-N5-C:J05-U11 2005-09-04-17.12.26.194065 R65-M0-N5-C:J05-U11 RAS KERNEL FATAL external input interrupt (unit=0x02 bit=0x0b): torus sender y+ retransmission error was corrected
- 1125879146 2005.09.04 R61-M0-N9-C:J16-U01 2005-09-04-17.12.26.876502 R61-M0-N9-C:J16-U01 RAS KERNEL FATAL external input interrupt (unit=0x02 bit=0x0c): torus sender y- retransmission error was corrected
- 1125879146 2005.09.04 R61-M0-N9-C:J08-U01 2005-09-04-17.12.26.963524 R61-M0-N9-C:J08-U01 RAS KERNEL FATAL external input interrupt (unit=0x02 bit=0x0c): torus sender y- retransmission error was corrected
- 1125879146 2005.09.04 R61-M0-N9-C:J04-U01 2005-09-04-17.12.26.990193 R61-M0-N9-C:J04-U01 RAS KERNEL FATAL external input interrupt (unit=0x02 bit=0x0c): torus sender y- retransmission error was corrected
- 1125879147 2005.09.04 R61-M0-N8-C:J10-U01 2005-09-04-17.12.27.566041 R61-M0-N8-C:J10-U01 RAS KERNEL FATAL external input interrupt (unit=0x02 bit=0x0c): torus sender y- retransmission error was corrected
- 1125879148 2005.09.04 R65-M0-N7-C:J11-U11 2005-09-04-17.12.28.255079 R65-M0-N7-C:J11-U11 RAS KERNEL FATAL external input interrupt (unit=0x02 bit=0x0b): torus sender y+ retransmission error was corrected
KERNRTSP 1125879148 2005.09.04 R65-M0-N7-C:J13-U11 2005-09-04-17.12.28.344770 R65-M0-N7-C:J13-U11 RAS KERNEL FATAL rts panic! - stopping execution
KERNRTSP 1125879148 2005.09.04 R65-M0-N3-C:J07-U11 2005-09-04-17.12.28.586736 R65-M0-N3-C:J07-U11 RAS KERNEL FATAL rts panic! - stopping execution
KERNRTSP 1125879148 2005.09.04 R65-M0-N1-C:J05-U11 2005-09-04-17.12.28.656313 R65-M0-N1-C:J05-U11 RAS KERNEL FATAL rts panic! - stopping execution
KERNRTSP 1125879148 2005.09.04 R65-M0-N2-C:J11-U11 2005-09-04-17.12.28.793054 R65-M0-N2-C:J11-U11 RAS KERNEL FATAL rts panic! - stopping execution
KERNRTSP 1125879148 2005.09.04 R65-M0-N2-C:J07-U11 2005-09-04-17.12.28.895380 R65-M0-N2-C:J07-U11 RAS KERNEL FATAL rts panic! - stopping execution
KERNRTSP 1125879148 2005.09.04 R65-M0-N5-C:J05-U11 2005-09-04-17.12.28.973140 R65-M0-N5-C:J05-U11 RAS KERNEL FATAL rts panic! - stopping execution
- 1125879149 2005.09.04 R65-M0-N6-C:J17-U11 2005-09-04-17.12.29.242708 R65-M0-N6-C:J17-U11 RAS KERNEL FATAL external input interrupt (unit=0x02 bit=0x0b): torus sender y+ retransmission error was corrected
KERNRTSP 1125879149 2005.09.04 R65-M0-N4-C:J13-U11 2005-09-04-17.12.29.860199 R65-M0-N4-C:J13-U11 RAS KERNEL FATAL rts panic! - stopping execution
KERNRTSP 1125879150 2005.09.04 R65-M0-N4-C:J05-U11 2005-09-04-17.12.30.038500 R65-M0-N4-C:J05-U11 RAS KERNEL FATAL rts panic! - stopping execution
KERNRTSP 1125879150 2005.09.04 R61-M0-N9-C:J16-U01 2005-09-04-17.12.30.980698 R61-M0-N9-C:J16-U01 RAS KERNEL FATAL rts panic! - stopping execution
KERNRTSP 1125879151 2005.09.04 R61-M0-N9-C:J08-U01 2005-09-04-17.12.31.040694 R61-M0-N9-C:J08-U01 RAS KERNEL FATAL rts panic! - stopping execution
KERNRTSP 1125879151 2005.09.04 R61-M0-N9-C:J04-U01 2005-09-04-17.12.31.066872 R61-M0-N9-C:J04-U01 RAS KERNEL FATAL rts panic! - stopping execution
KERNRTSP 1125879151 2005.09.04 R61-M0-N8-C:J10-U01 2005-09-04-17.12.31.489113 R61-M0-N8-C:J10-U01 RAS KERNEL FATAL rts panic! - stopping execution
- 1125879151 2005.09.04 R63-M1-N9-C:J11-U11 2005-09-04-17.12.31.545794 R63-M1-N9-C:J11-U11 RAS KERNEL FATAL external input interrupt (unit=0x02 bit=0x0d): torus sender z+ retransmission error was corrected
- 1125879151 2005.09.04 R63-M1-N9-C:J06-U11 2005-09-04-17.12.31.833183 R63-M1-N9-C:J06-U11 RAS KERNEL FATAL external input interrupt (unit=0x02 bit=0x0d): torus sender z+ retransmission error was corrected
KERNRTSP 1125879152 2005.09.04 R65-M0-N7-C:J11-U11 2005-09-04-17.12.32.014238 R65-M0-N7-C:J11-U11 RAS KERNEL FATAL rts panic! - stopping execution
KERNRTSP 1125879152 2005.09.04 R65-M0-N6-C:J17-U11 2005-09-04-17.12.32.145840 R65-M0-N6-C:J17-U11 RAS KERNEL FATAL rts panic! - stopping execution
- 1125879152 2005.09.04 R63-M1-N1-C:J03-U11 2005-09-04-17.12.32.591447 R63-M1-N1-C:J03-U11 RAS KERNEL FATAL external input interrupt (unit=0x02 bit=0x0d): torus sender z+ retransmission error was corrected
- 1125879152 2005.09.04 R63-M1-N1-C:J15-U01 2005-09-04-17.12.32.666141 R63-M1-N1-C:J15-U01 RAS KERNEL FATAL external input interrupt (unit=0x02 bit=0x0d): torus sender z+ retransmission error was corrected
- 1125879152 2005.09.04 R63-M1-N1-C:J11-U01 2005-09-04-17.12.32.753092 R63-M1-N1-C:J11-U01 RAS KERNEL FATAL external input interrupt (unit=0x02 bit=0x0d): torus sender z+ retransmission error was corrected
- 1125879154 2005.09.04 R62-M1-N7-C:J13-U11 2005-09-04-17.12.34.162264 R62-M1-N7-C:J13-U11 RAS KERNEL FATAL external input interrupt (unit=0x02 bit=0x0e): torus sender z- retransmission error was corrected
- 1125879154 2005.09.04 R62-M1-N7-C:J16-U11 2005-09-04-17.12.34.536150 R62-M1-N7-C:J16-U11 RAS KERNEL FATAL external input interrupt (unit=0x02 bit=0x0e): torus sender z- retransmission error was corrected
- 1125879154 2005.09.04 R62-M1-N7-C:J12-U11 2005-09-04-17.12.34.650623 R62-M1-N7-C:J12-U11 RAS KERNEL FATAL external input interrupt (unit=0x02 bit=0x0e): torus sender z- retransmission error was corrected
- 1125879154 2005.09.04 R62-M1-N7-C:J16-U01 2005-09-04-17.12.34.675286 R62-M1-N7-C:J16-U01 RAS KERNEL FATAL external input interrupt (unit=0x02 bit=0x0e): torus sender z- retransmission error was corrected
- 1125879154 2005.09.04 R62-M1-N6-C:J05-U01 2005-09-04-17.12.34.960409 R62-M1-N6-C:J05-U01 RAS KERNEL FATAL external input interrupt (unit=0x02 bit=0x0e): torus sender z- retransmission error was corrected
- 1125879155 2005.09.04 R62-M1-N6-C:J09-U01 2005-09-04-17.12.35.062711 R62-M1-N6-C:J09-U01 RAS KERNEL FATAL external input interrupt (unit=0x02 bit=0x0e): torus sender z- retransmission error was corrected
- 1125879155 2005.09.04 R62-M1-N6-C:J08-U11 2005-09-04-17.12.35.121099 R62-M1-N6-C:J08-U11 RAS KERNEL FATAL external input interrupt (unit=0x02 bit=0x0e): torus sender z- retransmission error was corrected
- 1125879155 2005.09.04 R62-M1-N6-C:J08-U01 2005-09-04-17.12.35.217729 R62-M1-N6-C:J08-U01 RAS KERNEL FATAL external input interrupt (unit=0x02 bit=0x0e): torus sender z- retransmission error was corrected
- 1125879155 2005.09.04 R63-M1-N0-C:J11-U11 2005-09-04-17.12.35.489088 R63-M1-N0-C:J11-U11 RAS KERNEL FATAL external input interrupt (unit=0x02 bit=0x0d): torus sender z+ retransmission error was corrected
- 1125879155 2005.09.04 R63-M1-N0-C:J03-U11 2005-09-04-17.12.35.701138 R63-M1-N0-C:J03-U11 RAS KERNEL FATAL external input interrupt (unit=0x02 bit=0x0d): torus sender z+ retransmission error was corrected
- 1125879155 2005.09.04 R63-M1-N0-C:J15-U01 2005-09-04-17.12.35.756363 R63-M1-N0-C:J15-U01 RAS KERNEL FATAL external input interrupt (unit=0x02 bit=0x0d): torus sender z+ retransmission error was corrected
- 1125879155 2005.09.04 R63-M1-N0-C:J11-U01 2005-09-04-17.12.35.786302 R63-M1-N0-C:J11-U01 RAS KERNEL FATAL external input interrupt (unit=0x02 bit=0x0d): torus sender z+ retransmission error was corrected
- 1125879155 2005.09.04 R63-M1-N0-C:J10-U11 2005-09-04-17.12.35.858188 R63-M1-N0-C:J10-U11 RAS KERNEL FATAL external input interrupt (unit=0x02 bit=0x0d): torus sender z+ retransmission error was corrected
- 1125879155 2005.09.04 R63-M1-N0-C:J10-U01 2005-09-04-17.12.35.936403 R63-M1-N0-C:J10-U01 RAS KERNEL FATAL external input interrupt (unit=0x02 bit=0x0d): torus sender z+ retransmission error was corrected
- 1125879156 2005.09.04 R63-M1-N0-C:J02-U11 2005-09-04-17.12.36.020705 R63-M1-N0-C:J02-U11 RAS KERNEL FATAL external input interrupt (unit=0x02 bit=0x0d): torus sender z+ retransmission error was corrected
- 1125879156 2005.09.04 R63-M1-N8-C:J03-U11 2005-09-04-17.12.36.127117 R63-M1-N8-C:J03-U11 RAS KERNEL FATAL external input interrupt (unit=0x02 bit=0x0d): torus sender z+ retransmission error was corrected
- 1125879156 2005.09.04 R63-M1-N8-C:J14-U11 2005-09-04-17.12.36.253468 R63-M1-N8-C:J14-U11 RAS KERNEL FATAL external input interrupt (unit=0x02 bit=0x0d): torus sender z+ retransmission error was corrected
- 1125879156 2005.09.04 R63-M1-N8-C:J10-U11 2005-09-04-17.12.36.277272 R63-M1-N8-C:J10-U11 RAS KERNEL FATAL external input interrupt (unit=0x02 bit=0x0d): torus sender z+ retransmission error was corrected
- 1125879156 2005.09.04 R63-M1-N8-C:J02-U11 2005-09-04-17.12.36.444795 R63-M1-N8-C:J02-U11 RAS KERNEL FATAL external input interrupt (unit=0x02 bit=0x0d): torus sender z+ retransmission error was corrected
KERNRTSP 1125879156 2005.09.04 R63-M1-N9-C:J11-U11 2005-09-04-17.12.36.707660 R63-M1-N9-C:J11-U11 RAS KERNEL FATAL rts panic! - stopping execution
KERNRTSP 1125879156 2005.09.04 R63-M1-N9-C:J06-U11 2005-09-04-17.12.36.941598 R63-M1-N9-C:J06-U11 RAS KERNEL FATAL rts panic! - stopping execution
KERNRTSP 1125879157 2005.09.04 R63-M1-N1-C:J03-U11 2005-09-04-17.12.37.490216 R63-M1-N1-C:J03-U11 RAS KERNEL FATAL rts panic! - stopping execution
KERNRTSP 1125879157 2005.09.04 R63-M1-N1-C:J15-U01 2005-09-04-17.12.37.538860 R63-M1-N1-C:J15-U01 RAS KERNEL FATAL rts panic! - stopping execution
KERNRTSP 1125879157 2005.09.04 R63-M1-N1-C:J11-U01 2005-09-04-17.12.37.562625 R63-M1-N1-C:J11-U01 RAS KERNEL FATAL rts panic! - stopping execution
KERNRTSP 1125879158 2005.09.04 R62-M1-N7-C:J13-U11 2005-09-04-17.12.38.047192 R62-M1-N7-C:J13-U11 RAS KERNEL FATAL rts panic! - stopping execution
KERNRTSP 1125879158 2005.09.04 R62-M1-N7-C:J16-U11 2005-09-04-17.12.38.165034 R62-M1-N7-C:J16-U11 RAS KERNEL FATAL rts panic! - stopping execution
KERNRTSP 1125879158 2005.09.04 R62-M1-N7-C:J12-U11 2005-09-04-17.12.38.195058 R62-M1-N7-C:J12-U11 RAS KERNEL FATAL rts panic! - stopping execution
KERNRTSP 1125879158 2005.09.04 R62-M1-N7-C:J16-U01 2005-09-04-17.12.38.208837 R62-M1-N7-C:J16-U01 RAS KERNEL FATAL rts panic! - stopping execution
KERNRTSP 1125879158 2005.09.04 R62-M1-N6-C:J05-U01 2005-09-04-17.12.38.386894 R62-M1-N6-C:J05-U01 RAS KERNEL FATAL rts panic! - stopping execution
KERNRTSP 1125879158 2005.09.04 R62-M1-N6-C:J09-U01 2005-09-04-17.12.38.464717 R62-M1-N6-C:J09-U01 RAS KERNEL FATAL rts panic! - stopping execution
KERNRTSP 1125879158 2005.09.04 R62-M1-N6-C:J08-U11 2005-09-04-17.12.38.500644 R62-M1-N6-C:J08-U11 RAS KERNEL FATAL rts panic! - stopping execution
KERNRTSP 1125879158 2005.09.04 R62-M1-N6-C:J08-U01 2005-09-04-17.12.38.593102 R62-M1-N6-C:J08-U01 RAS KERNEL FATAL rts panic! - stopping execution
KERNRTSP 1125879158 2005.09.04 R63-M1-N0-C:J11-U11 2005-09-04-17.12.38.670454 R63-M1-N0-C:J11-U11 RAS KERNEL FATAL rts panic! - stopping execution
KERNRTSP 1125879158 2005.09.04 R63-M1-N0-C:J03-U11 2005-09-04-17.12.38.700161 R63-M1-N0-C:J03-U11 RAS KERNEL FATAL rts panic! - stopping execution
KERNRTSP 1125879158 2005.09.04 R63-M1-N0-C:J15-U01 2005-09-04-17.12.38.729970 R63-M1-N0-C:J15-U01 RAS KERNEL FATAL rts panic! - stopping execution
KERNRTSP 1125879158 2005.09.04 R63-M1-N0-C:J11-U01 2005-09-04-17.12.38.744655 R63-M1-N0-C:J11-U01 RAS KERNEL FATAL rts panic! - stopping execution
KERNRTSP 1125879158 2005.09.04 R63-M1-N0-C:J10-U11 2005-09-04-17.12.38.824221 R63-M1-N0-C:J10-U11 RAS KERNEL FATAL rts panic! - stopping execution
KERNRTSP 1125879158 2005.09.04 R63-M1-N0-C:J10-U01 2005-09-04-17.12.38.871875 R63-M1-N0-C:J10-U01 RAS KERNEL FATAL rts panic! - stopping execution
KERNRTSP 1125879158 2005.09.04 R63-M1-N0-C:J02-U11 2005-09-04-17.12.38.936885 R63-M1-N0-C:J02-U11 RAS KERNEL FATAL rts panic! - stopping execution
KERNRTSP 1125879159 2005.09.04 R63-M1-N8-C:J03-U11 2005-09-04-17.12.39.012133 R63-M1-N8-C:J03-U11 RAS KERNEL FATAL rts panic! - stopping execution
KERNRTSP 1125879159 2005.09.04 R63-M1-N8-C:J14-U11 2005-09-04-17.12.39.099916 R63-M1-N8-C:J14-U11 RAS KERNEL FATAL rts panic! - stopping execution
KERNRTSP 1125879159 2005.09.04 R63-M1-N8-C:J10-U11 2005-09-04-17.12.39.135958 R63-M1-N8-C:J10-U11 RAS KERNEL FATAL rts panic! - stopping execution
KERNRTSP 1125879159 2005.09.04 R63-M1-N8-C:J02-U11 2005-09-04-17.12.39.347628 R63-M1-N8-C:J02-U11 RAS KERNEL FATAL rts panic! - stopping execution
- 1125879681 2005.09.04 R65-M0-N3-C:J07-U11 2005-09-04-17.21.21.237726 R65-M0-N3-C:J07-U11 RAS KERNEL INFO critical input interrupt (unit=0x0b bit=0x06): warning for torus y+ wire
- 1125879681 2005.09.04 R62-M1-N6-C:J05-U01 2005-09-04-17.21.21.275321 R62-M1-N6-C:J05-U01 RAS KERNEL INFO critical input interrupt (unit=0x0b bit=0x0b): warning for torus z- wire
- 1125879681 2005.09.04 R65-M0-N3-C:J07-U11 2005-09-04-17.21.21.388236 R65-M0-N3-C:J07-U11 RAS KERNEL INFO suppressing further interrupts of same type
- 1125879681 2005.09.04 R62-M1-N6-C:J05-U01 2005-09-04-17.21.21.461514 R62-M1-N6-C:J05-U01 RAS KERNEL INFO suppressing further interrupts of same type
- 1125879686 2005.09.04 R65-M0-N4-C:J13-U11 2005-09-04-17.21.26.798810 R65-M0-N4-C:J13-U11 RAS KERNEL INFO critical input interrupt (unit=0x0b bit=0x06): warning for torus y+ wire
- 1125879686 2005.09.04 R65-M0-N5-C:J15-U11 2005-09-04-17.21.26.836269 R65-M0-N5-C:J15-U11 RAS KERNEL INFO critical input interrupt (unit=0x0b bit=0x06): warning for torus y+ wire
- 1125879686 2005.09.04 R62-M1-N6-C:J08-U01 2005-09-04-17.21.26.873545 R62-M1-N6-C:J08-U01 RAS KERNEL INFO critical input interrupt (unit=0x0b bit=0x0b): warning for torus z- wire
- 1125879686 2005.09.04 R62-M1-N6-C:J08-U01 2005-09-04-17.21.26.974225 R62-M1-N6-C:J08-U01 RAS KERNEL INFO suppressing further interrupts of same type
- 1125879686 2005.09.04 R65-M0-N4-C:J13-U11 2005-09-04-17.21.26.987084 R65-M0-N4-C:J13-U11 RAS KERNEL INFO suppressing further interrupts of same type
- 1125879687 2005.09.04 R65-M0-N5-C:J15-U11 2005-09-04-17.21.27.007128 R65-M0-N5-C:J15-U11 RAS KERNEL INFO suppressing further interrupts of same type
- 1125879692 2005.09.04 R65-M0-N3-C:J07-U11 2005-09-04-17.21.32.605148 R65-M0-N3-C:J07-U11 RAS KERNEL FATAL external input interrupt (unit=0x02 bit=0x0b): torus sender y+ retransmission error was corrected
- 1125879692 2005.09.04 R65-M0-N2-C:J11-U11 2005-09-04-17.21.32.673610 R65-M0-N2-C:J11-U11 RAS KERNEL FATAL external input interrupt (unit=0x02 bit=0x0b): torus sender y+ retransmission error was corrected
- 1125879692 2005.09.04 R65-M0-N2-C:J07-U11 2005-09-04-17.21.32.952598 R65-M0-N2-C:J07-U11 RAS KERNEL FATAL external input interrupt (unit=0x02 bit=0x0b): torus sender y+ retransmission error was corrected
- 1125879693 2005.09.04 R61-M0-N9-C:J16-U01 2005-09-04-17.21.33.433685 R61-M0-N9-C:J16-U01 RAS KERNEL FATAL external input interrupt (unit=0x02 bit=0x0c): torus sender y- retransmission error was corrected
- 1125879693 2005.09.04 R61-M0-N9-C:J08-U01 2005-09-04-17.21.33.661072 R61-M0-N9-C:J08-U01 RAS KERNEL FATAL external input interrupt (unit=0x02 bit=0x0c): torus sender y- retransmission error was corrected
- 1125879693 2005.09.04 R61-M0-N9-C:J04-U01 2005-09-04-17.21.33.697236 R61-M0-N9-C:J04-U01 RAS KERNEL FATAL external input interrupt (unit=0x02 bit=0x0c): torus sender y- retransmission error was corrected
- 1125879694 2005.09.04 R61-M0-N8-C:J10-U01 2005-09-04-17.21.34.022647 R61-M0-N8-C:J10-U01 RAS KERNEL FATAL external input interrupt (unit=0x02 bit=0x0c): torus sender y- retransmission error was corrected
KERNRTSP 1125879694 2005.09.04 R65-M0-N3-C:J07-U11 2005-09-04-17.21.34.594716 R65-M0-N3-C:J07-U11 RAS KERNEL FATAL rts panic! - stopping execution
- 1125879695 2005.09.04 R65-M0-N1-C:J05-U11 2005-09-04-17.21.35.104562 R65-M0-N1-C:J05-U11 RAS KERNEL FATAL external input interrupt (unit=0x02 bit=0x0b): torus sender y+ retransmission error was corrected
- 1125879695 2005.09.04 R65-M0-N1-C:J03-U11 2005-09-04-17.21.35.193997 R65-M0-N1-C:J03-U11 RAS KERNEL FATAL external input interrupt (unit=0x02 bit=0x0b): torus sender y+ retransmission error was corrected
KERNRTSP 1125879695 2005.09.04 R65-M0-N2-C:J11-U11 2005-09-04-17.21.35.387949 R65-M0-N2-C:J11-U11 RAS KERNEL FATAL rts panic! - stopping execution
KERNRTSP 1125879695 2005.09.04 R65-M0-N2-C:J07-U11 2005-09-04-17.21.35.479047 R65-M0-N2-C:J07-U11 RAS KERNEL FATAL rts panic! - stopping execution
- 1125879695 2005.09.04 R65-M0-N0-C:J11-U11 2005-09-04-17.21.35.691050 R65-M0-N0-C:J11-U11 RAS KERNEL FATAL external input interrupt (unit=0x02 bit=0x0b): torus sender y+ retransmission error was corrected
- 1125879696 2005.09.04 R65-M0-N0-C:J03-U11 2005-09-04-17.21.36.058249 R65-M0-N0-C:J03-U11 RAS KERNEL FATAL external input interrupt (unit=0x02 bit=0x0b): torus sender y+ retransmission error was corrected
KERNRTSP 1125879696 2005.09.04 R61-M0-N9-C:J16-U01 2005-09-04-17.21.36.600879 R61-M0-N9-C:J16-U01 RAS KERNEL FATAL rts panic! - stopping execution
KERNRTSP 1125879696 2005.09.04 R61-M0-N9-C:J08-U01 2005-09-04-17.21.36.654792 R61-M0-N9-C:J08-U01 RAS KERNEL FATAL rts panic! - stopping execution
KERNRTSP 1125879696 2005.09.04 R61-M0-N9-C:J04-U01 2005-09-04-17.21.36.672819 R61-M0-N9-C:J04-U01 RAS KERNEL FATAL rts panic! - stopping execution
KERNRTSP 1125879697 2005.09.04 R61-M0-N8-C:J10-U01 2005-09-04-17.21.37.170310 R61-M0-N8-C:J10-U01 RAS KERNEL FATAL rts panic! - stopping execution
- 1125879697 2005.09.04 R65-M0-N7-C:J11-U11 2005-09-04-17.21.37.453186 R65-M0-N7-C:J11-U11 RAS KERNEL INFO 1 torus receiver y+ input pipe error(s) (dcr 0x02ee) detected and corrected
- 1125879697 2005.09.04 R65-M0-N7-C:J13-U11 2005-09-04-17.21.37.489697 R65-M0-N7-C:J13-U11 RAS KERNEL INFO 1 torus receiver y+ input pipe error(s) (dcr 0x02ee) detected and corrected
KERNRTSP 1125879697 2005.09.04 R65-M0-N1-C:J05-U11 2005-09-04-17.21.37.703039 R65-M0-N1-C:J05-U11 RAS KERNEL FATAL rts panic! - stopping execution
KERNRTSP 1125879697 2005.09.04 R65-M0-N1-C:J03-U11 2005-09-04-17.21.37.720870 R65-M0-N1-C:J03-U11 RAS KERNEL FATAL rts panic! - stopping execution
- 1125879697 2005.09.04 R65-M0-N5-C:J15-U11 2005-09-04-17.21.37.780388 R65-M0-N5-C:J15-U11 RAS KERNEL INFO 1 torus receiver y+ input pipe error(s) (dcr 0x02ee) detected and corrected
- 1125879697 2005.09.04 R65-M0-N5-C:J05-U11 2005-09-04-17.21.37.956540 R65-M0-N5-C:J05-U11 RAS KERNEL INFO 1 torus receiver y+ input pipe error(s) (dcr 0x02ee) detected and corrected
- 1125879697 2005.09.04 R65-M0-N5-C:J03-U11 2005-09-04-17.21.37.980479 R65-M0-N5-C:J03-U11 RAS KERNEL INFO 1 torus receiver y+ input pipe error(s) (dcr 0x02ee) detected and corrected
- 1125879698 2005.09.04 R65-M0-N6-C:J17-U11 2005-09-04-17.21.38.123951 R65-M0-N6-C:J17-U11 RAS KERNEL INFO 2 torus receiver y+ input pipe error(s) (dcr 0x02ee) detected and corrected
- 1125879698 2005.09.04 R63-M1-N9-C:J11-U11 2005-09-04-17.21.38.210186 R63-M1-N9-C:J11-U11 RAS KERNEL FATAL external input interrupt (unit=0x02 bit=0x0d): torus sender z+ retransmission error was corrected
- 1125879698 2005.09.04 R63-M1-N9-C:J06-U11 2005-09-04-17.21.38.607768 R63-M1-N9-C:J06-U11 RAS KERNEL FATAL external input interrupt (unit=0x02 bit=0x0d): torus sender z+ retransmission error was corrected
- 1125879698 2005.09.04 R65-M0-N4-C:J15-U11 2005-09-04-17.21.38.870792 R65-M0-N4-C:J15-U11 RAS KERNEL INFO 1 torus receiver y+ input pipe error(s) (dcr 0x02ee) detected and corrected
- 1125879698 2005.09.04 R65-M0-N4-C:J13-U11 2005-09-04-17.21.38.914036 R65-M0-N4-C:J13-U11 RAS KERNEL INFO 3 torus receiver y+ input pipe error(s) (dcr 0x02ee) detected and corrected
- 1125879698 2005.09.04 R65-M0-N4-C:J05-U11 2005-09-04-17.21.38.994441 R65-M0-N4-C:J05-U11 RAS KERNEL INFO 3 torus receiver y+ input pipe error(s) (dcr 0x02ee) detected and corrected
- 1125879699 2005.09.04 R65-M0-N4-C:J03-U11 2005-09-04-17.21.39.018193 R65-M0-N4-C:J03-U11 RAS KERNEL INFO 1 torus receiver y+ input pipe error(s) (dcr 0x02ee) detected and corrected
KERNRTSP 1125879699 2005.09.04 R65-M0-N0-C:J11-U11 2005-09-04-17.21.39.114148 R65-M0-N0-C:J11-U11 RAS KERNEL FATAL rts panic! - stopping execution
KERNRTSP 1125879699 2005.09.04 R65-M0-N0-C:J03-U11 2005-09-04-17.21.39.190570 R65-M0-N0-C:J03-U11 RAS KERNEL FATAL rts panic! - stopping execution
- 1125879699 2005.09.04 R63-M1-N1-C:J03-U11 2005-09-04-17.21.39.473652 R63-M1-N1-C:J03-U11 RAS KERNEL FATAL external input interrupt (unit=0x02 bit=0x0d): torus sender z+ retransmission error was corrected
- 1125879699 2005.09.04 R63-M1-N1-C:J15-U01 2005-09-04-17.21.39.534589 R63-M1-N1-C:J15-U01 RAS KERNEL FATAL external input interrupt (unit=0x02 bit=0x0d): torus sender z+ retransmission error was corrected
- 1125879699 2005.09.04 R63-M1-N1-C:J11-U01 2005-09-04-17.21.39.564332 R63-M1-N1-C:J11-U01 RAS KERNEL FATAL external input interrupt (unit=0x02 bit=0x0d): torus sender z+ retransmission error was corrected
- 1125879700 2005.09.04 R62-M1-N7-C:J13-U11 2005-09-04-17.21.40.400705 R62-M1-N7-C:J13-U11 RAS KERNEL FATAL external input interrupt (unit=0x02 bit=0x0e): torus sender z- retransmission error was corrected
- 1125879700 2005.09.04 R62-M1-N7-C:J16-U11 2005-09-04-17.21.40.557988 R62-M1-N7-C:J16-U11 RAS KERNEL FATAL external input interrupt (unit=0x02 bit=0x0e): torus sender z- retransmission error was corrected
- 1125879700 2005.09.04 R62-M1-N7-C:J12-U11 2005-09-04-17.21.40.606841 R62-M1-N7-C:J12-U11 RAS KERNEL FATAL external input interrupt (unit=0x02 bit=0x0e): torus sender z- retransmission error was corrected
- 1125879700 2005.09.04 R62-M1-N7-C:J16-U01 2005-09-04-17.21.40.631318 R62-M1-N7-C:J16-U01 RAS KERNEL FATAL external input interrupt (unit=0x02 bit=0x0e): torus sender z- retransmission error was corrected
- 1125879701 2005.09.04 R62-M1-N6-C:J05-U01 2005-09-04-17.21.41.047952 R62-M1-N6-C:J05-U01 RAS KERNEL FATAL external input interrupt (unit=0x02 bit=0x0e): torus sender z- retransmission error was corrected
- 1125879701 2005.09.04 R62-M1-N6-C:J09-U01 2005-09-04-17.21.41.173264 R62-M1-N6-C:J09-U01 RAS KERNEL FATAL external input interrupt (unit=0x02 bit=0x0e): torus sender z- retransmission error was corrected
- 1125879701 2005.09.04 R62-M1-N6-C:J08-U11 2005-09-04-17.21.41.240235 R62-M1-N6-C:J08-U11 RAS KERNEL FATAL external input interrupt (unit=0x02 bit=0x0e): torus sender z- retransmission error was corrected
- 1125879701 2005.09.04 R62-M1-N6-C:J08-U01 2005-09-04-17.21.41.326620 R62-M1-N6-C:J08-U01 RAS KERNEL FATAL external input interrupt (unit=0x02 bit=0x0e): torus sender z- retransmission error was corrected
- 1125879701 2005.09.04 R63-M1-N0-C:J11-U11 2005-09-04-17.21.41.504151 R63-M1-N0-C:J11-U11 RAS KERNEL FATAL external input interrupt (unit=0x02 bit=0x0d): torus sender z+ retransmission error was corrected
- 1125879701 2005.09.04 R63-M1-N0-C:J03-U11 2005-09-04-17.21.41.647728 R63-M1-N0-C:J03-U11 RAS KERNEL FATAL external input interrupt (unit=0x02 bit=0x0d): torus sender z+ retransmission error was corrected
- 1125879701 2005.09.04 R63-M1-N0-C:J15-U01 2005-09-04-17.21.41.689436 R63-M1-N0-C:J15-U01 RAS KERNEL FATAL external input interrupt (unit=0x02 bit=0x0d): torus sender z+ retransmission error was corrected
- 1125879701 2005.09.04 R63-M1-N0-C:J11-U01 2005-09-04-17.21.41.713195 R63-M1-N0-C:J11-U01 RAS KERNEL FATAL external input interrupt (unit=0x02 bit=0x0d): torus sender z+ retransmission error was corrected
- 1125879701 2005.09.04 R63-M1-N0-C:J10-U11 2005-09-04-17.21.41.784428 R63-M1-N0-C:J10-U11 RAS KERNEL FATAL external input interrupt (unit=0x02 bit=0x0d): torus sender z+ retransmission error was corrected
- 1125879701 2005.09.04 R63-M1-N0-C:J10-U01 2005-09-04-17.21.41.849040 R63-M1-N0-C:J10-U01 RAS KERNEL FATAL external input interrupt (unit=0x02 bit=0x0d): torus sender z+ retransmission error was corrected
- 1125879701 2005.09.04 R63-M1-N0-C:J02-U11 2005-09-04-17.21.41.942287 R63-M1-N0-C:J02-U11 RAS KERNEL FATAL external input interrupt (unit=0x02 bit=0x0d): torus sender z+ retransmission error was corrected
- 1125879702 2005.09.04 R63-M1-N8-C:J03-U11 2005-09-04-17.21.42.078857 R63-M1-N8-C:J03-U11 RAS KERNEL FATAL external input interrupt (unit=0x02 bit=0x0d): torus sender z+ retransmission error was corrected
- 1125879702 2005.09.04 R63-M1-N8-C:J14-U11 2005-09-04-17.21.42.330466 R63-M1-N8-C:J14-U11 RAS KERNEL FATAL external input interrupt (unit=0x02 bit=0x0d): torus sender z+ retransmission error was corrected
- 1125879702 2005.09.04 R63-M1-N8-C:J10-U11 2005-09-04-17.21.42.426327 R63-M1-N8-C:J10-U11 RAS KERNEL FATAL external input interrupt (unit=0x02 bit=0x0d): torus sender z+ retransmission error was corrected
- 1125879702 2005.09.04 R63-M1-N8-C:J02-U11 2005-09-04-17.21.42.677255 R63-M1-N8-C:J02-U11 RAS KERNEL FATAL external input interrupt (unit=0x02 bit=0x0d): torus sender z+ retransmission error was corrected
KERNRTSP 1125879702 2005.09.04 R63-M1-N9-C:J11-U11 2005-09-04-17.21.42.925658 R63-M1-N9-C:J11-U11 RAS KERNEL FATAL rts panic! - stopping execution
KERNRTSP 1125879703 2005.09.04 R63-M1-N9-C:J06-U11 2005-09-04-17.21.43.079298 R63-M1-N9-C:J06-U11 RAS KERNEL FATAL rts panic! - stopping execution
KERNRTSP 1125879703 2005.09.04 R63-M1-N1-C:J03-U11 2005-09-04-17.21.43.948366 R63-M1-N1-C:J03-U11 RAS KERNEL FATAL rts panic! - stopping execution
KERNRTSP 1125879704 2005.09.04 R63-M1-N1-C:J15-U01 2005-09-04-17.21.44.002643 R63-M1-N1-C:J15-U01 RAS KERNEL FATAL rts panic! - stopping execution
KERNRTSP 1125879704 2005.09.04 R63-M1-N1-C:J11-U01 2005-09-04-17.21.44.026691 R63-M1-N1-C:J11-U01 RAS KERNEL FATAL rts panic! - stopping execution
KERNRTSP 1125879704 2005.09.04 R62-M1-N7-C:J13-U11 2005-09-04-17.21.44.515722 R62-M1-N7-C:J13-U11 RAS KERNEL FATAL rts panic! - stopping execution
KERNRTSP 1125879704 2005.09.04 R62-M1-N7-C:J16-U11 2005-09-04-17.21.44.668786 R62-M1-N7-C:J16-U11 RAS KERNEL FATAL rts panic! - stopping execution
KERNRTSP 1125879704 2005.09.04 R62-M1-N7-C:J12-U11 2005-09-04-17.21.44.705041 R62-M1-N7-C:J12-U11 RAS KERNEL FATAL rts panic! - stopping execution
KERNRTSP 1125879704 2005.09.04 R62-M1-N7-C:J16-U01 2005-09-04-17.21.44.722572 R62-M1-N7-C:J16-U01 RAS KERNEL FATAL rts panic! - stopping execution
KERNRTSP 1125879704 2005.09.04 R62-M1-N6-C:J05-U01 2005-09-04-17.21.44.853905 R62-M1-N6-C:J05-U01 RAS KERNEL FATAL rts panic! - stopping execution
KERNRTSP 1125879704 2005.09.04 R62-M1-N6-C:J09-U01 2005-09-04-17.21.44.914039 R62-M1-N6-C:J09-U01 RAS KERNEL FATAL rts panic! - stopping execution
KERNRTSP 1125879704 2005.09.04 R62-M1-N6-C:J08-U11 2005-09-04-17.21.44.946756 R62-M1-N6-C:J08-U11 RAS KERNEL FATAL rts panic! - stopping execution
KERNRTSP 1125879705 2005.09.04 R62-M1-N6-C:J08-U01 2005-09-04-17.21.45.024412 R62-M1-N6-C:J08-U01 RAS KERNEL FATAL rts panic! - stopping execution
KERNRTSP 1125879705 2005.09.04 R63-M1-N0-C:J11-U11 2005-09-04-17.21.45.108623 R63-M1-N0-C:J11-U11 RAS KERNEL FATAL rts panic! - stopping execution
KERNRTSP 1125879705 2005.09.04 R63-M1-N0-C:J03-U11 2005-09-04-17.21.45.144401 R63-M1-N0-C:J03-U11 RAS KERNEL FATAL rts panic! - stopping execution
KERNRTSP 1125879705 2005.09.04 R63-M1-N0-C:J15-U01 2005-09-04-17.21.45.180426 R63-M1-N0-C:J15-U01 RAS KERNEL FATAL rts panic! - stopping execution
KERNRTSP 1125879705 2005.09.04 R63-M1-N0-C:J11-U01 2005-09-04-17.21.45.198646 R63-M1-N0-C:J11-U01 RAS KERNEL FATAL rts panic! - stopping execution
KERNRTSP 1125879705 2005.09.04 R63-M1-N0-C:J10-U11 2005-09-04-17.21.45.269147 R63-M1-N0-C:J10-U11 RAS KERNEL FATAL rts panic! - stopping execution
KERNRTSP 1125879705 2005.09.04 R63-M1-N0-C:J10-U01 2005-09-04-17.21.45.333510 R63-M1-N0-C:J10-U01 RAS KERNEL FATAL rts panic! - stopping execution
KERNRTSP 1125879705 2005.09.04 R63-M1-N0-C:J02-U11 2005-09-04-17.21.45.383852 R63-M1-N0-C:J02-U11 RAS KERNEL FATAL rts panic! - stopping execution
KERNRTSP 1125879705 2005.09.04 R63-M1-N8-C:J03-U11 2005-09-04-17.21.45.443829 R63-M1-N8-C:J03-U11 RAS KERNEL FATAL rts panic! - stopping execution
KERNRTSP 1125879705 2005.09.04 R63-M1-N8-C:J14-U11 2005-09-04-17.21.45.538807 R63-M1-N8-C:J14-U11 RAS KERNEL FATAL rts panic! - stopping execution
KERNRTSP 1125879705 2005.09.04 R63-M1-N8-C:J10-U11 2005-09-04-17.21.45.562401 R63-M1-N8-C:J10-U11 RAS KERNEL FATAL rts panic! - stopping execution
KERNRTSP 1125879705 2005.09.04 R63-M1-N8-C:J02-U11 2005-09-04-17.21.45.662498 R63-M1-N8-C:J02-U11 RAS KERNEL FATAL rts panic! - stopping execution
