- 1125799068 2005.09.03 R55-M0-N9-C:J06-U11 2005-09-03-18.57.48.469894 R55-M0-N9-C:J06-U11 RAS KERNEL INFO 1 torus receiver x- input pipe error(s) (dcr 0x02ed) detected and corrected
- 1125799068 2005.09.03 R55-M0-N9-C:J06-U11 2005-09-03-18.57.48.658662 R55-M0-N9-C:J06-U11 RAS KERNEL INFO 1 torus receiver x+ input pipe error(s) (dcr 0x02ec) detected and corrected
- 1125799068 2005.09.03 R55-M0-N9-C:J06-U11 2005-09-03-18.57.48.887104 R55-M0-N9-C:J06-U11 RAS KERNEL INFO 1 torus receiver y+ input pipe error(s) (dcr 0x02ee) detected and corrected
- 1125799068 2005.09.03 R55-M0-N9-C:J06-U11 2005-09-03-18.57.48.941949 R55-M0-N9-C:J06-U11 RAS KERNEL INFO 1 torus receiver z- input pipe error(s) (dcr 0x02f1) detected and corrected
- 1125799069 2005.09.03 R55-M0-N9-C:J06-U11 2005-09-03-18.57.49.035980 R55-M0-N9-C:J06-U11 RAS KERNEL INFO 4 tree receiver 1 in re-synch state event(s) (dcr 0x0185) detected
- 1125799069 2005.09.03 R55-M0-N9-C:J06-U11 2005-09-03-18.57.49.091238 R55-M0-N9-C:J06-U11 RAS KERNEL INFO 5 tree receiver 2 in re-synch state event(s) (dcr 0x019a) detected
- 1125799069 2005.09.03 R55-M0-N9-C:J06-U11 2005-09-03-18.57.49.182188 R55-M0-N9-C:J06-U11 RAS KERNEL INFO 5 tree receiver 2 in re-synch state event(s) (dcr 0x019a) detected
- 1125799217 2005.09.03 R36-M1-N9-C:J06-U01 2005-09-03-19.00.17.576534 R36-M1-N9-C:J06-U01 RAS KERNEL INFO 11 ddr errors(s) detected and corrected on rank 0, symbol 25, bit 4
- 1125799217 2005.09.03 R36-M1-N9-C:J06-U01 2005-09-03-19.00.17.983561 R36-M1-N9-C:J06-U01 RAS KERNEL INFO CE sym 25, at 0x155e28e0, mask 0x08
- 1125799218 2005.09.03 R36-M1-N9-C:J06-U01 2005-09-03-19.00.18.432067 R36-M1-N9-C:J06-U01 RAS KERNEL INFO CE sym 25, at 0x155e28e0, mask 0x08
- 1125799218 2005.09.03 R36-M1-N9-C:J06-U01 2005-09-03-19.00.18.626235 R36-M1-N9-C:J06-U01 RAS KERNEL INFO CE sym 25, at 0x155e28e0, mask 0x08
- 1125799218 2005.09.03 R36-M1-N9-C:J06-U01 2005-09-03-19.00.18.825716 R36-M1-N9-C:J06-U01 RAS KERNEL INFO CE sym 25, at 0x155e28e0, mask 0x08
- 1125799218 2005.09.03 R36-M1-N9-C:J06-U01 2005-09-03-19.00.18.955892 R36-M1-N9-C:J06-U01 RAS KERNEL INFO CE sym 25, at 0x155e28e0, mask 0x08
- 1125799219 2005.09.03 R36-M1-N9-C:J06-U01 2005-09-03-19.00.19.117584 R36-M1-N9-C:J06-U01 RAS KERNEL INFO CE sym 25, at 0x155e28e0, mask 0x08
- 1125799219 2005.09.03 R36-M1-N9-C:J06-U01 2005-09-03-19.00.19.260354 R36-M1-N9-C:J06-U01 RAS KERNEL INFO CE sym 25, at 0x155e28e0, mask 0x08
- 1125799219 2005.09.03 R36-M1-N9-C:J06-U01 2005-09-03-19.00.19.407414 R36-M1-N9-C:J06-U01 RAS KERNEL INFO CE sym 25, at 0x155e28e0, mask 0x08
- 1125799219 2005.09.03 R36-M1-N9-C:J06-U01 2005-09-03-19.00.19.554507 R36-M1-N9-C:J06-U01 RAS KERNEL INFO CE sym 25, at 0x155e28e0, mask 0x08
- 1125799219 2005.09.03 R36-M1-N9-C:J06-U01 2005-09-03-19.00.19.694821 R36-M1-N9-C:J06-U01 RAS KERNEL INFO CE sym 25, at 0x155e28e0, mask 0x08
- 1125799219 2005.09.03 R36-M1-N9-C:J06-U01 2005-09-03-19.00.19.843056 R36-M1-N9-C:J06-U01 RAS KERNEL INFO CE sym 25, at 0x155e28e0, mask 0x08
- 1125799219 2005.09.03 R36-M1-N9-C:J06-U01 2005-09-03-19.00.19.987776 R36-M1-N9-C:J06-U01 RAS KERNEL INFO total of 11 ddr error(s) detected and corrected
- 1125799556 2005.09.03 R55-M0-N9-C:J06-U11 2005-09-03-19.05.56.749030 R55-M0-N9-C:J06-U11 RAS KERNEL INFO 1 tree receiver 1 in re-synch state event(s) (dcr 0x0185) detected
- 1125799556 2005.09.03 R55-M0-N9-C:J06-U11 2005-09-03-19.05.56.876641 R55-M0-N9-C:J06-U11 RAS KERNEL INFO 1 tree receiver 2 in re-synch state event(s) (dcr 0x019a) detected
- 1125799729 2005.09.03 R30-M0-N7-C:J09-U01 2005-09-03-19.08.49.142765 R30-M0-N7-C:J09-U01 RAS KERNEL INFO 1 ddr errors(s) detected and corrected on rank 0, symbol 26, bit 3
- 1125799729 2005.09.03 R30-M0-N7-C:J09-U01 2005-09-03-19.08.49.360527 R30-M0-N7-C:J09-U01 RAS KERNEL INFO CE sym 26, at 0x07a95e80, mask 0x10
- 1125799729 2005.09.03 R30-M0-N7-C:J09-U01 2005-09-03-19.08.49.658902 R30-M0-N7-C:J09-U01 RAS KERNEL INFO total of 1 ddr error(s) detected and corrected
- 1125800338 2005.09.03 R55-M0-N9-C:J06-U11 2005-09-03-19.18.58.910498 R55-M0-N9-C:J06-U11 RAS KERNEL INFO 2 tree receiver 1 in re-synch state event(s) (dcr 0x0185) detected
- 1125800339 2005.09.03 R55-M0-N9-C:J06-U11 2005-09-03-19.18.59.182380 R55-M0-N9-C:J06-U11 RAS KERNEL INFO 3 tree receiver 2 in re-synch state event(s) (dcr 0x019a) detected
- 1125806579 2005.09.03 R57-M1-N1-C:J14-U01 2005-09-03-21.02.59.118599 R57-M1-N1-C:J14-U01 RAS KERNEL INFO ddr: activating redundant bit steering: rank=0 symbol=30
- 1125815455 2005.09.03 R52-M0-N7-C:J17-U11 2005-09-03-23.30.55.006303 R52-M0-N7-C:J17-U11 RAS KERNEL INFO 1 ddr errors(s) detected and corrected on rank 0, symbol 11, bit 1
- 1125815455 2005.09.03 R56-M0-N4-C:J09-U01 2005-09-03-23.30.55.292954 R56-M0-N4-C:J09-U01 RAS KERNEL INFO 1 ddr errors(s) detected and corrected on rank 0, symbol 31, bit 1
- 1125815455 2005.09.03 R57-M1-N1-C:J14-U01 2005-09-03-23.30.55.772204 R57-M1-N1-C:J14-U01 RAS KERNEL INFO 30 ddr errors(s) detected and corrected on rank 0, symbol 30, bit 7
- 1125815456 2005.09.03 R55-M0-N9-C:J08-U11 2005-09-03-23.30.56.457872 R55-M0-N9-C:J08-U11 RAS KERNEL INFO 1 torus sender z+ retransmission error(s) (dcr 0x02f8) detected and corrected
- 1125815456 2005.09.03 R55-M0-N9-C:J06-U11 2005-09-03-23.30.56.549659 R55-M0-N9-C:J06-U11 RAS KERNEL INFO 6 torus receiver x+ input pipe error(s) (dcr 0x02ec) detected and corrected
- 1125815456 2005.09.03 R55-M0-N9-C:J06-U11 2005-09-03-23.30.56.636144 R55-M0-N9-C:J06-U11 RAS KERNEL INFO 1 torus receiver y+ input pipe error(s) (dcr 0x02ee) detected and corrected
- 1125815457 2005.09.03 R52-M0-N7-C:J17-U11 2005-09-03-23.30.57.606250 R52-M0-N7-C:J17-U11 RAS KERNEL INFO CE sym 11, at 0x04056e80, mask 0x40
- 1125815457 2005.09.03 R56-M0-N4-C:J09-U01 2005-09-03-23.30.57.677631 R56-M0-N4-C:J09-U01 RAS KERNEL INFO CE sym 31, at 0x148d7460, mask 0x40
- 1125815457 2005.09.03 R57-M1-N1-C:J14-U01 2005-09-03-23.30.57.808365 R57-M1-N1-C:J14-U01 RAS KERNEL INFO CE sym 30, at 0x088d4ca0, mask 0x01
- 1125815457 2005.09.03 R55-M0-N9-C:J06-U11 2005-09-03-23.30.57.971495 R55-M0-N9-C:J06-U11 RAS KERNEL INFO 5 torus receiver z- input pipe error(s) (dcr 0x02f1) detected and corrected
- 1125815458 2005.09.03 R55-M0-N9-C:J06-U11 2005-09-03-23.30.58.000925 R55-M0-N9-C:J06-U11 RAS KERNEL INFO 1 torus sender z- retransmission error(s) (dcr 0x02f9) detected and corrected
- 1125815458 2005.09.03 R52-M0-N7-C:J17-U11 2005-09-03-23.30.58.418832 R52-M0-N7-C:J17-U11 RAS KERNEL INFO total of 1 ddr error(s) detected and corrected
- 1125815458 2005.09.03 R56-M0-N4-C:J09-U01 2005-09-03-23.30.58.511244 R56-M0-N4-C:J09-U01 RAS KERNEL INFO total of 1 ddr error(s) detected and corrected
- 1125815458 2005.09.03 R57-M1-N1-C:J14-U01 2005-09-03-23.30.58.725556 R57-M1-N1-C:J14-U01 RAS KERNEL INFO CE sym 30, at 0x088d4ca0, mask 0x01
- 1125815458 2005.09.03 R55-M0-N9-C:J06-U11 2005-09-03-23.30.58.900032 R55-M0-N9-C:J06-U11 RAS KERNEL INFO 30 tree receiver 1 in re-synch state event(s) (dcr 0x0185) detected
- 1125815458 2005.09.03 R55-M0-N9-C:J06-U11 2005-09-03-23.30.58.922802 R55-M0-N9-C:J06-U11 RAS KERNEL INFO 33 tree receiver 2 in re-synch state event(s) (dcr 0x019a) detected
- 1125815459 2005.09.03 R57-M1-N1-C:J14-U01 2005-09-03-23.30.59.425288 R57-M1-N1-C:J14-U01 RAS KERNEL INFO CE sym 30, at 0x088d4ca0, mask 0x01
- 1125815459 2005.09.03 R55-M0-N9-C:J06-U11 2005-09-03-23.30.59.563219 R55-M0-N9-C:J06-U11 RAS KERNEL INFO 33 tree receiver 2 in re-synch state event(s) (dcr 0x019a) detected
- 1125815459 2005.09.03 R57-M1-N1-C:J14-U01 2005-09-03-23.30.59.939471 R57-M1-N1-C:J14-U01 RAS KERNEL INFO CE sym 30, at 0x088d4ca0, mask 0x01
- 1125815460 2005.09.03 R57-M1-N1-C:J14-U01 2005-09-03-23.31.00.251455 R57-M1-N1-C:J14-U01 RAS KERNEL INFO CE sym 30, at 0x088d4ca0, mask 0x01
- 1125815460 2005.09.03 R57-M1-N1-C:J14-U01 2005-09-03-23.31.00.557713 R57-M1-N1-C:J14-U01 RAS KERNEL INFO CE sym 30, at 0x088d4ca0, mask 0x01
- 1125815460 2005.09.03 R57-M1-N1-C:J14-U01 2005-09-03-23.31.00.857313 R57-M1-N1-C:J14-U01 RAS KERNEL INFO CE sym 30, at 0x088d4ca0, mask 0x01
- 1125815461 2005.09.03 R57-M1-N1-C:J14-U01 2005-09-03-23.31.01.138619 R57-M1-N1-C:J14-U01 RAS KERNEL INFO CE sym 30, at 0x088d4ca0, mask 0x01
- 1125815461 2005.09.03 R57-M1-N1-C:J14-U01 2005-09-03-23.31.01.390438 R57-M1-N1-C:J14-U01 RAS KERNEL INFO CE sym 30, at 0x088d4ca0, mask 0x01
- 1125815461 2005.09.03 R57-M1-N1-C:J14-U01 2005-09-03-23.31.01.593627 R57-M1-N1-C:J14-U01 RAS KERNEL INFO CE sym 30, at 0x088d4ca0, mask 0x01
- 1125815461 2005.09.03 R57-M1-N1-C:J14-U01 2005-09-03-23.31.01.791917 R57-M1-N1-C:J14-U01 RAS KERNEL INFO CE sym 30, at 0x088d4ca0, mask 0x01
- 1125815461 2005.09.03 R57-M1-N1-C:J14-U01 2005-09-03-23.31.01.976856 R57-M1-N1-C:J14-U01 RAS KERNEL INFO CE sym 30, at 0x088d4ca0, mask 0x01
- 1125815462 2005.09.03 R57-M1-N1-C:J14-U01 2005-09-03-23.31.02.164072 R57-M1-N1-C:J14-U01 RAS KERNEL INFO CE sym 30, at 0x088d4ca0, mask 0x01
- 1125815462 2005.09.03 R57-M1-N1-C:J14-U01 2005-09-03-23.31.02.378649 R57-M1-N1-C:J14-U01 RAS KERNEL INFO CE sym 30, at 0x088d4ca0, mask 0x01
- 1125815462 2005.09.03 R57-M1-N1-C:J14-U01 2005-09-03-23.31.02.542961 R57-M1-N1-C:J14-U01 RAS KERNEL INFO CE sym 30, at 0x088d4ca0, mask 0x01
- 1125815462 2005.09.03 R57-M1-N1-C:J14-U01 2005-09-03-23.31.02.713745 R57-M1-N1-C:J14-U01 RAS KERNEL INFO CE sym 30, at 0x088d4ca0, mask 0x01
- 1125815462 2005.09.03 R57-M1-N1-C:J14-U01 2005-09-03-23.31.02.887719 R57-M1-N1-C:J14-U01 RAS KERNEL INFO CE sym 30, at 0x088d4ca0, mask 0x01
- 1125815463 2005.09.03 R57-M1-N1-C:J14-U01 2005-09-03-23.31.03.064703 R57-M1-N1-C:J14-U01 RAS KERNEL INFO CE sym 30, at 0x088d4ca0, mask 0x01
- 1125815463 2005.09.03 R57-M1-N1-C:J14-U01 2005-09-03-23.31.03.210799 R57-M1-N1-C:J14-U01 RAS KERNEL INFO CE sym 30, at 0x088d4ca0, mask 0x01
- 1125815463 2005.09.03 R57-M1-N1-C:J14-U01 2005-09-03-23.31.03.336441 R57-M1-N1-C:J14-U01 RAS KERNEL INFO CE sym 30, at 0x088d4ca0, mask 0x01
- 1125815463 2005.09.03 R57-M1-N1-C:J14-U01 2005-09-03-23.31.03.468441 R57-M1-N1-C:J14-U01 RAS KERNEL INFO CE sym 30, at 0x088d4ca0, mask 0x01
- 1125815463 2005.09.03 R57-M1-N1-C:J14-U01 2005-09-03-23.31.03.614516 R57-M1-N1-C:J14-U01 RAS KERNEL INFO CE sym 30, at 0x088d4ca0, mask 0x01
- 1125815463 2005.09.03 R57-M1-N1-C:J14-U01 2005-09-03-23.31.03.806421 R57-M1-N1-C:J14-U01 RAS KERNEL INFO CE sym 30, at 0x088d4ca0, mask 0x01
- 1125815463 2005.09.03 R57-M1-N1-C:J14-U01 2005-09-03-23.31.03.964724 R57-M1-N1-C:J14-U01 RAS KERNEL INFO CE sym 30, at 0x088d4ca0, mask 0x01
- 1125815464 2005.09.03 R57-M1-N1-C:J14-U01 2005-09-03-23.31.04.108128 R57-M1-N1-C:J14-U01 RAS KERNEL INFO CE sym 30, at 0x088d4ca0, mask 0x01
- 1125815464 2005.09.03 R57-M1-N1-C:J14-U01 2005-09-03-23.31.04.234025 R57-M1-N1-C:J14-U01 RAS KERNEL INFO CE sym 30, at 0x088d4ca0, mask 0x01
- 1125815464 2005.09.03 R57-M1-N1-C:J14-U01 2005-09-03-23.31.04.359369 R57-M1-N1-C:J14-U01 RAS KERNEL INFO CE sym 30, at 0x088d4ca0, mask 0x01
- 1125815464 2005.09.03 R57-M1-N1-C:J14-U01 2005-09-03-23.31.04.485616 R57-M1-N1-C:J14-U01 RAS KERNEL INFO CE sym 30, at 0x088d4ca0, mask 0x01
- 1125815464 2005.09.03 R57-M1-N1-C:J14-U01 2005-09-03-23.31.04.622740 R57-M1-N1-C:J14-U01 RAS KERNEL INFO CE sym 30, at 0x088d4ca0, mask 0x01
- 1125815464 2005.09.03 R57-M1-N1-C:J14-U01 2005-09-03-23.31.04.769171 R57-M1-N1-C:J14-U01 RAS KERNEL INFO CE sym 30, at 0x088d4ca0, mask 0x01
- 1125815920 2005.09.03 R14-M0-N4-C:J17-U11 2005-09-03-23.38.40.051143 R14-M0-N4-C:J17-U11 RAS KERNEL INFO 1 ddr errors(s) detected and corrected on rank 0, symbol 2, bit 4
- 1125815920 2005.09.03 R05-M1-N0-C:J17-U01 2005-09-03-23.38.40.364807 R05-M1-N0-C:J17-U01 RAS KERNEL INFO 1 ddr errors(s) detected and corrected on rank 0, symbol 2, bit 5
- 1125815920 2005.09.03 R22-M0-N9-C:J09-U11 2005-09-03-23.38.40.672473 R22-M0-N9-C:J09-U11 RAS KERNEL INFO 2 ddr errors(s) detected and corrected on rank 0, symbol 26, bit 5
- 1125815921 2005.09.03 R03-M0-N5-C:J05-U01 2005-09-03-23.38.41.086674 R03-M0-N5-C:J05-U01 RAS KERNEL INFO 1 ddr errors(s) detected and corrected on rank 0, symbol 4, bit 6
- 1125815921 2005.09.03 R14-M1-N0-C:J07-U11 2005-09-03-23.38.41.458426 R14-M1-N0-C:J07-U11 RAS KERNEL INFO 17 ddr errors(s) detected and corrected on rank 0, symbol 10, bit 3
- 1125815921 2005.09.03 R22-M0-N6-C:J16-U11 2005-09-03-23.38.41.906150 R22-M0-N6-C:J16-U11 RAS KERNEL INFO 1 L3 EDRAM error(s) (dcr 0x0157) detected and corrected
- 1125815922 2005.09.03 R22-M0-N6-C:J16-U11 2005-09-03-23.38.42.006380 R22-M0-N6-C:J16-U11 RAS KERNEL INFO 1 L3 EDRAM error(s) (dcr 0x0157) detected and corrected
- 1125815922 2005.09.03 R16-M1-N1-C:J16-U11 2005-09-03-23.38.42.285085 R16-M1-N1-C:J16-U11 RAS KERNEL INFO 14 ddr errors(s) detected and corrected on rank 0, symbol 30, bit 2
- 1125815922 2005.09.03 R15-M0-N5-C:J10-U01 2005-09-03-23.38.42.641268 R15-M0-N5-C:J10-U01 RAS KERNEL INFO 1 ddr errors(s) detected and corrected on rank 0, symbol 6, bit 4
- 1125815923 2005.09.03 R06-M0-N2-C:J10-U11 2005-09-03-23.38.43.151306 R06-M0-N2-C:J10-U11 RAS KERNEL INFO 2 ddr errors(s) detected and corrected on rank 0, symbol 28, bit 0
- 1125815923 2005.09.03 R30-M0-N7-C:J09-U01 2005-09-03-23.38.43.242192 R30-M0-N7-C:J09-U01 RAS KERNEL INFO 1 ddr errors(s) detected and corrected on rank 0, symbol 26, bit 3
- 1125815923 2005.09.03 R21-M1-N0-C:J10-U11 2005-09-03-23.38.43.420158 R21-M1-N0-C:J10-U11 RAS KERNEL INFO 13 ddr errors(s) detected and corrected on rank 0, symbol 17, bit 7
- 1125815923 2005.09.03 R12-M0-N0-C:J16-U11 2005-09-03-23.38.43.508865 R12-M0-N0-C:J16-U11 RAS KERNEL INFO 3 ddr errors(s) detected and corrected on rank 0, symbol 33, bit 4
- 1125815923 2005.09.03 R37-M1-N5-C:J02-U01 2005-09-03-23.38.43.976468 R37-M1-N5-C:J02-U01 RAS KERNEL INFO 3 ddr errors(s) detected and corrected on rank 0, symbol 30, bit 2
- 1125815924 2005.09.03 R36-M1-N9-C:J06-U01 2005-09-03-23.38.44.336018 R36-M1-N9-C:J06-U01 RAS KERNEL INFO 13 ddr errors(s) detected and corrected on rank 0, symbol 25, bit 4
- 1125815924 2005.09.03 R32-M1-N6-C:J08-U11 2005-09-03-23.38.44.615494 R32-M1-N6-C:J08-U11 RAS KERNEL INFO 6 ddr errors(s) detected and corrected on rank 0, symbol 12, bit 3
- 1125815926 2005.09.03 R14-M0-N4-C:J17-U11 2005-09-03-23.38.46.355424 R14-M0-N4-C:J17-U11 RAS KERNEL INFO CE sym 2, at 0x04b80580, mask 0x08
- 1125815926 2005.09.03 R05-M1-N0-C:J17-U01 2005-09-03-23.38.46.721323 R05-M1-N0-C:J17-U01 RAS KERNEL INFO CE sym 2, at 0x073301c0, mask 0x04
- 1125815927 2005.09.03 R22-M0-N9-C:J09-U11 2005-09-03-23.38.47.360606 R22-M0-N9-C:J09-U11 RAS KERNEL INFO CE sym 26, at 0x145a5480, mask 0x04
- 1125815927 2005.09.03 R03-M0-N5-C:J05-U01 2005-09-03-23.38.47.821454 R03-M0-N5-C:J05-U01 RAS KERNEL INFO CE sym 4, at 0x16d0fe20, mask 0x02
- 1125815928 2005.09.03 R14-M1-N0-C:J07-U11 2005-09-03-23.38.48.318104 R14-M1-N0-C:J07-U11 RAS KERNEL INFO CE sym 10, at 0x01d7a160, mask 0x10
- 1125815929 2005.09.03 R16-M1-N1-C:J16-U11 2005-09-03-23.38.49.108672 R16-M1-N1-C:J16-U11 RAS KERNEL INFO CE sym 30, at 0x15aa7560, mask 0x20
- 1125815929 2005.09.03 R15-M0-N5-C:J10-U01 2005-09-03-23.38.49.461114 R15-M0-N5-C:J10-U01 RAS KERNEL INFO CE sym 6, at 0x0504aae0, mask 0x08
- 1125815929 2005.09.03 R06-M0-N2-C:J10-U11 2005-09-03-23.38.49.659016 R06-M0-N2-C:J10-U11 RAS KERNEL INFO CE sym 28, at 0x1824aba0, mask 0x80
- 1125815929 2005.09.03 R30-M0-N7-C:J09-U01 2005-09-03-23.38.49.694944 R30-M0-N7-C:J09-U01 RAS KERNEL INFO CE sym 26, at 0x07a95e80, mask 0x10
- 1125815929 2005.09.03 R21-M1-N0-C:J10-U11 2005-09-03-23.38.49.826649 R21-M1-N0-C:J10-U11 RAS KERNEL INFO CE sym 17, at 0x1344ec60, mask 0x01
- 1125815929 2005.09.03 R12-M0-N0-C:J16-U11 2005-09-03-23.38.49.909916 R12-M0-N0-C:J16-U11 RAS KERNEL INFO CE sym 33, at 0x0501ac00, mask 0x08
- 1125815930 2005.09.03 R37-M1-N5-C:J02-U01 2005-09-03-23.38.50.329364 R37-M1-N5-C:J02-U01 RAS KERNEL INFO CE sym 30, at 0x17f5e580, mask 0x20
- 1125815930 2005.09.03 R36-M1-N9-C:J06-U01 2005-09-03-23.38.50.670377 R36-M1-N9-C:J06-U01 RAS KERNEL INFO CE sym 25, at 0x155e28e0, mask 0x08
- 1125815930 2005.09.03 R32-M1-N6-C:J08-U11 2005-09-03-23.38.50.921644 R32-M1-N6-C:J08-U11 RAS KERNEL INFO CE sym 12, at 0x03af9860, mask 0x10
- 1125815932 2005.09.03 R14-M0-N4-C:J17-U11 2005-09-03-23.38.52.587461 R14-M0-N4-C:J17-U11 RAS KERNEL INFO total of 1 ddr error(s) detected and corrected
- 1125815932 2005.09.03 R05-M1-N0-C:J17-U01 2005-09-03-23.38.52.934954 R05-M1-N0-C:J17-U01 RAS KERNEL INFO total of 1 ddr error(s) detected and corrected
- 1125815933 2005.09.03 R22-M0-N9-C:J09-U11 2005-09-03-23.38.53.204058 R22-M0-N9-C:J09-U11 RAS KERNEL INFO CE sym 26, at 0x145a5480, mask 0x04
- 1125815933 2005.09.03 R03-M0-N5-C:J05-U01 2005-09-03-23.38.53.593589 R03-M0-N5-C:J05-U01 RAS KERNEL INFO total of 1 ddr error(s) detected and corrected
- 1125815933 2005.09.03 R14-M1-N0-C:J07-U11 2005-09-03-23.38.53.946374 R14-M1-N0-C:J07-U11 RAS KERNEL INFO CE sym 10, at 0x01d7a160, mask 0x10
- 1125815934 2005.09.03 R16-M1-N1-C:J16-U11 2005-09-03-23.38.54.593705 R16-M1-N1-C:J16-U11 RAS KERNEL INFO CE sym 30, at 0x15aa7560, mask 0x20
- 1125815934 2005.09.03 R15-M0-N5-C:J10-U01 2005-09-03-23.38.54.953543 R15-M0-N5-C:J10-U01 RAS KERNEL INFO total of 1 ddr error(s) detected and corrected
- 1125815935 2005.09.03 R06-M0-N2-C:J10-U11 2005-09-03-23.38.55.285268 R06-M0-N2-C:J10-U11 RAS KERNEL INFO CE sym 28, at 0x1824aba0, mask 0x80
- 1125815935 2005.09.03 R30-M0-N7-C:J09-U01 2005-09-03-23.38.55.369370 R30-M0-N7-C:J09-U01 RAS KERNEL INFO total of 1 ddr error(s) detected and corrected
- 1125815935 2005.09.03 R21-M1-N0-C:J10-U11 2005-09-03-23.38.55.535832 R21-M1-N0-C:J10-U11 RAS KERNEL INFO CE sym 17, at 0x1344ec60, mask 0x01
- 1125815935 2005.09.03 R12-M0-N0-C:J16-U11 2005-09-03-23.38.55.620007 R12-M0-N0-C:J16-U11 RAS KERNEL INFO CE sym 33, at 0x0501ac00, mask 0x08
- 1125815935 2005.09.03 R37-M1-N5-C:J02-U01 2005-09-03-23.38.55.994578 R37-M1-N5-C:J02-U01 RAS KERNEL INFO CE sym 30, at 0x17f5e580, mask 0x20
- 1125815936 2005.09.03 R36-M1-N9-C:J06-U01 2005-09-03-23.38.56.349813 R36-M1-N9-C:J06-U01 RAS KERNEL INFO CE sym 25, at 0x155e28e0, mask 0x08
- 1125815936 2005.09.03 R32-M1-N6-C:J08-U11 2005-09-03-23.38.56.607822 R32-M1-N6-C:J08-U11 RAS KERNEL INFO CE sym 12, at 0x03af9860, mask 0x10
- 1125815938 2005.09.03 R22-M0-N9-C:J09-U11 2005-09-03-23.38.58.474499 R22-M0-N9-C:J09-U11 RAS KERNEL INFO total of 2 ddr error(s) detected and corrected
- 1125815938 2005.09.03 R14-M1-N0-C:J07-U11 2005-09-03-23.38.58.846380 R14-M1-N0-C:J07-U11 RAS KERNEL INFO CE sym 10, at 0x01d7a160, mask 0x10
- 1125815939 2005.09.03 R16-M1-N1-C:J16-U11 2005-09-03-23.38.59.795831 R16-M1-N1-C:J16-U11 RAS KERNEL INFO CE sym 30, at 0x15aa7560, mask 0x20
- 1125815940 2005.09.03 R06-M0-N2-C:J10-U11 2005-09-03-23.39.00.145895 R06-M0-N2-C:J10-U11 RAS KERNEL INFO total of 2 ddr error(s) detected and corrected
- 1125815940 2005.09.03 R21-M1-N0-C:J10-U11 2005-09-03-23.39.00.235304 R21-M1-N0-C:J10-U11 RAS KERNEL INFO CE sym 17, at 0x1344ec60, mask 0x01
- 1125815940 2005.09.03 R12-M0-N0-C:J16-U11 2005-09-03-23.39.00.324486 R12-M0-N0-C:J16-U11 RAS KERNEL INFO CE sym 33, at 0x0501ac00, mask 0x08
- 1125815940 2005.09.03 R37-M1-N5-C:J02-U01 2005-09-03-23.39.00.599497 R37-M1-N5-C:J02-U01 RAS KERNEL INFO CE sym 30, at 0x17f5e580, mask 0x20
- 1125815940 2005.09.03 R36-M1-N9-C:J06-U01 2005-09-03-23.39.00.958392 R36-M1-N9-C:J06-U01 RAS KERNEL INFO CE sym 25, at 0x155e28e0, mask 0x08
- 1125815941 2005.09.03 R32-M1-N6-C:J08-U11 2005-09-03-23.39.01.084918 R32-M1-N6-C:J08-U11 RAS KERNEL INFO CE sym 12, at 0x03af9860, mask 0x10
- 1125815942 2005.09.03 R14-M1-N0-C:J07-U11 2005-09-03-23.39.02.899713 R14-M1-N0-C:J07-U11 RAS KERNEL INFO CE sym 10, at 0x01d7a160, mask 0x10
- 1125815943 2005.09.03 R16-M1-N1-C:J16-U11 2005-09-03-23.39.03.859350 R16-M1-N1-C:J16-U11 RAS KERNEL INFO CE sym 30, at 0x15aa7560, mask 0x20
- 1125815944 2005.09.03 R21-M1-N0-C:J10-U11 2005-09-03-23.39.04.293797 R21-M1-N0-C:J10-U11 RAS KERNEL INFO CE sym 17, at 0x1344ec60, mask 0x01
- 1125815944 2005.09.03 R12-M0-N0-C:J16-U11 2005-09-03-23.39.04.389308 R12-M0-N0-C:J16-U11 RAS KERNEL INFO total of 3 ddr error(s) detected and corrected
- 1125815944 2005.09.03 R37-M1-N5-C:J02-U01 2005-09-03-23.39.04.575306 R37-M1-N5-C:J02-U01 RAS KERNEL INFO total of 3 ddr error(s) detected and corrected
- 1125815944 2005.09.03 R36-M1-N9-C:J06-U01 2005-09-03-23.39.04.941663 R36-M1-N9-C:J06-U01 RAS KERNEL INFO CE sym 25, at 0x155e28e0, mask 0x08
- 1125815945 2005.09.03 R32-M1-N6-C:J08-U11 2005-09-03-23.39.05.132658 R32-M1-N6-C:J08-U11 RAS KERNEL INFO CE sym 12, at 0x03af9860, mask 0x10
- 1125815946 2005.09.03 R14-M1-N0-C:J07-U11 2005-09-03-23.39.06.743968 R14-M1-N0-C:J07-U11 RAS KERNEL INFO CE sym 10, at 0x01d7a160, mask 0x10
- 1125815947 2005.09.03 R16-M1-N1-C:J16-U11 2005-09-03-23.39.07.666740 R16-M1-N1-C:J16-U11 RAS KERNEL INFO CE sym 30, at 0x15aa7560, mask 0x20
- 1125815947 2005.09.03 R21-M1-N0-C:J10-U11 2005-09-03-23.39.07.970268 R21-M1-N0-C:J10-U11 RAS KERNEL INFO CE sym 17, at 0x1344ec60, mask 0x01
- 1125815948 2005.09.03 R36-M1-N9-C:J06-U01 2005-09-03-23.39.08.463378 R36-M1-N9-C:J06-U01 RAS KERNEL INFO CE sym 25, at 0x155e28e0, mask 0x08
- 1125815948 2005.09.03 R32-M1-N6-C:J08-U11 2005-09-03-23.39.08.642904 R32-M1-N6-C:J08-U11 RAS KERNEL INFO CE sym 12, at 0x03af9860, mask 0x10
- 1125815950 2005.09.03 R14-M1-N0-C:J07-U11 2005-09-03-23.39.10.085360 R14-M1-N0-C:J07-U11 RAS KERNEL INFO CE sym 10, at 0x01d7a160, mask 0x10
- 1125815950 2005.09.03 R16-M1-N1-C:J16-U11 2005-09-03-23.39.10.953226 R16-M1-N1-C:J16-U11 RAS KERNEL INFO CE sym 30, at 0x15aa7560, mask 0x20
- 1125815951 2005.09.03 R21-M1-N0-C:J10-U11 2005-09-03-23.39.11.054927 R21-M1-N0-C:J10-U11 RAS KERNEL INFO CE sym 17, at 0x1344ec60, mask 0x01
- 1125815951 2005.09.03 R36-M1-N9-C:J06-U01 2005-09-03-23.39.11.324779 R36-M1-N9-C:J06-U01 RAS KERNEL INFO CE sym 25, at 0x155e28e0, mask 0x08
- 1125815951 2005.09.03 R32-M1-N6-C:J08-U11 2005-09-03-23.39.11.504219 R32-M1-N6-C:J08-U11 RAS KERNEL INFO CE sym 12, at 0x03af9860, mask 0x10
- 1125815952 2005.09.03 R14-M1-N0-C:J07-U11 2005-09-03-23.39.12.617231 R14-M1-N0-C:J07-U11 RAS KERNEL INFO CE sym 10, at 0x01d7a160, mask 0x10
- 1125815953 2005.09.03 R16-M1-N1-C:J16-U11 2005-09-03-23.39.13.312928 R16-M1-N1-C:J16-U11 RAS KERNEL INFO CE sym 30, at 0x15aa7560, mask 0x20
- 1125815953 2005.09.03 R21-M1-N0-C:J10-U11 2005-09-03-23.39.13.348567 R21-M1-N0-C:J10-U11 RAS KERNEL INFO CE sym 17, at 0x1344ec60, mask 0x01
- 1125815953 2005.09.03 R36-M1-N9-C:J06-U01 2005-09-03-23.39.13.475255 R36-M1-N9-C:J06-U01 RAS KERNEL INFO CE sym 25, at 0x155e28e0, mask 0x08
- 1125815953 2005.09.03 R32-M1-N6-C:J08-U11 2005-09-03-23.39.13.553002 R32-M1-N6-C:J08-U11 RAS KERNEL INFO total of 6 ddr error(s) detected and corrected
- 1125815954 2005.09.03 R14-M1-N0-C:J07-U11 2005-09-03-23.39.14.420895 R14-M1-N0-C:J07-U11 RAS KERNEL INFO CE sym 10, at 0x01d7a160, mask 0x10
- 1125815954 2005.09.03 R16-M1-N1-C:J16-U11 2005-09-03-23.39.14.990002 R16-M1-N1-C:J16-U11 RAS KERNEL INFO CE sym 30, at 0x15aa7560, mask 0x20
- 1125815955 2005.09.03 R21-M1-N0-C:J10-U11 2005-09-03-23.39.15.073047 R21-M1-N0-C:J10-U11 RAS KERNEL INFO CE sym 17, at 0x1344ec60, mask 0x01
- 1125815955 2005.09.03 R36-M1-N9-C:J06-U01 2005-09-03-23.39.15.324865 R36-M1-N9-C:J06-U01 RAS KERNEL INFO CE sym 25, at 0x155e28e0, mask 0x08
- 1125815956 2005.09.03 R14-M1-N0-C:J07-U11 2005-09-03-23.39.16.359822 R14-M1-N0-C:J07-U11 RAS KERNEL INFO CE sym 10, at 0x01d7a160, mask 0x10
- 1125815956 2005.09.03 R16-M1-N1-C:J16-U11 2005-09-03-23.39.16.911353 R16-M1-N1-C:J16-U11 RAS KERNEL INFO CE sym 30, at 0x15aa7560, mask 0x20
- 1125815956 2005.09.03 R21-M1-N0-C:J10-U11 2005-09-03-23.39.16.995107 R21-M1-N0-C:J10-U11 RAS KERNEL INFO CE sym 17, at 0x1344ec60, mask 0x01
- 1125815957 2005.09.03 R36-M1-N9-C:J06-U01 2005-09-03-23.39.17.252388 R36-M1-N9-C:J06-U01 RAS KERNEL INFO CE sym 25, at 0x155e28e0, mask 0x08
- 1125815958 2005.09.03 R14-M1-N0-C:J07-U11 2005-09-03-23.39.18.011711 R14-M1-N0-C:J07-U11 RAS KERNEL INFO CE sym 10, at 0x01d7a160, mask 0x10
- 1125815958 2005.09.03 R16-M1-N1-C:J16-U11 2005-09-03-23.39.18.448435 R16-M1-N1-C:J16-U11 RAS KERNEL INFO CE sym 30, at 0x15aa7560, mask 0x20
- 1125815958 2005.09.03 R21-M1-N0-C:J10-U11 2005-09-03-23.39.18.532215 R21-M1-N0-C:J10-U11 RAS KERNEL INFO CE sym 17, at 0x1344ec60, mask 0x01
- 1125815958 2005.09.03 R36-M1-N9-C:J06-U01 2005-09-03-23.39.18.706300 R36-M1-N9-C:J06-U01 RAS KERNEL INFO CE sym 25, at 0x155e28e0, mask 0x08
- 1125815959 2005.09.03 R14-M1-N0-C:J07-U11 2005-09-03-23.39.19.395065 R14-M1-N0-C:J07-U11 RAS KERNEL INFO CE sym 10, at 0x01d7a160, mask 0x10
- 1125815959 2005.09.03 R16-M1-N1-C:J16-U11 2005-09-03-23.39.19.848814 R16-M1-N1-C:J16-U11 RAS KERNEL INFO CE sym 30, at 0x15aa7560, mask 0x20
- 1125815959 2005.09.03 R21-M1-N0-C:J10-U11 2005-09-03-23.39.19.951477 R21-M1-N0-C:J10-U11 RAS KERNEL INFO CE sym 17, at 0x1344ec60, mask 0x01
- 1125815960 2005.09.03 R36-M1-N9-C:J06-U01 2005-09-03-23.39.20.138913 R36-M1-N9-C:J06-U01 RAS KERNEL INFO CE sym 25, at 0x155e28e0, mask 0x08
- 1125815960 2005.09.03 R14-M1-N0-C:J07-U11 2005-09-03-23.39.20.849732 R14-M1-N0-C:J07-U11 RAS KERNEL INFO CE sym 10, at 0x01d7a160, mask 0x10
- 1125815961 2005.09.03 R16-M1-N1-C:J16-U11 2005-09-03-23.39.21.248677 R16-M1-N1-C:J16-U11 RAS KERNEL INFO CE sym 30, at 0x15aa7560, mask 0x20
- 1125815961 2005.09.03 R21-M1-N0-C:J10-U11 2005-09-03-23.39.21.351069 R21-M1-N0-C:J10-U11 RAS KERNEL INFO CE sym 17, at 0x1344ec60, mask 0x01
- 1125815961 2005.09.03 R36-M1-N9-C:J06-U01 2005-09-03-23.39.21.440686 R36-M1-N9-C:J06-U01 RAS KERNEL INFO CE sym 25, at 0x155e28e0, mask 0x08
- 1125815961 2005.09.03 R14-M1-N0-C:J07-U11 2005-09-03-23.39.21.933114 R14-M1-N0-C:J07-U11 RAS KERNEL INFO CE sym 10, at 0x01d7a160, mask 0x10
- 1125815962 2005.09.03 R16-M1-N1-C:J16-U11 2005-09-03-23.39.22.112470 R16-M1-N1-C:J16-U11 RAS KERNEL INFO CE sym 30, at 0x15aa7560, mask 0x20
- 1125815962 2005.09.03 R21-M1-N0-C:J10-U11 2005-09-03-23.39.22.148131 R21-M1-N0-C:J10-U11 RAS KERNEL INFO CE sym 17, at 0x1344ec60, mask 0x01
- 1125815962 2005.09.03 R36-M1-N9-C:J06-U01 2005-09-03-23.39.22.184872 R36-M1-N9-C:J06-U01 RAS KERNEL INFO CE sym 25, at 0x155e28e0, mask 0x08
- 1125815962 2005.09.03 R14-M1-N0-C:J07-U11 2005-09-03-23.39.22.832818 R14-M1-N0-C:J07-U11 RAS KERNEL INFO CE sym 10, at 0x01d7a160, mask 0x10
- 1125815963 2005.09.03 R16-M1-N1-C:J16-U11 2005-09-03-23.39.23.299196 R16-M1-N1-C:J16-U11 RAS KERNEL INFO CE sym 30, at 0x15aa7560, mask 0x20
- 1125815963 2005.09.03 R21-M1-N0-C:J10-U11 2005-09-03-23.39.23.394891 R21-M1-N0-C:J10-U11 RAS KERNEL INFO total of 13 ddr error(s) detected and corrected
- 1125815963 2005.09.03 R36-M1-N9-C:J06-U01 2005-09-03-23.39.23.488488 R36-M1-N9-C:J06-U01 RAS KERNEL INFO total of 13 ddr error(s) detected and corrected
- 1125815964 2005.09.03 R14-M1-N0-C:J07-U11 2005-09-03-23.39.24.248420 R14-M1-N0-C:J07-U11 RAS KERNEL INFO CE sym 10, at 0x01d7a160, mask 0x10
- 1125815964 2005.09.03 R16-M1-N1-C:J16-U11 2005-09-03-23.39.24.655534 R16-M1-N1-C:J16-U11 RAS KERNEL INFO total of 14 ddr error(s) detected and corrected
- 1125815965 2005.09.03 R14-M1-N0-C:J07-U11 2005-09-03-23.39.25.247035 R14-M1-N0-C:J07-U11 RAS KERNEL INFO CE sym 10, at 0x01d7a160, mask 0x10
- 1125815966 2005.09.03 R14-M1-N0-C:J07-U11 2005-09-03-23.39.26.098103 R14-M1-N0-C:J07-U11 RAS KERNEL INFO CE sym 10, at 0x01d7a160, mask 0x10
- 1125815966 2005.09.03 R14-M1-N0-C:J07-U11 2005-09-03-23.39.26.870595 R14-M1-N0-C:J07-U11 RAS KERNEL INFO total of 17 ddr error(s) detected and corrected
- 1125817573 2005.09.04 R71-M1-N4-C:J03-U01 2005-09-04-00.06.13.172632 R71-M1-N4-C:J03-U01 RAS KERNEL INFO 1 ddr errors(s) detected and corrected on rank 0, symbol 33, bit 1
- 1125817573 2005.09.04 R72-M0-N2-C:J12-U11 2005-09-04-00.06.13.525500 R72-M0-N2-C:J12-U11 RAS KERNEL INFO 20 ddr errors(s) detected and corrected on rank 0, symbol 7, bit 3
- 1125817573 2005.09.04 R75-M0-N7-C:J14-U11 2005-09-04-00.06.13.699044 R75-M0-N7-C:J14-U11 RAS KERNEL INFO 1 ddr errors(s) detected and corrected on rank 0, symbol 11, bit 6
- 1125817574 2005.09.04 R71-M1-N4-C:J03-U01 2005-09-04-00.06.14.798099 R71-M1-N4-C:J03-U01 RAS KERNEL INFO CE sym 33, at 0x08453440, mask 0x40
- 1125817574 2005.09.04 R72-M0-N2-C:J12-U11 2005-09-04-00.06.14.881931 R72-M0-N2-C:J12-U11 RAS KERNEL INFO CE sym 7, at 0x0149b9c0, mask 0x10
- 1125817574 2005.09.04 R75-M0-N7-C:J14-U11 2005-09-04-00.06.14.923964 R75-M0-N7-C:J14-U11 RAS KERNEL INFO CE sym 11, at 0x1385e640, mask 0x02
- 1125817575 2005.09.04 R71-M1-N4-C:J03-U01 2005-09-04-00.06.15.222813 R71-M1-N4-C:J03-U01 RAS KERNEL INFO total of 1 ddr error(s) detected and corrected
- 1125817575 2005.09.04 R72-M0-N2-C:J12-U11 2005-09-04-00.06.15.294703 R72-M0-N2-C:J12-U11 RAS KERNEL INFO CE sym 7, at 0x0149b9c0, mask 0x10
- 1125817575 2005.09.04 R75-M0-N7-C:J14-U11 2005-09-04-00.06.15.336778 R75-M0-N7-C:J14-U11 RAS KERNEL INFO total of 1 ddr error(s) detected and corrected
- 1125817575 2005.09.04 R72-M0-N2-C:J12-U11 2005-09-04-00.06.15.641556 R72-M0-N2-C:J12-U11 RAS KERNEL INFO CE sym 7, at 0x0149b9c0, mask 0x10
- 1125817575 2005.09.04 R72-M0-N2-C:J12-U11 2005-09-04-00.06.15.929469 R72-M0-N2-C:J12-U11 RAS KERNEL INFO CE sym 7, at 0x0149b9c0, mask 0x10
- 1125817576 2005.09.04 R72-M0-N2-C:J12-U11 2005-09-04-00.06.16.138762 R72-M0-N2-C:J12-U11 RAS KERNEL INFO CE sym 7, at 0x0149b9c0, mask 0x10
- 1125817576 2005.09.04 R72-M0-N2-C:J12-U11 2005-09-04-00.06.16.385152 R72-M0-N2-C:J12-U11 RAS KERNEL INFO CE sym 7, at 0x0149b9c0, mask 0x10
- 1125817576 2005.09.04 R72-M0-N2-C:J12-U11 2005-09-04-00.06.16.545335 R72-M0-N2-C:J12-U11 RAS KERNEL INFO CE sym 7, at 0x0149b9c0, mask 0x10
- 1125817576 2005.09.04 R72-M0-N2-C:J12-U11 2005-09-04-00.06.16.707668 R72-M0-N2-C:J12-U11 RAS KERNEL INFO CE sym 7, at 0x0149b9c0, mask 0x10
- 1125817576 2005.09.04 R72-M0-N2-C:J12-U11 2005-09-04-00.06.16.803140 R72-M0-N2-C:J12-U11 RAS KERNEL INFO CE sym 7, at 0x0149b9c0, mask 0x10
- 1125817576 2005.09.04 R72-M0-N2-C:J12-U11 2005-09-04-00.06.16.936073 R72-M0-N2-C:J12-U11 RAS KERNEL INFO CE sym 7, at 0x0149b9c0, mask 0x10
- 1125817577 2005.09.04 R72-M0-N2-C:J12-U11 2005-09-04-00.06.17.065501 R72-M0-N2-C:J12-U11 RAS KERNEL INFO CE sym 7, at 0x0149b9c0, mask 0x10
- 1125817577 2005.09.04 R72-M0-N2-C:J12-U11 2005-09-04-00.06.17.209710 R72-M0-N2-C:J12-U11 RAS KERNEL INFO CE sym 7, at 0x0149b9c0, mask 0x10
- 1125817577 2005.09.04 R72-M0-N2-C:J12-U11 2005-09-04-00.06.17.341040 R72-M0-N2-C:J12-U11 RAS KERNEL INFO CE sym 7, at 0x0149b9c0, mask 0x10
- 1125817577 2005.09.04 R72-M0-N2-C:J12-U11 2005-09-04-00.06.17.485719 R72-M0-N2-C:J12-U11 RAS KERNEL INFO CE sym 7, at 0x0149b9c0, mask 0x10
- 1125817577 2005.09.04 R72-M0-N2-C:J12-U11 2005-09-04-00.06.17.600091 R72-M0-N2-C:J12-U11 RAS KERNEL INFO CE sym 7, at 0x0149b9c0, mask 0x10
- 1125817577 2005.09.04 R72-M0-N2-C:J12-U11 2005-09-04-00.06.17.710685 R72-M0-N2-C:J12-U11 RAS KERNEL INFO CE sym 7, at 0x0149b9c0, mask 0x10
- 1125817577 2005.09.04 R72-M0-N2-C:J12-U11 2005-09-04-00.06.17.855421 R72-M0-N2-C:J12-U11 RAS KERNEL INFO CE sym 7, at 0x0149b9c0, mask 0x10
- 1125817578 2005.09.04 R72-M0-N2-C:J12-U11 2005-09-04-00.06.18.006104 R72-M0-N2-C:J12-U11 RAS KERNEL INFO CE sym 7, at 0x0149b9c0, mask 0x10
- 1125817578 2005.09.04 R72-M0-N2-C:J12-U11 2005-09-04-00.06.18.124974 R72-M0-N2-C:J12-U11 RAS KERNEL INFO CE sym 7, at 0x0149b9c0, mask 0x10
- 1125817578 2005.09.04 R72-M0-N2-C:J12-U11 2005-09-04-00.06.18.243589 R72-M0-N2-C:J12-U11 RAS KERNEL INFO CE sym 7, at 0x0149b9c0, mask 0x10
- 1125817578 2005.09.04 R72-M0-N2-C:J12-U11 2005-09-04-00.06.18.363581 R72-M0-N2-C:J12-U11 RAS KERNEL INFO total of 20 ddr error(s) detected and corrected
- 1125827212 2005.09.04 R55-M0-N9-C:J06-U11 2005-09-04-02.46.52.206418 R55-M0-N9-C:J06-U11 RAS KERNEL INFO 12 tree receiver 1 in re-synch state event(s) (dcr 0x0185) detected
- 1125827212 2005.09.04 R42-M1-N2-C:J08-U01 2005-09-04-02.46.52.415027 R42-M1-N2-C:J08-U01 RAS KERNEL INFO 371 torus sender sram ecc error(s) (dcr 0x02f2) detected and corrected
- 1125827212 2005.09.04 R55-M0-N9-C:J06-U11 2005-09-04-02.46.52.772680 R55-M0-N9-C:J06-U11 RAS KERNEL INFO 17 tree receiver 2 in re-synch state event(s) (dcr 0x019a) detected
- 1125827712 2005.09.04 R15-M1-N1-C:J13-U11 2005-09-04-02.55.12.122802 R15-M1-N1-C:J13-U11 RAS KERNEL INFO 1 ddr errors(s) detected and corrected on rank 0, symbol 2, bit 6
- 1125827712 2005.09.04 R30-M0-N7-C:J09-U01 2005-09-04-02.55.12.720382 R30-M0-N7-C:J09-U01 RAS KERNEL INFO 1 ddr errors(s) detected and corrected on rank 0, symbol 26, bit 3
- 1125827712 2005.09.04 R14-M1-N0-C:J07-U11 2005-09-04-02.55.12.990290 R14-M1-N0-C:J07-U11 RAS KERNEL INFO 1 ddr errors(s) detected and corrected on rank 0, symbol 10, bit 3
- 1125827713 2005.09.04 R13-M0-N4-C:J05-U11 2005-09-04-02.55.13.241075 R13-M0-N4-C:J05-U11 RAS KERNEL INFO 1 ddr errors(s) detected and corrected on rank 0, symbol 27, bit 6
- 1125827713 2005.09.04 R33-M0-N6-C:J16-U01 2005-09-04-02.55.13.325469 R33-M0-N6-C:J16-U01 RAS KERNEL INFO 1 ddr errors(s) detected and corrected on rank 0, symbol 13, bit 7
- 1125827713 2005.09.04 R22-M0-N6-C:J16-U11 2005-09-04-02.55.13.498135 R22-M0-N6-C:J16-U11 RAS KERNEL INFO 1 L3 EDRAM error(s) (dcr 0x0157) detected and corrected
- 1125827714 2005.09.04 R15-M1-N1-C:J13-U11 2005-09-04-02.55.14.920410 R15-M1-N1-C:J13-U11 RAS KERNEL INFO CE sym 2, at 0x06e8db60, mask 0x02
- 1125827715 2005.09.04 R30-M0-N7-C:J09-U01 2005-09-04-02.55.15.477392 R30-M0-N7-C:J09-U01 RAS KERNEL INFO CE sym 26, at 0x07a95e80, mask 0x10
- 1125827715 2005.09.04 R14-M1-N0-C:J07-U11 2005-09-04-02.55.15.650925 R14-M1-N0-C:J07-U11 RAS KERNEL INFO CE sym 10, at 0x01d7a160, mask 0x10
- 1125827715 2005.09.04 R13-M0-N4-C:J05-U11 2005-09-04-02.55.15.884337 R13-M0-N4-C:J05-U11 RAS KERNEL INFO CE sym 27, at 0x082a8e20, mask 0x02
- 1125827715 2005.09.04 R33-M0-N6-C:J16-U01 2005-09-04-02.55.15.969017 R33-M0-N6-C:J16-U01 RAS KERNEL INFO CE sym 13, at 0x023521e0, mask 0x01
- 1125827717 2005.09.04 R15-M1-N1-C:J13-U11 2005-09-04-02.55.17.535020 R15-M1-N1-C:J13-U11 RAS KERNEL INFO total of 1 ddr error(s) detected and corrected
- 1125827718 2005.09.04 R30-M0-N7-C:J09-U01 2005-09-04-02.55.18.002048 R30-M0-N7-C:J09-U01 RAS KERNEL INFO total of 1 ddr error(s) detected and corrected
- 1125827718 2005.09.04 R14-M1-N0-C:J07-U11 2005-09-04-02.55.18.163600 R14-M1-N0-C:J07-U11 RAS KERNEL INFO total of 1 ddr error(s) detected and corrected
- 1125827718 2005.09.04 R13-M0-N4-C:J05-U11 2005-09-04-02.55.18.397205 R13-M0-N4-C:J05-U11 RAS KERNEL INFO total of 1 ddr error(s) detected and corrected
- 1125827718 2005.09.04 R33-M0-N6-C:J16-U01 2005-09-04-02.55.18.474596 R33-M0-N6-C:J16-U01 RAS KERNEL INFO total of 1 ddr error(s) detected and corrected
- 1125827849 2005.09.04 R07-M0-N8-C:J11-U11 2005-09-04-02.57.29.504327 R07-M0-N8-C:J11-U11 RAS KERNEL INFO 1 ddr errors(s) detected and corrected on rank 0, symbol 27, bit 6
- 1125827849 2005.09.04 R03-M0-N5-C:J05-U01 2005-09-04-02.57.29.568084 R03-M0-N5-C:J05-U01 RAS KERNEL INFO 1 ddr errors(s) detected and corrected on rank 0, symbol 4, bit 6
- 1125827849 2005.09.04 R37-M0-N2-C:J14-U11 2005-09-04-02.57.29.747774 R37-M0-N2-C:J14-U11 RAS KERNEL INFO 1 ddr errors(s) detected and corrected on rank 0, symbol 28, bit 6
- 1125827850 2005.09.04 R07-M0-N8-C:J11-U11 2005-09-04-02.57.30.026931 R07-M0-N8-C:J11-U11 RAS KERNEL INFO CE sym 27, at 0x0a3bf660, mask 0x02
- 1125827850 2005.09.04 R03-M0-N5-C:J05-U01 2005-09-04-02.57.30.057061 R03-M0-N5-C:J05-U01 RAS KERNEL INFO CE sym 4, at 0x16d0fe20, mask 0x02
- 1125827850 2005.09.04 R37-M0-N2-C:J14-U11 2005-09-04-02.57.30.176829 R37-M0-N2-C:J14-U11 RAS KERNEL INFO CE sym 28, at 0x183dc6c0, mask 0x02
- 1125827850 2005.09.04 R07-M0-N8-C:J11-U11 2005-09-04-02.57.30.451617 R07-M0-N8-C:J11-U11 RAS KERNEL INFO total of 1 ddr error(s) detected and corrected
- 1125827850 2005.09.04 R03-M0-N5-C:J05-U01 2005-09-04-02.57.30.511797 R03-M0-N5-C:J05-U01 RAS KERNEL INFO total of 1 ddr error(s) detected and corrected
- 1125827850 2005.09.04 R37-M0-N2-C:J14-U11 2005-09-04-02.57.30.690999 R37-M0-N2-C:J14-U11 RAS KERNEL INFO total of 1 ddr error(s) detected and corrected
- 1125828128 2005.09.04 R22-M0-N6-C:J11-U01 2005-09-04-03.02.08.405538 R22-M0-N6-C:J11-U01 RAS KERNEL INFO 4 ddr errors(s) detected and corrected on rank 0, symbol 3, bit 7
- 1125828128 2005.09.04 R30-M1-N2-C:J13-U01 2005-09-04-03.02.08.524437 R30-M1-N2-C:J13-U01 RAS KERNEL INFO 1 ddr errors(s) detected and corrected on rank 0, symbol 34, bit 1
- 1125828129 2005.09.04 R23-M0-N0-C:J10-U01 2005-09-04-03.02.09.056580 R23-M0-N0-C:J10-U01 RAS KERNEL INFO 1 ddr errors(s) detected and corrected on rank 0, symbol 18, bit 1
- 1125828129 2005.09.04 R22-M0-N6-C:J11-U01 2005-09-04-03.02.09.317504 R22-M0-N6-C:J11-U01 RAS KERNEL INFO CE sym 3, at 0x1ee84040, mask 0x01
- 1125828129 2005.09.04 R30-M1-N2-C:J13-U01 2005-09-04-03.02.09.419898 R30-M1-N2-C:J13-U01 RAS KERNEL INFO CE sym 34, at 0x1f00f380, mask 0x40
- 1125828129 2005.09.04 R23-M0-N0-C:J10-U01 2005-09-04-03.02.09.744623 R23-M0-N0-C:J10-U01 RAS KERNEL INFO CE sym 18, at 0x1e827ee0, mask 0x40
- 1125828129 2005.09.04 R22-M0-N6-C:J11-U01 2005-09-04-03.02.09.942437 R22-M0-N6-C:J11-U01 RAS KERNEL INFO CE sym 3, at 0x1ee84040, mask 0x01
- 1125828130 2005.09.04 R30-M1-N2-C:J13-U01 2005-09-04-03.02.10.032217 R30-M1-N2-C:J13-U01 RAS KERNEL INFO total of 1 ddr error(s) detected and corrected
- 1125828130 2005.09.04 R23-M0-N0-C:J10-U01 2005-09-04-03.02.10.331171 R23-M0-N0-C:J10-U01 RAS KERNEL INFO total of 1 ddr error(s) detected and corrected
- 1125828130 2005.09.04 R22-M0-N6-C:J11-U01 2005-09-04-03.02.10.463564 R22-M0-N6-C:J11-U01 RAS KERNEL INFO CE sym 3, at 0x1ee84040, mask 0x01
- 1125828130 2005.09.04 R22-M0-N6-C:J11-U01 2005-09-04-03.02.10.720845 R22-M0-N6-C:J11-U01 RAS KERNEL INFO CE sym 3, at 0x1ee84040, mask 0x01
- 1125828130 2005.09.04 R22-M0-N6-C:J11-U01 2005-09-04-03.02.10.914291 R22-M0-N6-C:J11-U01 RAS KERNEL INFO total of 4 ddr error(s) detected and corrected
- 1125828684 2005.09.04 R40-M1-N9-C:J11-U01 2005-09-04-03.11.24.581796 R40-M1-N9-C:J11-U01 RAS KERNEL INFO 1 ddr errors(s) detected and corrected on rank 0, symbol 8, bit 6
- 1125828684 2005.09.04 R47-M0-N4-C:J07-U01 2005-09-04-03.11.24.743711 R47-M0-N4-C:J07-U01 RAS KERNEL INFO 1 ddr errors(s) detected and corrected on rank 0, symbol 8, bit 3
- 1125828684 2005.09.04 R55-M0-N9-C:J06-U11 2005-09-04-03.11.24.845047 R55-M0-N9-C:J06-U11 RAS KERNEL INFO 1 tree receiver 2 in re-synch state event(s) (dcr 0x019a) detected
- 1125828684 2005.09.04 R40-M1-N9-C:J11-U01 2005-09-04-03.11.24.975029 R40-M1-N9-C:J11-U01 RAS KERNEL INFO CE sym 8, at 0x0c1787a0, mask 0x02
- 1125828685 2005.09.04 R47-M0-N4-C:J07-U01 2005-09-04-03.11.25.055672 R47-M0-N4-C:J07-U01 RAS KERNEL INFO CE sym 8, at 0x0a2ae600, mask 0x10
- 1125828685 2005.09.04 R40-M1-N9-C:J11-U01 2005-09-04-03.11.25.158848 R40-M1-N9-C:J11-U01 RAS KERNEL INFO total of 1 ddr error(s) detected and corrected
- 1125828685 2005.09.04 R47-M0-N4-C:J07-U01 2005-09-04-03.11.25.231936 R47-M0-N4-C:J07-U01 RAS KERNEL INFO total of 1 ddr error(s) detected and corrected
- 1125829336 2005.09.04 R75-M0-N5-C:J17-U11 2005-09-04-03.22.16.123999 R75-M0-N5-C:J17-U11 RAS KERNEL INFO 1 ddr errors(s) detected and corrected on rank 0, symbol 35, bit 6
- 1125829336 2005.09.04 R75-M0-N5-C:J17-U11 2005-09-04-03.22.16.605879 R75-M0-N5-C:J17-U11 RAS KERNEL INFO CE sym 35, at 0x064e9ec0, mask 0x02
- 1125829336 2005.09.04 R75-M0-N5-C:J17-U11 2005-09-04-03.22.16.723214 R75-M0-N5-C:J17-U11 RAS KERNEL INFO total of 1 ddr error(s) detected and corrected
- 1125870788 2005.09.04 R30-M0-N7-C:J09-U01 2005-09-04-14.53.08.351325 R30-M0-N7-C:J09-U01 RAS KERNEL INFO 1 ddr errors(s) detected and corrected on rank 0, symbol 26, bit 3
- 1125870789 2005.09.04 R30-M0-N7-C:J09-U01 2005-09-04-14.53.09.220425 R30-M0-N7-C:J09-U01 RAS KERNEL INFO CE sym 26, at 0x07a95e80, mask 0x10
- 1125870789 2005.09.04 R30-M0-N7-C:J09-U01 2005-09-04-14.53.09.937059 R30-M0-N7-C:J09-U01 RAS KERNEL INFO total of 1 ddr error(s) detected and corrected
- 1125871192 2005.09.04 R30-M0-N7-C:J09-U01 2005-09-04-14.59.52.236060 R30-M0-N7-C:J09-U01 RAS KERNEL INFO 1 ddr errors(s) detected and corrected on rank 0, symbol 26, bit 3
- 1125871193 2005.09.04 R30-M0-N7-C:J09-U01 2005-09-04-14.59.53.987204 R30-M0-N7-C:J09-U01 RAS KERNEL INFO CE sym 26, at 0x07a95e80, mask 0x10
- 1125871197 2005.09.04 R30-M0-N7-C:J09-U01 2005-09-04-14.59.57.654153 R30-M0-N7-C:J09-U01 RAS KERNEL INFO total of 1 ddr error(s) detected and corrected
- 1125871970 2005.09.04 R30-M0-N7-C:J09-U01 2005-09-04-15.12.50.824026 R30-M0-N7-C:J09-U01 RAS KERNEL INFO 1 ddr errors(s) detected and corrected on rank 0, symbol 26, bit 3
- 1125871971 2005.09.04 R30-M0-N7-C:J09-U01 2005-09-04-15.12.51.084071 R30-M0-N7-C:J09-U01 RAS KERNEL INFO CE sym 26, at 0x07a95e80, mask 0x10
- 1125871971 2005.09.04 R30-M0-N7-C:J09-U01 2005-09-04-15.12.51.320133 R30-M0-N7-C:J09-U01 RAS KERNEL INFO total of 1 ddr error(s) detected and corrected
- 1125879133 2005.09.04 R62-M1-N7-C:J05-U11 2005-09-04-17.12.13.374526 R62-M1-N7-C:J05-U11 RAS KERNEL INFO critical input interrupt (unit=0x0b bit=0x0b): warning for torus z- wire
- 1125879133 2005.09.04 R62-M1-N7-C:J05-U11 2005-09-04-17.12.13.517914 R62-M1-N7-C:J05-U11 RAS KERNEL INFO suppressing further interrupts of same type
- 1125879135 2005.09.04 R65-M0-N4-C:J17-U11 2005-09-04-17.12.15.398648 R65-M0-N4-C:J17-U11 RAS KERNEL INFO critical input interrupt (unit=0x0b bit=0x06): warning for torus y+ wire
- 1125879135 2005.09.04 R65-M0-N4-C:J17-U11 2005-09-04-17.12.15.694545 R65-M0-N4-C:J17-U11 RAS KERNEL INFO suppressing further interrupts of same type
- 1125879144 2005.09.04 R65-M0-N4-C:J17-U11 2005-09-04-17.12.24.110046 R65-M0-N4-C:J17-U11 RAS KERNEL FATAL external input interrupt (unit=0x02 bit=0x0b): torus sender y+ retransmission error was corrected
- 1125879144 2005.09.04 R65-M0-N7-C:J17-U11 2005-09-04-17.12.24.430780 R65-M0-N7-C:J17-U11 RAS KERNEL FATAL external input interrupt (unit=0x02 bit=0x0b): torus sender y+ retransmission error was corrected
- 1125879144 2005.09.04 R65-M0-N7-C:J05-U11 2005-09-04-17.12.24.528825 R65-M0-N7-C:J05-U11 RAS KERNEL FATAL external input interrupt (unit=0x02 bit=0x0b): torus sender y+ retransmission error was corrected
- 1125879144 2005.09.04 R65-M0-N3-C:J15-U11 2005-09-04-17.12.24.711904 R65-M0-N3-C:J15-U11 RAS KERNEL FATAL external input interrupt (unit=0x02 bit=0x0b): torus sender y+ retransmission error was corrected
- 1125879144 2005.09.04 R63-M1-N9-C:J03-U01 2005-09-04-17.12.24.757248 R63-M1-N9-C:J03-U01 RAS KERNEL INFO critical input interrupt (unit=0x0b bit=0x0a): warning for torus z+ wire
- 1125879144 2005.09.04 R63-M1-N9-C:J03-U01 2005-09-04-17.12.24.809405 R63-M1-N9-C:J03-U01 RAS KERNEL INFO suppressing further interrupts of same type
- 1125879145 2005.09.04 R65-M0-N3-C:J03-U11 2005-09-04-17.12.25.047164 R65-M0-N3-C:J03-U11 RAS KERNEL FATAL external input interrupt (unit=0x02 bit=0x0b): torus sender y+ retransmission error was corrected
- 1125879145 2005.09.04 R65-M0-N1-C:J13-U11 2005-09-04-17.12.25.408692 R65-M0-N1-C:J13-U11 RAS KERNEL FATAL external input interrupt (unit=0x02 bit=0x0b): torus sender y+ retransmission error was corrected
- 1125879145 2005.09.04 R65-M0-N1-C:J17-U11 2005-09-04-17.12.25.534709 R65-M0-N1-C:J17-U11 RAS KERNEL FATAL external input interrupt (unit=0x02 bit=0x0b): torus sender y+ retransmission error was corrected
- 1125879145 2005.09.04 R65-M0-N2-C:J09-U11 2005-09-04-17.12.25.757211 R65-M0-N2-C:J09-U11 RAS KERNEL FATAL external input interrupt (unit=0x02 bit=0x0b): torus sender y+ retransmission error was corrected
- 1125879145 2005.09.04 R65-M0-N2-C:J17-U11 2005-09-04-17.12.25.885046 R65-M0-N2-C:J17-U11 RAS KERNEL FATAL external input interrupt (unit=0x02 bit=0x0b): torus sender y+ retransmission error was corrected
- 1125879145 2005.09.04 R65-M0-N2-C:J05-U11 2005-09-04-17.12.25.913364 R65-M0-N2-C:J05-U11 RAS KERNEL FATAL external input interrupt (unit=0x02 bit=0x0b): torus sender y+ retransmission error was corrected
- 1125879146 2005.09.04 R65-M0-N5-C:J13-U11 2005-09-04-17.12.26.014258 R65-M0-N5-C:J13-U11 RAS KERNEL FATAL external input interrupt (unit=0x02 bit=0x0b): torus sender y+ retransmission error was corrected
- 1125879146 2005.09.04 R65-M0-N0-C:J09-U11 2005-09-04-17.12.26.223940 R65-M0-N0-C:J09-U11 RAS KERNEL FATAL external input interrupt (unit=0x02 bit=0x0b): torus sender y+ retransmission error was corrected
- 1125879147 2005.09.04 R61-M0-N8-C:J12-U01 2005-09-04-17.12.27.589687 R61-M0-N8-C:J12-U01 RAS KERNEL FATAL external input interrupt (unit=0x02 bit=0x0c): torus sender y- retransmission error was corrected
- 1125879147 2005.09.04 R61-M0-N8-C:J04-U01 2005-09-04-17.12.27.637079 R61-M0-N8-C:J04-U01 RAS KERNEL FATAL external input interrupt (unit=0x02 bit=0x0c): torus sender y- retransmission error was corrected
- 1125879147 2005.09.04 R61-M0-N8-C:J06-U01 2005-09-04-17.12.27.661730 R61-M0-N8-C:J06-U01 RAS KERNEL FATAL external input interrupt (unit=0x02 bit=0x0c): torus sender y- retransmission error was corrected
- 1125879147 2005.09.04 R61-M0-N8-C:J02-U01 2005-09-04-17.12.27.751564 R61-M0-N8-C:J02-U01 RAS KERNEL FATAL external input interrupt (unit=0x02 bit=0x0c): torus sender y- retransmission error was corrected
KERNRTSP 1125879148 2005.09.04 R65-M0-N7-C:J17-U11 2005-09-04-17.12.28.371326 R65-M0-N7-C:J17-U11 RAS KERNEL FATAL rts panic! - stopping execution
KERNRTSP 1125879148 2005.09.04 R65-M0-N7-C:J05-U11 2005-09-04-17.12.28.389217 R65-M0-N7-C:J05-U11 RAS KERNEL FATAL rts panic! - stopping execution
KERNRTSP 1125879148 2005.09.04 R65-M0-N3-C:J15-U11 2005-09-04-17.12.28.474369 R65-M0-N3-C:J15-U11 RAS KERNEL FATAL rts panic! - stopping execution
KERNRTSP 1125879148 2005.09.04 R65-M0-N3-C:J03-U11 2005-09-04-17.12.28.568926 R65-M0-N3-C:J03-U11 RAS KERNEL FATAL rts panic! - stopping execution
KERNRTSP 1125879148 2005.09.04 R65-M0-N1-C:J13-U11 2005-09-04-17.12.28.620056 R65-M0-N1-C:J13-U11 RAS KERNEL FATAL rts panic! - stopping execution
KERNRTSP 1125879148 2005.09.04 R65-M0-N1-C:J17-U11 2005-09-04-17.12.28.638066 R65-M0-N1-C:J17-U11 RAS KERNEL FATAL rts panic! - stopping execution
KERNRTSP 1125879148 2005.09.04 R65-M0-N2-C:J09-U11 2005-09-04-17.12.28.676161 R65-M0-N2-C:J09-U11 RAS KERNEL FATAL rts panic! - stopping execution
KERNRTSP 1125879148 2005.09.04 R65-M0-N2-C:J17-U11 2005-09-04-17.12.28.844550 R65-M0-N2-C:J17-U11 RAS KERNEL FATAL rts panic! - stopping execution
KERNRTSP 1125879148 2005.09.04 R65-M0-N2-C:J05-U11 2005-09-04-17.12.28.862043 R65-M0-N2-C:J05-U11 RAS KERNEL FATAL rts panic! - stopping execution
KERNRTSP 1125879148 2005.09.04 R65-M0-N5-C:J13-U11 2005-09-04-17.12.28.927731 R65-M0-N5-C:J13-U11 RAS KERNEL FATAL rts panic! - stopping execution
- 1125879149 2005.09.04 R65-M0-N6-C:J15-U11 2005-09-04-17.12.29.098078 R65-M0-N6-C:J15-U11 RAS KERNEL FATAL external input interrupt (unit=0x02 bit=0x0b): torus sender y+ retransmission error was corrected
- 1125879149 2005.09.04 R65-M0-N6-C:J03-U11 2005-09-04-17.12.29.295290 R65-M0-N6-C:J03-U11 RAS KERNEL FATAL external input interrupt (unit=0x02 bit=0x0b): torus sender y+ retransmission error was corrected
KERNRTSP 1125879149 2005.09.04 R65-M0-N4-C:J17-U11 2005-09-04-17.12.29.948904 R65-M0-N4-C:J17-U11 RAS KERNEL FATAL rts panic! - stopping execution
KERNRTSP 1125879150 2005.09.04 R65-M0-N0-C:J09-U11 2005-09-04-17.12.30.153930 R65-M0-N0-C:J09-U11 RAS KERNEL FATAL rts panic! - stopping execution
- 1125879150 2005.09.04 R65-M0-N0-C:J17-U11 2005-09-04-17.12.30.206461 R65-M0-N0-C:J17-U11 RAS KERNEL FATAL external input interrupt (unit=0x02 bit=0x0b): torus sender y+ retransmission error was corrected
- 1125879151 2005.09.04 R63-M1-N9-C:J15-U11 2005-09-04-17.12.31.505499 R63-M1-N9-C:J15-U11 RAS KERNEL FATAL external input interrupt (unit=0x02 bit=0x0d): torus sender z+ retransmission error was corrected
KERNRTSP 1125879151 2005.09.04 R61-M0-N8-C:J12-U01 2005-09-04-17.12.31.505847 R61-M0-N8-C:J12-U01 RAS KERNEL FATAL rts panic! - stopping execution
KERNRTSP 1125879151 2005.09.04 R61-M0-N8-C:J04-U01 2005-09-04-17.12.31.547513 R61-M0-N8-C:J04-U01 RAS KERNEL FATAL rts panic! - stopping execution
KERNRTSP 1125879151 2005.09.04 R61-M0-N8-C:J06-U01 2005-09-04-17.12.31.568429 R61-M0-N8-C:J06-U01 RAS KERNEL FATAL rts panic! - stopping execution
- 1125879151 2005.09.04 R63-M1-N9-C:J03-U01 2005-09-04-17.12.31.569788 R63-M1-N9-C:J03-U01 RAS KERNEL FATAL external input interrupt (unit=0x02 bit=0x0d): torus sender z+ retransmission error was corrected
KERNRTSP 1125879151 2005.09.04 R61-M0-N8-C:J02-U01 2005-09-04-17.12.31.598839 R61-M0-N8-C:J02-U01 RAS KERNEL FATAL rts panic! - stopping execution
- 1125879151 2005.09.04 R63-M1-N9-C:J15-U01 2005-09-04-17.12.31.711131 R63-M1-N9-C:J15-U01 RAS KERNEL FATAL external input interrupt (unit=0x02 bit=0x0d): torus sender z+ retransmission error was corrected
- 1125879151 2005.09.04 R63-M1-N9-C:J10-U11 2005-09-04-17.12.31.809365 R63-M1-N9-C:J10-U11 RAS KERNEL FATAL external input interrupt (unit=0x02 bit=0x0d): torus sender z+ retransmission error was corrected
- 1125879151 2005.09.04 R63-M1-N9-C:J14-U01 2005-09-04-17.12.31.863270 R63-M1-N9-C:J14-U01 RAS KERNEL FATAL external input interrupt (unit=0x02 bit=0x0d): torus sender z+ retransmission error was corrected
- 1125879151 2005.09.04 R63-M1-N9-C:J06-U01 2005-09-04-17.12.31.911324 R63-M1-N9-C:J06-U01 RAS KERNEL FATAL external input interrupt (unit=0x02 bit=0x0d): torus sender z+ retransmission error was corrected
- 1125879151 2005.09.04 R63-M1-N9-C:J02-U01 2005-09-04-17.12.31.934688 R63-M1-N9-C:J02-U01 RAS KERNEL FATAL external input interrupt (unit=0x02 bit=0x0d): torus sender z+ retransmission error was corrected
KERNRTSP 1125879152 2005.09.04 R65-M0-N6-C:J15-U11 2005-09-04-17.12.32.085833 R65-M0-N6-C:J15-U11 RAS KERNEL FATAL rts panic! - stopping execution
KERNRTSP 1125879152 2005.09.04 R65-M0-N6-C:J03-U11 2005-09-04-17.12.32.193382 R65-M0-N6-C:J03-U11 RAS KERNEL FATAL rts panic! - stopping execution
- 1125879152 2005.09.04 R63-M1-N1-C:J15-U11 2005-09-04-17.12.32.446533 R63-M1-N1-C:J15-U11 RAS KERNEL FATAL external input interrupt (unit=0x02 bit=0x0d): torus sender z+ retransmission error was corrected
- 1125879152 2005.09.04 R63-M1-N1-C:J03-U01 2005-09-04-17.12.32.564869 R63-M1-N1-C:J03-U01 RAS KERNEL FATAL external input interrupt (unit=0x02 bit=0x0d): torus sender z+ retransmission error was corrected
KERNRTSP 1125879152 2005.09.04 R65-M0-N0-C:J17-U11 2005-09-04-17.12.32.703110 R65-M0-N0-C:J17-U11 RAS KERNEL FATAL rts panic! - stopping execution
- 1125879152 2005.09.04 R63-M1-N1-C:J06-U11 2005-09-04-17.12.32.874808 R63-M1-N1-C:J06-U11 RAS KERNEL FATAL external input interrupt (unit=0x02 bit=0x0d): torus sender z+ retransmission error was corrected
- 1125879152 2005.09.04 R63-M1-N1-C:J10-U01 2005-09-04-17.12.32.925907 R63-M1-N1-C:J10-U01 RAS KERNEL FATAL external input interrupt (unit=0x02 bit=0x0d): torus sender z+ retransmission error was corrected
- 1125879153 2005.09.04 R63-M1-N1-C:J02-U11 2005-09-04-17.12.33.020759 R63-M1-N1-C:J02-U11 RAS KERNEL FATAL external input interrupt (unit=0x02 bit=0x0d): torus sender z+ retransmission error was corrected
- 1125879154 2005.09.04 R62-M1-N7-C:J09-U11 2005-09-04-17.12.34.062970 R62-M1-N7-C:J09-U11 RAS KERNEL FATAL external input interrupt (unit=0x02 bit=0x0e): torus sender z- retransmission error was corrected
- 1125879154 2005.09.04 R62-M1-N7-C:J05-U11 2005-09-04-17.12.34.296976 R62-M1-N7-C:J05-U11 RAS KERNEL FATAL external input interrupt (unit=0x02 bit=0x0e): torus sender z- retransmission error was corrected
- 1125879154 2005.09.04 R62-M1-N7-C:J09-U01 2005-09-04-17.12.34.449755 R62-M1-N7-C:J09-U01 RAS KERNEL FATAL external input interrupt (unit=0x02 bit=0x0e): torus sender z- retransmission error was corrected
- 1125879154 2005.09.04 R62-M1-N7-C:J08-U01 2005-09-04-17.12.34.787020 R62-M1-N7-C:J08-U01 RAS KERNEL FATAL external input interrupt (unit=0x02 bit=0x0e): torus sender z- retransmission error was corrected
- 1125879154 2005.09.04 R62-M1-N6-C:J09-U11 2005-09-04-17.12.34.870228 R62-M1-N6-C:J09-U11 RAS KERNEL FATAL external input interrupt (unit=0x02 bit=0x0e): torus sender z- retransmission error was corrected
- 1125879154 2005.09.04 R62-M1-N6-C:J13-U11 2005-09-04-17.12.34.906075 R62-M1-N6-C:J13-U11 RAS KERNEL FATAL external input interrupt (unit=0x02 bit=0x0e): torus sender z- retransmission error was corrected
- 1125879154 2005.09.04 R62-M1-N6-C:J05-U11 2005-09-04-17.12.34.990961 R62-M1-N6-C:J05-U11 RAS KERNEL FATAL external input interrupt (unit=0x02 bit=0x0e): torus sender z- retransmission error was corrected
- 1125879155 2005.09.04 R62-M1-N6-C:J13-U01 2005-09-04-17.12.35.038447 R62-M1-N6-C:J13-U01 RAS KERNEL FATAL external input interrupt (unit=0x02 bit=0x0e): torus sender z- retransmission error was corrected
- 1125879155 2005.09.04 R62-M1-N6-C:J16-U11 2005-09-04-17.12.35.092424 R62-M1-N6-C:J16-U11 RAS KERNEL FATAL external input interrupt (unit=0x02 bit=0x0e): torus sender z- retransmission error was corrected
- 1125879155 2005.09.04 R62-M1-N6-C:J04-U11 2005-09-04-17.12.35.278407 R62-M1-N6-C:J04-U11 RAS KERNEL FATAL external input interrupt (unit=0x02 bit=0x0e): torus sender z- retransmission error was corrected
- 1125879155 2005.09.04 R63-M1-N0-C:J15-U11 2005-09-04-17.12.35.312666 R63-M1-N0-C:J15-U11 RAS KERNEL FATAL external input interrupt (unit=0x02 bit=0x0d): torus sender z+ retransmission error was corrected
- 1125879155 2005.09.04 R63-M1-N0-C:J03-U01 2005-09-04-17.12.35.666907 R63-M1-N0-C:J03-U01 RAS KERNEL FATAL external input interrupt (unit=0x02 bit=0x0d): torus sender z+ retransmission error was corrected
- 1125879155 2005.09.04 R63-M1-N0-C:J07-U11 2005-09-04-17.12.35.726139 R63-M1-N0-C:J07-U11 RAS KERNEL FATAL external input interrupt (unit=0x02 bit=0x0d): torus sender z+ retransmission error was corrected
- 1125879156 2005.09.04 R63-M1-N8-C:J07-U11 2005-09-04-17.12.36.150830 R63-M1-N8-C:J07-U11 RAS KERNEL FATAL external input interrupt (unit=0x02 bit=0x0d): torus sender z+ retransmission error was corrected
- 1125879156 2005.09.04 R63-M1-N8-C:J15-U01 2005-09-04-17.12.36.175373 R63-M1-N8-C:J15-U01 RAS KERNEL FATAL external input interrupt (unit=0x02 bit=0x0d): torus sender z+ retransmission error was corrected
- 1125879156 2005.09.04 R63-M1-N8-C:J11-U01 2005-09-04-17.12.36.205577 R63-M1-N8-C:J11-U01 RAS KERNEL FATAL external input interrupt (unit=0x02 bit=0x0d): torus sender z+ retransmission error was corrected
- 1125879156 2005.09.04 R63-M1-N8-C:J06-U01 2005-09-04-17.12.36.385648 R63-M1-N8-C:J06-U01 RAS KERNEL FATAL external input interrupt (unit=0x02 bit=0x0d): torus sender z+ retransmission error was corrected
KERNRTSP 1125879156 2005.09.04 R63-M1-N9-C:J15-U11 2005-09-04-17.12.36.632397 R63-M1-N9-C:J15-U11 RAS KERNEL FATAL rts panic! - stopping execution
KERNRTSP 1125879156 2005.09.04 R63-M1-N9-C:J03-U01 2005-09-04-17.12.36.732043 R63-M1-N9-C:J03-U01 RAS KERNEL FATAL rts panic! - stopping execution
KERNRTSP 1125879156 2005.09.04 R63-M1-N9-C:J15-U01 2005-09-04-17.12.36.815669 R63-M1-N9-C:J15-U01 RAS KERNEL FATAL rts panic! - stopping execution
KERNRTSP 1125879156 2005.09.04 R63-M1-N9-C:J10-U11 2005-09-04-17.12.36.917839 R63-M1-N9-C:J10-U11 RAS KERNEL FATAL rts panic! - stopping execution
KERNRTSP 1125879156 2005.09.04 R63-M1-N9-C:J14-U01 2005-09-04-17.12.36.965377 R63-M1-N9-C:J14-U01 RAS KERNEL FATAL rts panic! - stopping execution
KERNRTSP 1125879157 2005.09.04 R63-M1-N9-C:J06-U01 2005-09-04-17.12.37.019736 R63-M1-N9-C:J06-U01 RAS KERNEL FATAL rts panic! - stopping execution
KERNRTSP 1125879157 2005.09.04 R63-M1-N9-C:J02-U01 2005-09-04-17.12.37.044692 R63-M1-N9-C:J02-U01 RAS KERNEL FATAL rts panic! - stopping execution
KERNRTSP 1125879157 2005.09.04 R63-M1-N1-C:J15-U11 2005-09-04-17.12.37.444737 R63-M1-N1-C:J15-U11 RAS KERNEL FATAL rts panic! - stopping execution
KERNRTSP 1125879157 2005.09.04 R63-M1-N1-C:J03-U01 2005-09-04-17.12.37.476211 R63-M1-N1-C:J03-U01 RAS KERNEL FATAL rts panic! - stopping execution
KERNRTSP 1125879157 2005.09.04 R63-M1-N1-C:J06-U11 2005-09-04-17.12.37.642584 R63-M1-N1-C:J06-U11 RAS KERNEL FATAL rts panic! - stopping execution
KERNRTSP 1125879157 2005.09.04 R63-M1-N1-C:J10-U01 2005-09-04-17.12.37.674194 R63-M1-N1-C:J10-U01 RAS KERNEL FATAL rts panic! - stopping execution
KERNRTSP 1125879157 2005.09.04 R63-M1-N1-C:J02-U11 2005-09-04-17.12.37.717499 R63-M1-N1-C:J02-U11 RAS KERNEL FATAL rts panic! - stopping execution
KERNRTSP 1125879158 2005.09.04 R62-M1-N7-C:J09-U11 2005-09-04-17.12.38.033517 R62-M1-N7-C:J09-U11 RAS KERNEL FATAL rts panic! - stopping execution
KERNRTSP 1125879158 2005.09.04 R62-M1-N7-C:J05-U11 2005-09-04-17.12.38.099396 R62-M1-N7-C:J05-U11 RAS KERNEL FATAL rts panic! - stopping execution
KERNRTSP 1125879158 2005.09.04 R62-M1-N7-C:J09-U01 2005-09-04-17.12.38.148901 R62-M1-N7-C:J09-U01 RAS KERNEL FATAL rts panic! - stopping execution
KERNRTSP 1125879158 2005.09.04 R62-M1-N7-C:J08-U01 2005-09-04-17.12.38.255082 R62-M1-N7-C:J08-U01 RAS KERNEL FATAL rts panic! - stopping execution
KERNRTSP 1125879158 2005.09.04 R62-M1-N6-C:J09-U11 2005-09-04-17.12.38.328807 R62-M1-N6-C:J09-U11 RAS KERNEL FATAL rts panic! - stopping execution
KERNRTSP 1125879158 2005.09.04 R62-M1-N6-C:J13-U11 2005-09-04-17.12.38.345051 R62-M1-N6-C:J13-U11 RAS KERNEL FATAL rts panic! - stopping execution
KERNRTSP 1125879158 2005.09.04 R62-M1-N6-C:J05-U11 2005-09-04-17.12.38.412450 R62-M1-N6-C:J05-U11 RAS KERNEL FATAL rts panic! - stopping execution
KERNRTSP 1125879158 2005.09.04 R62-M1-N6-C:J13-U01 2005-09-04-17.12.38.446702 R62-M1-N6-C:J13-U01 RAS KERNEL FATAL rts panic! - stopping execution
KERNRTSP 1125879158 2005.09.04 R62-M1-N6-C:J16-U11 2005-09-04-17.12.38.482645 R62-M1-N6-C:J16-U11 RAS KERNEL FATAL rts panic! - stopping execution
KERNRTSP 1125879158 2005.09.04 R62-M1-N6-C:J04-U11 2005-09-04-17.12.38.629071 R62-M1-N6-C:J04-U11 RAS KERNEL FATAL rts panic! - stopping execution
KERNRTSP 1125879158 2005.09.04 R63-M1-N0-C:J15-U11 2005-09-04-17.12.38.649570 R63-M1-N0-C:J15-U11 RAS KERNEL FATAL rts panic! - stopping execution
KERNRTSP 1125879158 2005.09.04 R63-M1-N0-C:J03-U01 2005-09-04-17.12.38.686017 R63-M1-N0-C:J03-U01 RAS KERNEL FATAL rts panic! - stopping execution
KERNRTSP 1125879158 2005.09.04 R63-M1-N0-C:J07-U11 2005-09-04-17.12.38.714738 R63-M1-N0-C:J07-U11 RAS KERNEL FATAL rts panic! - stopping execution
KERNRTSP 1125879159 2005.09.04 R63-M1-N8-C:J07-U11 2005-09-04-17.12.39.032292 R63-M1-N8-C:J07-U11 RAS KERNEL FATAL rts panic! - stopping execution
KERNRTSP 1125879159 2005.09.04 R63-M1-N8-C:J15-U01 2005-09-04-17.12.39.047606 R63-M1-N8-C:J15-U01 RAS KERNEL FATAL rts panic! - stopping execution
KERNRTSP 1125879159 2005.09.04 R63-M1-N8-C:J11-U01 2005-09-04-17.12.39.062139 R63-M1-N8-C:J11-U01 RAS KERNEL FATAL rts panic! - stopping execution
KERNRTSP 1125879159 2005.09.04 R63-M1-N8-C:J06-U01 2005-09-04-17.12.39.215977 R63-M1-N8-C:J06-U01 RAS KERNEL FATAL rts panic! - stopping execution
- 1125879681 2005.09.04 R62-M1-N7-C:J09-U11 2005-09-04-17.21.21.086997 R62-M1-N7-C:J09-U11 RAS KERNEL INFO critical input interrupt (unit=0x0b bit=0x0b): warning for torus z- wire
- 1125879681 2005.09.04 R62-M1-N7-C:J05-U11 2005-09-04-17.21.21.185938 R62-M1-N7-C:J05-U11 RAS KERNEL INFO critical input interrupt (unit=0x0b bit=0x0b): warning for torus z- wire
- 1125879681 2005.09.04 R62-M1-N7-C:J09-U01 2005-09-04-17.21.21.209581 R62-M1-N7-C:J09-U01 RAS KERNEL INFO critical input interrupt (unit=0x0b bit=0x0b): warning for torus z- wire
- 1125879681 2005.09.04 R62-M1-N7-C:J09-U11 2005-09-04-17.21.21.388471 R62-M1-N7-C:J09-U11 RAS KERNEL INFO suppressing further interrupts of same type
- 1125879681 2005.09.04 R62-M1-N7-C:J05-U11 2005-09-04-17.21.21.416750 R62-M1-N7-C:J05-U11 RAS KERNEL INFO suppressing further interrupts of same type
- 1125879681 2005.09.04 R62-M1-N7-C:J09-U01 2005-09-04-17.21.21.431366 R62-M1-N7-C:J09-U01 RAS KERNEL INFO suppressing further interrupts of same type
- 1125879684 2005.09.04 R63-M1-N8-C:J07-U11 2005-09-04-17.21.24.096726 R63-M1-N8-C:J07-U11 RAS KERNEL INFO critical input interrupt (unit=0x0b bit=0x0a): warning for torus z+ wire
- 1125879684 2005.09.04 R63-M1-N8-C:J11-U01 2005-09-04-17.21.24.126484 R63-M1-N8-C:J11-U01 RAS KERNEL INFO critical input interrupt (unit=0x0b bit=0x0a): warning for torus z+ wire
- 1125879684 2005.09.04 R63-M1-N8-C:J07-U11 2005-09-04-17.21.24.205116 R63-M1-N8-C:J07-U11 RAS KERNEL INFO suppressing further interrupts of same type
- 1125879684 2005.09.04 R63-M1-N8-C:J11-U01 2005-09-04-17.21.24.220242 R63-M1-N8-C:J11-U01 RAS KERNEL INFO suppressing further interrupts of same type
- 1125879686 2005.09.04 R63-M1-N0-C:J15-U11 2005-09-04-17.21.26.782818 R63-M1-N0-C:J15-U11 RAS KERNEL INFO critical input interrupt (unit=0x0b bit=0x0a): warning for torus z+ wire
- 1125879686 2005.09.04 R63-M1-N0-C:J07-U11 2005-09-04-17.21.26.819297 R63-M1-N0-C:J07-U11 RAS KERNEL INFO critical input interrupt (unit=0x0b bit=0x0a): warning for torus z+ wire
- 1125879686 2005.09.04 R63-M1-N0-C:J15-U11 2005-09-04-17.21.26.911752 R63-M1-N0-C:J15-U11 RAS KERNEL INFO suppressing further interrupts of same type
- 1125879686 2005.09.04 R63-M1-N0-C:J07-U11 2005-09-04-17.21.26.934005 R63-M1-N0-C:J07-U11 RAS KERNEL INFO suppressing further interrupts of same type
- 1125879692 2005.09.04 R65-M0-N3-C:J15-U11 2005-09-04-17.21.32.255336 R65-M0-N3-C:J15-U11 RAS KERNEL FATAL external input interrupt (unit=0x02 bit=0x0b): torus sender y+ retransmission error was corrected
- 1125879692 2005.09.04 R65-M0-N3-C:J03-U11 2005-09-04-17.21.32.587390 R65-M0-N3-C:J03-U11 RAS KERNEL FATAL external input interrupt (unit=0x02 bit=0x0b): torus sender y+ retransmission error was corrected
- 1125879692 2005.09.04 R65-M0-N2-C:J09-U11 2005-09-04-17.21.32.631539 R65-M0-N2-C:J09-U11 RAS KERNEL FATAL external input interrupt (unit=0x02 bit=0x0b): torus sender y+ retransmission error was corrected
- 1125879692 2005.09.04 R65-M0-N2-C:J17-U11 2005-09-04-17.21.32.733886 R65-M0-N2-C:J17-U11 RAS KERNEL FATAL external input interrupt (unit=0x02 bit=0x0b): torus sender y+ retransmission error was corrected
- 1125879692 2005.09.04 R65-M0-N2-C:J05-U11 2005-09-04-17.21.32.829934 R65-M0-N2-C:J05-U11 RAS KERNEL FATAL external input interrupt (unit=0x02 bit=0x0b): torus sender y+ retransmission error was corrected
- 1125879694 2005.09.04 R61-M0-N8-C:J12-U01 2005-09-04-17.21.34.116486 R61-M0-N8-C:J12-U01 RAS KERNEL FATAL external input interrupt (unit=0x02 bit=0x0c): torus sender y- retransmission error was corrected
- 1125879694 2005.09.04 R61-M0-N8-C:J04-U01 2005-09-04-17.21.34.243190 R61-M0-N8-C:J04-U01 RAS KERNEL FATAL external input interrupt (unit=0x02 bit=0x0c): torus sender y- retransmission error was corrected
- 1125879694 2005.09.04 R61-M0-N8-C:J06-U01 2005-09-04-17.21.34.275754 R61-M0-N8-C:J06-U01 RAS KERNEL FATAL external input interrupt (unit=0x02 bit=0x0c): torus sender y- retransmission error was corrected
- 1125879694 2005.09.04 R61-M0-N8-C:J02-U01 2005-09-04-17.21.34.306232 R61-M0-N8-C:J02-U01 RAS KERNEL FATAL external input interrupt (unit=0x02 bit=0x0c): torus sender y- retransmission error was corrected
KERNRTSP 1125879694 2005.09.04 R65-M0-N3-C:J15-U11 2005-09-04-17.21.34.456909 R65-M0-N3-C:J15-U11 RAS KERNEL FATAL rts panic! - stopping execution
KERNRTSP 1125879694 2005.09.04 R65-M0-N3-C:J03-U11 2005-09-04-17.21.34.564920 R65-M0-N3-C:J03-U11 RAS KERNEL FATAL rts panic! - stopping execution
- 1125879694 2005.09.04 R65-M0-N1-C:J15-U11 2005-09-04-17.21.34.720925 R65-M0-N1-C:J15-U11 RAS KERNEL FATAL external input interrupt (unit=0x02 bit=0x0b): torus sender y+ retransmission error was corrected
- 1125879694 2005.09.04 R65-M0-N1-C:J13-U11 2005-09-04-17.21.34.922678 R65-M0-N1-C:J13-U11 RAS KERNEL FATAL external input interrupt (unit=0x02 bit=0x0b): torus sender y+ retransmission error was corrected
- 1125879695 2005.09.04 R65-M0-N1-C:J17-U11 2005-09-04-17.21.35.014137 R65-M0-N1-C:J17-U11 RAS KERNEL FATAL external input interrupt (unit=0x02 bit=0x0b): torus sender y+ retransmission error was corrected
KERNRTSP 1125879695 2005.09.04 R65-M0-N2-C:J09-U11 2005-09-04-17.21.35.315164 R65-M0-N2-C:J09-U11 RAS KERNEL FATAL rts panic! - stopping execution
KERNRTSP 1125879695 2005.09.04 R65-M0-N2-C:J17-U11 2005-09-04-17.21.35.424710 R65-M0-N2-C:J17-U11 RAS KERNEL FATAL rts panic! - stopping execution
KERNRTSP 1125879695 2005.09.04 R65-M0-N2-C:J05-U11 2005-09-04-17.21.35.442828 R65-M0-N2-C:J05-U11 RAS KERNEL FATAL rts panic! - stopping execution
- 1125879695 2005.09.04 R65-M0-N0-C:J09-U11 2005-09-04-17.21.35.504284 R65-M0-N0-C:J09-U11 RAS KERNEL FATAL external input interrupt (unit=0x02 bit=0x0b): torus sender y+ retransmission error was corrected
- 1125879695 2005.09.04 R65-M0-N0-C:J17-U11 2005-09-04-17.21.35.869239 R65-M0-N0-C:J17-U11 RAS KERNEL FATAL external input interrupt (unit=0x02 bit=0x0b): torus sender y+ retransmission error was corrected
- 1125879696 2005.09.04 R65-M0-N0-C:J07-U11 2005-09-04-17.21.36.139297 R65-M0-N0-C:J07-U11 RAS KERNEL FATAL external input interrupt (unit=0x02 bit=0x0b): torus sender y+ retransmission error was corrected
KERNRTSP 1125879697 2005.09.04 R61-M0-N8-C:J12-U01 2005-09-04-17.21.37.188080 R61-M0-N8-C:J12-U01 RAS KERNEL FATAL rts panic! - stopping execution
KERNRTSP 1125879697 2005.09.04 R61-M0-N8-C:J04-U01 2005-09-04-17.21.37.223766 R61-M0-N8-C:J04-U01 RAS KERNEL FATAL rts panic! - stopping execution
KERNRTSP 1125879697 2005.09.04 R61-M0-N8-C:J06-U01 2005-09-04-17.21.37.241891 R61-M0-N8-C:J06-U01 RAS KERNEL FATAL rts panic! - stopping execution
KERNRTSP 1125879697 2005.09.04 R61-M0-N8-C:J02-U01 2005-09-04-17.21.37.259917 R61-M0-N8-C:J02-U01 RAS KERNEL FATAL rts panic! - stopping execution
- 1125879697 2005.09.04 R65-M0-N7-C:J17-U11 2005-09-04-17.21.37.513416 R65-M0-N7-C:J17-U11 RAS KERNEL INFO 1 torus receiver y+ input pipe error(s) (dcr 0x02ee) detected and corrected
- 1125879697 2005.09.04 R65-M0-N7-C:J05-U11 2005-09-04-17.21.37.537155 R65-M0-N7-C:J05-U11 RAS KERNEL INFO 1 torus receiver y+ input pipe error(s) (dcr 0x02ee) detected and corrected
KERNRTSP 1125879697 2005.09.04 R65-M0-N1-C:J15-U11 2005-09-04-17.21.37.625281 R65-M0-N1-C:J15-U11 RAS KERNEL FATAL rts panic! - stopping execution
KERNRTSP 1125879697 2005.09.04 R65-M0-N1-C:J13-U11 2005-09-04-17.21.37.661057 R65-M0-N1-C:J13-U11 RAS KERNEL FATAL rts panic! - stopping execution
KERNRTSP 1125879697 2005.09.04 R65-M0-N1-C:J17-U11 2005-09-04-17.21.37.684871 R65-M0-N1-C:J17-U11 RAS KERNEL FATAL rts panic! - stopping execution
- 1125879697 2005.09.04 R65-M0-N5-C:J13-U11 2005-09-04-17.21.37.834042 R65-M0-N5-C:J13-U11 RAS KERNEL INFO 1 torus receiver y+ input pipe error(s) (dcr 0x02ee) detected and corrected
- 1125879698 2005.09.04 R65-M0-N6-C:J15-U11 2005-09-04-17.21.38.052124 R65-M0-N6-C:J15-U11 RAS KERNEL INFO 2 torus receiver y+ input pipe error(s) (dcr 0x02ee) detected and corrected
- 1125879698 2005.09.04 R63-M1-N9-C:J15-U11 2005-09-04-17.21.38.188654 R63-M1-N9-C:J15-U11 RAS KERNEL FATAL external input interrupt (unit=0x02 bit=0x0d): torus sender z+ retransmission error was corrected
- 1125879698 2005.09.04 R65-M0-N6-C:J03-U11 2005-09-04-17.21.38.191888 R65-M0-N6-C:J03-U11 RAS KERNEL INFO 1 torus receiver y+ input pipe error(s) (dcr 0x02ee) detected and corrected
- 1125879698 2005.09.04 R63-M1-N9-C:J03-U01 2005-09-04-17.21.38.234770 R63-M1-N9-C:J03-U01 RAS KERNEL FATAL external input interrupt (unit=0x02 bit=0x0d): torus sender z+ retransmission error was corrected
- 1125879698 2005.09.04 R63-M1-N9-C:J15-U01 2005-09-04-17.21.38.318433 R63-M1-N9-C:J15-U01 RAS KERNEL FATAL external input interrupt (unit=0x02 bit=0x0d): torus sender z+ retransmission error was corrected
- 1125879698 2005.09.04 R63-M1-N9-C:J10-U11 2005-09-04-17.21.38.582288 R63-M1-N9-C:J10-U11 RAS KERNEL FATAL external input interrupt (unit=0x02 bit=0x0d): torus sender z+ retransmission error was corrected
- 1125879698 2005.09.04 R63-M1-N9-C:J14-U01 2005-09-04-17.21.38.737874 R63-M1-N9-C:J14-U01 RAS KERNEL FATAL external input interrupt (unit=0x02 bit=0x0d): torus sender z+ retransmission error was corrected
- 1125879698 2005.09.04 R63-M1-N9-C:J06-U01 2005-09-04-17.21.38.863302 R63-M1-N9-C:J06-U01 RAS KERNEL FATAL external input interrupt (unit=0x02 bit=0x0d): torus sender z+ retransmission error was corrected
- 1125879698 2005.09.04 R63-M1-N9-C:J02-U01 2005-09-04-17.21.38.886317 R63-M1-N9-C:J02-U01 RAS KERNEL FATAL external input interrupt (unit=0x02 bit=0x0d): torus sender z+ retransmission error was corrected
- 1125879698 2005.09.04 R65-M0-N4-C:J11-U11 2005-09-04-17.21.38.892664 R65-M0-N4-C:J11-U11 RAS KERNEL INFO 1 torus receiver y+ input pipe error(s) (dcr 0x02ee) detected and corrected
- 1125879698 2005.09.04 R65-M0-N4-C:J17-U11 2005-09-04-17.21.38.952355 R65-M0-N4-C:J17-U11 RAS KERNEL INFO 2 torus receiver y+ input pipe error(s) (dcr 0x02ee) detected and corrected
KERNRTSP 1125879699 2005.09.04 R65-M0-N0-C:J09-U11 2005-09-04-17.21.39.079936 R65-M0-N0-C:J09-U11 RAS KERNEL FATAL rts panic! - stopping execution
KERNRTSP 1125879699 2005.09.04 R65-M0-N0-C:J17-U11 2005-09-04-17.21.39.148732 R65-M0-N0-C:J17-U11 RAS KERNEL FATAL rts panic! - stopping execution
KERNRTSP 1125879699 2005.09.04 R65-M0-N0-C:J07-U11 2005-09-04-17.21.39.208218 R65-M0-N0-C:J07-U11 RAS KERNEL FATAL rts panic! - stopping execution
- 1125879699 2005.09.04 R63-M1-N1-C:J15-U11 2005-09-04-17.21.39.378132 R63-M1-N1-C:J15-U11 RAS KERNEL FATAL external input interrupt (unit=0x02 bit=0x0d): torus sender z+ retransmission error was corrected
- 1125879699 2005.09.04 R63-M1-N1-C:J03-U01 2005-09-04-17.21.39.444182 R63-M1-N1-C:J03-U01 RAS KERNEL FATAL external input interrupt (unit=0x02 bit=0x0d): torus sender z+ retransmission error was corrected
- 1125879699 2005.09.04 R63-M1-N1-C:J06-U11 2005-09-04-17.21.39.673899 R63-M1-N1-C:J06-U11 RAS KERNEL FATAL external input interrupt (unit=0x02 bit=0x0d): torus sender z+ retransmission error was corrected
- 1125879699 2005.09.04 R63-M1-N1-C:J10-U01 2005-09-04-17.21.39.732787 R63-M1-N1-C:J10-U01 RAS KERNEL FATAL external input interrupt (unit=0x02 bit=0x0d): torus sender z+ retransmission error was corrected
- 1125879699 2005.09.04 R63-M1-N1-C:J02-U11 2005-09-04-17.21.39.811256 R63-M1-N1-C:J02-U11 RAS KERNEL FATAL external input interrupt (unit=0x02 bit=0x0d): torus sender z+ retransmission error was corrected
- 1125879700 2005.09.04 R62-M1-N7-C:J09-U11 2005-09-04-17.21.40.376588 R62-M1-N7-C:J09-U11 RAS KERNEL FATAL external input interrupt (unit=0x02 bit=0x0e): torus sender z- retransmission error was corrected
- 1125879700 2005.09.04 R62-M1-N7-C:J05-U11 2005-09-04-17.21.40.465841 R62-M1-N7-C:J05-U11 RAS KERNEL FATAL external input interrupt (unit=0x02 bit=0x0e): torus sender z- retransmission error was corrected
- 1125879700 2005.09.04 R62-M1-N7-C:J09-U01 2005-09-04-17.21.40.536051 R62-M1-N7-C:J09-U01 RAS KERNEL FATAL external input interrupt (unit=0x02 bit=0x0e): torus sender z- retransmission error was corrected
- 1125879700 2005.09.04 R62-M1-N7-C:J08-U01 2005-09-04-17.21.40.685554 R62-M1-N7-C:J08-U01 RAS KERNEL FATAL external input interrupt (unit=0x02 bit=0x0e): torus sender z- retransmission error was corrected
- 1125879700 2005.09.04 R62-M1-N6-C:J09-U11 2005-09-04-17.21.40.907002 R62-M1-N6-C:J09-U11 RAS KERNEL FATAL external input interrupt (unit=0x02 bit=0x0e): torus sender z- retransmission error was corrected
- 1125879701 2005.09.04 R62-M1-N6-C:J13-U11 2005-09-04-17.21.41.012883 R62-M1-N6-C:J13-U11 RAS KERNEL FATAL external input interrupt (unit=0x02 bit=0x0e): torus sender z- retransmission error was corrected
- 1125879701 2005.09.04 R62-M1-N6-C:J05-U11 2005-09-04-17.21.41.073081 R62-M1-N6-C:J05-U11 RAS KERNEL FATAL external input interrupt (unit=0x02 bit=0x0e): torus sender z- retransmission error was corrected
- 1125879701 2005.09.04 R62-M1-N6-C:J13-U01 2005-09-04-17.21.41.128962 R62-M1-N6-C:J13-U01 RAS KERNEL FATAL external input interrupt (unit=0x02 bit=0x0e): torus sender z- retransmission error was corrected
- 1125879701 2005.09.04 R62-M1-N6-C:J16-U11 2005-09-04-17.21.41.209647 R62-M1-N6-C:J16-U11 RAS KERNEL FATAL external input interrupt (unit=0x02 bit=0x0e): torus sender z- retransmission error was corrected
- 1125879701 2005.09.04 R62-M1-N6-C:J04-U11 2005-09-04-17.21.41.383754 R62-M1-N6-C:J04-U11 RAS KERNEL FATAL external input interrupt (unit=0x02 bit=0x0e): torus sender z- retransmission error was corrected
- 1125879701 2005.09.04 R63-M1-N0-C:J15-U11 2005-09-04-17.21.41.477606 R63-M1-N0-C:J15-U11 RAS KERNEL FATAL external input interrupt (unit=0x02 bit=0x0d): torus sender z+ retransmission error was corrected
- 1125879701 2005.09.04 R63-M1-N0-C:J03-U01 2005-09-04-17.21.41.611323 R63-M1-N0-C:J03-U01 RAS KERNEL FATAL external input interrupt (unit=0x02 bit=0x0d): torus sender z+ retransmission error was corrected
- 1125879701 2005.09.04 R63-M1-N0-C:J07-U11 2005-09-04-17.21.41.665718 R63-M1-N0-C:J07-U11 RAS KERNEL FATAL external input interrupt (unit=0x02 bit=0x0d): torus sender z+ retransmission error was corrected
- 1125879702 2005.09.04 R63-M1-N8-C:J07-U11 2005-09-04-17.21.42.166000 R63-M1-N8-C:J07-U11 RAS KERNEL FATAL external input interrupt (unit=0x02 bit=0x0d): torus sender z+ retransmission error was corrected
- 1125879702 2005.09.04 R63-M1-N8-C:J15-U01 2005-09-04-17.21.42.199163 R63-M1-N8-C:J15-U01 RAS KERNEL FATAL external input interrupt (unit=0x02 bit=0x0d): torus sender z+ retransmission error was corrected
- 1125879702 2005.09.04 R63-M1-N8-C:J11-U01 2005-09-04-17.21.42.285592 R63-M1-N8-C:J11-U01 RAS KERNEL FATAL external input interrupt (unit=0x02 bit=0x0d): torus sender z+ retransmission error was corrected
- 1125879702 2005.09.04 R63-M1-N8-C:J06-U01 2005-09-04-17.21.42.617012 R63-M1-N8-C:J06-U01 RAS KERNEL FATAL external input interrupt (unit=0x02 bit=0x0d): torus sender z+ retransmission error was corrected
KERNRTSP 1125879702 2005.09.04 R63-M1-N9-C:J15-U11 2005-09-04-17.21.42.864808 R63-M1-N9-C:J15-U11 RAS KERNEL FATAL rts panic! - stopping execution
KERNRTSP 1125879702 2005.09.04 R63-M1-N9-C:J03-U01 2005-09-04-17.21.42.943349 R63-M1-N9-C:J03-U01 RAS KERNEL FATAL rts panic! - stopping execution
KERNRTSP 1125879703 2005.09.04 R63-M1-N9-C:J15-U01 2005-09-04-17.21.43.001746 R63-M1-N9-C:J15-U01 RAS KERNEL FATAL rts panic! - stopping execution
KERNRTSP 1125879703 2005.09.04 R63-M1-N9-C:J10-U11 2005-09-04-17.21.43.063295 R63-M1-N9-C:J10-U11 RAS KERNEL FATAL rts panic! - stopping execution
KERNRTSP 1125879703 2005.09.04 R63-M1-N9-C:J14-U01 2005-09-04-17.21.43.093189 R63-M1-N9-C:J14-U01 RAS KERNEL FATAL rts panic! - stopping execution
KERNRTSP 1125879703 2005.09.04 R63-M1-N9-C:J06-U01 2005-09-04-17.21.43.127349 R63-M1-N9-C:J06-U01 RAS KERNEL FATAL rts panic! - stopping execution
KERNRTSP 1125879703 2005.09.04 R63-M1-N9-C:J02-U01 2005-09-04-17.21.43.153059 R63-M1-N9-C:J02-U01 RAS KERNEL FATAL rts panic! - stopping execution
KERNRTSP 1125879703 2005.09.04 R63-M1-N1-C:J15-U11 2005-09-04-17.21.43.893433 R63-M1-N1-C:J15-U11 RAS KERNEL FATAL rts panic! - stopping execution
KERNRTSP 1125879703 2005.09.04 R63-M1-N1-C:J03-U01 2005-09-04-17.21.43.928750 R63-M1-N1-C:J03-U01 RAS KERNEL FATAL rts panic! - stopping execution
KERNRTSP 1125879704 2005.09.04 R63-M1-N1-C:J06-U11 2005-09-04-17.21.44.095864 R63-M1-N1-C:J06-U11 RAS KERNEL FATAL rts panic! - stopping execution
KERNRTSP 1125879704 2005.09.04 R63-M1-N1-C:J10-U01 2005-09-04-17.21.44.125761 R63-M1-N1-C:J10-U01 RAS KERNEL FATAL rts panic! - stopping execution
KERNRTSP 1125879704 2005.09.04 R63-M1-N1-C:J02-U11 2005-09-04-17.21.44.182875 R63-M1-N1-C:J02-U11 RAS KERNEL FATAL rts panic! - stopping execution
KERNRTSP 1125879704 2005.09.04 R62-M1-N7-C:J09-U11 2005-09-04-17.21.44.486319 R62-M1-N7-C:J09-U11 RAS KERNEL FATAL rts panic! - stopping execution
KERNRTSP 1125879704 2005.09.04 R62-M1-N7-C:J05-U11 2005-09-04-17.21.44.581937 R62-M1-N7-C:J05-U11 RAS KERNEL FATAL rts panic! - stopping execution
KERNRTSP 1125879704 2005.09.04 R62-M1-N7-C:J09-U01 2005-09-04-17.21.44.651494 R62-M1-N7-C:J09-U01 RAS KERNEL FATAL rts panic! - stopping execution
KERNRTSP 1125879704 2005.09.04 R62-M1-N7-C:J08-U01 2005-09-04-17.21.44.752920 R62-M1-N7-C:J08-U01 RAS KERNEL FATAL rts panic! - stopping execution
KERNRTSP 1125879704 2005.09.04 R62-M1-N6-C:J09-U11 2005-09-04-17.21.44.800621 R62-M1-N6-C:J09-U11 RAS KERNEL FATAL rts panic! - stopping execution
KERNRTSP 1125879704 2005.09.04 R62-M1-N6-C:J13-U11 2005-09-04-17.21.44.814896 R62-M1-N6-C:J13-U11 RAS KERNEL FATAL rts panic! - stopping execution
KERNRTSP 1125879704 2005.09.04 R62-M1-N6-C:J05-U11 2005-09-04-17.21.44.868498 R62-M1-N6-C:J05-U11 RAS KERNEL FATAL rts panic! - stopping execution
KERNRTSP 1125879704 2005.09.04 R62-M1-N6-C:J13-U01 2005-09-04-17.21.44.898721 R62-M1-N6-C:J13-U01 RAS KERNEL FATAL rts panic! - stopping execution
KERNRTSP 1125879704 2005.09.04 R62-M1-N6-C:J16-U11 2005-09-04-17.21.44.932009 R62-M1-N6-C:J16-U11 RAS KERNEL FATAL rts panic! - stopping execution
KERNRTSP 1125879705 2005.09.04 R62-M1-N6-C:J04-U11 2005-09-04-17.21.45.060536 R62-M1-N6-C:J04-U11 RAS KERNEL FATAL rts panic! - stopping execution
KERNRTSP 1125879705 2005.09.04 R63-M1-N0-C:J15-U11 2005-09-04-17.21.45.090697 R63-M1-N0-C:J15-U11 RAS KERNEL FATAL rts panic! - stopping execution
KERNRTSP 1125879705 2005.09.04 R63-M1-N0-C:J03-U01 2005-09-04-17.21.45.126732 R63-M1-N0-C:J03-U01 RAS KERNEL FATAL rts panic! - stopping execution
KERNRTSP 1125879705 2005.09.04 R63-M1-N0-C:J07-U11 2005-09-04-17.21.45.162304 R63-M1-N0-C:J07-U11 RAS KERNEL FATAL rts panic! - stopping execution
KERNRTSP 1125879705 2005.09.04 R63-M1-N8-C:J07-U11 2005-09-04-17.21.45.458912 R63-M1-N8-C:J07-U11 RAS KERNEL FATAL rts panic! - stopping execution
KERNRTSP 1125879705 2005.09.04 R63-M1-N8-C:J15-U01 2005-09-04-17.21.45.473844 R63-M1-N8-C:J15-U01 RAS KERNEL FATAL rts panic! - stopping execution
KERNRTSP 1125879705 2005.09.04 R63-M1-N8-C:J11-U01 2005-09-04-17.21.45.501015 R63-M1-N8-C:J11-U01 RAS KERNEL FATAL rts panic! - stopping execution
KERNRTSP 1125879705 2005.09.04 R63-M1-N8-C:J06-U01 2005-09-04-17.21.45.623826 R63-M1-N8-C:J06-U01 RAS KERNEL FATAL rts panic! - stopping execution
