- 1123614563 2005.08.09 R00-M0-N5-C:J15-U11 2005-08-09-12.09.23.344664 R00-M0-N5-C:J15-U11 RAS KERNEL FATAL rts tree/torus link training failed: wanted: C X+ X- Y+ Y- Z+ Z- got: C X+ Y- Z+ Z-
- 1123614564 2005.08.09 R00-M0-N3-C:J11-U11 2005-08-09-12.09.24.892889 R00-M0-N3-C:J11-U11 RAS KERNEL FATAL rts tree/torus link training failed: wanted: B C X+ X- Y+ Y- Z+ Z- got: B C X+ X- Y- Z+ Z-
- 1123614565 2005.08.09 R00-M0-N3-C:J03-U11 2005-08-09-12.09.25.226125 R00-M0-N3-C:J03-U11 RAS KERNEL FATAL rts tree/torus link training failed: wanted: B C X+ X- Y+ Y- Z+ Z- got: B C X+ X- Y- Z+ Z-
- 1123614565 2005.08.09 R00-M0-N3-C:J17-U01 2005-08-09-12.09.25.509591 R00-M0-N3-C:J17-U01 RAS KERNEL FATAL rts tree/torus link training failed: wanted: A C X+ X- Y+ Y- Z+ Z- got: A C X+ Y+ Y- Z+ Z-
- 1123614565 2005.08.09 R00-M0-N3-C:J14-U11 2005-08-09-12.09.25.700820 R00-M0-N3-C:J14-U11 RAS KERNEL FATAL rts tree/torus link training failed: wanted: A C X+ X- Y+ Y- Z+ Z- got: A C X+ Y+ Y- Z+ Z-
- 1123614565 2005.08.09 R00-M0-N3-C:J14-U01 2005-08-09-12.09.25.808563 R00-M0-N3-C:J14-U01 RAS KERNEL FATAL rts tree/torus link training failed: wanted: A C X+ X- Y+ Y- Z+ Z- got: A C X+ Y+ Y- Z+ Z-
- 1123614566 2005.08.09 R00-M0-N4-C:J13-U11 2005-08-09-12.09.26.293129 R00-M0-N4-C:J13-U11 RAS KERNEL FATAL rts tree/torus link training failed: wanted: A B C X+ X- Y+ Y- Z+ Z- got: A B C X+ X- Y- Z+ Z-
- 1123614566 2005.08.09 R00-M0-N4-C:J05-U11 2005-08-09-12.09.26.688274 R00-M0-N4-C:J05-U11 RAS KERNEL FATAL rts tree/torus link training failed: wanted: A B C X+ X- Y+ Y- Z+ Z- got: A B C X- Y- Z+ Z-
- 1123614567 2005.08.09 R00-M0-N2-C:J17-U11 2005-08-09-12.09.27.747913 R00-M0-N2-C:J17-U11 RAS KERNEL FATAL rts tree/torus link training failed: wanted: A C X+ X- Y+ Y- Z+ Z- got: A C X+ X- Y- Z+ Z-
- 1123614568 2005.08.09 R00-M0-N2-C:J03-U01 2005-08-09-12.09.28.086423 R00-M0-N2-C:J03-U01 RAS KERNEL FATAL rts tree/torus link training failed: wanted: A C X+ X- Y+ Y- Z+ Z- got: A C X- Y+ Y- Z+ Z-
- 1123614568 2005.08.09 R00-M0-N2-C:J02-U11 2005-08-09-12.09.28.626547 R00-M0-N2-C:J02-U11 RAS KERNEL FATAL rts tree/torus link training failed: wanted: B C X+ X- Y+ Y- Z+ Z- got: B C X- Y+ Y- Z+ Z-
- 1123614571 2005.08.09 R00-M0-N6-C:J15-U11 2005-08-09-12.09.31.768077 R00-M0-N6-C:J15-U11 RAS KERNEL FATAL rts tree/torus link training failed: wanted: C X+ X- Y+ Y- Z+ Z- got: C X+ X- Y- Z+ Z-
- 1123614572 2005.08.09 R00-M0-N6-C:J03-U11 2005-08-09-12.09.32.252222 R00-M0-N6-C:J03-U11 RAS KERNEL FATAL rts tree/torus link training failed: wanted: B C X+ X- Y+ Y- Z+ Z- got: B C X- Y- Z+ Z-
- 1123614572 2005.08.09 R00-M0-N6-C:J13-U01 2005-08-09-12.09.32.539126 R00-M0-N6-C:J13-U01 RAS KERNEL FATAL rts tree/torus link training failed: wanted: A B C X+ X- Y+ Y- Z+ Z- got: A B C X+ X- Y+ Y- Z+
- 1123614572 2005.08.09 R00-M0-N6-C:J16-U01 2005-08-09-12.09.32.898595 R00-M0-N6-C:J16-U01 RAS KERNEL FATAL rts tree/torus link training failed: wanted: A C X+ X- Y+ Y- Z+ Z- got: A C X+ X- Y+ Y- Z+
- 1123614573 2005.08.09 R00-M0-N6-C:J08-U01 2005-08-09-12.09.33.035863 R00-M0-N6-C:J08-U01 RAS KERNEL FATAL rts tree/torus link training failed: wanted: B C X+ X- Y+ Y- Z+ Z- got: B C X+ X- Y+ Y- Z+
- 1123614573 2005.08.09 R00-M0-N6-C:J02-U11 2005-08-09-12.09.33.365186 R00-M0-N6-C:J02-U11 RAS KERNEL FATAL rts tree/torus link training failed: wanted: A B C X+ X- Y+ Y- Z+ Z- got: A B C X- Y+ Y- Z+ Z-
- 1123614573 2005.08.09 R00-M0-N1-C:J15-U01 2005-08-09-12.09.33.856235 R00-M0-N1-C:J15-U01 RAS KERNEL FATAL rts tree/torus link training failed: wanted: A C X+ X- Y+ Y- Z+ Z- got: A C X+ Y+ Y- Z-
- 1123614574 2005.08.09 R00-M0-N1-C:J11-U01 2005-08-09-12.09.34.000173 R00-M0-N1-C:J11-U01 RAS KERNEL FATAL rts tree/torus link training failed: wanted: B C X+ X- Y+ Y- Z+ Z- got: B C X+ X- Y+ Y- Z-
- 1123614574 2005.08.09 R00-M0-N1-C:J06-U11 2005-08-09-12.09.34.471734 R00-M0-N1-C:J06-U11 RAS KERNEL FATAL rts tree/torus link training failed: wanted: B C X+ X- Y+ Y- Z+ Z- got: B C X+ X- Y+ Y- Z-
- 1123614574 2005.08.09 R00-M0-N1-C:J14-U01 2005-08-09-12.09.34.561848 R00-M0-N1-C:J14-U01 RAS KERNEL FATAL rts tree/torus link training failed: wanted: A C X+ X- Y+ Y- Z+ Z- got: A C X+ Y+ Y- Z-
- 1123614574 2005.08.09 R00-M0-N1-C:J02-U11 2005-08-09-12.09.34.848897 R00-M0-N1-C:J02-U11 RAS KERNEL FATAL rts tree/torus link training failed: wanted: A B C X+ X- Y+ Y- Z+ Z- got: A B C X+ X- Y+ Y- Z-
- 1123614579 2005.08.09 R00-M0-N9-C:J11-U01 2005-08-09-12.09.39.074865 R00-M0-N9-C:J11-U01 RAS KERNEL FATAL rts tree/torus link training failed: wanted: B C X+ X- Y+ Y- Z+ Z- got: B C X+ X- Y+ Y- Z-
- 1123614579 2005.08.09 R00-M0-N9-C:J10-U11 2005-08-09-12.09.39.200958 R00-M0-N9-C:J10-U11 RAS KERNEL FATAL rts tree/torus link training failed: wanted: B C X+ X- Y+ Y- Z+ Z- got: B C X+ X- Y+ Y- Z-
- 1123614579 2005.08.09 R00-M0-N9-C:J16-U01 2005-08-09-12.09.39.296774 R00-M0-N9-C:J16-U01 RAS KERNEL FATAL rts tree/torus link training failed: wanted: A C X+ X- Y+ Y- Z+ Z- got: A C X+ Y+ Z+ Z-
- 1123614579 2005.08.09 R00-M0-N9-C:J10-U01 2005-08-09-12.09.39.326875 R00-M0-N9-C:J10-U01 RAS KERNEL FATAL rts tree/torus link training failed: wanted: A B C X+ X- Y+ Y- Z+ Z- got: A B C X+ X- Y+ Z-
- 1123614579 2005.08.09 R00-M0-N9-C:J08-U01 2005-08-09-12.09.39.388306 R00-M0-N9-C:J08-U01 RAS KERNEL FATAL rts tree/torus link training failed: wanted: B C X+ X- Y+ Y- Z+ Z- got: B C X+ X- Y+ Z+ Z-
- 1123614579 2005.08.09 R00-M0-N9-C:J06-U01 2005-08-09-12.09.39.580746 R00-M0-N9-C:J06-U01 RAS KERNEL FATAL rts tree/torus link training failed: wanted: A B C X+ X- Y+ Y- Z+ Z- got: A B C X+ X- Y+ Z-
- 1123614579 2005.08.09 R00-M0-N9-C:J02-U01 2005-08-09-12.09.39.669752 R00-M0-N9-C:J02-U01 RAS KERNEL FATAL rts tree/torus link training failed: wanted: B C X+ X- Y+ Y- Z+ Z- got: B C X+ X- Y+ Z-
- 1123614579 2005.08.09 R00-M0-N7-C:J13-U11 2005-08-09-12.09.39.885978 R00-M0-N7-C:J13-U11 RAS KERNEL FATAL rts tree/torus link training failed: wanted: A B C X+ X- Y+ Y- Z+ Z- got: A B C X+ X- Y- Z+
- 1123614580 2005.08.09 R00-M0-N7-C:J17-U01 2005-08-09-12.09.40.348206 R00-M0-N7-C:J17-U01 RAS KERNEL FATAL rts tree/torus link training failed: wanted: A C X+ X- Y+ Y- Z+ Z- got: A C X+ Y+ Y- Z+
- 1123614580 2005.08.09 R00-M0-N7-C:J09-U01 2005-08-09-12.09.40.520034 R00-M0-N7-C:J09-U01 RAS KERNEL FATAL rts tree/torus link training failed: wanted: C X+ X- Y+ Y- Z+ Z- got: C X+ X- Y+ Y- Z+
- 1123614580 2005.08.09 R00-M0-N7-C:J14-U11 2005-08-09-12.09.40.784144 R00-M0-N7-C:J14-U11 RAS KERNEL FATAL rts tree/torus link training failed: wanted: A C X+ X- Y+ Y- Z+ Z- got: A C X+ Y+ Y- Z+ Z-
- 1123614581 2005.08.09 R00-M0-N7-C:J04-U11 2005-08-09-12.09.41.363412 R00-M0-N7-C:J04-U11 RAS KERNEL FATAL rts tree/torus link training failed: wanted: A C X+ X- Y+ Y- Z+ Z- got: A C X+ X- Y+ Y- Z+
- 1123614582 2005.08.09 R00-M0-N0-C:J13-U11 2005-08-09-12.09.42.800708 R00-M0-N0-C:J13-U11 RAS KERNEL FATAL rts tree/torus link training failed: wanted: A B C X+ X- Y+ Y- Z+ Z- got: A B C X+ X- Y- Z+ Z-
- 1123614583 2005.08.09 R00-M0-N0-C:J14-U11 2005-08-09-12.09.43.710759 R00-M0-N0-C:J14-U11 RAS KERNEL FATAL rts tree/torus link training failed: wanted: A C X+ X- Y+ Y- Z+ Z- got: A C X+ X- Y+ Y- Z-
- 1123614583 2005.08.09 R00-M0-N0-C:J10-U11 2005-08-09-12.09.43.740481 R00-M0-N0-C:J10-U11 RAS KERNEL FATAL rts tree/torus link training failed: wanted: B C X+ X- Y+ Y- Z+ Z- got: B C X+ X- Y+ Y- Z-
- 1123614584 2005.08.09 R00-M0-N0-C:J06-U01 2005-08-09-12.09.44.141201 R00-M0-N0-C:J06-U01 RAS KERNEL FATAL rts tree/torus link training failed: wanted: A B C X+ X- Y+ Y- Z+ Z- got: A B C X+ X- Y+ Y- Z-
- 1123614584 2005.08.09 R00-M0-N0-C:J02-U01 2005-08-09-12.09.44.321693 R00-M0-N0-C:J02-U01 RAS KERNEL FATAL rts tree/torus link training failed: wanted: B C X+ X- Y+ Y- Z+ Z- got: B C X- Y+ Y- Z-
- 1123614584 2005.08.09 R00-M0-N0-C:J02-U11 2005-08-09-12.09.44.410548 R00-M0-N0-C:J02-U11 RAS KERNEL FATAL rts tree/torus link training failed: wanted: B C X+ X- Y+ Y- Z+ Z- got: B C X- Y+ Y- Z-
- 1123614585 2005.08.09 R00-M0-N8-C:J11-U01 2005-08-09-12.09.45.188437 R00-M0-N8-C:J11-U01 RAS KERNEL FATAL rts tree/torus link training failed: wanted: B C X+ X- Y+ Y- Z+ Z- got: B C X+ X- Y+ Y- Z-
- 1123614585 2005.08.09 R00-M0-N8-C:J12-U01 2005-08-09-12.09.45.918782 R00-M0-N8-C:J12-U01 RAS KERNEL FATAL rts tree/torus link training failed: wanted: A B C X+ X- Y+ Y- Z+ Z- got: A B C X+ X- Y+ Z+ Z-
- 1123614586 2005.08.09 R00-M0-N8-C:J02-U11 2005-08-09-12.09.46.469887 R00-M0-N8-C:J02-U11 RAS KERNEL FATAL rts tree/torus link training failed: wanted: A C X+ X- Y+ Y- Z+ Z- got: A C X- Y+ Y- Z-
KERNRTSP 1123614586 2005.08.09 R00-M0-N5-C:J15-U11 2005-08-09-12.09.46.712501 R00-M0-N5-C:J15-U11 RAS KERNEL FATAL rts panic! - stopping execution
KERNRTSP 1123614587 2005.08.09 R00-M0-N3-C:J11-U11 2005-08-09-12.09.47.017237 R00-M0-N3-C:J11-U11 RAS KERNEL FATAL rts panic! - stopping execution
KERNRTSP 1123614587 2005.08.09 R00-M0-N3-C:J03-U11 2005-08-09-12.09.47.089143 R00-M0-N3-C:J03-U11 RAS KERNEL FATAL rts panic! - stopping execution
KERNRTSP 1123614587 2005.08.09 R00-M0-N3-C:J17-U01 2005-08-09-12.09.47.154994 R00-M0-N3-C:J17-U01 RAS KERNEL FATAL rts panic! - stopping execution
KERNRTSP 1123614587 2005.08.09 R00-M0-N3-C:J14-U11 2005-08-09-12.09.47.190752 R00-M0-N3-C:J14-U11 RAS KERNEL FATAL rts panic! - stopping execution
KERNRTSP 1123614587 2005.08.09 R00-M0-N3-C:J14-U01 2005-08-09-12.09.47.208595 R00-M0-N3-C:J14-U01 RAS KERNEL FATAL rts panic! - stopping execution
KERNRTSP 1123614587 2005.08.09 R00-M0-N4-C:J13-U11 2005-08-09-12.09.47.309932 R00-M0-N4-C:J13-U11 RAS KERNEL FATAL rts panic! - stopping execution
KERNRTSP 1123614587 2005.08.09 R00-M0-N4-C:J05-U11 2005-08-09-12.09.47.394211 R00-M0-N4-C:J05-U11 RAS KERNEL FATAL rts panic! - stopping execution
KERNRTSP 1123614587 2005.08.09 R00-M0-N2-C:J17-U11 2005-08-09-12.09.47.597887 R00-M0-N2-C:J17-U11 RAS KERNEL FATAL rts panic! - stopping execution
KERNRTSP 1123614587 2005.08.09 R00-M0-N2-C:J03-U01 2005-08-09-12.09.47.645716 R00-M0-N2-C:J03-U01 RAS KERNEL FATAL rts panic! - stopping execution
KERNRTSP 1123614587 2005.08.09 R00-M0-N2-C:J02-U11 2005-08-09-12.09.47.789484 R00-M0-N2-C:J02-U11 RAS KERNEL FATAL rts panic! - stopping execution
KERNRTSP 1123614588 2005.08.09 R00-M0-N6-C:J15-U11 2005-08-09-12.09.48.924598 R00-M0-N6-C:J15-U11 RAS KERNEL FATAL rts panic! - stopping execution
KERNRTSP 1123614589 2005.08.09 R00-M0-N6-C:J03-U11 2005-08-09-12.09.49.071755 R00-M0-N6-C:J03-U11 RAS KERNEL FATAL rts panic! - stopping execution
KERNRTSP 1123614589 2005.08.09 R00-M0-N6-C:J13-U01 2005-08-09-12.09.49.146917 R00-M0-N6-C:J13-U01 RAS KERNEL FATAL rts panic! - stopping execution
KERNRTSP 1123614589 2005.08.09 R00-M0-N6-C:J16-U01 2005-08-09-12.09.49.251207 R00-M0-N6-C:J16-U01 RAS KERNEL FATAL rts panic! - stopping execution
KERNRTSP 1123614589 2005.08.09 R00-M0-N6-C:J08-U01 2005-08-09-12.09.49.296629 R00-M0-N6-C:J08-U01 RAS KERNEL FATAL rts panic! - stopping execution
KERNRTSP 1123614589 2005.08.09 R00-M0-N6-C:J02-U11 2005-08-09-12.09.49.374453 R00-M0-N6-C:J02-U11 RAS KERNEL FATAL rts panic! - stopping execution
KERNRTSP 1123614589 2005.08.09 R00-M0-N1-C:J15-U01 2005-08-09-12.09.49.572051 R00-M0-N1-C:J15-U01 RAS KERNEL FATAL rts panic! - stopping execution
KERNRTSP 1123614589 2005.08.09 R00-M0-N1-C:J11-U01 2005-08-09-12.09.49.607744 R00-M0-N1-C:J11-U01 RAS KERNEL FATAL rts panic! - stopping execution
KERNRTSP 1123614589 2005.08.09 R00-M0-N1-C:J06-U11 2005-08-09-12.09.49.697484 R00-M0-N1-C:J06-U11 RAS KERNEL FATAL rts panic! - stopping execution
KERNRTSP 1123614589 2005.08.09 R00-M0-N1-C:J14-U01 2005-08-09-12.09.49.715541 R00-M0-N1-C:J14-U01 RAS KERNEL FATAL rts panic! - stopping execution
KERNRTSP 1123614589 2005.08.09 R00-M0-N1-C:J02-U11 2005-08-09-12.09.49.817764 R00-M0-N1-C:J02-U11 RAS KERNEL FATAL rts panic! - stopping execution
KERNRTSP 1123614590 2005.08.09 R00-M0-N9-C:J11-U01 2005-08-09-12.09.50.918005 R00-M0-N9-C:J11-U01 RAS KERNEL FATAL rts panic! - stopping execution
KERNRTSP 1123614590 2005.08.09 R00-M0-N9-C:J10-U11 2005-08-09-12.09.50.989952 R00-M0-N9-C:J10-U11 RAS KERNEL FATAL rts panic! - stopping execution
KERNRTSP 1123614591 2005.08.09 R00-M0-N9-C:J16-U01 2005-08-09-12.09.51.043789 R00-M0-N9-C:J16-U01 RAS KERNEL FATAL rts panic! - stopping execution
KERNRTSP 1123614591 2005.08.09 R00-M0-N9-C:J10-U01 2005-08-09-12.09.51.067690 R00-M0-N9-C:J10-U01 RAS KERNEL FATAL rts panic! - stopping execution
KERNRTSP 1123614591 2005.08.09 R00-M0-N9-C:J08-U01 2005-08-09-12.09.51.103662 R00-M0-N9-C:J08-U01 RAS KERNEL FATAL rts panic! - stopping execution
KERNRTSP 1123614591 2005.08.09 R00-M0-N9-C:J06-U01 2005-08-09-12.09.51.145641 R00-M0-N9-C:J06-U01 RAS KERNEL FATAL rts panic! - stopping execution
KERNRTSP 1123614591 2005.08.09 R00-M0-N9-C:J02-U01 2005-08-09-12.09.51.163551 R00-M0-N9-C:J02-U01 RAS KERNEL FATAL rts panic! - stopping execution
KERNRTSP 1123614591 2005.08.09 R00-M0-N7-C:J13-U11 2005-08-09-12.09.51.259560 R00-M0-N7-C:J13-U11 RAS KERNEL FATAL rts panic! - stopping execution
KERNRTSP 1123614591 2005.08.09 R00-M0-N7-C:J17-U01 2005-08-09-12.09.51.385061 R00-M0-N7-C:J17-U01 RAS KERNEL FATAL rts panic! - stopping execution
KERNRTSP 1123614591 2005.08.09 R00-M0-N7-C:J09-U01 2005-08-09-12.09.51.427069 R00-M0-N7-C:J09-U01 RAS KERNEL FATAL rts panic! - stopping execution
KERNRTSP 1123614591 2005.08.09 R00-M0-N7-C:J14-U11 2005-08-09-12.09.51.480928 R00-M0-N7-C:J14-U11 RAS KERNEL FATAL rts panic! - stopping execution
KERNRTSP 1123614591 2005.08.09 R00-M0-N7-C:J04-U11 2005-08-09-12.09.51.624642 R00-M0-N7-C:J04-U11 RAS KERNEL FATAL rts panic! - stopping execution
KERNRTSP 1123614591 2005.08.09 R00-M0-N0-C:J13-U11 2005-08-09-12.09.51.971907 R00-M0-N0-C:J13-U11 RAS KERNEL FATAL rts panic! - stopping execution
KERNRTSP 1123614592 2005.08.09 R00-M0-N0-C:J14-U11 2005-08-09-12.09.52.169624 R00-M0-N0-C:J14-U11 RAS KERNEL FATAL rts panic! - stopping execution
KERNRTSP 1123614592 2005.08.09 R00-M0-N0-C:J10-U11 2005-08-09-12.09.52.187744 R00-M0-N0-C:J10-U11 RAS KERNEL FATAL rts panic! - stopping execution
KERNRTSP 1123614592 2005.08.09 R00-M0-N0-C:J06-U01 2005-08-09-12.09.52.282866 R00-M0-N0-C:J06-U01 RAS KERNEL FATAL rts panic! - stopping execution
KERNRTSP 1123614592 2005.08.09 R00-M0-N0-C:J02-U01 2005-08-09-12.09.52.318654 R00-M0-N0-C:J02-U01 RAS KERNEL FATAL rts panic! - stopping execution
KERNRTSP 1123614592 2005.08.09 R00-M0-N0-C:J02-U11 2005-08-09-12.09.52.348498 R00-M0-N0-C:J02-U11 RAS KERNEL FATAL rts panic! - stopping execution
KERNRTSP 1123614592 2005.08.09 R00-M0-N8-C:J11-U01 2005-08-09-12.09.52.522374 R00-M0-N8-C:J11-U01 RAS KERNEL FATAL rts panic! - stopping execution
KERNRTSP 1123614592 2005.08.09 R00-M0-N8-C:J12-U01 2005-08-09-12.09.52.672060 R00-M0-N8-C:J12-U01 RAS KERNEL FATAL rts panic! - stopping execution
KERNRTSP 1123614592 2005.08.09 R00-M0-N8-C:J02-U11 2005-08-09-12.09.52.791479 R00-M0-N8-C:J02-U11 RAS KERNEL FATAL rts panic! - stopping execution
