- 1123614563 2005.08.09 R00-M0-N5-C:J09-U11 2005-08-09-12.09.23.306045 R00-M0-N5-C:J09-U11 RAS KERNEL FATAL rts tree/torus link training failed: wanted: A C X+ X- Y+ Y- Z+ Z- got: A C X+ X- Y- Z+ Z-
- 1123614563 2005.08.09 R00-M0-N5-C:J03-U11 2005-08-09-12.09.23.851865 R00-M0-N5-C:J03-U11 RAS KERNEL FATAL rts tree/torus link training failed: wanted: B C X+ X- Y+ Y- Z+ Z- got: B C X+ X- Y- Z+ Z-
- 1123614563 2005.08.09 R00-M0-N5-C:J07-U11 2005-08-09-12.09.23.965941 R00-M0-N5-C:J07-U11 RAS KERNEL FATAL rts tree/torus link training failed: wanted: A B C X+ X- Y+ Y- Z+ Z- got: A B C X+ X- Y- Z+ Z-
- 1123614564 2005.08.09 R00-M0-N5-C:J14-U11 2005-08-09-12.09.24.402407 R00-M0-N5-C:J14-U11 RAS KERNEL FATAL rts tree/torus link training failed: wanted: A C X+ X- Y+ Y- Z+ Z- got: A C X+ Y+ Y- Z+ Z-
- 1123614564 2005.08.09 R00-M0-N5-C:J14-U01 2005-08-09-12.09.24.509945 R00-M0-N5-C:J14-U01 RAS KERNEL FATAL rts tree/torus link training failed: wanted: A C X+ X- Y+ Y- Z+ Z- got: A C X+ Y+ Y- Z+ Z-
- 1123614564 2005.08.09 R00-M0-N5-C:J16-U01 2005-08-09-12.09.24.605582 R00-M0-N5-C:J16-U01 RAS KERNEL FATAL rts tree/torus link training failed: wanted: A C X+ X- Y+ Y- Z+ Z- got: A C X+ Y+ Y- Z+ Z-
- 1123614564 2005.08.09 R00-M0-N3-C:J15-U11 2005-08-09-12.09.24.796949 R00-M0-N3-C:J15-U11 RAS KERNEL FATAL rts tree/torus link training failed: wanted: C X+ X- Y+ Y- Z+ Z- got: C X+ Y- Z+ Z-
- 1123614564 2005.08.09 R00-M0-N3-C:J13-U11 2005-08-09-12.09.24.928637 R00-M0-N3-C:J13-U11 RAS KERNEL FATAL rts tree/torus link training failed: wanted: A B C X+ X- Y+ Y- Z+ Z- got: A B C X+ X- Y- Z+ Z-
- 1123614565 2005.08.09 R00-M0-N3-C:J05-U11 2005-08-09-12.09.25.125930 R00-M0-N3-C:J05-U11 RAS KERNEL FATAL rts tree/torus link training failed: wanted: A B C X+ X- Y+ Y- Z+ Z- got: A B C X+ X- Y- Z+ Z-
- 1123614565 2005.08.09 R00-M0-N3-C:J16-U11 2005-08-09-12.09.25.605498 R00-M0-N3-C:J16-U11 RAS KERNEL FATAL rts tree/torus link training failed: wanted: C X+ X- Y+ Y- Z+ Z- got: C X+ Y+ Y- Z+ Z-
- 1123614565 2005.08.09 R00-M0-N3-C:J16-U01 2005-08-09-12.09.25.909927 R00-M0-N3-C:J16-U01 RAS KERNEL FATAL rts tree/torus link training failed: wanted: A C X+ X- Y+ Y- Z+ Z- got: A C X+ Y+ Y- Z+ Z-
- 1123614566 2005.08.09 R00-M0-N4-C:J15-U11 2005-08-09-12.09.26.102046 R00-M0-N4-C:J15-U11 RAS KERNEL FATAL rts tree/torus link training failed: wanted: C X+ X- Y+ Y- Z+ Z- got: C X+ X- Y- Z+ Z-
- 1123614566 2005.08.09 R00-M0-N4-C:J05-U01 2005-08-09-12.09.26.484504 R00-M0-N4-C:J05-U01 RAS KERNEL FATAL rts tree/torus link training failed: wanted: C X+ X- Y+ Y- Z+ Z- got: C X- Y+ Y- Z+ Z-
- 1123614566 2005.08.09 R00-M0-N4-C:J03-U01 2005-08-09-12.09.26.592263 R00-M0-N4-C:J03-U01 RAS KERNEL FATAL rts tree/torus link training failed: wanted: A C X+ X- Y+ Y- Z+ Z- got: A C X- Y+ Y- Z+ Z-
- 1123614566 2005.08.09 R00-M0-N4-C:J07-U11 2005-08-09-12.09.26.879527 R00-M0-N4-C:J07-U11 RAS KERNEL FATAL rts tree/torus link training failed: wanted: A B C X+ X- Y+ Y- Z+ Z- got: A B C X+ X- Y- Z+ Z-
- 1123614567 2005.08.09 R00-M0-N4-C:J02-U01 2005-08-09-12.09.27.173052 R00-M0-N4-C:J02-U01 RAS KERNEL FATAL rts tree/torus link training failed: wanted: A B C X+ X- Y+ Y- Z+ Z- got: A B C X- Y+ Y- Z+ Z-
- 1123614567 2005.08.09 R00-M0-N4-C:J02-U11 2005-08-09-12.09.27.268947 R00-M0-N4-C:J02-U11 RAS KERNEL FATAL rts tree/torus link training failed: wanted: A B C X+ X- Y+ Y- Z+ Z- got: A B C X- Y+ Y- Z+ Z-
- 1123614567 2005.08.09 R00-M0-N2-C:J09-U11 2005-08-09-12.09.27.365036 R00-M0-N2-C:J09-U11 RAS KERNEL FATAL rts tree/torus link training failed: wanted: A C X+ X- Y+ Y- Z+ Z- got: A C X+ X- Y- Z+ Z-
- 1123614567 2005.08.09 R00-M0-N2-C:J15-U11 2005-08-09-12.09.27.460247 R00-M0-N2-C:J15-U11 RAS KERNEL FATAL rts tree/torus link training failed: wanted: C X+ X- Y+ Y- Z+ Z- got: C X+ X- Y- Z+ Z-
- 1123614567 2005.08.09 R00-M0-N2-C:J13-U11 2005-08-09-12.09.27.651687 R00-M0-N2-C:J13-U11 RAS KERNEL FATAL rts tree/torus link training failed: wanted: A B C X+ X- Y+ Y- Z+ Z- got: A B C X+ X- Y- Z+ Z-
- 1123614567 2005.08.09 R00-M0-N2-C:J05-U01 2005-08-09-12.09.27.903245 R00-M0-N2-C:J05-U01 RAS KERNEL FATAL rts tree/torus link training failed: wanted: C X+ X- Y+ Y- Z+ Z- got: C X- Y+ Y- Z+ Z-
- 1123614568 2005.08.09 R00-M0-N2-C:J07-U11 2005-08-09-12.09.28.303586 R00-M0-N2-C:J07-U11 RAS KERNEL FATAL rts tree/torus link training failed: wanted: A B C X+ X- Y+ Y- Z+ Z- got: A B C X+ X- Y- Z+ Z-
- 1123614568 2005.08.09 R00-M0-N2-C:J02-U01 2005-08-09-12.09.28.597303 R00-M0-N2-C:J02-U01 RAS KERNEL FATAL rts tree/torus link training failed: wanted: B C X+ X- Y+ Y- Z+ Z- got: B C X- Y+ Y- Z+ Z-
- 1123614571 2005.08.09 R00-M0-N6-C:J09-U11 2005-08-09-12.09.31.737046 R00-M0-N6-C:J09-U11 RAS KERNEL FATAL rts tree/torus link training failed: wanted: A C X+ X- Y+ Y- Z+ Z- got: A C X+ X- Y- Z+
- 1123614571 2005.08.09 R00-M0-N6-C:J13-U11 2005-08-09-12.09.31.827187 R00-M0-N6-C:J13-U11 RAS KERNEL FATAL rts tree/torus link training failed: wanted: A B C X+ X- Y+ Y- Z+ Z- got: A B C X+ X- Y- Z+
- 1123614572 2005.08.09 R00-M0-N6-C:J09-U01 2005-08-09-12.09.32.634673 R00-M0-N6-C:J09-U01 RAS KERNEL FATAL rts tree/torus link training failed: wanted: C X+ X- Y+ Y- Z+ Z- got: C X+ X- Y+ Y- Z+
- 1123614572 2005.08.09 R00-M0-N6-C:J12-U01 2005-08-09-12.09.32.980752 R00-M0-N6-C:J12-U01 RAS KERNEL FATAL rts tree/torus link training failed: wanted: A B C X+ X- Y+ Y- Z+ Z- got: A B C X+ X- Y+ Y- Z+
- 1123614573 2005.08.09 R00-M0-N6-C:J02-U01 2005-08-09-12.09.33.266989 R00-M0-N6-C:J02-U01 RAS KERNEL FATAL rts tree/torus link training failed: wanted: B C X+ X- Y+ Y- Z+ Z- got: B C X- Y+ Y- Z+ Z-
- 1123614573 2005.08.09 R00-M0-N1-C:J09-U11 2005-08-09-12.09.33.464334 R00-M0-N1-C:J09-U11 RAS KERNEL FATAL rts tree/torus link training failed: wanted: A C X+ X- Y+ Y- Z+ Z- got: A C X+ X- Y- Z+ Z-
- 1123614573 2005.08.09 R00-M0-N1-C:J11-U11 2005-08-09-12.09.33.633644 R00-M0-N1-C:J11-U11 RAS KERNEL FATAL rts tree/torus link training failed: wanted: B C X+ X- Y+ Y- Z+ Z- got: B C X+ X- Y- Z-
- 1123614573 2005.08.09 R00-M0-N1-C:J05-U11 2005-08-09-12.09.33.765142 R00-M0-N1-C:J05-U11 RAS KERNEL FATAL rts tree/torus link training failed: wanted: A B C X+ X- Y+ Y- Z+ Z- got: A B C X+ X- Y- Z+ Z-
- 1123614573 2005.08.09 R00-M0-N1-C:J07-U11 2005-08-09-12.09.33.825213 R00-M0-N1-C:J07-U11 RAS KERNEL FATAL rts tree/torus link training failed: wanted: A B C X+ X- Y+ Y- Z+ Z- got: A B C X+ X- Y- Z-
- 1123614573 2005.08.09 R00-M0-N1-C:J17-U01 2005-08-09-12.09.33.886768 R00-M0-N1-C:J17-U01 RAS KERNEL FATAL rts tree/torus link training failed: wanted: A C X+ X- Y+ Y- Z+ Z- got: A C X+ Y+ Y- Z+ Z-
- 1123614578 2005.08.09 R00-M0-N9-C:J15-U11 2005-08-09-12.09.38.661211 R00-M0-N9-C:J15-U11 RAS KERNEL FATAL rts tree/torus link training failed: wanted: C X+ X- Y+ Y- Z+ Z- got: C X+ Y+ Y- Z-
- 1123614578 2005.08.09 R00-M0-N9-C:J17-U11 2005-08-09-12.09.38.721151 R00-M0-N9-C:J17-U11 RAS KERNEL FATAL rts tree/torus link training failed: wanted: A C X+ X- Y+ Y- Z+ Z- got: A C X+ Y+ Y- Z+ Z-
- 1123614578 2005.08.09 R00-M0-N9-C:J03-U01 2005-08-09-12.09.38.750844 R00-M0-N9-C:J03-U01 RAS KERNEL FATAL rts tree/torus link training failed: wanted: A C X+ X- Y+ Y- Z+ Z- got: A C X+ X- Y+ Y- Z-
- 1123614578 2005.08.09 R00-M0-N9-C:J07-U11 2005-08-09-12.09.38.877231 R00-M0-N9-C:J07-U11 RAS KERNEL FATAL rts tree/torus link training failed: wanted: A B C X+ X- Y+ Y- Z+ Z- got: A B C X+ X- Y+ Y- Z-
- 1123614579 2005.08.09 R00-M0-N9-C:J07-U01 2005-08-09-12.09.39.104793 R00-M0-N9-C:J07-U01 RAS KERNEL FATAL rts tree/torus link training failed: wanted: A B C X+ X- Y+ Y- Z+ Z- got: A B C X+ X- Y+ Y- Z-
- 1123614579 2005.08.09 R00-M0-N9-C:J14-U11 2005-08-09-12.09.39.170530 R00-M0-N9-C:J14-U11 RAS KERNEL FATAL rts tree/torus link training failed: wanted: A C X+ X- Y+ Y- Z+ Z- got: A C X+ Y+ Y- Z-
- 1123614579 2005.08.09 R00-M0-N9-C:J14-U01 2005-08-09-12.09.39.261094 R00-M0-N9-C:J14-U01 RAS KERNEL FATAL rts tree/torus link training failed: wanted: A C X+ X- Y+ Y- Z+ Z- got: A C X+ Y+ Z-
- 1123614579 2005.08.09 R00-M0-N9-C:J12-U01 2005-08-09-12.09.39.359402 R00-M0-N9-C:J12-U01 RAS KERNEL FATAL rts tree/torus link training failed: wanted: A B C X+ X- Y+ Y- Z+ Z- got: A B C X+ X- Y+ Z+ Z-
- 1123614579 2005.08.09 R00-M0-N7-C:J09-U11 2005-08-09-12.09.39.790074 R00-M0-N7-C:J09-U11 RAS KERNEL FATAL rts tree/torus link training failed: wanted: A C X+ X- Y+ Y- Z+ Z- got: A C X+ X- Y- Z+
- 1123614579 2005.08.09 R00-M0-N7-C:J11-U11 2005-08-09-12.09.39.850067 R00-M0-N7-C:J11-U11 RAS KERNEL FATAL rts tree/torus link training failed: wanted: B C X+ X- Y+ Y- Z+ Z- got: B C X+ X- Y- Z+ Z-
- 1123614579 2005.08.09 R00-M0-N7-C:J17-U11 2005-08-09-12.09.39.915920 R00-M0-N7-C:J17-U11 RAS KERNEL FATAL rts tree/torus link training failed: wanted: A C X+ X- Y+ Y- Z+ Z- got: A C X+ Y- Z+
- 1123614580 2005.08.09 R00-M0-N7-C:J12-U11 2005-08-09-12.09.40.867703 R00-M0-N7-C:J12-U11 RAS KERNEL FATAL rts tree/torus link training failed: wanted: A B C X+ X- Y+ Y- Z+ Z- got: A B C X+ X- Y+ Y- Z+
- 1123614581 2005.08.09 R00-M0-N7-C:J08-U01 2005-08-09-12.09.41.190750 R00-M0-N7-C:J08-U01 RAS KERNEL FATAL rts tree/torus link training failed: wanted: B C X+ X- Y+ Y- Z+ Z- got: B C X+ X- Y+ Y- Z+
- 1123614581 2005.08.09 R00-M0-N7-C:J04-U01 2005-08-09-12.09.41.280578 R00-M0-N7-C:J04-U01 RAS KERNEL FATAL rts tree/torus link training failed: wanted: A B C X+ X- Y+ Y- Z+ Z- got: A B C X+ X- Y+ Y- Z+
- 1123614583 2005.08.09 R00-M0-N0-C:J07-U11 2005-08-09-12.09.43.494820 R00-M0-N0-C:J07-U11 RAS KERNEL FATAL rts tree/torus link training failed: wanted: A B C X+ X- Y+ Y- Z+ Z- got: A B C X+ X- Y- Z-
- 1123614583 2005.08.09 R00-M0-N0-C:J15-U01 2005-08-09-12.09.43.597963 R00-M0-N0-C:J15-U01 RAS KERNEL FATAL rts tree/torus link training failed: wanted: A B C X+ X- Y+ Y- Z+ Z- got: A B C X+ X- Y+ Y- Z-
- 1123614583 2005.08.09 R00-M0-N0-C:J06-U11 2005-08-09-12.09.43.773598 R00-M0-N0-C:J06-U11 RAS KERNEL FATAL rts tree/torus link training failed: wanted: B C X+ X- Y+ Y- Z+ Z- got: B C X+ X- Y+ Y- Z-
- 1123614583 2005.08.09 R00-M0-N0-C:J10-U01 2005-08-09-12.09.43.962134 R00-M0-N0-C:J10-U01 RAS KERNEL FATAL rts tree/torus link training failed: wanted: A B C X+ X- Y+ Y- Z+ Z- got: A B C X+ X- Y+ Y- Z-
- 1123614584 2005.08.09 R00-M0-N8-C:J05-U01 2005-08-09-12.09.44.691802 R00-M0-N8-C:J05-U01 RAS KERNEL FATAL rts tree/torus link training failed: wanted: C X+ X- Y+ Y- Z+ Z- got: C X- Y+ Y- Z+ Z-
- 1123614585 2005.08.09 R00-M0-N8-C:J14-U11 2005-08-09-12.09.45.368459 R00-M0-N8-C:J14-U11 RAS KERNEL FATAL rts tree/torus link training failed: wanted: A C X+ X- Y+ Y- Z+ Z- got: A C X+ X- Y+ Y- Z-
- 1123614585 2005.08.09 R00-M0-N8-C:J14-U01 2005-08-09-12.09.45.643870 R00-M0-N8-C:J14-U01 RAS KERNEL FATAL rts tree/torus link training failed: wanted: A C X+ X- Y+ Y- Z+ Z- got: A C X+ X- Y+ Z-
- 1123614585 2005.08.09 R00-M0-N8-C:J16-U01 2005-08-09-12.09.45.733192 R00-M0-N8-C:J16-U01 RAS KERNEL FATAL rts tree/torus link training failed: wanted: A B C X+ X- Y+ Y- Z+ Z- got: A B C X+ X- Y+ Z+ Z-
- 1123614585 2005.08.09 R00-M0-N8-C:J10-U01 2005-08-09-12.09.45.828939 R00-M0-N8-C:J10-U01 RAS KERNEL FATAL rts tree/torus link training failed: wanted: A B C X+ X- Y+ Y- Z+ Z- got: A B C X+ X- Y+ Z-
- 1123614586 2005.08.09 R00-M0-N8-C:J08-U01 2005-08-09-12.09.46.008335 R00-M0-N8-C:J08-U01 RAS KERNEL FATAL rts tree/torus link training failed: wanted: B C X+ X- Y+ Y- Z+ Z- got: B C X+ X- Y+ Z+ Z-
- 1123614586 2005.08.09 R00-M0-N8-C:J02-U01 2005-08-09-12.09.46.367791 R00-M0-N8-C:J02-U01 RAS KERNEL FATAL rts tree/torus link training failed: wanted: B C X+ X- Y+ Y- Z+ Z- got: B C X- Y+ Z-
KERNRTSP 1123614586 2005.08.09 R00-M0-N5-C:J09-U11 2005-08-09-12.09.46.657229 R00-M0-N5-C:J09-U11 RAS KERNEL FATAL rts panic! - stopping execution
KERNRTSP 1123614586 2005.08.09 R00-M0-N5-C:J03-U11 2005-08-09-12.09.46.813853 R00-M0-N5-C:J03-U11 RAS KERNEL FATAL rts panic! - stopping execution
KERNRTSP 1123614586 2005.08.09 R00-M0-N5-C:J07-U11 2005-08-09-12.09.46.831317 R00-M0-N5-C:J07-U11 RAS KERNEL FATAL rts panic! - stopping execution
KERNRTSP 1123614586 2005.08.09 R00-M0-N5-C:J14-U11 2005-08-09-12.09.46.915262 R00-M0-N5-C:J14-U11 RAS KERNEL FATAL rts panic! - stopping execution
KERNRTSP 1123614586 2005.08.09 R00-M0-N5-C:J14-U01 2005-08-09-12.09.46.933293 R00-M0-N5-C:J14-U01 RAS KERNEL FATAL rts panic! - stopping execution
KERNRTSP 1123614586 2005.08.09 R00-M0-N5-C:J16-U01 2005-08-09-12.09.46.963337 R00-M0-N5-C:J16-U01 RAS KERNEL FATAL rts panic! - stopping execution
KERNRTSP 1123614586 2005.08.09 R00-M0-N3-C:J15-U11 2005-08-09-12.09.46.998972 R00-M0-N3-C:J15-U11 RAS KERNEL FATAL rts panic! - stopping execution
KERNRTSP 1123614587 2005.08.09 R00-M0-N3-C:J13-U11 2005-08-09-12.09.47.034975 R00-M0-N3-C:J13-U11 RAS KERNEL FATAL rts panic! - stopping execution
KERNRTSP 1123614587 2005.08.09 R00-M0-N3-C:J05-U11 2005-08-09-12.09.47.070921 R00-M0-N3-C:J05-U11 RAS KERNEL FATAL rts panic! - stopping execution
KERNRTSP 1123614587 2005.08.09 R00-M0-N3-C:J16-U11 2005-08-09-12.09.47.172726 R00-M0-N3-C:J16-U11 RAS KERNEL FATAL rts panic! - stopping execution
KERNRTSP 1123614587 2005.08.09 R00-M0-N3-C:J16-U01 2005-08-09-12.09.47.228952 R00-M0-N3-C:J16-U01 RAS KERNEL FATAL rts panic! - stopping execution
KERNRTSP 1123614587 2005.08.09 R00-M0-N4-C:J15-U11 2005-08-09-12.09.47.268555 R00-M0-N4-C:J15-U11 RAS KERNEL FATAL rts panic! - stopping execution
KERNRTSP 1123614587 2005.08.09 R00-M0-N4-C:J05-U01 2005-08-09-12.09.47.358489 R00-M0-N4-C:J05-U01 RAS KERNEL FATAL rts panic! - stopping execution
KERNRTSP 1123614587 2005.08.09 R00-M0-N4-C:J03-U01 2005-08-09-12.09.47.375982 R00-M0-N4-C:J03-U01 RAS KERNEL FATAL rts panic! - stopping execution
KERNRTSP 1123614587 2005.08.09 R00-M0-N4-C:J07-U11 2005-08-09-12.09.47.430149 R00-M0-N4-C:J07-U11 RAS KERNEL FATAL rts panic! - stopping execution
KERNRTSP 1123614587 2005.08.09 R00-M0-N4-C:J02-U01 2005-08-09-12.09.47.483958 R00-M0-N4-C:J02-U01 RAS KERNEL FATAL rts panic! - stopping execution
KERNRTSP 1123614587 2005.08.09 R00-M0-N4-C:J02-U11 2005-08-09-12.09.47.502173 R00-M0-N4-C:J02-U11 RAS KERNEL FATAL rts panic! - stopping execution
KERNRTSP 1123614587 2005.08.09 R00-M0-N2-C:J09-U11 2005-08-09-12.09.47.526039 R00-M0-N2-C:J09-U11 RAS KERNEL FATAL rts panic! - stopping execution
KERNRTSP 1123614587 2005.08.09 R00-M0-N2-C:J15-U11 2005-08-09-12.09.47.544007 R00-M0-N2-C:J15-U11 RAS KERNEL FATAL rts panic! - stopping execution
KERNRTSP 1123614587 2005.08.09 R00-M0-N2-C:J13-U11 2005-08-09-12.09.47.579830 R00-M0-N2-C:J13-U11 RAS KERNEL FATAL rts panic! - stopping execution
KERNRTSP 1123614587 2005.08.09 R00-M0-N2-C:J05-U01 2005-08-09-12.09.47.627747 R00-M0-N2-C:J05-U01 RAS KERNEL FATAL rts panic! - stopping execution
KERNRTSP 1123614587 2005.08.09 R00-M0-N2-C:J07-U11 2005-08-09-12.09.47.705540 R00-M0-N2-C:J07-U11 RAS KERNEL FATAL rts panic! - stopping execution
KERNRTSP 1123614587 2005.08.09 R00-M0-N2-C:J02-U01 2005-08-09-12.09.47.759222 R00-M0-N2-C:J02-U01 RAS KERNEL FATAL rts panic! - stopping execution
KERNRTSP 1123614588 2005.08.09 R00-M0-N6-C:J09-U11 2005-08-09-12.09.48.904272 R00-M0-N6-C:J09-U11 RAS KERNEL FATAL rts panic! - stopping execution
KERNRTSP 1123614588 2005.08.09 R00-M0-N6-C:J13-U11 2005-08-09-12.09.48.966542 R00-M0-N6-C:J13-U11 RAS KERNEL FATAL rts panic! - stopping execution
KERNRTSP 1123614589 2005.08.09 R00-M0-N6-C:J09-U01 2005-08-09-12.09.49.167599 R00-M0-N6-C:J09-U01 RAS KERNEL FATAL rts panic! - stopping execution
KERNRTSP 1123614589 2005.08.09 R00-M0-N6-C:J12-U01 2005-08-09-12.09.49.272739 R00-M0-N6-C:J12-U01 RAS KERNEL FATAL rts panic! - stopping execution
KERNRTSP 1123614589 2005.08.09 R00-M0-N6-C:J02-U01 2005-08-09-12.09.49.350290 R00-M0-N6-C:J02-U01 RAS KERNEL FATAL rts panic! - stopping execution
KERNRTSP 1123614589 2005.08.09 R00-M0-N1-C:J09-U11 2005-08-09-12.09.49.392416 R00-M0-N1-C:J09-U11 RAS KERNEL FATAL rts panic! - stopping execution
KERNRTSP 1123614589 2005.08.09 R00-M0-N1-C:J11-U11 2005-08-09-12.09.49.428235 R00-M0-N1-C:J11-U11 RAS KERNEL FATAL rts panic! - stopping execution
KERNRTSP 1123614589 2005.08.09 R00-M0-N1-C:J05-U11 2005-08-09-12.09.49.500018 R00-M0-N1-C:J05-U11 RAS KERNEL FATAL rts panic! - stopping execution
KERNRTSP 1123614589 2005.08.09 R00-M0-N1-C:J07-U11 2005-08-09-12.09.49.541767 R00-M0-N1-C:J07-U11 RAS KERNEL FATAL rts panic! - stopping execution
KERNRTSP 1123614589 2005.08.09 R00-M0-N1-C:J17-U01 2005-08-09-12.09.49.589810 R00-M0-N1-C:J17-U01 RAS KERNEL FATAL rts panic! - stopping execution
KERNRTSP 1123614590 2005.08.09 R00-M0-N9-C:J15-U11 2005-08-09-12.09.50.768983 R00-M0-N9-C:J15-U11 RAS KERNEL FATAL rts panic! - stopping execution
KERNRTSP 1123614590 2005.08.09 R00-M0-N9-C:J17-U11 2005-08-09-12.09.50.804435 R00-M0-N9-C:J17-U11 RAS KERNEL FATAL rts panic! - stopping execution
KERNRTSP 1123614590 2005.08.09 R00-M0-N9-C:J03-U01 2005-08-09-12.09.50.822564 R00-M0-N9-C:J03-U01 RAS KERNEL FATAL rts panic! - stopping execution
KERNRTSP 1123614590 2005.08.09 R00-M0-N9-C:J07-U11 2005-08-09-12.09.50.858108 R00-M0-N9-C:J07-U11 RAS KERNEL FATAL rts panic! - stopping execution
KERNRTSP 1123614590 2005.08.09 R00-M0-N9-C:J07-U01 2005-08-09-12.09.50.936321 R00-M0-N9-C:J07-U01 RAS KERNEL FATAL rts panic! - stopping execution
KERNRTSP 1123614590 2005.08.09 R00-M0-N9-C:J14-U11 2005-08-09-12.09.50.972080 R00-M0-N9-C:J14-U11 RAS KERNEL FATAL rts panic! - stopping execution
KERNRTSP 1123614591 2005.08.09 R00-M0-N9-C:J14-U01 2005-08-09-12.09.51.025711 R00-M0-N9-C:J14-U01 RAS KERNEL FATAL rts panic! - stopping execution
KERNRTSP 1123614591 2005.08.09 R00-M0-N9-C:J12-U01 2005-08-09-12.09.51.085966 R00-M0-N9-C:J12-U01 RAS KERNEL FATAL rts panic! - stopping execution
KERNRTSP 1123614591 2005.08.09 R00-M0-N7-C:J09-U11 2005-08-09-12.09.51.199443 R00-M0-N7-C:J09-U11 RAS KERNEL FATAL rts panic! - stopping execution
KERNRTSP 1123614591 2005.08.09 R00-M0-N7-C:J11-U11 2005-08-09-12.09.51.241445 R00-M0-N7-C:J11-U11 RAS KERNEL FATAL rts panic! - stopping execution
KERNRTSP 1123614591 2005.08.09 R00-M0-N7-C:J17-U11 2005-08-09-12.09.51.277296 R00-M0-N7-C:J17-U11 RAS KERNEL FATAL rts panic! - stopping execution
KERNRTSP 1123614591 2005.08.09 R00-M0-N7-C:J12-U11 2005-08-09-12.09.51.516771 R00-M0-N7-C:J12-U11 RAS KERNEL FATAL rts panic! - stopping execution
KERNRTSP 1123614591 2005.08.09 R00-M0-N7-C:J08-U01 2005-08-09-12.09.51.588405 R00-M0-N7-C:J08-U01 RAS KERNEL FATAL rts panic! - stopping execution
KERNRTSP 1123614591 2005.08.09 R00-M0-N7-C:J04-U01 2005-08-09-12.09.51.606611 R00-M0-N7-C:J04-U01 RAS KERNEL FATAL rts panic! - stopping execution
KERNRTSP 1123614592 2005.08.09 R00-M0-N0-C:J07-U11 2005-08-09-12.09.52.091956 R00-M0-N0-C:J07-U11 RAS KERNEL FATAL rts panic! - stopping execution
KERNRTSP 1123614592 2005.08.09 R00-M0-N0-C:J15-U01 2005-08-09-12.09.52.109383 R00-M0-N0-C:J15-U01 RAS KERNEL FATAL rts panic! - stopping execution
KERNRTSP 1123614592 2005.08.09 R00-M0-N0-C:J06-U11 2005-08-09-12.09.52.205320 R00-M0-N0-C:J06-U11 RAS KERNEL FATAL rts panic! - stopping execution
KERNRTSP 1123614592 2005.08.09 R00-M0-N0-C:J10-U01 2005-08-09-12.09.52.241015 R00-M0-N0-C:J10-U01 RAS KERNEL FATAL rts panic! - stopping execution
KERNRTSP 1123614592 2005.08.09 R00-M0-N8-C:J05-U01 2005-08-09-12.09.52.402461 R00-M0-N8-C:J05-U01 RAS KERNEL FATAL rts panic! - stopping execution
KERNRTSP 1123614592 2005.08.09 R00-M0-N8-C:J14-U11 2005-08-09-12.09.52.557935 R00-M0-N8-C:J14-U11 RAS KERNEL FATAL rts panic! - stopping execution
KERNRTSP 1123614592 2005.08.09 R00-M0-N8-C:J14-U01 2005-08-09-12.09.52.611861 R00-M0-N8-C:J14-U01 RAS KERNEL FATAL rts panic! - stopping execution
KERNRTSP 1123614592 2005.08.09 R00-M0-N8-C:J16-U01 2005-08-09-12.09.52.629743 R00-M0-N8-C:J16-U01 RAS KERNEL FATAL rts panic! - stopping execution
KERNRTSP 1123614592 2005.08.09 R00-M0-N8-C:J10-U01 2005-08-09-12.09.52.647875 R00-M0-N8-C:J10-U01 RAS KERNEL FATAL rts panic! - stopping execution
KERNRTSP 1123614592 2005.08.09 R00-M0-N8-C:J08-U01 2005-08-09-12.09.52.689779 R00-M0-N8-C:J08-U01 RAS KERNEL FATAL rts panic! - stopping execution
KERNRTSP 1123614592 2005.08.09 R00-M0-N8-C:J02-U01 2005-08-09-12.09.52.773821 R00-M0-N8-C:J02-U01 RAS KERNEL FATAL rts panic! - stopping execution
KERNMC 1123615179 2005.08.09 R41-M1-N0-C:J10-U01 2005-08-09-12.19.39.012342 R41-M1-N0-C:J10-U01 RAS KERNEL FATAL machine check interrupt (bit=0x06): L3 major internal error
KERNMC 1123615183 2005.08.09 R30-M0-N8-C:J12-U01 2005-08-09-12.19.43.412246 R30-M0-N8-C:J12-U01 RAS KERNEL FATAL machine check interrupt (bit=0x06): L3 major internal error
- 1123615189 2005.08.09 R41-M1-N0-C:J10-U01 2005-08-09-12.19.49.330907 R41-M1-N0-C:J10-U01 RAS KERNEL FATAL instruction address: 0x000004fc
- 1123615193 2005.08.09 R30-M0-N8-C:J12-U01 2005-08-09-12.19.53.604192 R30-M0-N8-C:J12-U01 RAS KERNEL FATAL instruction address: 0x000004fc
- 1123615199 2005.08.09 R41-M1-N0-C:J10-U01 2005-08-09-12.19.59.523423 R41-M1-N0-C:J10-U01 RAS KERNEL FATAL machine check status register: 0xa0800000
- 1123615203 2005.08.09 R30-M0-N8-C:J12-U01 2005-08-09-12.20.03.819623 R30-M0-N8-C:J12-U01 RAS KERNEL FATAL machine check status register: 0xa0800000
- 1123615209 2005.08.09 R41-M1-N0-C:J10-U01 2005-08-09-12.20.09.660178 R41-M1-N0-C:J10-U01 RAS KERNEL FATAL summary...........................1
