- 1123614564 2005.08.09 R00-M0-N5-C:J15-U01 2005-08-09-12.09.24.073413 R00-M0-N5-C:J15-U01 RAS KERNEL FATAL rts tree/torus link training failed: wanted: A C X+ X- Y+ Y- Z+ Z- got: A C X+ Y+ Y- Z+ Z-
- 1123614564 2005.08.09 R00-M0-N5-C:J16-U11 2005-08-09-12.09.24.288364 R00-M0-N5-C:J16-U11 RAS KERNEL FATAL rts tree/torus link training failed: wanted: C X+ X- Y+ Y- Z+ Z- got: C X+ Y+ Y- Z+ Z-
- 1123614565 2005.08.09 R00-M0-N3-C:J07-U11 2005-08-09-12.09.25.318111 R00-M0-N3-C:J07-U11 RAS KERNEL FATAL rts tree/torus link training failed: wanted: A B C X+ X- Y+ Y- Z+ Z- got: A B C X+ X- Y- Z+ Z-
- 1123614566 2005.08.09 R00-M0-N4-C:J03-U11 2005-08-09-12.09.26.783802 R00-M0-N4-C:J03-U11 RAS KERNEL FATAL rts tree/torus link training failed: wanted: B C X+ X- Y+ Y- Z+ Z- got: B C X- Y- Z+ Z-
- 1123614568 2005.08.09 R00-M0-N2-C:J05-U11 2005-08-09-12.09.28.177249 R00-M0-N2-C:J05-U11 RAS KERNEL FATAL rts tree/torus link training failed: wanted: A B C X+ X- Y+ Y- Z+ Z- got: A B C X- Y- Z+ Z-
- 1123614568 2005.08.09 R00-M0-N2-C:J04-U01 2005-08-09-12.09.28.399169 R00-M0-N2-C:J04-U01 RAS KERNEL FATAL rts tree/torus link training failed: wanted: A B C X+ X- Y+ Y- Z+ Z- got: A B C X- Y+ Y- Z+ Z-
- 1123614568 2005.08.09 R00-M0-N2-C:J04-U11 2005-08-09-12.09.28.494941 R00-M0-N2-C:J04-U11 RAS KERNEL FATAL rts tree/torus link training failed: wanted: A C X+ X- Y+ Y- Z+ Z- got: A C X- Y+ Y- Z+ Z-
- 1123614571 2005.08.09 R00-M0-N6-C:J17-U11 2005-08-09-12.09.31.857235 R00-M0-N6-C:J17-U11 RAS KERNEL FATAL rts tree/torus link training failed: wanted: A C X+ X- Y+ Y- Z+ Z- got: A C X+ X- Y- Z+
- 1123614572 2005.08.09 R00-M0-N6-C:J03-U01 2005-08-09-12.09.32.048545 R00-M0-N6-C:J03-U01 RAS KERNEL FATAL rts tree/torus link training failed: wanted: A C X+ X- Y+ Y- Z+ Z- got: A C X- Y+ Y- Z+ Z-
- 1123614572 2005.08.09 R00-M0-N6-C:J16-U11 2005-08-09-12.09.32.792750 R00-M0-N6-C:J16-U11 RAS KERNEL FATAL rts tree/torus link training failed: wanted: C X+ X- Y+ Y- Z+ Z- got: C X+ X- Y+ Y- Z+
- 1123614572 2005.08.09 R00-M0-N6-C:J08-U11 2005-08-09-12.09.32.829297 R00-M0-N6-C:J08-U11 RAS KERNEL FATAL rts tree/torus link training failed: wanted: A C X+ X- Y+ Y- Z+ Z- got: A C X+ X- Y+ Y- Z+
- 1123614573 2005.08.09 R00-M0-N6-C:J04-U01 2005-08-09-12.09.33.104844 R00-M0-N6-C:J04-U01 RAS KERNEL FATAL rts tree/torus link training failed: wanted: A B C X+ X- Y+ Y- Z+ Z- got: A B C X- Y+ Y- Z+
- 1123614573 2005.08.09 R00-M0-N6-C:J04-U11 2005-08-09-12.09.33.140299 R00-M0-N6-C:J04-U11 RAS KERNEL FATAL rts tree/torus link training failed: wanted: A C X+ X- Y+ Y- Z+ Z- got: A C X- Y+ Y- Z+
- 1123614573 2005.08.09 R00-M0-N1-C:J03-U11 2005-08-09-12.09.33.795223 R00-M0-N1-C:J03-U11 RAS KERNEL FATAL rts tree/torus link training failed: wanted: B C X+ X- Y+ Y- Z+ Z- got: B C X+ X- Y- Z-
- 1123614574 2005.08.09 R00-M0-N1-C:J16-U11 2005-08-09-12.09.34.184967 R00-M0-N1-C:J16-U11 RAS KERNEL FATAL rts tree/torus link training failed: wanted: C X+ X- Y+ Y- Z+ Z- got: C X+ Y+ Y- Z+ Z-
- 1123614574 2005.08.09 R00-M0-N1-C:J10-U11 2005-08-09-12.09.34.369987 R00-M0-N1-C:J10-U11 RAS KERNEL FATAL rts tree/torus link training failed: wanted: B C X+ X- Y+ Y- Z+ Z- got: B C X+ X- Y+ Y- Z-
- 1123614574 2005.08.09 R00-M0-N1-C:J02-U01 2005-08-09-12.09.34.812774 R00-M0-N1-C:J02-U01 RAS KERNEL FATAL rts tree/torus link training failed: wanted: B C X+ X- Y+ Y- Z+ Z- got: B C X+ X- Y+ Y- Z-
- 1123614578 2005.08.09 R00-M0-N9-C:J11-U11 2005-08-09-12.09.38.691322 R00-M0-N9-C:J11-U11 RAS KERNEL FATAL rts tree/torus link training failed: wanted: B C X+ X- Y+ Y- Z+ Z- got: B C X+ X- Y+ Y- Z-
- 1123614578 2005.08.09 R00-M0-N9-C:J03-U11 2005-08-09-12.09.38.774840 R00-M0-N9-C:J03-U11 RAS KERNEL FATAL rts tree/torus link training failed: wanted: B C X+ X- Y+ Y- Z+ Z- got: B C X+ X- Y+ Y- Z-
- 1123614578 2005.08.09 R00-M0-N9-C:J15-U01 2005-08-09-12.09.38.961084 R00-M0-N9-C:J15-U01 RAS KERNEL FATAL rts tree/torus link training failed: wanted: A C X+ X- Y+ Y- Z+ Z- got: A C X+ Y+ Y- Z-
- 1123614579 2005.08.09 R00-M0-N9-C:J06-U11 2005-08-09-12.09.39.231138 R00-M0-N9-C:J06-U11 RAS KERNEL FATAL rts tree/torus link training failed: wanted: B C X+ X- Y+ Y- Z+ Z- got: B C X+ X- Y+ Y- Z-
- 1123614579 2005.08.09 R00-M0-N9-C:J04-U01 2005-08-09-12.09.39.478399 R00-M0-N9-C:J04-U01 RAS KERNEL FATAL rts tree/torus link training failed: wanted: A B C X+ X- Y+ Y- Z+ Z- got: A B C X+ X- Y+ Z+ Z-
- 1123614579 2005.08.09 R00-M0-N9-C:J02-U11 2005-08-09-12.09.39.759287 R00-M0-N9-C:J02-U11 RAS KERNEL FATAL rts tree/torus link training failed: wanted: A B C X+ X- Y+ Y- Z+ Z- got: A B C X+ X- Y+ Y- Z-
- 1123614580 2005.08.09 R00-M0-N7-C:J07-U11 2005-08-09-12.09.40.180017 R00-M0-N7-C:J07-U11 RAS KERNEL FATAL rts tree/torus link training failed: wanted: A B C X+ X- Y+ Y- Z+ Z- got: A B C X+ X- Y- Z+ Z-
- 1123614580 2005.08.09 R00-M0-N7-C:J16-U11 2005-08-09-12.09.40.619300 R00-M0-N7-C:J16-U11 RAS KERNEL FATAL rts tree/torus link training failed: wanted: C X+ X- Y+ Y- Z+ Z- got: C X+ Y+ Y- Z+
- 1123614580 2005.08.09 R00-M0-N7-C:J08-U11 2005-08-09-12.09.40.706002 R00-M0-N7-C:J08-U11 RAS KERNEL FATAL rts tree/torus link training failed: wanted: A C X+ X- Y+ Y- Z+ Z- got: A C X+ X- Y+ Y- Z+
- 1123614580 2005.08.09 R00-M0-N7-C:J14-U01 2005-08-09-12.09.40.950557 R00-M0-N7-C:J14-U01 RAS KERNEL FATAL rts tree/torus link training failed: wanted: A C X+ X- Y+ Y- Z+ Z- got: A C X+ Y+ Y- Z+ Z-
- 1123614581 2005.08.09 R00-M0-N7-C:J16-U01 2005-08-09-12.09.41.035262 R00-M0-N7-C:J16-U01 RAS KERNEL FATAL rts tree/torus link training failed: wanted: A C X+ X- Y+ Y- Z+ Z- got: A C X+ Y+ Y- Z+
- 1123614582 2005.08.09 R00-M0-N0-C:J09-U11 2005-08-09-12.09.42.567216 R00-M0-N0-C:J09-U11 RAS KERNEL FATAL rts tree/torus link training failed: wanted: A C X+ X- Y+ Y- Z+ Z- got: A C X+ X- Y- Z+ Z-
- 1123614582 2005.08.09 R00-M0-N0-C:J15-U11 2005-08-09-12.09.42.645046 R00-M0-N0-C:J15-U11 RAS KERNEL FATAL rts tree/torus link training failed: wanted: C X+ X- Y+ Y- Z+ Z- got: C X+ X- Y- Z-
- 1123614582 2005.08.09 R00-M0-N0-C:J17-U11 2005-08-09-12.09.42.890418 R00-M0-N0-C:J17-U11 RAS KERNEL FATAL rts tree/torus link training failed: wanted: A C X+ X- Y+ Y- Z+ Z- got: A C X+ X- Y- Z+ Z-
- 1123614582 2005.08.09 R00-M0-N0-C:J05-U01 2005-08-09-12.09.42.981278 R00-M0-N0-C:J05-U01 RAS KERNEL FATAL rts tree/torus link training failed: wanted: C X+ X- Y+ Y- Z+ Z- got: C X- Y+ Y- Z+ Z-
- 1123614583 2005.08.09 R00-M0-N0-C:J03-U01 2005-08-09-12.09.43.151891 R00-M0-N0-C:J03-U01 RAS KERNEL FATAL rts tree/torus link training failed: wanted: A C X+ X- Y+ Y- Z+ Z- got: A C X- Y+ Y- Z-
- 1123614583 2005.08.09 R00-M0-N0-C:J05-U11 2005-08-09-12.09.43.268131 R00-M0-N0-C:J05-U11 RAS KERNEL FATAL rts tree/torus link training failed: wanted: A B C X+ X- Y+ Y- Z+ Z- got: A B C X- Y- Z+ Z-
- 1123614583 2005.08.09 R00-M0-N0-C:J11-U01 2005-08-09-12.09.43.635464 R00-M0-N0-C:J11-U01 RAS KERNEL FATAL rts tree/torus link training failed: wanted: B C X+ X- Y+ Y- Z+ Z- got: B C X+ X- Y+ Y- Z-
- 1123614583 2005.08.09 R00-M0-N0-C:J07-U01 2005-08-09-12.09.43.669176 R00-M0-N0-C:J07-U01 RAS KERNEL FATAL rts tree/torus link training failed: wanted: A B C X+ X- Y+ Y- Z+ Z- got: A B C X+ X- Y+ Y- Z-
- 1123614584 2005.08.09 R00-M0-N8-C:J03-U01 2005-08-09-12.09.44.781840 R00-M0-N8-C:J03-U01 RAS KERNEL FATAL rts tree/torus link training failed: wanted: A C X+ X- Y+ Y- Z+ Z- got: A C X- Y+ Y- Z-
- 1123614584 2005.08.09 R00-M0-N8-C:J03-U11 2005-08-09-12.09.44.961438 R00-M0-N8-C:J03-U11 RAS KERNEL FATAL rts tree/torus link training failed: wanted: B C X+ X- Y+ Y- Z+ Z- got: B C X- Y+ Y- Z-
- 1123614585 2005.08.09 R00-M0-N8-C:J07-U11 2005-08-09-12.09.45.050887 R00-M0-N8-C:J07-U11 RAS KERNEL FATAL rts tree/torus link training failed: wanted: A B C X+ X- Y+ Y- Z+ Z- got: A B C X+ X- Y+ Y- Z-
- 1123614586 2005.08.09 R00-M0-N8-C:J04-U01 2005-08-09-12.09.46.098309 R00-M0-N8-C:J04-U01 RAS KERNEL FATAL rts tree/torus link training failed: wanted: A B C X+ X- Y+ Y- Z+ Z- got: A B C X- Y+ Z+ Z-
- 1123614586 2005.08.09 R00-M0-N8-C:J06-U01 2005-08-09-12.09.46.187987 R00-M0-N8-C:J06-U01 RAS KERNEL FATAL rts tree/torus link training failed: wanted: A B C X+ X- Y+ Y- Z+ Z- got: A B C X+ X- Y+ Z-
- 1123614586 2005.08.09 R00-M0-N8-C:J04-U11 2005-08-09-12.09.46.277850 R00-M0-N8-C:J04-U11 RAS KERNEL FATAL rts tree/torus link training failed: wanted: A C X+ X- Y+ Y- Z+ Z- got: A C X- Y+ Y- Z+ Z-
KERNRTSP 1123614586 2005.08.09 R00-M0-N5-C:J15-U01 2005-08-09-12.09.46.849403 R00-M0-N5-C:J15-U01 RAS KERNEL FATAL rts panic! - stopping execution
KERNRTSP 1123614586 2005.08.09 R00-M0-N5-C:J16-U11 2005-08-09-12.09.46.897502 R00-M0-N5-C:J16-U11 RAS KERNEL FATAL rts panic! - stopping execution
KERNRTSP 1123614587 2005.08.09 R00-M0-N3-C:J07-U11 2005-08-09-12.09.47.106822 R00-M0-N3-C:J07-U11 RAS KERNEL FATAL rts panic! - stopping execution
KERNRTSP 1123614587 2005.08.09 R00-M0-N4-C:J03-U11 2005-08-09-12.09.47.412120 R00-M0-N4-C:J03-U11 RAS KERNEL FATAL rts panic! - stopping execution
KERNRTSP 1123614587 2005.08.09 R00-M0-N2-C:J05-U11 2005-08-09-12.09.47.663540 R00-M0-N2-C:J05-U11 RAS KERNEL FATAL rts panic! - stopping execution
KERNRTSP 1123614587 2005.08.09 R00-M0-N2-C:J04-U01 2005-08-09-12.09.47.723451 R00-M0-N2-C:J04-U01 RAS KERNEL FATAL rts panic! - stopping execution
KERNRTSP 1123614587 2005.08.09 R00-M0-N2-C:J04-U11 2005-08-09-12.09.47.741388 R00-M0-N2-C:J04-U11 RAS KERNEL FATAL rts panic! - stopping execution
KERNRTSP 1123614588 2005.08.09 R00-M0-N6-C:J17-U11 2005-08-09-12.09.48.987994 R00-M0-N6-C:J17-U11 RAS KERNEL FATAL rts panic! - stopping execution
KERNRTSP 1123614589 2005.08.09 R00-M0-N6-C:J03-U01 2005-08-09-12.09.49.029915 R00-M0-N6-C:J03-U01 RAS KERNEL FATAL rts panic! - stopping execution
KERNRTSP 1123614589 2005.08.09 R00-M0-N6-C:J16-U11 2005-08-09-12.09.49.188776 R00-M0-N6-C:J16-U11 RAS KERNEL FATAL rts panic! - stopping execution
KERNRTSP 1123614589 2005.08.09 R00-M0-N6-C:J08-U11 2005-08-09-12.09.49.209164 R00-M0-N6-C:J08-U11 RAS KERNEL FATAL rts panic! - stopping execution
KERNRTSP 1123614589 2005.08.09 R00-M0-N6-C:J04-U01 2005-08-09-12.09.49.314430 R00-M0-N6-C:J04-U01 RAS KERNEL FATAL rts panic! - stopping execution
KERNRTSP 1123614589 2005.08.09 R00-M0-N6-C:J04-U11 2005-08-09-12.09.49.332436 R00-M0-N6-C:J04-U11 RAS KERNEL FATAL rts panic! - stopping execution
KERNRTSP 1123614589 2005.08.09 R00-M0-N1-C:J03-U11 2005-08-09-12.09.49.517883 R00-M0-N1-C:J03-U11 RAS KERNEL FATAL rts panic! - stopping execution
KERNRTSP 1123614589 2005.08.09 R00-M0-N1-C:J16-U11 2005-08-09-12.09.49.643519 R00-M0-N1-C:J16-U11 RAS KERNEL FATAL rts panic! - stopping execution
KERNRTSP 1123614589 2005.08.09 R00-M0-N1-C:J10-U11 2005-08-09-12.09.49.679494 R00-M0-N1-C:J10-U11 RAS KERNEL FATAL rts panic! - stopping execution
KERNRTSP 1123614589 2005.08.09 R00-M0-N1-C:J02-U01 2005-08-09-12.09.49.795098 R00-M0-N1-C:J02-U01 RAS KERNEL FATAL rts panic! - stopping execution
KERNRTSP 1123614590 2005.08.09 R00-M0-N9-C:J11-U11 2005-08-09-12.09.50.786628 R00-M0-N9-C:J11-U11 RAS KERNEL FATAL rts panic! - stopping execution
KERNRTSP 1123614590 2005.08.09 R00-M0-N9-C:J03-U11 2005-08-09-12.09.50.840291 R00-M0-N9-C:J03-U11 RAS KERNEL FATAL rts panic! - stopping execution
KERNRTSP 1123614590 2005.08.09 R00-M0-N9-C:J15-U01 2005-08-09-12.09.50.882486 R00-M0-N9-C:J15-U01 RAS KERNEL FATAL rts panic! - stopping execution
KERNRTSP 1123614591 2005.08.09 R00-M0-N9-C:J06-U11 2005-08-09-12.09.51.008108 R00-M0-N9-C:J06-U11 RAS KERNEL FATAL rts panic! - stopping execution
KERNRTSP 1123614591 2005.08.09 R00-M0-N9-C:J04-U01 2005-08-09-12.09.51.127590 R00-M0-N9-C:J04-U01 RAS KERNEL FATAL rts panic! - stopping execution
KERNRTSP 1123614591 2005.08.09 R00-M0-N9-C:J02-U11 2005-08-09-12.09.51.181666 R00-M0-N9-C:J02-U11 RAS KERNEL FATAL rts panic! - stopping execution
KERNRTSP 1123614591 2005.08.09 R00-M0-N7-C:J07-U11 2005-08-09-12.09.51.349074 R00-M0-N7-C:J07-U11 RAS KERNEL FATAL rts panic! - stopping execution
KERNRTSP 1123614591 2005.08.09 R00-M0-N7-C:J16-U11 2005-08-09-12.09.51.444988 R00-M0-N7-C:J16-U11 RAS KERNEL FATAL rts panic! - stopping execution
KERNRTSP 1123614591 2005.08.09 R00-M0-N7-C:J08-U11 2005-08-09-12.09.51.462802 R00-M0-N7-C:J08-U11 RAS KERNEL FATAL rts panic! - stopping execution
KERNRTSP 1123614591 2005.08.09 R00-M0-N7-C:J14-U01 2005-08-09-12.09.51.534757 R00-M0-N7-C:J14-U01 RAS KERNEL FATAL rts panic! - stopping execution
KERNRTSP 1123614591 2005.08.09 R00-M0-N7-C:J16-U01 2005-08-09-12.09.51.552591 R00-M0-N7-C:J16-U01 RAS KERNEL FATAL rts panic! - stopping execution
KERNRTSP 1123614591 2005.08.09 R00-M0-N0-C:J09-U11 2005-08-09-12.09.51.918273 R00-M0-N0-C:J09-U11 RAS KERNEL FATAL rts panic! - stopping execution
KERNRTSP 1123614591 2005.08.09 R00-M0-N0-C:J15-U11 2005-08-09-12.09.51.936014 R00-M0-N0-C:J15-U11 RAS KERNEL FATAL rts panic! - stopping execution
KERNRTSP 1123614591 2005.08.09 R00-M0-N0-C:J17-U11 2005-08-09-12.09.51.989938 R00-M0-N0-C:J17-U11 RAS KERNEL FATAL rts panic! - stopping execution
KERNRTSP 1123614592 2005.08.09 R00-M0-N0-C:J05-U01 2005-08-09-12.09.52.008008 R00-M0-N0-C:J05-U01 RAS KERNEL FATAL rts panic! - stopping execution
KERNRTSP 1123614592 2005.08.09 R00-M0-N0-C:J03-U01 2005-08-09-12.09.52.026041 R00-M0-N0-C:J03-U01 RAS KERNEL FATAL rts panic! - stopping execution
KERNRTSP 1123614592 2005.08.09 R00-M0-N0-C:J05-U11 2005-08-09-12.09.52.043765 R00-M0-N0-C:J05-U11 RAS KERNEL FATAL rts panic! - stopping execution
KERNRTSP 1123614592 2005.08.09 R00-M0-N0-C:J11-U01 2005-08-09-12.09.52.127975 R00-M0-N0-C:J11-U01 RAS KERNEL FATAL rts panic! - stopping execution
KERNRTSP 1123614592 2005.08.09 R00-M0-N0-C:J07-U01 2005-08-09-12.09.52.151823 R00-M0-N0-C:J07-U01 RAS KERNEL FATAL rts panic! - stopping execution
KERNRTSP 1123614592 2005.08.09 R00-M0-N8-C:J03-U01 2005-08-09-12.09.52.420467 R00-M0-N8-C:J03-U01 RAS KERNEL FATAL rts panic! - stopping execution
KERNRTSP 1123614592 2005.08.09 R00-M0-N8-C:J03-U11 2005-08-09-12.09.52.456066 R00-M0-N8-C:J03-U11 RAS KERNEL FATAL rts panic! - stopping execution
KERNRTSP 1123614592 2005.08.09 R00-M0-N8-C:J07-U11 2005-08-09-12.09.52.474540 R00-M0-N8-C:J07-U11 RAS KERNEL FATAL rts panic! - stopping execution
KERNRTSP 1123614592 2005.08.09 R00-M0-N8-C:J04-U01 2005-08-09-12.09.52.719799 R00-M0-N8-C:J04-U01 RAS KERNEL FATAL rts panic! - stopping execution
KERNRTSP 1123614592 2005.08.09 R00-M0-N8-C:J06-U01 2005-08-09-12.09.52.737684 R00-M0-N8-C:J06-U01 RAS KERNEL FATAL rts panic! - stopping execution
KERNRTSP 1123614592 2005.08.09 R00-M0-N8-C:J04-U11 2005-08-09-12.09.52.755497 R00-M0-N8-C:J04-U11 RAS KERNEL FATAL rts panic! - stopping execution
KERNMC 1123615183 2005.08.09 R23-M1-N8-C:J16-U01 2005-08-09-12.19.43.890083 R23-M1-N8-C:J16-U01 RAS KERNEL FATAL machine check interrupt (bit=0x06): L3 major internal error
- 1123615193 2005.08.09 R23-M1-N8-C:J16-U01 2005-08-09-12.19.53.956494 R23-M1-N8-C:J16-U01 RAS KERNEL FATAL instruction address: 0x000004fc
- 1123615204 2005.08.09 R23-M1-N8-C:J16-U01 2005-08-09-12.20.04.205315 R23-M1-N8-C:J16-U01 RAS KERNEL FATAL machine check status register: 0xa0800000
