- 1123614563 2005.08.09 R00-M0-N5-C:J11-U11 2005-08-09-12.09.23.439259 R00-M0-N5-C:J11-U11 RAS KERNEL FATAL rts tree/torus link training failed: wanted: B C X+ X- Y+ Y- Z+ Z- got: B C X+ X- Y- Z+ Z-
- 1123614563 2005.08.09 R00-M0-N5-C:J13-U11 2005-08-09-12.09.23.535226 R00-M0-N5-C:J13-U11 RAS KERNEL FATAL rts tree/torus link training failed: wanted: A B C X+ X- Y+ Y- Z+ Z- got: A B C X+ X- Y- Z+ Z-
- 1123614563 2005.08.09 R00-M0-N5-C:J17-U11 2005-08-09-12.09.23.636047 R00-M0-N5-C:J17-U11 RAS KERNEL FATAL rts tree/torus link training failed: wanted: A C X+ X- Y+ Y- Z+ Z- got: A C X+ Y- Z+ Z-
- 1123614563 2005.08.09 R00-M0-N5-C:J05-U11 2005-08-09-12.09.23.744157 R00-M0-N5-C:J05-U11 RAS KERNEL FATAL rts tree/torus link training failed: wanted: A B C X+ X- Y+ Y- Z+ Z- got: A B C X+ X- Y- Z+ Z-
- 1123614564 2005.08.09 R00-M0-N5-C:J17-U01 2005-08-09-12.09.24.180613 R00-M0-N5-C:J17-U01 RAS KERNEL FATAL rts tree/torus link training failed: wanted: A C X+ X- Y+ Y- Z+ Z- got: A C X+ Y+ Y- Z+ Z-
- 1123614564 2005.08.09 R00-M0-N3-C:J09-U11 2005-08-09-12.09.24.701667 R00-M0-N3-C:J09-U11 RAS KERNEL FATAL rts tree/torus link training failed: wanted: A C X+ X- Y+ Y- Z+ Z- got: A C X+ X- Y- Z+ Z-
- 1123614565 2005.08.09 R00-M0-N3-C:J17-U11 2005-08-09-12.09.25.024759 R00-M0-N3-C:J17-U11 RAS KERNEL FATAL rts tree/torus link training failed: wanted: A C X+ X- Y+ Y- Z+ Z- got: A C X+ Y- Z+ Z-
- 1123614565 2005.08.09 R00-M0-N3-C:J15-U01 2005-08-09-12.09.25.413540 R00-M0-N3-C:J15-U01 RAS KERNEL FATAL rts tree/torus link training failed: wanted: A C X+ X- Y+ Y- Z+ Z- got: A C X+ Y+ Y- Z+ Z-
- 1123614566 2005.08.09 R00-M0-N4-C:J09-U11 2005-08-09-12.09.26.006075 R00-M0-N4-C:J09-U11 RAS KERNEL FATAL rts tree/torus link training failed: wanted: A C X+ X- Y+ Y- Z+ Z- got: A C X+ X- Y- Z+ Z-
- 1123614566 2005.08.09 R00-M0-N4-C:J11-U11 2005-08-09-12.09.26.197896 R00-M0-N4-C:J11-U11 RAS KERNEL FATAL rts tree/torus link training failed: wanted: B C X+ X- Y+ Y- Z+ Z- got: B C X+ X- Y- Z+ Z-
- 1123614566 2005.08.09 R00-M0-N4-C:J17-U11 2005-08-09-12.09.26.388663 R00-M0-N4-C:J17-U11 RAS KERNEL FATAL rts tree/torus link training failed: wanted: A C X+ X- Y+ Y- Z+ Z- got: A C X+ X- Y- Z+ Z-
- 1123614566 2005.08.09 R00-M0-N4-C:J04-U01 2005-08-09-12.09.26.975168 R00-M0-N4-C:J04-U01 RAS KERNEL FATAL rts tree/torus link training failed: wanted: A B C X+ X- Y+ Y- Z+ Z- got: A B C X- Y+ Y- Z+ Z-
- 1123614567 2005.08.09 R00-M0-N4-C:J04-U11 2005-08-09-12.09.27.071294 R00-M0-N4-C:J04-U11 RAS KERNEL FATAL rts tree/torus link training failed: wanted: A B C X+ X- Y+ Y- Z+ Z- got: A B C X- Y+ Y- Z+ Z-
- 1123614567 2005.08.09 R00-M0-N2-C:J11-U11 2005-08-09-12.09.27.556178 R00-M0-N2-C:J11-U11 RAS KERNEL FATAL rts tree/torus link training failed: wanted: B C X+ X- Y+ Y- Z+ Z- got: B C X+ X- Y- Z+ Z-
- 1123614568 2005.08.09 R00-M0-N2-C:J03-U11 2005-08-09-12.09.28.206971 R00-M0-N2-C:J03-U11 RAS KERNEL FATAL rts tree/torus link training failed: wanted: B C X+ X- Y+ Y- Z+ Z- got: B C X- Y- Z+ Z-
- 1123614571 2005.08.09 R00-M0-N6-C:J11-U11 2005-08-09-12.09.31.796802 R00-M0-N6-C:J11-U11 RAS KERNEL FATAL rts tree/torus link training failed: wanted: B C X+ X- Y+ Y- Z+ Z- got: B C X+ X- Y- Z+ Z-
- 1123614571 2005.08.09 R00-M0-N6-C:J05-U01 2005-08-09-12.09.31.952886 R00-M0-N6-C:J05-U01 RAS KERNEL FATAL rts tree/torus link training failed: wanted: C X+ X- Y+ Y- Z+ Z- got: C X- Y+ Y- Z+
- 1123614572 2005.08.09 R00-M0-N6-C:J05-U11 2005-08-09-12.09.32.144491 R00-M0-N6-C:J05-U11 RAS KERNEL FATAL rts tree/torus link training failed: wanted: A B C X+ X- Y+ Y- Z+ Z- got: A B C X- Y- Z+
- 1123614572 2005.08.09 R00-M0-N6-C:J07-U11 2005-08-09-12.09.32.348370 R00-M0-N6-C:J07-U11 RAS KERNEL FATAL rts tree/torus link training failed: wanted: A B C X+ X- Y+ Y- Z+ Z- got: A B C X+ X- Y- Z+ Z-
- 1123614572 2005.08.09 R00-M0-N6-C:J17-U01 2005-08-09-12.09.32.443504 R00-M0-N6-C:J17-U01 RAS KERNEL FATAL rts tree/torus link training failed: wanted: A C X+ X- Y+ Y- Z+ Z- got: A C X+ X- Y+ Y- Z+
- 1123614572 2005.08.09 R00-M0-N6-C:J12-U11 2005-08-09-12.09.32.862205 R00-M0-N6-C:J12-U11 RAS KERNEL FATAL rts tree/torus link training failed: wanted: A B C X+ X- Y+ Y- Z+ Z- got: A B C X+ X- Y+ Y- Z+
- 1123614573 2005.08.09 R00-M0-N1-C:J15-U11 2005-08-09-12.09.33.579795 R00-M0-N1-C:J15-U11 RAS KERNEL FATAL rts tree/torus link training failed: wanted: C X+ X- Y+ Y- Z+ Z- got: C X+ Y- Z-
- 1123614573 2005.08.09 R00-M0-N1-C:J13-U11 2005-08-09-12.09.33.663516 R00-M0-N1-C:J13-U11 RAS KERNEL FATAL rts tree/torus link training failed: wanted: A B C X+ X- Y+ Y- Z+ Z- got: A B C X+ X- Y- Z+ Z-
- 1123614573 2005.08.09 R00-M0-N1-C:J17-U11 2005-08-09-12.09.33.693559 R00-M0-N1-C:J17-U11 RAS KERNEL FATAL rts tree/torus link training failed: wanted: A C X+ X- Y+ Y- Z+ Z- got: A C X+ Y- Z+ Z-
- 1123614573 2005.08.09 R00-M0-N1-C:J03-U01 2005-08-09-12.09.33.735572 R00-M0-N1-C:J03-U01 RAS KERNEL FATAL rts tree/torus link training failed: wanted: A C X+ X- Y+ Y- Z+ Z- got: A C X+ X- Y+ Y- Z-
- 1123614574 2005.08.09 R00-M0-N1-C:J07-U01 2005-08-09-12.09.34.094974 R00-M0-N1-C:J07-U01 RAS KERNEL FATAL rts tree/torus link training failed: wanted: A B C X+ X- Y+ Y- Z+ Z- got: A B C X+ X- Y+ Y- Z-
- 1123614574 2005.08.09 R00-M0-N1-C:J14-U11 2005-08-09-12.09.34.280908 R00-M0-N1-C:J14-U11 RAS KERNEL FATAL rts tree/torus link training failed: wanted: A C X+ X- Y+ Y- Z+ Z- got: A C X+ Y+ Y- Z-
- 1123614574 2005.08.09 R00-M0-N1-C:J16-U01 2005-08-09-12.09.34.651291 R00-M0-N1-C:J16-U01 RAS KERNEL FATAL rts tree/torus link training failed: wanted: A C X+ X- Y+ Y- Z+ Z- got: A C X+ Y+ Y- Z+ Z-
- 1123614574 2005.08.09 R00-M0-N1-C:J10-U01 2005-08-09-12.09.34.742212 R00-M0-N1-C:J10-U01 RAS KERNEL FATAL rts tree/torus link training failed: wanted: A B C X+ X- Y+ Y- Z+ Z- got: A B C X+ X- Y+ Y- Z-
- 1123614574 2005.08.09 R00-M0-N1-C:J06-U01 2005-08-09-12.09.34.783946 R00-M0-N1-C:J06-U01 RAS KERNEL FATAL rts tree/torus link training failed: wanted: A B C X+ X- Y+ Y- Z+ Z- got: A B C X+ X- Y+ Y- Z-
- 1123614579 2005.08.09 R00-M0-N9-C:J17-U01 2005-08-09-12.09.39.045144 R00-M0-N9-C:J17-U01 RAS KERNEL FATAL rts tree/torus link training failed: wanted: A C X+ X- Y+ Y- Z+ Z- got: A C X+ Y+ Y- Z+ Z-
- 1123614579 2005.08.09 R00-M0-N9-C:J16-U11 2005-08-09-12.09.39.134794 R00-M0-N9-C:J16-U11 RAS KERNEL FATAL rts tree/torus link training failed: wanted: C X+ X- Y+ Y- Z+ Z- got: C X+ Y+ Y- Z+ Z-
- 1123614579 2005.08.09 R00-M0-N7-C:J15-U11 2005-08-09-12.09.39.820457 R00-M0-N7-C:J15-U11 RAS KERNEL FATAL rts tree/torus link training failed: wanted: C X+ X- Y+ Y- Z+ Z- got: C X+ Y- Z+ Z-
- 1123614579 2005.08.09 R00-M0-N7-C:J05-U01 2005-08-09-12.09.39.945493 R00-M0-N7-C:J05-U01 RAS KERNEL FATAL rts tree/torus link training failed: wanted: C X+ X- Y+ Y- Z+ Z- got: C X+ X- Y+ Y- Z+
- 1123614580 2005.08.09 R00-M0-N7-C:J05-U11 2005-08-09-12.09.40.054379 R00-M0-N7-C:J05-U11 RAS KERNEL FATAL rts tree/torus link training failed: wanted: A B C X+ X- Y+ Y- Z+ Z- got: A B C X+ X- Y- Z+
- 1123614580 2005.08.09 R00-M0-N7-C:J03-U11 2005-08-09-12.09.40.090117 R00-M0-N7-C:J03-U11 RAS KERNEL FATAL rts tree/torus link training failed: wanted: B C X+ X- Y+ Y- Z+ Z- got: B C X+ X- Y- Z+ Z-
- 1123614580 2005.08.09 R00-M0-N7-C:J15-U01 2005-08-09-12.09.40.264123 R00-M0-N7-C:J15-U01 RAS KERNEL FATAL rts tree/torus link training failed: wanted: A C X+ X- Y+ Y- Z+ Z- got: A C X+ Y+ Y- Z+ Z-
- 1123614580 2005.08.09 R00-M0-N7-C:J13-U01 2005-08-09-12.09.40.431747 R00-M0-N7-C:J13-U01 RAS KERNEL FATAL rts tree/torus link training failed: wanted: A B C X+ X- Y+ Y- Z+ Z- got: A B C X+ X- Y+ Y- Z+
- 1123614581 2005.08.09 R00-M0-N7-C:J12-U01 2005-08-09-12.09.41.112723 R00-M0-N7-C:J12-U01 RAS KERNEL FATAL rts tree/torus link training failed: wanted: A B C X+ X- Y+ Y- Z+ Z- got: A B C X+ X- Y+ Y- Z+
- 1123614582 2005.08.09 R00-M0-N0-C:J11-U11 2005-08-09-12.09.42.722671 R00-M0-N0-C:J11-U11 RAS KERNEL FATAL rts tree/torus link training failed: wanted: B C X+ X- Y+ Y- Z+ Z- got: B C X+ X- Y- Z-
- 1123614583 2005.08.09 R00-M0-N0-C:J03-U11 2005-08-09-12.09.43.399253 R00-M0-N0-C:J03-U11 RAS KERNEL FATAL rts tree/torus link training failed: wanted: B C X+ X- Y+ Y- Z+ Z- got: B C X- Y- Z-
- 1123614583 2005.08.09 R00-M0-N0-C:J14-U01 2005-08-09-12.09.43.872211 R00-M0-N0-C:J14-U01 RAS KERNEL FATAL rts tree/torus link training failed: wanted: A C X+ X- Y+ Y- Z+ Z- got: A C X+ X- Y+ Y- Z-
- 1123614584 2005.08.09 R00-M0-N0-C:J04-U01 2005-08-09-12.09.44.052095 R00-M0-N0-C:J04-U01 RAS KERNEL FATAL rts tree/torus link training failed: wanted: A B C X+ X- Y+ Y- Z+ Z- got: A B C X- Y+ Y- Z+ Z-
- 1123614584 2005.08.09 R00-M0-N0-C:J04-U11 2005-08-09-12.09.44.232139 R00-M0-N0-C:J04-U11 RAS KERNEL FATAL rts tree/torus link training failed: wanted: A C X+ X- Y+ Y- Z+ Z- got: A C X- Y+ Y- Z+ Z-
- 1123614584 2005.08.09 R00-M0-N8-C:J15-U11 2005-08-09-12.09.44.512270 R00-M0-N8-C:J15-U11 RAS KERNEL FATAL rts tree/torus link training failed: wanted: C X+ X- Y+ Y- Z+ Z- got: C X+ X- Y+ Y- Z-
- 1123614584 2005.08.09 R00-M0-N8-C:J11-U11 2005-08-09-12.09.44.602576 R00-M0-N8-C:J11-U11 RAS KERNEL FATAL rts tree/torus link training failed: wanted: B C X+ X- Y+ Y- Z+ Z- got: B C X+ X- Y+ Y- Z-
- 1123614584 2005.08.09 R00-M0-N8-C:J05-U11 2005-08-09-12.09.44.871365 R00-M0-N8-C:J05-U11 RAS KERNEL FATAL rts tree/torus link training failed: wanted: A B C X+ X- Y+ Y- Z+ Z- got: A B C X- Y+ Y- Z+ Z-
- 1123614585 2005.08.09 R00-M0-N8-C:J15-U01 2005-08-09-12.09.45.086460 R00-M0-N8-C:J15-U01 RAS KERNEL FATAL rts tree/torus link training failed: wanted: A B C X+ X- Y+ Y- Z+ Z- got: A B C X+ X- Y+ Y- Z-
- 1123614585 2005.08.09 R00-M0-N8-C:J07-U01 2005-08-09-12.09.45.278354 R00-M0-N8-C:J07-U01 RAS KERNEL FATAL rts tree/torus link training failed: wanted: A B C X+ X- Y+ Y- Z+ Z- got: A B C X+ X- Y+ Y- Z-
- 1123614585 2005.08.09 R00-M0-N8-C:J10-U11 2005-08-09-12.09.45.458062 R00-M0-N8-C:J10-U11 RAS KERNEL FATAL rts tree/torus link training failed: wanted: B C X+ X- Y+ Y- Z+ Z- got: B C X+ X- Y+ Y- Z-
- 1123614585 2005.08.09 R00-M0-N8-C:J06-U11 2005-08-09-12.09.45.547510 R00-M0-N8-C:J06-U11 RAS KERNEL FATAL rts tree/torus link training failed: wanted: B C X+ X- Y+ Y- Z+ Z- got: B C X+ X- Y+ Y- Z-
KERNRTSP 1123614586 2005.08.09 R00-M0-N5-C:J11-U11 2005-08-09-12.09.46.730459 R00-M0-N5-C:J11-U11 RAS KERNEL FATAL rts panic! - stopping execution
KERNRTSP 1123614586 2005.08.09 R00-M0-N5-C:J13-U11 2005-08-09-12.09.46.751702 R00-M0-N5-C:J13-U11 RAS KERNEL FATAL rts panic! - stopping execution
KERNRTSP 1123614586 2005.08.09 R00-M0-N5-C:J17-U11 2005-08-09-12.09.46.772358 R00-M0-N5-C:J17-U11 RAS KERNEL FATAL rts panic! - stopping execution
KERNRTSP 1123614586 2005.08.09 R00-M0-N5-C:J05-U11 2005-08-09-12.09.46.793889 R00-M0-N5-C:J05-U11 RAS KERNEL FATAL rts panic! - stopping execution
KERNRTSP 1123614586 2005.08.09 R00-M0-N5-C:J17-U01 2005-08-09-12.09.46.873338 R00-M0-N5-C:J17-U01 RAS KERNEL FATAL rts panic! - stopping execution
KERNRTSP 1123614586 2005.08.09 R00-M0-N3-C:J09-U11 2005-08-09-12.09.46.981269 R00-M0-N3-C:J09-U11 RAS KERNEL FATAL rts panic! - stopping execution
KERNRTSP 1123614587 2005.08.09 R00-M0-N3-C:J17-U11 2005-08-09-12.09.47.052879 R00-M0-N3-C:J17-U11 RAS KERNEL FATAL rts panic! - stopping execution
KERNRTSP 1123614587 2005.08.09 R00-M0-N3-C:J15-U01 2005-08-09-12.09.47.136757 R00-M0-N3-C:J15-U01 RAS KERNEL FATAL rts panic! - stopping execution
KERNRTSP 1123614587 2005.08.09 R00-M0-N4-C:J09-U11 2005-08-09-12.09.47.248127 R00-M0-N4-C:J09-U11 RAS KERNEL FATAL rts panic! - stopping execution
KERNRTSP 1123614587 2005.08.09 R00-M0-N4-C:J11-U11 2005-08-09-12.09.47.292510 R00-M0-N4-C:J11-U11 RAS KERNEL FATAL rts panic! - stopping execution
KERNRTSP 1123614587 2005.08.09 R00-M0-N4-C:J17-U11 2005-08-09-12.09.47.340266 R00-M0-N4-C:J17-U11 RAS KERNEL FATAL rts panic! - stopping execution
KERNRTSP 1123614587 2005.08.09 R00-M0-N4-C:J04-U01 2005-08-09-12.09.47.448082 R00-M0-N4-C:J04-U01 RAS KERNEL FATAL rts panic! - stopping execution
KERNRTSP 1123614587 2005.08.09 R00-M0-N4-C:J04-U11 2005-08-09-12.09.47.465841 R00-M0-N4-C:J04-U11 RAS KERNEL FATAL rts panic! - stopping execution
KERNRTSP 1123614587 2005.08.09 R00-M0-N2-C:J11-U11 2005-08-09-12.09.47.561929 R00-M0-N2-C:J11-U11 RAS KERNEL FATAL rts panic! - stopping execution
KERNRTSP 1123614587 2005.08.09 R00-M0-N2-C:J03-U11 2005-08-09-12.09.47.687670 R00-M0-N2-C:J03-U11 RAS KERNEL FATAL rts panic! - stopping execution
KERNRTSP 1123614588 2005.08.09 R00-M0-N6-C:J11-U11 2005-08-09-12.09.48.945968 R00-M0-N6-C:J11-U11 RAS KERNEL FATAL rts panic! - stopping execution
KERNRTSP 1123614589 2005.08.09 R00-M0-N6-C:J05-U01 2005-08-09-12.09.49.008419 R00-M0-N6-C:J05-U01 RAS KERNEL FATAL rts panic! - stopping execution
KERNRTSP 1123614589 2005.08.09 R00-M0-N6-C:J05-U11 2005-08-09-12.09.49.050385 R00-M0-N6-C:J05-U11 RAS KERNEL FATAL rts panic! - stopping execution
KERNRTSP 1123614589 2005.08.09 R00-M0-N6-C:J07-U11 2005-08-09-12.09.49.098388 R00-M0-N6-C:J07-U11 RAS KERNEL FATAL rts panic! - stopping execution
KERNRTSP 1123614589 2005.08.09 R00-M0-N6-C:J17-U01 2005-08-09-12.09.49.123042 R00-M0-N6-C:J17-U01 RAS KERNEL FATAL rts panic! - stopping execution
KERNRTSP 1123614589 2005.08.09 R00-M0-N6-C:J12-U11 2005-08-09-12.09.49.230501 R00-M0-N6-C:J12-U11 RAS KERNEL FATAL rts panic! - stopping execution
KERNRTSP 1123614589 2005.08.09 R00-M0-N1-C:J15-U11 2005-08-09-12.09.49.410186 R00-M0-N1-C:J15-U11 RAS KERNEL FATAL rts panic! - stopping execution
KERNRTSP 1123614589 2005.08.09 R00-M0-N1-C:J13-U11 2005-08-09-12.09.49.446088 R00-M0-N1-C:J13-U11 RAS KERNEL FATAL rts panic! - stopping execution
KERNRTSP 1123614589 2005.08.09 R00-M0-N1-C:J17-U11 2005-08-09-12.09.49.464262 R00-M0-N1-C:J17-U11 RAS KERNEL FATAL rts panic! - stopping execution
KERNRTSP 1123614589 2005.08.09 R00-M0-N1-C:J03-U01 2005-08-09-12.09.49.482053 R00-M0-N1-C:J03-U01 RAS KERNEL FATAL rts panic! - stopping execution
KERNRTSP 1123614589 2005.08.09 R00-M0-N1-C:J07-U01 2005-08-09-12.09.49.625707 R00-M0-N1-C:J07-U01 RAS KERNEL FATAL rts panic! - stopping execution
KERNRTSP 1123614589 2005.08.09 R00-M0-N1-C:J14-U11 2005-08-09-12.09.49.661764 R00-M0-N1-C:J14-U11 RAS KERNEL FATAL rts panic! - stopping execution
KERNRTSP 1123614589 2005.08.09 R00-M0-N1-C:J16-U01 2005-08-09-12.09.49.733407 R00-M0-N1-C:J16-U01 RAS KERNEL FATAL rts panic! - stopping execution
KERNRTSP 1123614589 2005.08.09 R00-M0-N1-C:J10-U01 2005-08-09-12.09.49.757295 R00-M0-N1-C:J10-U01 RAS KERNEL FATAL rts panic! - stopping execution
KERNRTSP 1123614589 2005.08.09 R00-M0-N1-C:J06-U01 2005-08-09-12.09.49.775574 R00-M0-N1-C:J06-U01 RAS KERNEL FATAL rts panic! - stopping execution
KERNRTSP 1123614590 2005.08.09 R00-M0-N9-C:J17-U01 2005-08-09-12.09.50.900369 R00-M0-N9-C:J17-U01 RAS KERNEL FATAL rts panic! - stopping execution
KERNRTSP 1123614590 2005.08.09 R00-M0-N9-C:J16-U11 2005-08-09-12.09.50.954183 R00-M0-N9-C:J16-U11 RAS KERNEL FATAL rts panic! - stopping execution
KERNRTSP 1123614591 2005.08.09 R00-M0-N7-C:J15-U11 2005-08-09-12.09.51.217370 R00-M0-N7-C:J15-U11 RAS KERNEL FATAL rts panic! - stopping execution
KERNRTSP 1123614591 2005.08.09 R00-M0-N7-C:J05-U01 2005-08-09-12.09.51.295238 R00-M0-N7-C:J05-U01 RAS KERNEL FATAL rts panic! - stopping execution
KERNRTSP 1123614591 2005.08.09 R00-M0-N7-C:J05-U11 2005-08-09-12.09.51.313244 R00-M0-N7-C:J05-U11 RAS KERNEL FATAL rts panic! - stopping execution
KERNRTSP 1123614591 2005.08.09 R00-M0-N7-C:J03-U11 2005-08-09-12.09.51.331149 R00-M0-N7-C:J03-U11 RAS KERNEL FATAL rts panic! - stopping execution
KERNRTSP 1123614591 2005.08.09 R00-M0-N7-C:J15-U01 2005-08-09-12.09.51.367254 R00-M0-N7-C:J15-U01 RAS KERNEL FATAL rts panic! - stopping execution
KERNRTSP 1123614591 2005.08.09 R00-M0-N7-C:J13-U01 2005-08-09-12.09.51.402910 R00-M0-N7-C:J13-U01 RAS KERNEL FATAL rts panic! - stopping execution
KERNRTSP 1123614591 2005.08.09 R00-M0-N7-C:J12-U01 2005-08-09-12.09.51.570842 R00-M0-N7-C:J12-U01 RAS KERNEL FATAL rts panic! - stopping execution
KERNRTSP 1123614591 2005.08.09 R00-M0-N0-C:J11-U11 2005-08-09-12.09.51.954245 R00-M0-N0-C:J11-U11 RAS KERNEL FATAL rts panic! - stopping execution
KERNRTSP 1123614592 2005.08.09 R00-M0-N0-C:J03-U11 2005-08-09-12.09.52.074557 R00-M0-N0-C:J03-U11 RAS KERNEL FATAL rts panic! - stopping execution
KERNRTSP 1123614592 2005.08.09 R00-M0-N0-C:J14-U01 2005-08-09-12.09.52.222831 R00-M0-N0-C:J14-U01 RAS KERNEL FATAL rts panic! - stopping execution
KERNRTSP 1123614592 2005.08.09 R00-M0-N0-C:J04-U01 2005-08-09-12.09.52.258822 R00-M0-N0-C:J04-U01 RAS KERNEL FATAL rts panic! - stopping execution
KERNRTSP 1123614592 2005.08.09 R00-M0-N0-C:J04-U11 2005-08-09-12.09.52.300716 R00-M0-N0-C:J04-U11 RAS KERNEL FATAL rts panic! - stopping execution
KERNRTSP 1123614592 2005.08.09 R00-M0-N8-C:J15-U11 2005-08-09-12.09.52.366726 R00-M0-N8-C:J15-U11 RAS KERNEL FATAL rts panic! - stopping execution
KERNRTSP 1123614592 2005.08.09 R00-M0-N8-C:J11-U11 2005-08-09-12.09.52.384539 R00-M0-N8-C:J11-U11 RAS KERNEL FATAL rts panic! - stopping execution
KERNRTSP 1123614592 2005.08.09 R00-M0-N8-C:J05-U11 2005-08-09-12.09.52.438392 R00-M0-N8-C:J05-U11 RAS KERNEL FATAL rts panic! - stopping execution
KERNRTSP 1123614592 2005.08.09 R00-M0-N8-C:J15-U01 2005-08-09-12.09.52.492432 R00-M0-N8-C:J15-U01 RAS KERNEL FATAL rts panic! - stopping execution
KERNRTSP 1123614592 2005.08.09 R00-M0-N8-C:J07-U01 2005-08-09-12.09.52.540170 R00-M0-N8-C:J07-U01 RAS KERNEL FATAL rts panic! - stopping execution
KERNRTSP 1123614592 2005.08.09 R00-M0-N8-C:J10-U11 2005-08-09-12.09.52.576181 R00-M0-N8-C:J10-U11 RAS KERNEL FATAL rts panic! - stopping execution
KERNRTSP 1123614592 2005.08.09 R00-M0-N8-C:J06-U11 2005-08-09-12.09.52.593972 R00-M0-N8-C:J06-U11 RAS KERNEL FATAL rts panic! - stopping execution
