nova-scheduler.log.2017-05-14_21:27:04 2017-05-14 21:06:29.407 25998 INFO nova.scheduler.host_manager [req-fb557261-1b79-4d86-8aa2-054b270f6b5c - - - - -] The instance sync for host 'cp-1.slowvm1.tcloud-pg0.utah.cloudlab.us' did not match. Re-created its InstanceList.
nova-scheduler.log.2017-05-14_21:27:04 2017-05-14 21:08:34.126 25998 INFO nova.scheduler.host_manager [req-fbf46be5-5820-489a-ab2c-f2c187831cac - - - - -] Successfully synced instances from host 'cp-1.slowvm1.tcloud-pg0.utah.cloudlab.us'.
nova-scheduler.log.2017-05-14_21:27:04 2017-05-14 21:10:34.369 25998 INFO nova.scheduler.host_manager [req-15eba227-3304-4f5e-9e27-e2912ec6e8d8 - - - - -] Successfully synced instances from host 'cp-1.slowvm1.tcloud-pg0.utah.cloudlab.us'.
nova-scheduler.log.2017-05-14_21:27:04 2017-05-14 21:12:34.414 25998 INFO nova.scheduler.host_manager [req-10600ecb-e63d-477c-8ae3-5cebf3b6d391 - - - - -] The instance sync for host 'cp-1.slowvm1.tcloud-pg0.utah.cloudlab.us' did not match. Re-created its InstanceList.
nova-scheduler.log.2017-05-14_21:27:04 2017-05-14 21:14:39.404 25998 INFO nova.scheduler.host_manager [req-5a1bf4bf-a370-41bd-96b6-07a360ddd90c - - - - -] The instance sync for host 'cp-1.slowvm1.tcloud-pg0.utah.cloudlab.us' did not match. Re-created its InstanceList.
nova-scheduler.log.2017-05-14_21:27:04 2017-05-14 21:16:41.409 25998 INFO nova.scheduler.host_manager [req-4898a1d6-3b6d-4bfd-b3f4-58f51903a545 - - - - -] The instance sync for host 'cp-1.slowvm1.tcloud-pg0.utah.cloudlab.us' did not match. Re-created its InstanceList.
nova-scheduler.log.2017-05-14_21:27:04 2017-05-14 21:18:44.153 25998 INFO nova.scheduler.host_manager [req-fbe7c0b1-e5b8-43a8-bbbc-ecd5e889ce75 - - - - -] The instance sync for host 'cp-1.slowvm1.tcloud-pg0.utah.cloudlab.us' did not match. Re-created its InstanceList.
nova-scheduler.log.2017-05-14_21:27:04 2017-05-14 21:20:46.234 25998 INFO nova.scheduler.host_manager [req-03644273-6af4-4374-996b-f51223ef2bea - - - - -] The instance sync for host 'cp-1.slowvm1.tcloud-pg0.utah.cloudlab.us' did not match. Re-created its InstanceList.
nova-scheduler.log.2017-05-14_21:27:04 2017-05-14 21:22:46.215 25998 INFO nova.scheduler.host_manager [req-a450893e-c031-43a3-95e7-0fb01fe56c29 - - - - -] The instance sync for host 'cp-1.slowvm1.tcloud-pg0.utah.cloudlab.us' did not match. Re-created its InstanceList.
nova-scheduler.log.2017-05-14_21:27:04 2017-05-14 21:24:46.294 25998 INFO nova.scheduler.host_manager [req-839387b1-ea43-4f16-8f3e-c245bfc07e24 - - - - -] Successfully synced instances from host 'cp-1.slowvm1.tcloud-pg0.utah.cloudlab.us'.
nova-scheduler.log.2017-05-14_21:27:04 2017-05-14 21:26:50.153 25998 INFO nova.scheduler.host_manager [req-1d71fd11-0c57-41e2-8b11-c44950f15ebe - - - - -] Successfully synced instances from host 'cp-1.slowvm1.tcloud-pg0.utah.cloudlab.us'.
nova-scheduler.log.2017-05-14_21:56:07 2017-05-14 21:28:52.299 25998 INFO nova.scheduler.host_manager [req-f30fbf14-fa3c-4f3e-9230-3434870c33e0 - - - - -] Successfully synced instances from host 'cp-1.slowvm1.tcloud-pg0.utah.cloudlab.us'.
nova-scheduler.log.2017-05-14_21:56:07 2017-05-14 21:30:53.166 25998 INFO nova.scheduler.host_manager [req-44f63a20-dd13-40fb-a883-8921e98cc56f - - - - -] Successfully synced instances from host 'cp-1.slowvm1.tcloud-pg0.utah.cloudlab.us'.
nova-scheduler.log.2017-05-14_21:56:07 2017-05-14 21:32:56.296 25998 INFO nova.scheduler.host_manager [req-098b2a78-4b71-4e8d-9930-255b16ec5877 - - - - -] Successfully synced instances from host 'cp-1.slowvm1.tcloud-pg0.utah.cloudlab.us'.
nova-scheduler.log.2017-05-14_21:56:07 2017-05-14 21:35:00.125 25998 INFO nova.scheduler.host_manager [req-0db381fb-6bd4-483f-84ef-be240403b754 - - - - -] Successfully synced instances from host 'cp-1.slowvm1.tcloud-pg0.utah.cloudlab.us'.
nova-scheduler.log.2017-05-14_21:56:07 2017-05-14 21:37:03.139 25998 INFO nova.scheduler.host_manager [req-d2b41c68-349c-4e94-9422-6d899f855e27 - - - - -] Successfully synced instances from host 'cp-1.slowvm1.tcloud-pg0.utah.cloudlab.us'.
nova-scheduler.log.2017-05-14_21:56:07 2017-05-14 21:39:06.154 25998 INFO nova.scheduler.host_manager [req-de57671f-aed7-47d7-97f9-777688a0f868 - - - - -] Successfully synced instances from host 'cp-1.slowvm1.tcloud-pg0.utah.cloudlab.us'.
nova-scheduler.log.2017-05-14_21:56:07 2017-05-14 21:41:11.303 25998 INFO nova.scheduler.host_manager [req-98cf221c-1bb9-4ef8-9be4-06b9a4e79287 - - - - -] Successfully synced instances from host 'cp-1.slowvm1.tcloud-pg0.utah.cloudlab.us'.
nova-scheduler.log.2017-05-14_21:56:07 2017-05-14 21:43:16.233 25998 INFO nova.scheduler.host_manager [req-17c2e761-c313-48af-9953-a1575c962b16 - - - - -] The instance sync for host 'cp-1.slowvm1.tcloud-pg0.utah.cloudlab.us' did not match. Re-created its InstanceList.
nova-scheduler.log.2017-05-14_21:56:07 2017-05-14 21:45:17.301 25998 INFO nova.scheduler.host_manager [req-a151ba5f-0d88-4215-ae91-11d38e406adb - - - - -] Successfully synced instances from host 'cp-1.slowvm1.tcloud-pg0.utah.cloudlab.us'.
nova-scheduler.log.2017-05-14_21:56:07 2017-05-14 21:47:19.392 25998 INFO nova.scheduler.host_manager [req-597c1a4d-5bdd-408d-a3d2-1fff242360ba - - - - -] The instance sync for host 'cp-1.slowvm1.tcloud-pg0.utah.cloudlab.us' did not match. Re-created its InstanceList.
nova-scheduler.log.2017-05-14_21:56:07 2017-05-14 21:49:20.370 25998 INFO nova.scheduler.host_manager [req-20365153-2e78-487a-befe-64da2a0edb8f - - - - -] The instance sync for host 'cp-1.slowvm1.tcloud-pg0.utah.cloudlab.us' did not match. Re-created its InstanceList.
nova-scheduler.log.2017-05-14_21:56:07 2017-05-14 21:51:20.222 25998 INFO nova.scheduler.host_manager [req-a291aa1b-265e-4b87-a55e-fd492f8fb1d3 - - - - -] The instance sync for host 'cp-1.slowvm1.tcloud-pg0.utah.cloudlab.us' did not match. Re-created its InstanceList.
nova-scheduler.log.2017-05-14_21:56:07 2017-05-14 21:53:22.316 25998 INFO nova.scheduler.host_manager [req-ce82ff00-7cb3-4291-bdc4-10de03feb88e - - - - -] The instance sync for host 'cp-1.slowvm1.tcloud-pg0.utah.cloudlab.us' did not match. Re-created its InstanceList.
nova-scheduler.log.2017-05-14_21:56:07 2017-05-14 21:55:23.218 25998 INFO nova.scheduler.host_manager [req-11de38bc-f06e-4a2f-8340-43351d007587 - - - - -] The instance sync for host 'cp-1.slowvm1.tcloud-pg0.utah.cloudlab.us' did not match. Re-created its InstanceList.
nova-scheduler.log.1.2017-05-17_12:02:19 2017-05-16 15:16:36.309 25998 INFO nova.scheduler.host_manager [req-9fb3dfd5-1b6b-48b9-89b4-795c1f070a98 - - - - -] Successfully synced instances from host 'cp-1.slowvm1.tcloud-pg0.utah.cloudlab.us'.
