1123031039 2005.08.02 R20-M0-NC 2005-08-02-18.03.59.117038 R20-M0-NC NULL DISCOVERY ERROR Found invalid node ecid in processor card slot J02, ecid 0000000000000000000000000000
1123031039 2005.08.02 R20-M0-NC 2005-08-02-18.03.59.172364 R20-M0-NC NULL DISCOVERY ERROR Node card status: ALERT 0, ALERT 1, ALERT 2, ALERT 3 is (are) active. Clock Mode is Low. Clock Select is Midplane. Phy JTAG Reset is asserted. ASIC JTAG Reset is not asserted. Temperature Mask is not active. No temperature error. Temperature Limit Error Latch is clear. PGOOD is asserted. PGOOD error latch is clear. MPGOOD is OK. MPGOOD error latch is clear. The 2.5 volt rail is OK. The 1.5 volt rail is OK.
1123031039 2005.08.02 R20-M0-NC 2005-08-02-18.03.59.179945 R20-M0-NC NULL DISCOVERY ERROR Found invalid node ecid in processor card slot J02, ecid 0000000000000000000000000000
1123031039 2005.08.02 R20-M0-NC 2005-08-02-18.03.59.185362 R20-M0-NC NULL DISCOVERY INFO Node card VPD check: U01 node in processor card slot J02 do not match. VPD ecid 04C18203C02FFFFF030E1B308ED8, found 0000000000000000000000000000
1123031039 2005.08.02 R20-M0-NC 2005-08-02-18.03.59.190068 R20-M0-NC NULL DISCOVERY INFO Node card VPD check: U11 node in processor card slot J02 do not match. VPD ecid 04D78203212FFFFF0C0E1B6050DD, found 0000000000000000000000000000
1123031039 2005.08.02 R20-M0-NC 2005-08-02-18.03.59.268673 R20-M0-NC NULL DISCOVERY ERROR Found invalid node ecid in processor card slot J03, ecid 0000000000000000000000000000
1123031039 2005.08.02 R20-M0-NC 2005-08-02-18.03.59.271292 R20-M0-NC NULL DISCOVERY ERROR Found invalid node ecid in processor card slot J03, ecid 0000000000000000000000000000
1123031039 2005.08.02 R20-M0-NC 2005-08-02-18.03.59.276735 R20-M0-NC NULL DISCOVERY INFO Node card VPD check: U01 node in processor card slot J03 do not match. VPD ecid 04C18203C02FFFFF0E0A1AB08AD0, found 0000000000000000000000000000
1123031039 2005.08.02 R20-M0-NC 2005-08-02-18.03.59.282382 R20-M0-NC NULL DISCOVERY INFO Node card VPD check: U11 node in processor card slot J03 do not match. VPD ecid 04E38202962FFFFF0A0F1AD08ED2, found 0000000000000000000000000000
1123031039 2005.08.02 R20-M0-NC 2005-08-02-18.03.59.287554 R20-M0-NC NULL DISCOVERY ERROR Found invalid node ecid in processor card slot J04, ecid 0000000000000000000000000000
1123031039 2005.08.02 R20-M0-NC 2005-08-02-18.03.59.289933 R20-M0-NC NULL DISCOVERY ERROR Found invalid node ecid in processor card slot J04, ecid 0000000000000000000000000000
1123031039 2005.08.02 R20-M1-N9 2005-08-02-18.03.59.351716 R20-M1-N9 NULL DISCOVERY WARNING Node card is not fully functional
1123031039 2005.08.02 R20-M0-NC 2005-08-02-18.03.59.355207 R20-M0-NC NULL DISCOVERY INFO Node card VPD check: U01 node in processor card slot J04 do not match. VPD ecid 04E28203C32FFFFF06051B2048D8, found 0000000000000000000000000000
1123031039 2005.08.02 R20-M0-NC 2005-08-02-18.03.59.361068 R20-M0-NC NULL DISCOVERY INFO Node card VPD check: U11 node in processor card slot J04 do not match. VPD ecid 04E28203C32FFFFF050F1B904CE0, found 0000000000000000000000000000
1123031039 2005.08.02 R20-M0-NC 2005-08-02-18.03.59.366272 R20-M0-NC NULL DISCOVERY ERROR Found invalid node ecid in processor card slot J05, ecid 0000000000000000000000000000
1123031039 2005.08.02 R20-M0-NC 2005-08-02-18.03.59.368994 R20-M0-NC NULL DISCOVERY ERROR Found invalid node ecid in processor card slot J05, ecid 0000000000000000000000000000
1123031039 2005.08.02 R20-M0-NC 2005-08-02-18.03.59.374340 R20-M0-NC NULL DISCOVERY INFO Node card VPD check: U01 node in processor card slot J05 do not match. VPD ecid 04E28203C32FFFFF0C0D1BB056E3, found 0000000000000000000000000000
1123031039 2005.08.02 R20-M1-N9 2005-08-02-18.03.59.380642 R20-M1-N9 NULL DISCOVERY SEVERE Can not get assembly information for node card
1123031039 2005.08.02 R20-M0-NC 2005-08-02-18.03.59.384296 R20-M0-NC NULL DISCOVERY INFO Node card VPD check: U11 node in processor card slot J05 do not match. VPD ecid 04C18203C02FFFFF09071A7088C9, found 0000000000000000000000000000
1123031039 2005.08.02 R20-M0-NC 2005-08-02-18.03.59.389500 R20-M0-NC NULL DISCOVERY ERROR Found invalid node ecid in processor card slot J06, ecid 0000000000000000000000000000
1123031039 2005.08.02 R20-M1-N9 2005-08-02-18.03.59.393018 R20-M1-N9 NULL DISCOVERY ERROR Node card status: no ALERTs are active. Clock Mode is Low. Clock Select is Midplane. Phy JTAG Reset is asserted. ASIC JTAG Reset is asserted. Temperature Mask is not active. No temperature error. Temperature Limit Error Latch is clear. PGOOD IS NOT ASSERTED. PGOOD ERROR LATCH IS ACTIVE. MPGOOD IS NOT OK. MPGOOD ERROR LATCH IS ACTIVE. The 2.5 volt rail is OK. The 1.5 volt rail is OK.
1123031039 2005.08.02 R20-M0-NC 2005-08-02-18.03.59.394659 R20-M0-NC NULL DISCOVERY ERROR Found invalid node ecid in processor card slot J06, ecid 0000000000000000000000000000
1123031039 2005.08.02 R20-M0-NC 2005-08-02-18.03.59.399506 R20-M0-NC NULL DISCOVERY INFO Node card VPD check: U01 node in processor card slot J06 do not match. VPD ecid 04E28203C32FFFFF08061A8088CB, found 0000000000000000000000000000
1123031039 2005.08.02 R20-M0-NC 2005-08-02-18.03.59.406101 R20-M0-NC NULL DISCOVERY INFO Node card VPD check: U11 node in processor card slot J06 do not match. VPD ecid 04E28203C32FFFFF0E0D1B804EDF, found 0000000000000000000000000000
1123031039 2005.08.02 R20-M0-NC 2005-08-02-18.03.59.411821 R20-M0-NC NULL DISCOVERY ERROR Found invalid node ecid in processor card slot J07, ecid 0000000000000000000000000000
1123031039 2005.08.02 R20-M0-NC 2005-08-02-18.03.59.414555 R20-M0-NC NULL DISCOVERY ERROR Found invalid node ecid in processor card slot J07, ecid 0000000000000000000000000000
1123031039 2005.08.02 R20-M0-NC 2005-08-02-18.03.59.419552 R20-M0-NC NULL DISCOVERY INFO Node card VPD check: U01 node in processor card slot J07 do not match. VPD ecid 04D78203212FFFFF040C1B905CE1, found 0000000000000000000000000000
1123031039 2005.08.02 R20-M0-NC 2005-08-02-18.03.59.424669 R20-M0-NC NULL DISCOVERY INFO Node card VPD check: U11 node in processor card slot J07 do not match. VPD ecid 04E28203C32FFFFF090D1B8064DE, found 0000000000000000000000000000
1123031039 2005.08.02 R20-M0-NC 2005-08-02-18.03.59.429983 R20-M0-NC NULL DISCOVERY ERROR Found invalid node ecid in processor card slot J08, ecid 0000000000000000000000000000
1123031039 2005.08.02 R20-M0-NC 2005-08-02-18.03.59.433662 R20-M0-NC NULL DISCOVERY ERROR Found invalid node ecid in processor card slot J08, ecid 0000000000000000000000000000
1123031039 2005.08.02 R20-M0-NC 2005-08-02-18.03.59.439043 R20-M0-NC NULL DISCOVERY INFO Node card VPD check: U01 node in processor card slot J08 do not match. VPD ecid 04E28203C32FFFFF0D0A1AE050D2, found 0000000000000000000000000000
1123031039 2005.08.02 R20-M0-NC 2005-08-02-18.03.59.444018 R20-M0-NC NULL DISCOVERY INFO Node card VPD check: U11 node in processor card slot J08 do not match. VPD ecid 04E28203C32FFFFF09021B6056DD, found 0000000000000000000000000000
1123031039 2005.08.02 R20-M0-NC 2005-08-02-18.03.59.449168 R20-M0-NC NULL DISCOVERY ERROR Found invalid node ecid in processor card slot J09, ecid 0000000000000000000000000000
1123031039 2005.08.02 R20-M0-NC 2005-08-02-18.03.59.451711 R20-M0-NC NULL DISCOVERY ERROR Found invalid node ecid in processor card slot J09, ecid 0000000000000000000000000000
1123031039 2005.08.02 R20-M0-NC 2005-08-02-18.03.59.456687 R20-M0-NC NULL DISCOVERY INFO Node card VPD check: U01 node in processor card slot J09 do not match. VPD ecid 04C18203C02FFFFF0D0E1AE090D3, found 0000000000000000000000000000
1123031039 2005.08.02 R20-M0-NC 2005-08-02-18.03.59.497938 R20-M0-NC NULL DISCOVERY INFO Node card VPD check: U11 node in processor card slot J09 do not match. VPD ecid 04E28203C32FFFFF070A1A208EC5, found 0000000000000000000000000000
1123031039 2005.08.02 R20-M0-NC 2005-08-02-18.03.59.503410 R20-M0-NC NULL DISCOVERY ERROR Found invalid node ecid in processor card slot J10, ecid 0000000000000000000000000000
1123031039 2005.08.02 R20-M0-NC 2005-08-02-18.03.59.506010 R20-M0-NC NULL DISCOVERY ERROR Found invalid node ecid in processor card slot J10, ecid 0000000000000000000000000000
1123031039 2005.08.02 R20-M0-NC 2005-08-02-18.03.59.510863 R20-M0-NC NULL DISCOVERY INFO Node card VPD check: U01 node in processor card slot J10 do not match. VPD ecid 04C18203C02FFFFF02081AE096D2, found 0000000000000000000000000000
1123031039 2005.08.02 R20-M0-NC 2005-08-02-18.03.59.515790 R20-M0-NC NULL DISCOVERY INFO Node card VPD check: U11 node in processor card slot J10 do not match. VPD ecid 04D78203212FFFFF0C051A5098C6, found 0000000000000000000000000000
1123031039 2005.08.02 R20-M0-NC 2005-08-02-18.03.59.525904 R20-M0-NC NULL DISCOVERY ERROR Found invalid node ecid in processor card slot J11, ecid 0000000000000000000000000000
1123031039 2005.08.02 R20-M0-NC 2005-08-02-18.03.59.528177 R20-M0-NC NULL DISCOVERY ERROR Found invalid node ecid in processor card slot J11, ecid 0000000000000000000000000000
1123031039 2005.08.02 R20-M0-NC 2005-08-02-18.03.59.532961 R20-M0-NC NULL DISCOVERY INFO Node card VPD check: U01 node in processor card slot J11 do not match. VPD ecid 04C18203C02FFFFF0D041AB056D0, found 0000000000000000000000000000
1123031039 2005.08.02 R20-M0-NC 2005-08-02-18.03.59.537785 R20-M0-NC NULL DISCOVERY INFO Node card VPD check: U11 node in processor card slot J11 do not match. VPD ecid 04E28203C32FFFFF03061BB050E5, found 0000000000000000000000000000
1123031039 2005.08.02 R20-M0-NC 2005-08-02-18.03.59.543283 R20-M0-NC NULL DISCOVERY ERROR Found invalid node ecid in processor card slot J12, ecid 0000000000000000000000000000
1123031039 2005.08.02 R20-M0-NC 2005-08-02-18.03.59.545816 R20-M0-NC NULL DISCOVERY ERROR Found invalid node ecid in processor card slot J12, ecid 0000000000000000000000000000
1123031039 2005.08.02 R20-M0-NC 2005-08-02-18.03.59.550722 R20-M0-NC NULL DISCOVERY INFO Node card VPD check: U01 node in processor card slot J12 do not match. VPD ecid 04E38202962FFFFF0A0C1A008EC0, found 0000000000000000000000000000
1123031039 2005.08.02 R20-M0-NC 2005-08-02-18.03.59.555656 R20-M0-NC NULL DISCOVERY INFO Node card VPD check: U11 node in processor card slot J12 do not match. VPD ecid 04E38202962FFFFF0C0F1AD08ED1, found 0000000000000000000000000000
1123031039 2005.08.02 R20-M0-NC 2005-08-02-18.03.59.560728 R20-M0-NC NULL DISCOVERY ERROR Found invalid node ecid in processor card slot J13, ecid 0000000000000000000000000000
1123031039 2005.08.02 R20-M0-NC 2005-08-02-18.03.59.563366 R20-M0-NC NULL DISCOVERY ERROR Found invalid node ecid in processor card slot J13, ecid 0000000000000000000000000000
1123031039 2005.08.02 R20-M0-NC 2005-08-02-18.03.59.568156 R20-M0-NC NULL DISCOVERY INFO Node card VPD check: U01 node in processor card slot J13 do not match. VPD ecid 04C18203C02FFFFF0C041AC08ED0, found 0000000000000000000000000000
1123031039 2005.08.02 R20-M0-NC 2005-08-02-18.03.59.580300 R20-M0-NC NULL DISCOVERY INFO Node card VPD check: U11 node in processor card slot J13 do not match. VPD ecid 04E28203C32FFFFF090F1B604ADC, found 0000000000000000000000000000
1123031039 2005.08.02 R20-M0-NC 2005-08-02-18.03.59.585326 R20-M0-NC NULL DISCOVERY ERROR Found invalid node ecid in processor card slot J14, ecid 0000000000000000000000000000
1123031039 2005.08.02 R20-M0-NC 2005-08-02-18.03.59.587533 R20-M0-NC NULL DISCOVERY ERROR Found invalid node ecid in processor card slot J14, ecid 0000000000000000000000000000
1123031039 2005.08.02 R20-M0-NC 2005-08-02-18.03.59.592377 R20-M0-NC NULL DISCOVERY INFO Node card VPD check: U01 node in processor card slot J14 do not match. VPD ecid 04C18203C02FFFFF060D1B0088D4, found 0000000000000000000000000000
1123031039 2005.08.02 R20-M0-NC 2005-08-02-18.03.59.597516 R20-M0-NC NULL DISCOVERY INFO Node card VPD check: U11 node in processor card slot J14 do not match. VPD ecid 04D78203212FFFFF030A1B2054D8, found 0000000000000000000000000000
1123031039 2005.08.02 R20-M0-NC 2005-08-02-18.03.59.680130 R20-M0-NC NULL DISCOVERY ERROR Found invalid node ecid in processor card slot J15, ecid 0000000000000000000000000000
1123031039 2005.08.02 R20-M0-NC 2005-08-02-18.03.59.682736 R20-M0-NC NULL DISCOVERY ERROR Found invalid node ecid in processor card slot J15, ecid 0000000000000000000000000000
1123031039 2005.08.02 R20-M0-NC 2005-08-02-18.03.59.694689 R20-M0-NC NULL DISCOVERY INFO Node card VPD check: U01 node in processor card slot J15 do not match. VPD ecid 04C18203C02FFFFF09041A7086CA, found 0000000000000000000000000000
1123031039 2005.08.02 R20-M0-NC 2005-08-02-18.03.59.699517 R20-M0-NC NULL DISCOVERY INFO Node card VPD check: U11 node in processor card slot J15 do not match. VPD ecid 04D78203212FFFFF0C041A70D6CA, found 0000000000000000000000000000
1123031039 2005.08.02 R20-M0-NC 2005-08-02-18.03.59.706974 R20-M0-NC NULL DISCOVERY ERROR Found invalid node ecid in processor card slot J16, ecid 0000000000000000000000000000
1123031039 2005.08.02 R20-M0-NC 2005-08-02-18.03.59.709328 R20-M0-NC NULL DISCOVERY ERROR Found invalid node ecid in processor card slot J16, ecid 0000000000000000000000000000
1123031039 2005.08.02 R20-M0-NC 2005-08-02-18.03.59.747762 R20-M0-NC NULL DISCOVERY INFO Node card VPD check: U01 node in processor card slot J16 do not match. VPD ecid 04D78203212FFFFF0A0619B10ABB, found 0000000000000000000000000000
1123031039 2005.08.02 R20-M0-NC 2005-08-02-18.03.59.752665 R20-M0-NC NULL DISCOVERY INFO Node card VPD check: U11 node in processor card slot J16 do not match. VPD ecid 04C18203C02FFFFF05051AF058D4, found 0000000000000000000000000000
1123031039 2005.08.02 R20-M0-NC 2005-08-02-18.03.59.763884 R20-M0-NC NULL DISCOVERY ERROR Found invalid node ecid in processor card slot J17, ecid 0000000000000000000000000000
1123031039 2005.08.02 R20-M0-NC 2005-08-02-18.03.59.766272 R20-M0-NC NULL DISCOVERY ERROR Found invalid node ecid in processor card slot J17, ecid 0000000000000000000000000000
1123031039 2005.08.02 R20-M0-NC 2005-08-02-18.03.59.771357 R20-M0-NC NULL DISCOVERY INFO Node card VPD check: U01 node in processor card slot J17 do not match. VPD ecid 04C18203C02FFFFF05041AE048D3, found 0000000000000000000000000000
1123031039 2005.08.02 R20-M0-NC 2005-08-02-18.03.59.831570 R20-M0-NC NULL DISCOVERY INFO Node card VPD check: U11 node in processor card slot J17 do not match. VPD ecid 04D78203212FFFFF06051A908ECC, found 0000000000000000000000000000
1123031039 2005.08.02 R20-M0-NC 2005-08-02-18.03.59.837027 R20-M0-NC NULL DISCOVERY ERROR Found invalid node ecid in processor card slot J18, ecid 0000000000000000000000000000
1123031039 2005.08.02 R20-M0-NC 2005-08-02-18.03.59.839273 R20-M0-NC NULL DISCOVERY ERROR Found invalid node ecid in processor card slot J18, ecid 0000000000000000000000000000
1123031039 2005.08.02 R20-M0-NC 2005-08-02-18.03.59.843950 R20-M0-NC NULL DISCOVERY INFO Node card VPD check: U01 node in processor card slot J18 do not match. VPD ecid 04C58126562FFFFF0A071A1110C1, found 0000000000000000000000000000
1123031039 2005.08.02 R20-M0-NC 2005-08-02-18.03.59.848769 R20-M0-NC NULL DISCOVERY INFO Node card VPD check: U11 node in processor card slot J18 do not match. VPD ecid 04CD8125622FFFFF0B091AF0D8D4, found 0000000000000000000000000000
1123031045 2005.08.02 R20-M0-NF 2005-08-02-18.04.05.502077 R20-M0-NF NULL DISCOVERY ERROR Found invalid node ecid in processor card slot J02, ecid 0000000000000000000000000000
1123031045 2005.08.02 R20-M0-N9 2005-08-02-18.04.05.505446 R20-M0-N9 NULL DISCOVERY ERROR Found invalid node ecid in processor card slot J02, ecid 0000000000000000000000000000
1123031045 2005.08.02 R20-M0-NF 2005-08-02-18.04.05.514203 R20-M0-NF NULL DISCOVERY ERROR Node card status: ALERT 0, ALERT 1, ALERT 2, ALERT 3 is (are) active. Clock Mode is Low. Clock Select is Midplane. Phy JTAG Reset is asserted. ASIC JTAG Reset is not asserted. Temperature Mask is not active. No temperature error. Temperature Limit Error Latch is clear. PGOOD is asserted. PGOOD error latch is clear. MPGOOD is OK. MPGOOD error latch is clear. The 2.5 volt rail is OK. The 1.5 volt rail is OK.
1123031045 2005.08.02 R20-M0-N9 2005-08-02-18.04.05.519354 R20-M0-N9 NULL DISCOVERY ERROR Node card status: ALERT 0, ALERT 1, ALERT 2, ALERT 3 is (are) active. Clock Mode is Low. Clock Select is Midplane. Phy JTAG Reset is asserted. ASIC JTAG Reset is not asserted. Temperature Mask is not active. No temperature error. Temperature Limit Error Latch is clear. PGOOD is asserted. PGOOD error latch is clear. MPGOOD is OK. MPGOOD error latch is clear. The 2.5 volt rail is OK. The 1.5 volt rail is OK.
1123031045 2005.08.02 R20-M0-NF 2005-08-02-18.04.05.520265 R20-M0-NF NULL DISCOVERY ERROR Found invalid node ecid in processor card slot J02, ecid 0000000000000000000000000000
1123031045 2005.08.02 R20-M0-N9 2005-08-02-18.04.05.522443 R20-M0-N9 NULL DISCOVERY ERROR Found invalid node ecid in processor card slot J02, ecid 0000000000000000000000000000
1123031045 2005.08.02 R20-M0-NF 2005-08-02-18.04.05.525729 R20-M0-NF NULL DISCOVERY INFO Node card VPD check: U01 node in processor card slot J02 do not match. VPD ecid 04CA8087872FFFFF0C041B504ADD, found 0000000000000000000000000000
1123031045 2005.08.02 R20-M0-N9 2005-08-02-18.04.05.529123 R20-M0-N9 NULL DISCOVERY INFO Node card VPD check: U01 node in processor card slot J02 do not match. VPD ecid 075D0E11162FFFFF0C091B2048D5, found 0000000000000000000000000000
1123031045 2005.08.02 R20-M0-NF 2005-08-02-18.04.05.537741 R20-M0-NF NULL DISCOVERY INFO Node card VPD check: U11 node in processor card slot J02 do not match. VPD ecid 04CA8087872FFFFF0D081B1088D9, found 0000000000000000000000000000
1123031045 2005.08.02 R20-M0-N9 2005-08-02-18.04.05.541113 R20-M0-N9 NULL DISCOVERY INFO Node card VPD check: U11 node in processor card slot J02 do not match. VPD ecid 07450E110A2FFFFF07031AE0CED2, found 0000000000000000000000000000
1123031045 2005.08.02 R20-M0-NF 2005-08-02-18.04.05.544470 R20-M0-NF NULL DISCOVERY ERROR Found invalid node ecid in processor card slot J03, ecid 0000000000000000000000000000
1123031045 2005.08.02 R20-M0-N9 2005-08-02-18.04.05.548544 R20-M0-N9 NULL DISCOVERY ERROR Found invalid node ecid in processor card slot J03, ecid 0000000000000000000000000000
1123031045 2005.08.02 R20-M0-NF 2005-08-02-18.04.05.549842 R20-M0-NF NULL DISCOVERY ERROR Found invalid node ecid in processor card slot J03, ecid 0000000000000000000000000000
1123031045 2005.08.02 R20-M0-N9 2005-08-02-18.04.05.552134 R20-M0-N9 NULL DISCOVERY ERROR Found invalid node ecid in processor card slot J03, ecid 0000000000000000000000000000
1123031045 2005.08.02 R20-M0-NF 2005-08-02-18.04.05.561414 R20-M0-NF NULL DISCOVERY INFO Node card VPD check: U01 node in processor card slot J03 do not match. VPD ecid 04DA8203CB2FFFFF0C041B6054DD, found 0000000000000000000000000000
1123031045 2005.08.02 R20-M0-N9 2005-08-02-18.04.05.564888 R20-M0-N9 NULL DISCOVERY INFO Node card VPD check: U01 node in processor card slot J03 do not match. VPD ecid 075C0E11172FFFFF0B0D1AF088D4, found 0000000000000000000000000000
1123031045 2005.08.02 R20-M0-NF 2005-08-02-18.04.05.568401 R20-M0-NF NULL DISCOVERY INFO Node card VPD check: U11 node in processor card slot J03 do not match. VPD ecid 04D98203CC2FFFFF0E061B3054DA, found 0000000000000000000000000000
1123031045 2005.08.02 R20-M0-N9 2005-08-02-18.04.05.574008 R20-M0-N9 NULL DISCOVERY INFO Node card VPD check: U11 node in processor card slot J03 do not match. VPD ecid 07470E10DB2FFFFF05041AE08CD2, found 0000000000000000000000000000
1123031045 2005.08.02 R20-M0-NF 2005-08-02-18.04.05.580189 R20-M0-NF NULL DISCOVERY ERROR Found invalid node ecid in processor card slot J04, ecid 0000000000000000000000000000
1123031045 2005.08.02 R20-M0-NF 2005-08-02-18.04.05.583896 R20-M0-NF NULL DISCOVERY ERROR Found invalid node ecid in processor card slot J04, ecid 0000000000000000000000000000
1123031045 2005.08.02 R20-M0-N9 2005-08-02-18.04.05.587593 R20-M0-N9 NULL DISCOVERY ERROR Found invalid node ecid in processor card slot J04, ecid 0000000000000000000000000000
1123031045 2005.08.02 R20-M0-NF 2005-08-02-18.04.05.591155 R20-M0-NF NULL DISCOVERY INFO Node card VPD check: U01 node in processor card slot J04 do not match. VPD ecid 04CA8087D92FFFFF0E091BF04CEB, found 0000000000000000000000000000
1123031045 2005.08.02 R20-M0-N9 2005-08-02-18.04.05.592030 R20-M0-N9 NULL DISCOVERY ERROR Found invalid node ecid in processor card slot J04, ecid 0000000000000000000000000000
1123031045 2005.08.02 R20-M0-NF 2005-08-02-18.04.05.597498 R20-M0-NF NULL DISCOVERY INFO Node card VPD check: U11 node in processor card slot J04 do not match. VPD ecid 04CA8087872FFFFF03091C2062EE, found 0000000000000000000000000000
1123031045 2005.08.02 R20-M0-N9 2005-08-02-18.04.05.605423 R20-M0-N9 NULL DISCOVERY INFO Node card VPD check: U01 node in processor card slot J04 do not match. VPD ecid 075D0E11162FFFFF0E0A1AD08AD0, found 0000000000000000000000000000
1123031045 2005.08.02 R20-M0-NF 2005-08-02-18.04.05.608866 R20-M0-NF NULL DISCOVERY ERROR Found invalid node ecid in processor card slot J05, ecid 0000000000000000000000000000
1123031045 2005.08.02 R20-M0-N9 2005-08-02-18.04.05.612442 R20-M0-N9 NULL DISCOVERY INFO Node card VPD check: U11 node in processor card slot J04 do not match. VPD ecid 075C0E11172FFFFF06041AA082CD, found 0000000000000000000000000000
1123031045 2005.08.02 R20-M0-NF 2005-08-02-18.04.05.613297 R20-M0-NF NULL DISCOVERY ERROR Found invalid node ecid in processor card slot J05, ecid 0000000000000000000000000000
1123031045 2005.08.02 R20-M0-NF 2005-08-02-18.04.05.618801 R20-M0-NF NULL DISCOVERY INFO Node card VPD check: U01 node in processor card slot J05 do not match. VPD ecid 04D181A28A2FFFFF0D061B405EDA, found 0000000000000000000000000000
1123031045 2005.08.02 R20-M0-N9 2005-08-02-18.04.05.627332 R20-M0-N9 NULL DISCOVERY ERROR Found invalid node ecid in processor card slot J05, ecid 0000000000000000000000000000
1123031045 2005.08.02 R20-M0-NF 2005-08-02-18.04.05.631029 R20-M0-NF NULL DISCOVERY INFO Node card VPD check: U11 node in processor card slot J05 do not match. VPD ecid 04DA81A2542FFFFF040D1BF04CE8, found 0000000000000000000000000000
1123031045 2005.08.02 R20-M0-N9 2005-08-02-18.04.05.632316 R20-M0-N9 NULL DISCOVERY ERROR Found invalid node ecid in processor card slot J05, ecid 0000000000000000000000000000
1123031045 2005.08.02 R20-M0-NF 2005-08-02-18.04.05.638004 R20-M0-NF NULL DISCOVERY ERROR Found invalid node ecid in processor card slot J06, ecid 0000000000000000000000000000
1123031045 2005.08.02 R20-M0-N9 2005-08-02-18.04.05.641466 R20-M0-N9 NULL DISCOVERY INFO Node card VPD check: U01 node in processor card slot J05 do not match. VPD ecid 075D0E11162FFFFF01081B0096D4, found 0000000000000000000000000000
1123031045 2005.08.02 R20-M0-NF 2005-08-02-18.04.05.642949 R20-M0-NF NULL DISCOVERY ERROR Found invalid node ecid in processor card slot J06, ecid 0000000000000000000000000000
1123031045 2005.08.02 R20-M0-N9 2005-08-02-18.04.05.651148 R20-M0-N9 NULL DISCOVERY INFO Node card VPD check: U11 node in processor card slot J05 do not match. VPD ecid 075D0E11162FFFFF0D0A1AD08AD1, found 0000000000000000000000000000
1123031045 2005.08.02 R20-M0-NF 2005-08-02-18.04.05.654706 R20-M0-NF NULL DISCOVERY INFO Node card VPD check: U01 node in processor card slot J06 do not match. VPD ecid 075F0DA04B2FFFFF0D041B509ADC, found 0000000000000000000000000000
1123031045 2005.08.02 R20-M0-N9 2005-08-02-18.04.05.658494 R20-M0-N9 NULL DISCOVERY ERROR Found invalid node ecid in processor card slot J06, ecid 0000000000000000000000000000
1123031045 2005.08.02 R20-M0-NF 2005-08-02-18.04.05.662626 R20-M0-NF NULL DISCOVERY INFO Node card VPD check: U11 node in processor card slot J06 do not match. VPD ecid 074D0DA08A2FFFFF07041A60D0CA, found 0000000000000000000000000000
1123031045 2005.08.02 R20-M0-N9 2005-08-02-18.04.05.663506 R20-M0-N9 NULL DISCOVERY ERROR Found invalid node ecid in processor card slot J06, ecid 0000000000000000000000000000
1123031045 2005.08.02 R20-M0-NF 2005-08-02-18.04.05.671008 R20-M0-NF NULL DISCOVERY ERROR Found invalid node ecid in processor card slot J07, ecid 0000000000000000000000000000
1123031045 2005.08.02 R20-M0-N9 2005-08-02-18.04.05.674430 R20-M0-N9 NULL DISCOVERY INFO Node card VPD check: U01 node in processor card slot J06 do not match. VPD ecid 075D0E11162FFFFF03081AA08ACB, found 0000000000000000000000000000
1123031045 2005.08.02 R20-M0-NF 2005-08-02-18.04.05.675869 R20-M0-NF NULL DISCOVERY ERROR Found invalid node ecid in processor card slot J07, ecid 0000000000000000000000000000
1123031045 2005.08.02 R20-M0-NF 2005-08-02-18.04.05.681541 R20-M0-NF NULL DISCOVERY INFO Node card VPD check: U01 node in processor card slot J07 do not match. VPD ecid 04DD80871A2FFFFF0E081AB058CF, found 0000000000000000000000000000
1123031045 2005.08.02 R20-M0-N9 2005-08-02-18.04.05.685059 R20-M0-N9 NULL DISCOVERY INFO Node card VPD check: U11 node in processor card slot J06 do not match. VPD ecid 075D0E11162FFFFF0A091B104AD5, found 0000000000000000000000000000
1123031045 2005.08.02 R20-M0-NF 2005-08-02-18.04.05.693557 R20-M0-NF NULL DISCOVERY INFO Node card VPD check: U11 node in processor card slot J07 do not match. VPD ecid 04D58087CD2FFFFF06041AE08ED1, found 0000000000000000000000000000
1123031045 2005.08.02 R20-M0-N9 2005-08-02-18.04.05.697467 R20-M0-N9 NULL DISCOVERY ERROR Found invalid node ecid in processor card slot J07, ecid 0000000000000000000000000000
1123031045 2005.08.02 R20-M0-NF 2005-08-02-18.04.05.701061 R20-M0-NF NULL DISCOVERY ERROR Found invalid node ecid in processor card slot J08, ecid 0000000000000000000000000000
1123031045 2005.08.02 R20-M0-N9 2005-08-02-18.04.05.702211 R20-M0-N9 NULL DISCOVERY ERROR Found invalid node ecid in processor card slot J07, ecid 0000000000000000000000000000
1123031045 2005.08.02 R20-M0-NF 2005-08-02-18.04.05.704809 R20-M0-NF NULL DISCOVERY ERROR Found invalid node ecid in processor card slot J08, ecid 0000000000000000000000000000
1123031045 2005.08.02 R20-M0-N9 2005-08-02-18.04.05.708098 R20-M0-N9 NULL DISCOVERY INFO Node card VPD check: U01 node in processor card slot J07 do not match. VPD ecid 075D0E11162FFFFF08091B2086D5, found 0000000000000000000000000000
1123031045 2005.08.02 R20-M0-NF 2005-08-02-18.04.05.717812 R20-M0-NF NULL DISCOVERY INFO Node card VPD check: U01 node in processor card slot J08 do not match. VPD ecid 04CD8087D52FFFFF08081B308CDA, found 0000000000000000000000000000
1123031045 2005.08.02 R20-M0-N9 2005-08-02-18.04.05.721380 R20-M0-N9 NULL DISCOVERY INFO Node card VPD check: U11 node in processor card slot J07 do not match. VPD ecid 07450E110A2FFFFF0A071AA0C8CE, found 0000000000000000000000000000
1123031045 2005.08.02 R20-M0-NF 2005-08-02-18.04.05.724884 R20-M0-NF NULL DISCOVERY INFO Node card VPD check: U11 node in processor card slot J08 do not match. VPD ecid 04D18087012FFFFF080C1C704EF5, found 0000000000000000000000000000
1123031045 2005.08.02 R20-M0-N9 2005-08-02-18.04.05.728545 R20-M0-N9 NULL DISCOVERY ERROR Found invalid node ecid in processor card slot J08, ecid 0000000000000000000000000000
1123031045 2005.08.02 R20-M0-NF 2005-08-02-18.04.05.732063 R20-M0-NF NULL DISCOVERY ERROR Found invalid node ecid in processor card slot J09, ecid 0000000000000000000000000000
1123031045 2005.08.02 R20-M0-N9 2005-08-02-18.04.05.740491 R20-M0-N9 NULL DISCOVERY ERROR Found invalid node ecid in processor card slot J08, ecid 0000000000000000000000000000
1123031045 2005.08.02 R20-M0-NF 2005-08-02-18.04.05.742719 R20-M0-NF NULL DISCOVERY ERROR Found invalid node ecid in processor card slot J09, ecid 0000000000000000000000000000
1123031045 2005.08.02 R20-M0-N9 2005-08-02-18.04.05.746387 R20-M0-N9 NULL DISCOVERY INFO Node card VPD check: U01 node in processor card slot J08 do not match. VPD ecid 07450E110A2FFFFF06031AA0CECE, found 0000000000000000000000000000
1123031045 2005.08.02 R20-M0-NF 2005-08-02-18.04.05.749908 R20-M0-NF NULL DISCOVERY INFO Node card VPD check: U01 node in processor card slot J09 do not match. VPD ecid 04CA8087872FFFFF02091C405CEF, found 0000000000000000000000000000
1123031045 2005.08.02 R20-M0-N9 2005-08-02-18.04.05.753405 R20-M0-N9 NULL DISCOVERY INFO Node card VPD check: U11 node in processor card slot J08 do not match. VPD ecid 075C0E11172FFFFF05031B709EDD, found 0000000000000000000000000000
1123031045 2005.08.02 R20-M0-NF 2005-08-02-18.04.05.756917 R20-M0-NF NULL DISCOVERY INFO Node card VPD check: U11 node in processor card slot J09 do not match. VPD ecid 04C18087902FFFFF020A1C1062EE, found 0000000000000000000000000000
1123031045 2005.08.02 R20-M0-N9 2005-08-02-18.04.05.761476 R20-M0-N9 NULL DISCOVERY ERROR Found invalid node ecid in processor card slot J09, ecid 0000000000000000000000000000
1123031045 2005.08.02 R20-M0-NF 2005-08-02-18.04.05.765031 R20-M0-NF NULL DISCOVERY ERROR Found invalid node ecid in processor card slot J10, ecid 0000000000000000000000000000
1123031045 2005.08.02 R20-M0-N9 2005-08-02-18.04.05.765957 R20-M0-N9 NULL DISCOVERY ERROR Found invalid node ecid in processor card slot J09, ecid 0000000000000000000000000000
1123031045 2005.08.02 R20-M0-NF 2005-08-02-18.04.05.770687 R20-M0-NF NULL DISCOVERY ERROR Found invalid node ecid in processor card slot J10, ecid 0000000000000000000000000000
1123031045 2005.08.02 R20-M0-N9 2005-08-02-18.04.05.774871 R20-M0-N9 NULL DISCOVERY INFO Node card VPD check: U01 node in processor card slot J09 do not match. VPD ecid 075D0E11162FFFFF040B1A908ECA, found 0000000000000000000000000000
1123031045 2005.08.02 R20-M0-NF 2005-08-02-18.04.05.779262 R20-M0-NF NULL DISCOVERY INFO Node card VPD check: U01 node in processor card slot J10 do not match. VPD ecid 04CA8087D92FFFFF020B1C505AF4, found 0000000000000000000000000000
1123031045 2005.08.02 R20-M0-N9 2005-08-02-18.04.05.837520 R20-M0-N9 NULL DISCOVERY INFO Node card VPD check: U11 node in processor card slot J09 do not match. VPD ecid 07470E10DB2FFFFF05081AC086CF, found 0000000000000000000000000000
1123031045 2005.08.02 R20-M0-NF 2005-08-02-18.04.05.841519 R20-M0-NF NULL DISCOVERY INFO Node card VPD check: U11 node in processor card slot J10 do not match. VPD ecid 04D18087012FFFFF080A1C1054EC, found 0000000000000000000000000000
1123031045 2005.08.02 R20-M0-N9 2005-08-02-18.04.05.845194 R20-M0-N9 NULL DISCOVERY ERROR Found invalid node ecid in processor card slot J10, ecid 0000000000000000000000000000
1123031045 2005.08.02 R20-M0-N9 2005-08-02-18.04.05.852973 R20-M0-N9 NULL DISCOVERY ERROR Found invalid node ecid in processor card slot J10, ecid 0000000000000000000000000000
1123031045 2005.08.02 R20-M0-NF 2005-08-02-18.04.05.856763 R20-M0-NF NULL DISCOVERY ERROR Found invalid node ecid in processor card slot J11, ecid 0000000000000000000000000000
1123031045 2005.08.02 R20-M0-N9 2005-08-02-18.04.05.868738 R20-M0-N9 NULL DISCOVERY INFO Node card VPD check: U01 node in processor card slot J10 do not match. VPD ecid 075C0E11172FFFFF0A0C1B308ED6, found 0000000000000000000000000000
1123031045 2005.08.02 R20-M0-NF 2005-08-02-18.04.05.869677 R20-M0-NF NULL DISCOVERY ERROR Found invalid node ecid in processor card slot J11, ecid 0000000000000000000000000000
1123031045 2005.08.02 R20-M0-N9 2005-08-02-18.04.05.874408 R20-M0-N9 NULL DISCOVERY INFO Node card VPD check: U11 node in processor card slot J10 do not match. VPD ecid 075C0E11172FFFFF030D1AE050D1, found 0000000000000000000000000000
1123031045 2005.08.02 R20-M0-NF 2005-08-02-18.04.05.878280 R20-M0-NF NULL DISCOVERY INFO Node card VPD check: U01 node in processor card slot J11 do not match. VPD ecid 04D18087012FFFFF0B0B1C805EF7, found 0000000000000000000000000000
1123031045 2005.08.02 R20-M0-N9 2005-08-02-18.04.05.889776 R20-M0-N9 NULL DISCOVERY ERROR Found invalid node ecid in processor card slot J11, ecid 0000000000000000000000000000
1123031045 2005.08.02 R20-M0-NF 2005-08-02-18.04.05.893351 R20-M0-NF NULL DISCOVERY INFO Node card VPD check: U11 node in processor card slot J11 do not match. VPD ecid 04CA8087872FFFFF05041B8048E1, found 0000000000000000000000000000
1123031045 2005.08.02 R20-M0-N9 2005-08-02-18.04.05.894176 R20-M0-N9 NULL DISCOVERY ERROR Found invalid node ecid in processor card slot J11, ecid 0000000000000000000000000000
1123031045 2005.08.02 R20-M0-NF 2005-08-02-18.04.05.899032 R20-M0-NF NULL DISCOVERY ERROR Found invalid node ecid in processor card slot J12, ecid 0000000000000000000000000000
1123031045 2005.08.02 R20-M0-N9 2005-08-02-18.04.05.902362 R20-M0-N9 NULL DISCOVERY INFO Node card VPD check: U01 node in processor card slot J11 do not match. VPD ecid 07430E108D2FFFFF0E041A50D2C5, found 0000000000000000000000000000
1123031045 2005.08.02 R20-M0-NF 2005-08-02-18.04.05.910949 R20-M0-NF NULL DISCOVERY ERROR Found invalid node ecid in processor card slot J12, ecid 0000000000000000000000000000
1123031045 2005.08.02 R20-M0-N9 2005-08-02-18.04.05.915214 R20-M0-N9 NULL DISCOVERY INFO Node card VPD check: U11 node in processor card slot J11 do not match. VPD ecid 07450E110A2FFFFF0C051A90CECC, found 0000000000000000000000000000
1123031045 2005.08.02 R20-M0-NF 2005-08-02-18.04.05.918550 R20-M0-NF NULL DISCOVERY INFO Node card VPD check: U01 node in processor card slot J12 do not match. VPD ecid 04C380880D2FFFFF0D0C1C3052ED, found 0000000000000000000000000000
1123031045 2005.08.02 R20-M0-N9 2005-08-02-18.04.05.929662 R20-M0-N9 NULL DISCOVERY ERROR Found invalid node ecid in processor card slot J12, ecid 0000000000000000000000000000
1123031045 2005.08.02 R20-M0-NF 2005-08-02-18.04.05.938059 R20-M0-NF NULL DISCOVERY INFO Node card VPD check: U11 node in processor card slot J12 do not match. VPD ecid 04CA8087D92FFFFF010A1BF0E0EB, found 0000000000000000000000000000
1123031045 2005.08.02 R20-M0-N9 2005-08-02-18.04.05.947202 R20-M0-N9 NULL DISCOVERY ERROR Found invalid node ecid in processor card slot J12, ecid 0000000000000000000000000000
1123031045 2005.08.02 R20-M0-NF 2005-08-02-18.04.05.952954 R20-M0-NF NULL DISCOVERY ERROR Found invalid node ecid in processor card slot J13, ecid 0000000000000000000000000000
1123031045 2005.08.02 R20-M0-N9 2005-08-02-18.04.05.956502 R20-M0-N9 NULL DISCOVERY INFO Node card VPD check: U01 node in processor card slot J12 do not match. VPD ecid 07450E110A2FFFFF06071A5112C7, found 0000000000000000000000000000
1123031045 2005.08.02 R20-M0-NF 2005-08-02-18.04.05.958067 R20-M0-NF NULL DISCOVERY ERROR Found invalid node ecid in processor card slot J13, ecid 0000000000000000000000000000
1123031045 2005.08.02 R20-M0-N9 2005-08-02-18.04.05.962194 R20-M0-N9 NULL DISCOVERY INFO Node card VPD check: U11 node in processor card slot J12 do not match. VPD ecid 07450E110A2FFFFF090D1A60C6C9, found 0000000000000000000000000000
1123031045 2005.08.02 R20-M0-NF 2005-08-02-18.04.05.967293 R20-M0-NF NULL DISCOVERY INFO Node card VPD check: U01 node in processor card slot J13 do not match. VPD ecid 04CA8087D92FFFFF0C081B7054E0, found 0000000000000000000000000000
1123031045 2005.08.02 R20-M0-N9 2005-08-02-18.04.05.975879 R20-M0-N9 NULL DISCOVERY ERROR Found invalid node ecid in processor card slot J13, ecid 0000000000000000000000000000
1123031045 2005.08.02 R20-M0-NF 2005-08-02-18.04.05.979632 R20-M0-NF NULL DISCOVERY INFO Node card VPD check: U11 node in processor card slot J13 do not match. VPD ecid 04C380880D2FFFFF0C0D1CB05CF9, found 0000000000000000000000000000
1123031045 2005.08.02 R20-M0-N9 2005-08-02-18.04.05.981091 R20-M0-N9 NULL DISCOVERY ERROR Found invalid node ecid in processor card slot J13, ecid 0000000000000000000000000000
1123031045 2005.08.02 R20-M0-NF 2005-08-02-18.04.05.985568 R20-M0-NF NULL DISCOVERY ERROR Found invalid node ecid in processor card slot J14, ecid 0000000000000000000000000000
1123031045 2005.08.02 R20-M0-N9 2005-08-02-18.04.05.992197 R20-M0-N9 NULL DISCOVERY INFO Node card VPD check: U01 node in processor card slot J13 do not match. VPD ecid 07470E10DB2FFFFF07051AE086D2, found 0000000000000000000000000000
1123031046 2005.08.02 R20-M0-NF 2005-08-02-18.04.06.001097 R20-M0-NF NULL DISCOVERY ERROR Found invalid node ecid in processor card slot J14, ecid 0000000000000000000000000000
1123031046 2005.08.02 R20-M0-N9 2005-08-02-18.04.06.005496 R20-M0-N9 NULL DISCOVERY INFO Node card VPD check: U11 node in processor card slot J13 do not match. VPD ecid 07470E10DB2FFFFF04061AC0D0CF, found 0000000000000000000000000000
1123031046 2005.08.02 R20-M0-NF 2005-08-02-18.04.06.008934 R20-M0-NF NULL DISCOVERY INFO Node card VPD check: U01 node in processor card slot J14 do not match. VPD ecid 04D48086D02FFFFF0B0819F10CBF, found 0000000000000000000000000000
1123031046 2005.08.02 R20-M0-N9 2005-08-02-18.04.06.012322 R20-M0-N9 NULL DISCOVERY ERROR Found invalid node ecid in processor card slot J14, ecid 0000000000000000000000000000
1123031046 2005.08.02 R20-M0-NF 2005-08-02-18.04.06.016242 R20-M0-NF NULL DISCOVERY INFO Node card VPD check: U11 node in processor card slot J14 do not match. VPD ecid 075D0DA0CC2FFFFF03061A9110CC, found 0000000000000000000000000000
1123031046 2005.08.02 R20-M0-N9 2005-08-02-18.04.06.017788 R20-M0-N9 NULL DISCOVERY ERROR Found invalid node ecid in processor card slot J14, ecid 0000000000000000000000000000
1123031046 2005.08.02 R20-M0-NF 2005-08-02-18.04.06.027353 R20-M0-NF NULL DISCOVERY ERROR Found invalid node ecid in processor card slot J15, ecid 0000000000000000000000000000
1123031046 2005.08.02 R20-M0-N9 2005-08-02-18.04.06.030817 R20-M0-N9 NULL DISCOVERY INFO Node card VPD check: U01 node in processor card slot J14 do not match. VPD ecid 07430E108D2FFFFF06041A30C4C4, found 0000000000000000000000000000
1123031046 2005.08.02 R20-M0-NF 2005-08-02-18.04.06.031729 R20-M0-NF NULL DISCOVERY ERROR Found invalid node ecid in processor card slot J15, ecid 0000000000000000000000000000
1123031046 2005.08.02 R20-M0-NF 2005-08-02-18.04.06.036850 R20-M0-NF NULL DISCOVERY INFO Node card VPD check: U01 node in processor card slot J15 do not match. VPD ecid 04CB8082232FFFFF0A0C1BA05CE4, found 0000000000000000000000000000
1123031046 2005.08.02 R20-M0-N9 2005-08-02-18.04.06.040396 R20-M0-N9 NULL DISCOVERY INFO Node card VPD check: U11 node in processor card slot J14 do not match. VPD ecid 07450E110A2FFFFF0A061A70C4CA, found 0000000000000000000000000000
1123031046 2005.08.02 R20-M0-NF 2005-08-02-18.04.06.054288 R20-M0-NF NULL DISCOVERY INFO Node card VPD check: U11 node in processor card slot J15 do not match. VPD ecid 07600D521D2FFFFF0D091A310CC3, found 0000000000000000000000000000
1123031046 2005.08.02 R20-M0-N9 2005-08-02-18.04.06.058036 R20-M0-N9 NULL DISCOVERY ERROR Found invalid node ecid in processor card slot J15, ecid 0000000000000000000000000000
1123031046 2005.08.02 R20-M0-NF 2005-08-02-18.04.06.061455 R20-M0-NF NULL DISCOVERY ERROR Found invalid node ecid in processor card slot J16, ecid 0000000000000000000000000000
1123031046 2005.08.02 R20-M0-N9 2005-08-02-18.04.06.062356 R20-M0-N9 NULL DISCOVERY ERROR Found invalid node ecid in processor card slot J15, ecid 0000000000000000000000000000
1123031046 2005.08.02 R20-M0-NF 2005-08-02-18.04.06.063932 R20-M0-NF NULL DISCOVERY ERROR Found invalid node ecid in processor card slot J16, ecid 0000000000000000000000000000
1123031046 2005.08.02 R20-M0-N9 2005-08-02-18.04.06.077811 R20-M0-N9 NULL DISCOVERY INFO Node card VPD check: U01 node in processor card slot J15 do not match. VPD ecid 07430E108D2FFFFF07031B008ED5, found 0000000000000000000000000000
1123031046 2005.08.02 R20-M0-NF 2005-08-02-18.04.06.081361 R20-M0-NF NULL DISCOVERY INFO Node card VPD check: U01 node in processor card slot J16 do not match. VPD ecid 04CB8087072FFFFF04031BB054E4, found 0000000000000000000000000000
1123031046 2005.08.02 R20-M0-N9 2005-08-02-18.04.06.084829 R20-M0-N9 NULL DISCOVERY INFO Node card VPD check: U11 node in processor card slot J15 do not match. VPD ecid 075C0E11172FFFFF09071B604CDB, found 0000000000000000000000000000
1123031046 2005.08.02 R20-M0-NF 2005-08-02-18.04.06.088369 R20-M0-NF NULL DISCOVERY INFO Node card VPD check: U11 node in processor card slot J16 do not match. VPD ecid 07550DA0822FFFFF0B041B80A2E2, found 0000000000000000000000000000
1123031046 2005.08.02 R20-M0-N9 2005-08-02-18.04.06.092345 R20-M0-N9 NULL DISCOVERY ERROR Found invalid node ecid in processor card slot J16, ecid 0000000000000000000000000000
1123031046 2005.08.02 R20-M0-NF 2005-08-02-18.04.06.102225 R20-M0-NF NULL DISCOVERY ERROR Found invalid node ecid in processor card slot J17, ecid 0000000000000000000000000000
1123031046 2005.08.02 R20-M0-N9 2005-08-02-18.04.06.104095 R20-M0-N9 NULL DISCOVERY ERROR Found invalid node ecid in processor card slot J16, ecid 0000000000000000000000000000
1123031046 2005.08.02 R20-M0-NF 2005-08-02-18.04.06.106775 R20-M0-NF NULL DISCOVERY ERROR Found invalid node ecid in processor card slot J17, ecid 0000000000000000000000000000
1123031046 2005.08.02 R20-M0-N9 2005-08-02-18.04.06.109847 R20-M0-N9 NULL DISCOVERY INFO Node card VPD check: U01 node in processor card slot J16 do not match. VPD ecid 07450E110A2FFFFF09071AB0CACF, found 0000000000000000000000000000
1123031046 2005.08.02 R20-M0-NF 2005-08-02-18.04.06.113788 R20-M0-NF NULL DISCOVERY INFO Node card VPD check: U01 node in processor card slot J17 do not match. VPD ecid 074D0DA08A2FFFFF0F0B1AC158D1, found 0000000000000000000000000000
1123031046 2005.08.02 R20-M0-N9 2005-08-02-18.04.06.117215 R20-M0-N9 NULL DISCOVERY INFO Node card VPD check: U11 node in processor card slot J16 do not match. VPD ecid 07470E10DB2FFFFF0A071AE08ED2, found 0000000000000000000000000000
1123031046 2005.08.02 R20-M0-NF 2005-08-02-18.04.06.129111 R20-M0-NF NULL DISCOVERY INFO Node card VPD check: U11 node in processor card slot J17 do not match. VPD ecid 04CD8087D52FFFFF0D061B6054E0, found 0000000000000000000000000000
1123031046 2005.08.02 R20-M0-N9 2005-08-02-18.04.06.132792 R20-M0-N9 NULL DISCOVERY ERROR Found invalid node ecid in processor card slot J17, ecid 0000000000000000000000000000
1123031046 2005.08.02 R20-M0-N9 2005-08-02-18.04.06.135827 R20-M0-N9 NULL DISCOVERY ERROR Found invalid node ecid in processor card slot J17, ecid 0000000000000000000000000000
1123031046 2005.08.02 R20-M0-N9 2005-08-02-18.04.06.140977 R20-M0-N9 NULL DISCOVERY INFO Node card VPD check: U01 node in processor card slot J17 do not match. VPD ecid 07470E10DB2FFFFF08061AC08ACF, found 0000000000000000000000000000
1123031046 2005.08.02 R20-M0-N9 2005-08-02-18.04.06.146709 R20-M0-N9 NULL DISCOVERY INFO Node card VPD check: U11 node in processor card slot J17 do not match. VPD ecid 07450E110A2FFFFF0A051A610EC6, found 0000000000000000000000000000
1123031047 2005.08.02 R20-M1-NB 2005-08-02-18.04.07.623399 R20-M1-NB NULL DISCOVERY ERROR Found invalid node ecid in processor card slot J02, ecid 0000000000000000000000000000
1123031047 2005.08.02 R20-M1-NB 2005-08-02-18.04.07.635510 R20-M1-NB NULL DISCOVERY ERROR Node card status: ALERT 0, ALERT 1, ALERT 2, ALERT 3 is (are) active. Clock Mode is Low. Clock Select is Midplane. Phy JTAG Reset is asserted. ASIC JTAG Reset is not asserted. Temperature Mask is not active. No temperature error. Temperature Limit Error Latch is clear. PGOOD is asserted. PGOOD error latch is clear. MPGOOD is OK. MPGOOD error latch is clear. The 2.5 volt rail is OK. The 1.5 volt rail is OK.
1123031047 2005.08.02 R20-M1-NB 2005-08-02-18.04.07.680860 R20-M1-NB NULL DISCOVERY ERROR Found invalid node ecid in processor card slot J02, ecid 0000000000000000000000000000
1123031047 2005.08.02 R20-M1-NB 2005-08-02-18.04.07.685930 R20-M1-NB NULL DISCOVERY INFO Node card VPD check: U01 node in processor card slot J02 do not match. VPD ecid 07550DD8532FFFFF0F0C1B00C4DA, found 0000000000000000000000000000
1123031047 2005.08.02 R20-M1-NB 2005-08-02-18.04.07.691399 R20-M1-NB NULL DISCOVERY INFO Node card VPD check: U11 node in processor card slot J02 do not match. VPD ecid 07560DD8522FFFFF0B051AC08ED4, found 0000000000000000000000000000
1123031047 2005.08.02 R20-M1-NB 2005-08-02-18.04.07.697775 R20-M1-NB NULL DISCOVERY ERROR Found invalid node ecid in processor card slot J03, ecid 0000000000000000000000000000
1123031047 2005.08.02 R20-M1-NB 2005-08-02-18.04.07.700531 R20-M1-NB NULL DISCOVERY ERROR Found invalid node ecid in processor card slot J03, ecid 0000000000000000000000000000
1123031047 2005.08.02 R20-M1-NB 2005-08-02-18.04.07.705751 R20-M1-NB NULL DISCOVERY INFO Node card VPD check: U01 node in processor card slot J03 do not match. VPD ecid 04DA8092C02FFFFF03091BB0A0E3, found 0000000000000000000000000000
1123031047 2005.08.02 R20-M1-NB 2005-08-02-18.04.07.785361 R20-M1-NB NULL DISCOVERY INFO Node card VPD check: U11 node in processor card slot J03 do not match. VPD ecid 04CE80929E2FFFFF0B081A60D0C7, found 0000000000000000000000000000
1123031047 2005.08.02 R20-M1-NB 2005-08-02-18.04.07.790369 R20-M1-NB NULL DISCOVERY ERROR Found invalid node ecid in processor card slot J04, ecid 0000000000000000000000000000
1123031047 2005.08.02 R20-M1-NB 2005-08-02-18.04.07.792655 R20-M1-NB NULL DISCOVERY ERROR Found invalid node ecid in processor card slot J04, ecid 0000000000000000000000000000
1123031047 2005.08.02 R20-M1-NB 2005-08-02-18.04.07.797653 R20-M1-NB NULL DISCOVERY INFO Node card VPD check: U01 node in processor card slot J04 do not match. VPD ecid 07490DD7E12FFFFF0A021B3088DC, found 0000000000000000000000000000
1123031047 2005.08.02 R20-M1-NB 2005-08-02-18.04.07.808500 R20-M1-NB NULL DISCOVERY INFO Node card VPD check: U11 node in processor card slot J04 do not match. VPD ecid 07560DD8522FFFFF07101BB0DCE9, found 0000000000000000000000000000
1123031047 2005.08.02 R20-M1-NB 2005-08-02-18.04.07.813418 R20-M1-NB NULL DISCOVERY ERROR Found invalid node ecid in processor card slot J05, ecid 0000000000000000000000000000
1123031047 2005.08.02 R20-M1-NB 2005-08-02-18.04.07.815589 R20-M1-NB NULL DISCOVERY ERROR Found invalid node ecid in processor card slot J05, ecid 0000000000000000000000000000
1123031047 2005.08.02 R20-M1-NB 2005-08-02-18.04.07.820431 R20-M1-NB NULL DISCOVERY INFO Node card VPD check: U01 node in processor card slot J05 do not match. VPD ecid 04E28092DC2FFFFF09041B808EE1, found 0000000000000000000000000000
1123031047 2005.08.02 R20-M1-NB 2005-08-02-18.04.07.825575 R20-M1-NB NULL DISCOVERY INFO Node card VPD check: U11 node in processor card slot J05 do not match. VPD ecid 04E28092DC2FFFFF0D071B6094DF, found 0000000000000000000000000000
1123031047 2005.08.02 R20-M1-NB 2005-08-02-18.04.07.837514 R20-M1-NB NULL DISCOVERY ERROR Found invalid node ecid in processor card slot J06, ecid 0000000000000000000000000000
1123031047 2005.08.02 R20-M1-NB 2005-08-02-18.04.07.839769 R20-M1-NB NULL DISCOVERY ERROR Found invalid node ecid in processor card slot J06, ecid 0000000000000000000000000000
1123031047 2005.08.02 R20-M1-NB 2005-08-02-18.04.07.844693 R20-M1-NB NULL DISCOVERY INFO Node card VPD check: U01 node in processor card slot J06 do not match. VPD ecid 04D98092C12FFFFF0C0A1A8114CB, found 0000000000000000000000000000
1123031047 2005.08.02 R20-M1-NB 2005-08-02-18.04.07.849857 R20-M1-NB NULL DISCOVERY INFO Node card VPD check: U11 node in processor card slot J06 do not match. VPD ecid 04C98092A32FFFFF04071AF08CD4, found 0000000000000000000000000000
1123031047 2005.08.02 R20-M1-NB 2005-08-02-18.04.07.861885 R20-M1-NB NULL DISCOVERY ERROR Found invalid node ecid in processor card slot J07, ecid 0000000000000000000000000000
1123031047 2005.08.02 R20-M1-NB 2005-08-02-18.04.07.864263 R20-M1-NB NULL DISCOVERY ERROR Found invalid node ecid in processor card slot J07, ecid 0000000000000000000000000000
1123031047 2005.08.02 R20-M1-NB 2005-08-02-18.04.07.869035 R20-M1-NB NULL DISCOVERY INFO Node card VPD check: U01 node in processor card slot J07 do not match. VPD ecid 04C28092D72FFFFF0D0E1B00DED5, found 0000000000000000000000000000
1123031047 2005.08.02 R20-M1-NB 2005-08-02-18.04.07.873919 R20-M1-NB NULL DISCOVERY INFO Node card VPD check: U11 node in processor card slot J07 do not match. VPD ecid 04CE80929E2FFFFF0E0C1AE090D3, found 0000000000000000000000000000
1123031047 2005.08.02 R20-M1-NB 2005-08-02-18.04.07.885825 R20-M1-NB NULL DISCOVERY ERROR Found invalid node ecid in processor card slot J08, ecid 0000000000000000000000000000
1123031047 2005.08.02 R20-M1-NB 2005-08-02-18.04.07.888620 R20-M1-NB NULL DISCOVERY ERROR Found invalid node ecid in processor card slot J08, ecid 0000000000000000000000000000
1123031047 2005.08.02 R20-M1-NB 2005-08-02-18.04.07.897504 R20-M1-NB NULL DISCOVERY INFO Node card VPD check: U01 node in processor card slot J08 do not match. VPD ecid 04CE80929E2FFFFF09081A40D0C7, found 0000000000000000000000000000
1123031047 2005.08.02 R20-M1-NB 2005-08-02-18.04.07.902632 R20-M1-NB NULL DISCOVERY INFO Node card VPD check: U11 node in processor card slot J08 do not match. VPD ecid 04DA8092C02FFFFF0A101B2116D9, found 0000000000000000000000000000
1123031047 2005.08.02 R20-M1-NB 2005-08-02-18.04.07.915728 R20-M1-NB NULL DISCOVERY ERROR Found invalid node ecid in processor card slot J09, ecid 0000000000000000000000000000
1123031047 2005.08.02 R20-M1-NB 2005-08-02-18.04.07.918164 R20-M1-NB NULL DISCOVERY ERROR Found invalid node ecid in processor card slot J09, ecid 0000000000000000000000000000
1123031047 2005.08.02 R20-M1-NB 2005-08-02-18.04.07.923014 R20-M1-NB NULL DISCOVERY INFO Node card VPD check: U01 node in processor card slot J09 do not match. VPD ecid 04DA8092C02FFFFF0B0F1B0090D6, found 0000000000000000000000000000
1123031047 2005.08.02 R20-M1-NB 2005-08-02-18.04.07.928014 R20-M1-NB NULL DISCOVERY INFO Node card VPD check: U11 node in processor card slot J09 do not match. VPD ecid 04CE80929E2FFFFF08061AC096D0, found 0000000000000000000000000000
1123031047 2005.08.02 R20-M1-NB 2005-08-02-18.04.07.946429 R20-M1-NB NULL DISCOVERY ERROR Found invalid node ecid in processor card slot J10, ecid 0000000000000000000000000000
1123031047 2005.08.02 R20-M1-NB 2005-08-02-18.04.07.949002 R20-M1-NB NULL DISCOVERY ERROR Found invalid node ecid in processor card slot J10, ecid 0000000000000000000000000000
1123031047 2005.08.02 R20-M1-NB 2005-08-02-18.04.07.982439 R20-M1-NB NULL DISCOVERY INFO Node card VPD check: U01 node in processor card slot J10 do not match. VPD ecid 04E28092DC2FFFFF0B0C1BA086E2, found 0000000000000000000000000000
1123031047 2005.08.02 R20-M1-NB 2005-08-02-18.04.07.987498 R20-M1-NB NULL DISCOVERY INFO Node card VPD check: U11 node in processor card slot J10 do not match. VPD ecid 04E28092DC2FFFFF07081B40A2DC, found 0000000000000000000000000000
1123031047 2005.08.02 R20-M1-NB 2005-08-02-18.04.07.993457 R20-M1-NB NULL DISCOVERY ERROR Found invalid node ecid in processor card slot J11, ecid 0000000000000000000000000000
1123031047 2005.08.02 R20-M1-NB 2005-08-02-18.04.07.997538 R20-M1-NB NULL DISCOVERY ERROR Found invalid node ecid in processor card slot J11, ecid 0000000000000000000000000000
1123031048 2005.08.02 R20-M1-NB 2005-08-02-18.04.08.002703 R20-M1-NB NULL DISCOVERY INFO Node card VPD check: U01 node in processor card slot J11 do not match. VPD ecid 04DA8092C02FFFFF050D1B8094E1, found 0000000000000000000000000000
1123031048 2005.08.02 R20-M1-NB 2005-08-02-18.04.08.008344 R20-M1-NB NULL DISCOVERY INFO Node card VPD check: U11 node in processor card slot J11 do not match. VPD ecid 04CE80929E2FFFFF020C1B1094D7, found 0000000000000000000000000000
1123031048 2005.08.02 R20-M1-NB 2005-08-02-18.04.08.013465 R20-M1-NB NULL DISCOVERY ERROR Found invalid node ecid in processor card slot J12, ecid 0000000000000000000000000000
1123031048 2005.08.02 R20-M1-NB 2005-08-02-18.04.08.021904 R20-M1-NB NULL DISCOVERY ERROR Found invalid node ecid in processor card slot J12, ecid 0000000000000000000000000000
1123031048 2005.08.02 R20-M1-NB 2005-08-02-18.04.08.027159 R20-M1-NB NULL DISCOVERY INFO Node card VPD check: U01 node in processor card slot J12 do not match. VPD ecid 04C28092D72FFFFF060B1B108ED7, found 0000000000000000000000000000
1123031048 2005.08.02 R20-M1-NB 2005-08-02-18.04.08.032407 R20-M1-NB NULL DISCOVERY INFO Node card VPD check: U11 node in processor card slot J12 do not match. VPD ecid 04DA8092C02FFFFF0A0F1B5092DD, found 0000000000000000000000000000
1123031048 2005.08.02 R20-M1-NB 2005-08-02-18.04.08.037463 R20-M1-NB NULL DISCOVERY ERROR Found invalid node ecid in processor card slot J13, ecid 0000000000000000000000000000
1123031048 2005.08.02 R20-M1-NB 2005-08-02-18.04.08.046385 R20-M1-NB NULL DISCOVERY ERROR Found invalid node ecid in processor card slot J13, ecid 0000000000000000000000000000
1123031048 2005.08.02 R20-M1-NB 2005-08-02-18.04.08.051522 R20-M1-NB NULL DISCOVERY INFO Node card VPD check: U01 node in processor card slot J13 do not match. VPD ecid 04CE80929E2FFFFF090C1B008ED5, found 0000000000000000000000000000
1123031048 2005.08.02 R20-M1-NB 2005-08-02-18.04.08.062604 R20-M1-NB NULL DISCOVERY INFO Node card VPD check: U11 node in processor card slot J13 do not match. VPD ecid 04DA8092C02FFFFF090E1B7096DF, found 0000000000000000000000000000
1123031048 2005.08.02 R20-M1-NB 2005-08-02-18.04.08.067744 R20-M1-NB NULL DISCOVERY ERROR Found invalid node ecid in processor card slot J14, ecid 0000000000000000000000000000
1123031048 2005.08.02 R20-M1-NB 2005-08-02-18.04.08.078716 R20-M1-NB NULL DISCOVERY ERROR Found invalid node ecid in processor card slot J14, ecid 0000000000000000000000000000
1123031048 2005.08.02 R20-M1-NB 2005-08-02-18.04.08.084107 R20-M1-NB NULL DISCOVERY INFO Node card VPD check: U01 node in processor card slot J14 do not match. VPD ecid 04E28092DC2FFFFF0D0A1B9086E1, found 0000000000000000000000000000
1123031048 2005.08.02 R20-M1-NB 2005-08-02-18.04.08.089582 R20-M1-NB NULL DISCOVERY INFO Node card VPD check: U11 node in processor card slot J14 do not match. VPD ecid 04E28092DC2FFFFF020A1BA09AE3, found 0000000000000000000000000000
1123031048 2005.08.02 R20-M1-NB 2005-08-02-18.04.08.094549 R20-M1-NB NULL DISCOVERY ERROR Found invalid node ecid in processor card slot J15, ecid 0000000000000000000000000000
1123031048 2005.08.02 R20-M1-NB 2005-08-02-18.04.08.096838 R20-M1-NB NULL DISCOVERY ERROR Found invalid node ecid in processor card slot J15, ecid 0000000000000000000000000000
1123031048 2005.08.02 R20-M0-NB 2005-08-02-18.04.08.209067 R20-M0-NB NULL DISCOVERY ERROR Found invalid node ecid in processor card slot J02, ecid 0000000000000000000000000000
1123031048 2005.08.02 R20-M1-NB 2005-08-02-18.04.08.213581 R20-M1-NB NULL DISCOVERY INFO Node card VPD check: U01 node in processor card slot J15 do not match. VPD ecid 04CE80929E2FFFFF030C1B4096DB, found 0000000000000000000000000000
1123031048 2005.08.02 R20-M1-NB 2005-08-02-18.04.08.218923 R20-M1-NB NULL DISCOVERY INFO Node card VPD check: U11 node in processor card slot J15 do not match. VPD ecid 04CE80929E2FFFFF0D0C1AE08CD3, found 0000000000000000000000000000
1123031048 2005.08.02 R20-M0-NB 2005-08-02-18.04.08.222703 R20-M0-NB NULL DISCOVERY ERROR Node card status: ALERT 0, ALERT 1, ALERT 2, ALERT 3 is (are) active. Clock Mode is Low. Clock Select is Midplane. Phy JTAG Reset is asserted. ASIC JTAG Reset is not asserted. Temperature Mask is not active. No temperature error. Temperature Limit Error Latch is clear. PGOOD is asserted. PGOOD error latch is clear. MPGOOD is OK. MPGOOD error latch is clear. The 2.5 volt rail is OK. The 1.5 volt rail is OK.
1123031048 2005.08.02 R20-M1-NB 2005-08-02-18.04.08.226449 R20-M1-NB NULL DISCOVERY ERROR Found invalid node ecid in processor card slot J16, ecid 0000000000000000000000000000
1123031048 2005.08.02 R20-M0-NB 2005-08-02-18.04.08.229816 R20-M0-NB NULL DISCOVERY ERROR Found invalid node ecid in processor card slot J02, ecid 0000000000000000000000000000
1123031048 2005.08.02 R20-M1-NB 2005-08-02-18.04.08.232763 R20-M1-NB NULL DISCOVERY ERROR Found invalid node ecid in processor card slot J16, ecid 0000000000000000000000000000
1123031048 2005.08.02 R20-M0-NB 2005-08-02-18.04.08.236787 R20-M0-NB NULL DISCOVERY INFO Node card VPD check: U01 node in processor card slot J02 do not match. VPD ecid 075C0D52A02FFFFF0D091BA04AE0, found 0000000000000000000000000000
1123031048 2005.08.02 R20-M1-NB 2005-08-02-18.04.08.240355 R20-M1-NB NULL DISCOVERY INFO Node card VPD check: U01 node in processor card slot J16 do not match. VPD ecid 04E28092DC2FFFFF0E091BE054E8, found 0000000000000000000000000000
1123031048 2005.08.02 R20-M0-NB 2005-08-02-18.04.08.243968 R20-M0-NB NULL DISCOVERY INFO Node card VPD check: U11 node in processor card slot J02 do not match. VPD ecid 07550D50D72FFFFF0F091BD04CE6, found 0000000000000000000000000000
1123031048 2005.08.02 R20-M1-NB 2005-08-02-18.04.08.251033 R20-M1-NB NULL DISCOVERY INFO Node card VPD check: U11 node in processor card slot J16 do not match. VPD ecid 04C28092D72FFFFF0B0C1B00CCD6, found 0000000000000000000000000000
1123031048 2005.08.02 R20-M0-NB 2005-08-02-18.04.08.254560 R20-M0-NB NULL DISCOVERY ERROR Found invalid node ecid in processor card slot J03, ecid 0000000000000000000000000000
1123031048 2005.08.02 R20-M1-NB 2005-08-02-18.04.08.258541 R20-M1-NB NULL DISCOVERY ERROR Found invalid node ecid in processor card slot J17, ecid 0000000000000000000000000000
1123031048 2005.08.02 R20-M0-NB 2005-08-02-18.04.08.259388 R20-M0-NB NULL DISCOVERY ERROR Found invalid node ecid in processor card slot J03, ecid 0000000000000000000000000000
1123031048 2005.08.02 R20-M1-NB 2005-08-02-18.04.08.262495 R20-M1-NB NULL DISCOVERY ERROR Found invalid node ecid in processor card slot J17, ecid 0000000000000000000000000000
1123031048 2005.08.02 R20-M0-NB 2005-08-02-18.04.08.265922 R20-M0-NB NULL DISCOVERY INFO Node card VPD check: U01 node in processor card slot J03 do not match. VPD ecid 075C0D52A02FFFFF0E091B904ADE, found 0000000000000000000000000000
1123031048 2005.08.02 R20-M1-NB 2005-08-02-18.04.08.280648 R20-M1-NB NULL DISCOVERY INFO Node card VPD check: U01 node in processor card slot J17 do not match. VPD ecid 04DA8092C02FFFFF0E0D1AE0DAD4, found 0000000000000000000000000000
1123031048 2005.08.02 R20-M0-NB 2005-08-02-18.04.08.284224 R20-M0-NB NULL DISCOVERY INFO Node card VPD check: U11 node in processor card slot J03 do not match. VPD ecid 04D58125872FFFFF0C041B2088D6, found 0000000000000000000000000000
1123031048 2005.08.02 R20-M1-NB 2005-08-02-18.04.08.287883 R20-M1-NB NULL DISCOVERY INFO Node card VPD check: U11 node in processor card slot J17 do not match. VPD ecid 04E28092DC2FFFFF040A1B6096DE, found 0000000000000000000000000000
1123031048 2005.08.02 R20-M0-NB 2005-08-02-18.04.08.292253 R20-M0-NB NULL DISCOVERY ERROR Found invalid node ecid in processor card slot J04, ecid 0000000000000000000000000000
1123031048 2005.08.02 R20-M0-NB 2005-08-02-18.04.08.294910 R20-M0-NB NULL DISCOVERY ERROR Found invalid node ecid in processor card slot J04, ecid 0000000000000000000000000000
1123031048 2005.08.02 R20-M0-NB 2005-08-02-18.04.08.304554 R20-M0-NB NULL DISCOVERY INFO Node card VPD check: U01 node in processor card slot J04 do not match. VPD ecid 074C0DD7DE2FFFFF0C081AA08ED0, found 0000000000000000000000000000
1123031048 2005.08.02 R20-M0-NB 2005-08-02-18.04.08.310286 R20-M0-NB NULL DISCOVERY INFO Node card VPD check: U11 node in processor card slot J04 do not match. VPD ecid 07490DD7E12FFFFF0F0B1B4090DE, found 0000000000000000000000000000
1123031048 2005.08.02 R20-M0-NB 2005-08-02-18.04.08.316141 R20-M0-NB NULL DISCOVERY ERROR Found invalid node ecid in processor card slot J05, ecid 0000000000000000000000000000
1123031048 2005.08.02 R20-M0-NB 2005-08-02-18.04.08.319933 R20-M0-NB NULL DISCOVERY ERROR Found invalid node ecid in processor card slot J05, ecid 0000000000000000000000000000
1123031048 2005.08.02 R20-M0-NB 2005-08-02-18.04.08.325103 R20-M0-NB NULL DISCOVERY INFO Node card VPD check: U01 node in processor card slot J05 do not match. VPD ecid 04E08125A12FFFFF0D0A1B008AD2, found 0000000000000000000000000000
1123031048 2005.08.02 R20-M0-NB 2005-08-02-18.04.08.415476 R20-M0-NB NULL DISCOVERY INFO Node card VPD check: U11 node in processor card slot J05 do not match. VPD ecid 075A0D52CF2FFFFF0A0F1C9050F3, found 0000000000000000000000000000
1123031048 2005.08.02 R20-M0-NB 2005-08-02-18.04.08.421300 R20-M0-NB NULL DISCOVERY ERROR Found invalid node ecid in processor card slot J06, ecid 0000000000000000000000000000
1123031048 2005.08.02 R20-M0-NB 2005-08-02-18.04.08.423954 R20-M0-NB NULL DISCOVERY ERROR Found invalid node ecid in processor card slot J06, ecid 0000000000000000000000000000
1123031048 2005.08.02 R20-M0-NB 2005-08-02-18.04.08.429433 R20-M0-NB NULL DISCOVERY INFO Node card VPD check: U01 node in processor card slot J06 do not match. VPD ecid 07470D52902FFFFF0A0C1B0084D5, found 0000000000000000000000000000
1123031048 2005.08.02 R20-M0-NB 2005-08-02-18.04.08.438322 R20-M0-NB NULL DISCOVERY INFO Node card VPD check: U11 node in processor card slot J06 do not match. VPD ecid 07470D52902FFFFF09031C104EEB, found 0000000000000000000000000000
1123031048 2005.08.02 R20-M0-NB 2005-08-02-18.04.08.443814 R20-M0-NB NULL DISCOVERY ERROR Found invalid node ecid in processor card slot J07, ecid 0000000000000000000000000000
1123031048 2005.08.02 R20-M0-NB 2005-08-02-18.04.08.446688 R20-M0-NB NULL DISCOVERY ERROR Found invalid node ecid in processor card slot J07, ecid 0000000000000000000000000000
1123031048 2005.08.02 R20-M0-NB 2005-08-02-18.04.08.452619 R20-M0-NB NULL DISCOVERY INFO Node card VPD check: U01 node in processor card slot J07 do not match. VPD ecid 074B0D528C2FFFFF0D0C1BE04AE4, found 0000000000000000000000000000
1123031048 2005.08.02 R20-M0-NB 2005-08-02-18.04.08.462346 R20-M0-NB NULL DISCOVERY INFO Node card VPD check: U11 node in processor card slot J07 do not match. VPD ecid 075C0D52A02FFFFF0E0A1B6044DC, found 0000000000000000000000000000
1123031048 2005.08.02 R20-M0-NB 2005-08-02-18.04.08.467909 R20-M0-NB NULL DISCOVERY ERROR Found invalid node ecid in processor card slot J08, ecid 0000000000000000000000000000
1123031048 2005.08.02 R20-M0-NB 2005-08-02-18.04.08.470701 R20-M0-NB NULL DISCOVERY ERROR Found invalid node ecid in processor card slot J08, ecid 0000000000000000000000000000
1123031048 2005.08.02 R20-M0-NB 2005-08-02-18.04.08.476207 R20-M0-NB NULL DISCOVERY INFO Node card VPD check: U01 node in processor card slot J08 do not match. VPD ecid 07470D52902FFFFF040A1B008CD6, found 0000000000000000000000000000
1123031048 2005.08.02 R20-M0-NB 2005-08-02-18.04.08.482695 R20-M0-NB NULL DISCOVERY INFO Node card VPD check: U11 node in processor card slot J08 do not match. VPD ecid 075C0D52A02FFFFF0F081C1046E9, found 0000000000000000000000000000
1123031048 2005.08.02 R20-M0-NB 2005-08-02-18.04.08.504231 R20-M0-NB NULL DISCOVERY ERROR Found invalid node ecid in processor card slot J09, ecid 0000000000000000000000000000
1123031048 2005.08.02 R20-M0-NB 2005-08-02-18.04.08.506978 R20-M0-NB NULL DISCOVERY ERROR Found invalid node ecid in processor card slot J09, ecid 0000000000000000000000000000
1123031048 2005.08.02 R20-M0-NB 2005-08-02-18.04.08.512481 R20-M0-NB NULL DISCOVERY INFO Node card VPD check: U01 node in processor card slot J09 do not match. VPD ecid 074B0D528C2FFFFF0E081BC048E4, found 0000000000000000000000000000
1123031048 2005.08.02 R20-M0-NB 2005-08-02-18.04.08.517717 R20-M0-NB NULL DISCOVERY INFO Node card VPD check: U11 node in processor card slot J09 do not match. VPD ecid 07550D50D72FFFFF03061AB088CD, found 0000000000000000000000000000
1123031048 2005.08.02 R20-M0-NB 2005-08-02-18.04.08.523574 R20-M0-NB NULL DISCOVERY ERROR Found invalid node ecid in processor card slot J10, ecid 0000000000000000000000000000
1123031048 2005.08.02 R20-M0-NB 2005-08-02-18.04.08.526334 R20-M0-NB NULL DISCOVERY ERROR Found invalid node ecid in processor card slot J10, ecid 0000000000000000000000000000
1123031048 2005.08.02 R20-M0-NB 2005-08-02-18.04.08.531887 R20-M0-NB NULL DISCOVERY INFO Node card VPD check: U01 node in processor card slot J10 do not match. VPD ecid 074B0D528C2FFFFF05071BB048E2, found 0000000000000000000000000000
1123031048 2005.08.02 R20-M0-NB 2005-08-02-18.04.08.536931 R20-M0-NB NULL DISCOVERY INFO Node card VPD check: U11 node in processor card slot J10 do not match. VPD ecid 074B0D528C2FFFFF0C071BD04CE4, found 0000000000000000000000000000
1123031048 2005.08.02 R20-M0-NB 2005-08-02-18.04.08.542433 R20-M0-NB NULL DISCOVERY ERROR Found invalid node ecid in processor card slot J11, ecid 0000000000000000000000000000
1123031048 2005.08.02 R20-M0-NB 2005-08-02-18.04.08.555801 R20-M0-NB NULL DISCOVERY ERROR Found invalid node ecid in processor card slot J11, ecid 0000000000000000000000000000
1123031048 2005.08.02 R20-M0-NB 2005-08-02-18.04.08.561248 R20-M0-NB NULL DISCOVERY INFO Node card VPD check: U01 node in processor card slot J11 do not match. VPD ecid 075A0D52CF2FFFFF02081C3054EB, found 0000000000000000000000000000
1123031048 2005.08.02 R20-M0-NB 2005-08-02-18.04.08.566671 R20-M0-NB NULL DISCOVERY INFO Node card VPD check: U11 node in processor card slot J11 do not match. VPD ecid 074B0D528C2FFFFF02071C105CEA, found 0000000000000000000000000000
1123031048 2005.08.02 R20-M0-NB 2005-08-02-18.04.08.572578 R20-M0-NB NULL DISCOVERY ERROR Found invalid node ecid in processor card slot J12, ecid 0000000000000000000000000000
1123031048 2005.08.02 R20-M0-NB 2005-08-02-18.04.08.575029 R20-M0-NB NULL DISCOVERY ERROR Found invalid node ecid in processor card slot J12, ecid 0000000000000000000000000000
1123031048 2005.08.02 R20-M0-NB 2005-08-02-18.04.08.588742 R20-M0-NB NULL DISCOVERY INFO Node card VPD check: U01 node in processor card slot J12 do not match. VPD ecid 07470D52902FFFFF09051B304ED9, found 0000000000000000000000000000
1123031048 2005.08.02 R20-M0-NB 2005-08-02-18.04.08.594402 R20-M0-NB NULL DISCOVERY INFO Node card VPD check: U11 node in processor card slot J12 do not match. VPD ecid 074B0D528C2FFFFF080D1BF090E4, found 0000000000000000000000000000
1123031048 2005.08.02 R20-M0-NB 2005-08-02-18.04.08.600515 R20-M0-NB NULL DISCOVERY ERROR Found invalid node ecid in processor card slot J13, ecid 0000000000000000000000000000
1123031048 2005.08.02 R20-M0-NB 2005-08-02-18.04.08.603083 R20-M0-NB NULL DISCOVERY ERROR Found invalid node ecid in processor card slot J13, ecid 0000000000000000000000000000
1123031048 2005.08.02 R20-M0-NB 2005-08-02-18.04.08.617932 R20-M0-NB NULL DISCOVERY INFO Node card VPD check: U01 node in processor card slot J13 do not match. VPD ecid 075A0D52CF2FFFFF0A021CB056F5, found 0000000000000000000000000000
1123031048 2005.08.02 R20-M0-NB 2005-08-02-18.04.08.623112 R20-M0-NB NULL DISCOVERY INFO Node card VPD check: U11 node in processor card slot J13 do not match. VPD ecid 074B0D528C2FFFFF0F0B1C404EED, found 0000000000000000000000000000
1123031048 2005.08.02 R20-M0-NB 2005-08-02-18.04.08.628496 R20-M0-NB NULL DISCOVERY ERROR Found invalid node ecid in processor card slot J14, ecid 0000000000000000000000000000
1123031048 2005.08.02 R20-M0-NB 2005-08-02-18.04.08.631369 R20-M0-NB NULL DISCOVERY ERROR Found invalid node ecid in processor card slot J14, ecid 0000000000000000000000000000
1123031048 2005.08.02 R20-M0-NB 2005-08-02-18.04.08.636639 R20-M0-NB NULL DISCOVERY INFO Node card VPD check: U01 node in processor card slot J14 do not match. VPD ecid 04D280D81D2FFFFF030A1AE094D1, found 0000000000000000000000000000
1123031048 2005.08.02 R20-M0-NB 2005-08-02-18.04.08.648009 R20-M0-NB NULL DISCOVERY INFO Node card VPD check: U11 node in processor card slot J14 do not match. VPD ecid 04C080D85D2FFFFF050E1B6052DB, found 0000000000000000000000000000
1123031048 2005.08.02 R20-M0-NB 2005-08-02-18.04.08.653208 R20-M0-NB NULL DISCOVERY ERROR Found invalid node ecid in processor card slot J15, ecid 0000000000000000000000000000
1123031048 2005.08.02 R20-M0-NB 2005-08-02-18.04.08.655985 R20-M0-NB NULL DISCOVERY ERROR Found invalid node ecid in processor card slot J15, ecid 0000000000000000000000000000
1123031048 2005.08.02 R20-M0-NB 2005-08-02-18.04.08.660795 R20-M0-NB NULL DISCOVERY INFO Node card VPD check: U01 node in processor card slot J15 do not match. VPD ecid 07470D52902FFFFF060D1B408ADA, found 0000000000000000000000000000
1123031048 2005.08.02 R20-M0-NB 2005-08-02-18.04.08.665715 R20-M0-NB NULL DISCOVERY INFO Node card VPD check: U11 node in processor card slot J15 do not match. VPD ecid 07470D52902FFFFF080C1B308ED9, found 0000000000000000000000000000
1123031048 2005.08.02 R20-M0-NB 2005-08-02-18.04.08.671941 R20-M0-NB NULL DISCOVERY ERROR Found invalid node ecid in processor card slot J16, ecid 0000000000000000000000000000
1123031048 2005.08.02 R20-M0-NB 2005-08-02-18.04.08.673970 R20-M0-NB NULL DISCOVERY ERROR Found invalid node ecid in processor card slot J16, ecid 0000000000000000000000000000
1123031048 2005.08.02 R20-M0-NB 2005-08-02-18.04.08.678530 R20-M0-NB NULL DISCOVERY INFO Node card VPD check: U01 node in processor card slot J16 do not match. VPD ecid 04C98125C12FFFFF0C0C1AF0E2D1, found 0000000000000000000000000000
1123031048 2005.08.02 R20-M0-NB 2005-08-02-18.04.08.683720 R20-M0-NB NULL DISCOVERY INFO Node card VPD check: U11 node in processor card slot J16 do not match. VPD ecid 04C68126552FFFFF0E081B4050D9, found 0000000000000000000000000000
1123031048 2005.08.02 R20-M0-NB 2005-08-02-18.04.08.693892 R20-M0-NB NULL DISCOVERY ERROR Found invalid node ecid in processor card slot J17, ecid 0000000000000000000000000000
1123031048 2005.08.02 R20-M0-NB 2005-08-02-18.04.08.696598 R20-M0-NB NULL DISCOVERY ERROR Found invalid node ecid in processor card slot J17, ecid 0000000000000000000000000000
1123031048 2005.08.02 R20-M0-NB 2005-08-02-18.04.08.701733 R20-M0-NB NULL DISCOVERY INFO Node card VPD check: U01 node in processor card slot J17 do not match. VPD ecid 07470D52902FFFFF07021B809EE0, found 0000000000000000000000000000
1123031048 2005.08.02 R20-M0-NB 2005-08-02-18.04.08.706593 R20-M0-NB NULL DISCOVERY INFO Node card VPD check: U11 node in processor card slot J17 do not match. VPD ecid 07470D52902FFFFF10081B40CEDC, found 0000000000000000000000000000
1123031088 2005.08.02 R20-M0-N6 2005-08-02-18.04.48.494055 R20-M0-N6 NULL DISCOVERY INFO Node card VPD check: U01 node in processor card slot J06 do not match. VPD ecid 07430E108D2FFFFF0F091B3046D7, found 04D581D5A12FFFFF050C1B8044DB
1123031088 2005.08.02 R20-M0-N6 2005-08-02-18.04.48.500806 R20-M0-N6 NULL DISCOVERY INFO Node card VPD check: U11 node in processor card slot J06 do not match. VPD ecid 07400E10902FFFFF0C0C1A908CCA, found 04D081D5032FFFFF03071B4050D9
1123031088 2005.08.02 R20-M1-N1 2005-08-02-18.04.48.801509 R20-M1-N1 NULL DISCOVERY INFO Node card VPD check: U01 node in processor card slot J11 do not match. VPD ecid 07430E108D2FFFFF070F1AE08CD2, found 07521035D02FFFFF06051BB08AE3
1123031088 2005.08.02 R20-M1-N1 2005-08-02-18.04.48.807037 R20-M1-N1 NULL DISCOVERY INFO Node card VPD check: U11 node in processor card slot J11 do not match. VPD ecid 07630E10912FFFFF0C0E1B404ADB, found 075B1036872FFFFF0F0B1C2050EC
1123031098 2005.08.02 R20-M1-N8 2005-08-02-18.04.58.106242 R20-M1-N8 NULL DISCOVERY INFO Node card VPD check: U01 node in processor card slot J13 do not match. VPD ecid 04CE81D5052FFFFF05041B804EDB, found 07421035622FFFFF06041C3046ED
1123031098 2005.08.02 R20-M1-N8 2005-08-02-18.04.58.111902 R20-M1-N8 NULL DISCOVERY INFO Node card VPD check: U11 node in processor card slot J13 do not match. VPD ecid 04C881D4DE2FFFFF09061C204CE8, found 07521035D02FFFFF06091B9042E0
1123031107 2005.08.02 R20-M0-NF 2005-08-02-18.05.07.227492 R20-M0-NF NULL DISCOVERY INFO Node card VPD check: U01 node in processor card slot J08 do not match. VPD ecid 04CD8087D52FFFFF08081B308CDA, found 07601033482FFFFF030D1BB048E5
1123031107 2005.08.02 R20-M0-NF 2005-08-02-18.05.07.236042 R20-M0-NF NULL DISCOVERY INFO Node card VPD check: U11 node in processor card slot J08 do not match. VPD ecid 04D18087012FFFFF080C1C704EF5, found 07521033552FFFFF0F051BA0D6E6
