- 1131573661 2005.11.09 en257 Nov 9 14:01:01 en257/en257 crond(pam_unix)[9120]: session closed for user root
- 1131573661 2005.11.09 en257 Nov 9 14:01:01 en257/en257 crond(pam_unix)[9120]: session opened for user root by (uid=0)
- 1131573661 2005.11.09 en257 Nov 9 14:01:01 en257/en257 crond[9121]: (root) CMD (run-parts /etc/cron.hourly)
- 1131573661 2005.11.09 en263 Nov 9 14:01:01 en263/en263 crond(pam_unix)[2868]: session closed for user root
- 1131573661 2005.11.09 en263 Nov 9 14:01:01 en263/en263 crond(pam_unix)[2868]: session opened for user root by (uid=0)
- 1131573661 2005.11.09 en263 Nov 9 14:01:01 en263/en263 crond[2869]: (root) CMD (run-parts /etc/cron.hourly)
- 1131573661 2005.11.09 en74 Nov 9 14:01:01 en74/en74 crond(pam_unix)[3090]: session closed for user root
- 1131573661 2005.11.09 en74 Nov 9 14:01:01 en74/en74 crond(pam_unix)[3090]: session opened for user root by (uid=0)
- 1131573661 2005.11.09 en74 Nov 9 14:01:01 en74/en74 crond[3091]: (root) CMD (run-parts /etc/cron.hourly)
- 1131574352 2005.11.09 en86 Nov 9 14:12:32 en86/en86 irqbalance: irqbalance startup succeeded
- 1131574352 2005.11.09 en86 Nov 9 14:12:32 en86/en86 kernel: DMA zone: 4096 pages, LIFO batch:1
- 1131574352 2005.11.09 en86 Nov 9 14:12:32 en86/en86 kernel: HighMem zone: 0 pages, LIFO batch:1
- 1131574352 2005.11.09 en86 Nov 9 14:12:32 en86/en86 kernel: Normal zone: 1830912 pages, LIFO batch:16
- 1131574352 2005.11.09 en86 Nov 9 14:12:32 en86/en86 kernel: BIOS-e820: 0000000000000000 - 00000000000a0000 (usable)
- 1131574352 2005.11.09 en86 Nov 9 14:12:32 en86/en86 kernel: BIOS-e820: 0000000000100000 - 00000000bffc0000 (usable)
- 1131574352 2005.11.09 en86 Nov 9 14:12:32 en86/en86 kernel: BIOS-e820: 00000000bffc0000 - 00000000bffcfc00 (ACPI data)
- 1131574352 2005.11.09 en86 Nov 9 14:12:32 en86/en86 kernel: BIOS-e820: 00000000bffcfc00 - 00000000bffff000 (reserved)
- 1131574352 2005.11.09 en86 Nov 9 14:12:32 en86/en86 kernel: BIOS-e820: 00000000e0000000 - 00000000fec90000 (reserved)
- 1131574352 2005.11.09 en86 Nov 9 14:12:32 en86/en86 kernel: BIOS-e820: 00000000fed00000 - 00000000fed00400 (reserved)
- 1131574352 2005.11.09 en86 Nov 9 14:12:32 en86/en86 kernel: BIOS-e820: 00000000fee00000 - 00000000fee10000 (reserved)
- 1131574352 2005.11.09 en86 Nov 9 14:12:32 en86/en86 kernel: BIOS-e820: 00000000ffb00000 - 0000000100000000 (reserved)
- 1131574352 2005.11.09 en86 Nov 9 14:12:32 en86/en86 kernel: BIOS-e820: 0000000100000000 - 00000001c0000000 (usable)
- 1131574352 2005.11.09 en86 Nov 9 14:12:32 en86/en86 kernel: ACPI: DSDT (v001 DELL PE BKC 0x00000001 MSFT 0x0100000e) @ 0x0000000000000000
- 1131574352 2005.11.09 en86 Nov 9 14:12:32 en86/en86 kernel: ACPI: FADT (v001 DELL PE BKC 0x00000001 MSFT 0x0100000a) @ 0x00000000000fd6b0
- 1131574352 2005.11.09 en86 Nov 9 14:12:32 en86/en86 kernel: ACPI: HPET (v001 DELL PE BKC 0x00000001 MSFT 0x0100000a) @ 0x00000000000fd81c
- 1131574352 2005.11.09 en86 Nov 9 14:12:32 en86/en86 kernel: ACPI: LAPIC (acpi_id[0x01] lapic_id[0x00] enabled)
- 1131574352 2005.11.09 en86 Nov 9 14:12:32 en86/en86 kernel: ACPI: LAPIC (acpi_id[0x02] lapic_id[0x06] enabled)
- 1131574352 2005.11.09 en86 Nov 9 14:12:32 en86/en86 kernel: ACPI: LAPIC (acpi_id[0x03] lapic_id[0x01] disabled)
- 1131574352 2005.11.09 en86 Nov 9 14:12:32 en86/en86 kernel: ACPI: Local APIC address 0xfee00000
- 1131574352 2005.11.09 en86 Nov 9 14:12:32 en86/en86 kernel: ACPI: MADT (v001 DELL PE BKC 0x00000001 MSFT 0x0100000a) @ 0x00000000000fd724
- 1131574352 2005.11.09 en86 Nov 9 14:12:32 en86/en86 kernel: ACPI: MCFG (v001 DELL PE BKC 0x00000001 MSFT 0x0100000a) @ 0x00000000000fd854
- 1131574352 2005.11.09 en86 Nov 9 14:12:32 en86/en86 kernel: ACPI: RSDP (v000 DELL ) @ 0x00000000000fd650
- 1131574352 2005.11.09 en86 Nov 9 14:12:32 en86/en86 kernel: ACPI: RSDT (v001 DELL PE BKC 0x00000001 MSFT 0x0100000a) @ 0x00000000000fd664
- 1131574352 2005.11.09 en86 Nov 9 14:12:32 en86/en86 kernel: ACPI: SPCR (v001 DELL PE BKC 0x00000001 MSFT 0x0100000a) @ 0x00000000000fd7cc
- 1131574352 2005.11.09 en86 Nov 9 14:12:32 en86/en86 kernel: BIOS-provided physical RAM map:
- 1131574352 2005.11.09 en86 Nov 9 14:12:32 en86/en86 kernel: Bootdata ok (command line is ro root=LABEL=/ tsc console=tty0 console=ttyS0,19200 rhgb quiet)
- 1131574352 2005.11.09 en86 Nov 9 14:12:32 en86/en86 kernel: Bootmem setup node 0 0000000000000000-00000001c0000000
- 1131574352 2005.11.09 en86 Nov 9 14:12:32 en86/en86 kernel: DMI 2.3 present.
- 1131574352 2005.11.09 en86 Nov 9 14:12:32 en86/en86 kernel: Faking a node at 0000000000000000-00000001c0000000
- 1131574352 2005.11.09 en86 Nov 9 14:12:32 en86/en86 kernel: Linux version 2.6.9-15.EL.rootsmp (#7#@#9#) (gcc version 3.4.3 20050227 (Red Hat 3.4.3-22.1)) #1 SMP Tue Aug 16 12:32:24 MDT 2005
- 1131574352 2005.11.09 en86 Nov 9 14:12:32 en86/en86 kernel: No NUMA configuration found
- 1131574352 2005.11.09 en86 Nov 9 14:12:32 en86/en86 kernel: No mptable found.
- 1131574352 2005.11.09 en86 Nov 9 14:12:32 en86/en86 kernel: On node 0 totalpages: 1835008
- 1131574352 2005.11.09 en86 Nov 9 14:12:32 en86/en86 kernel: Processor #0 15:4 APIC version 16
- 1131574352 2005.11.09 en86 Nov 9 14:12:32 en86/en86 kernel: Processor #6 15:4 APIC version 16
- 1131574352 2005.11.09 en86 Nov 9 14:12:32 en86/en86 kernel: Warning: acpi_table_parse(ACPI_SLIT) returned 0!
- 1131574352 2005.11.09 en86 Nov 9 14:12:32 en86/en86 kernel: Warning: acpi_table_parse(ACPI_SRAT) returned 0!
- 1131574352 2005.11.09 en86 Nov 9 14:12:32 en86/en86 kernel: klogd 1.4.1, log source = /proc/kmsg started.
- 1131574352 2005.11.09 en86 Nov 9 14:12:32 en86/en86 nfslock: rpc.statd startup succeeded
- 1131574352 2005.11.09 en86 Nov 9 14:12:32 en86/en86 portmap: portmap startup succeeded
- 1131574352 2005.11.09 en86 Nov 9 14:12:32 en86/en86 rpc.statd[1827]: Version 1.0.6 Starting
- 1131574352 2005.11.09 en86 Nov 9 14:12:32 en86/en86 syslog: klogd startup succeeded
- 1131574352 2005.11.09 en86 Nov 9 14:12:32 en86/en86 syslog: syslogd startup succeeded
- 1131574352 2005.11.09 en86 Nov 9 14:12:32 en86/en86 syslogd 1.4.1: restart.
- 1131574353 2005.11.09 en86 Nov 9 14:12:33 en86/en86 kernel: ACPI: HPET id: 0xffffffff base: 0xfed00000
- 1131574353 2005.11.09 en86 Nov 9 14:12:33 en86/en86 kernel: ACPI: INT_SRC_OVR (bus 0 bus_irq 0 global_irq 2 dfl dfl)
- 1131574353 2005.11.09 en86 Nov 9 14:12:33 en86/en86 kernel: ACPI: INT_SRC_OVR (bus 0 bus_irq 9 global_irq 9 high level)
- 1131574353 2005.11.09 en86 Nov 9 14:12:33 en86/en86 kernel: ACPI: IOAPIC (id[0x07] address[0xfec00000] gsi_base[0])
- 1131574353 2005.11.09 en86 Nov 9 14:12:33 en86/en86 kernel: ACPI: IOAPIC (id[0x08] address[0xfec80000] gsi_base[32])
- 1131574353 2005.11.09 en86 Nov 9 14:12:33 en86/en86 kernel: ACPI: IOAPIC (id[0x09] address[0xfec83000] gsi_base[64])
- 1131574353 2005.11.09 en86 Nov 9 14:12:33 en86/en86 kernel: ACPI: IRQ0 used by override.
- 1131574353 2005.11.09 en86 Nov 9 14:12:33 en86/en86 kernel: ACPI: IRQ2 used by override.
- 1131574353 2005.11.09 en86 Nov 9 14:12:33 en86/en86 kernel: ACPI: IRQ9 used by override.
- 1131574353 2005.11.09 en86 Nov 9 14:12:33 en86/en86 kernel: ACPI: LAPIC (acpi_id[0x04] lapic_id[0x07] disabled)
- 1131574353 2005.11.09 en86 Nov 9 14:12:33 en86/en86 kernel: ACPI: LAPIC_NMI (acpi_id[0x01] high edge lint[0x1])
- 1131574353 2005.11.09 en86 Nov 9 14:12:33 en86/en86 kernel: ACPI: LAPIC_NMI (acpi_id[0x02] high edge lint[0x1])
- 1131574353 2005.11.09 en86 Nov 9 14:12:33 en86/en86 kernel: ACPI: LAPIC_NMI (acpi_id[0x03] high edge lint[0x1])
- 1131574353 2005.11.09 en86 Nov 9 14:12:33 en86/en86 kernel: ACPI: LAPIC_NMI (acpi_id[0x04] high edge lint[0x1])
- 1131574353 2005.11.09 en86 Nov 9 14:12:33 en86/en86 kernel: Built 1 zonelists
- 1131574353 2005.11.09 en86 Nov 9 14:12:33 en86/en86 kernel: Calibrating delay loop... 7127.04 BogoMIPS (lpj=3563520)
- 1131574353 2005.11.09 en86 Nov 9 14:12:33 en86/en86 kernel: Checking aperture...
- 1131574353 2005.11.09 en86 Nov 9 14:12:33 en86/en86 kernel: Console: colour VGA+ 80x25
- 1131574353 2005.11.09 en86 Nov 9 14:12:33 en86/en86 kernel: Dentry cache hash table entries: 1048576 (order: 11, 8388608 bytes)
- 1131574353 2005.11.09 en86 Nov 9 14:12:33 en86/en86 kernel: IOAPIC[0]: apic_id 7, version 32, address 0xfec00000, GSI 0-23
- 1131574353 2005.11.09 en86 Nov 9 14:12:33 en86/en86 kernel: IOAPIC[1]: apic_id 8, version 32, address 0xfec80000, GSI 32-55
- 1131574353 2005.11.09 en86 Nov 9 14:12:33 en86/en86 kernel: IOAPIC[2]: apic_id 9, version 32, address 0xfec83000, GSI 64-87
- 1131574353 2005.11.09 en86 Nov 9 14:12:33 en86/en86 kernel: Initializing CPU#0
- 1131574353 2005.11.09 en86 Nov 9 14:12:33 en86/en86 kernel: Inode-cache hash table entries: 524288 (order: 10, 4194304 bytes)
- 1131574353 2005.11.09 en86 Nov 9 14:12:33 en86/en86 kernel: Kernel command line: ro root=LABEL=/ tsc console=tty0 console=ttyS0,19200 rhgb quiet
- 1131574353 2005.11.09 en86 Nov 9 14:12:33 en86/en86 kernel: Memory: 6106088k/7340032k available (2076k kernel code, 0k reserved, 1278k data, 188k init)
- 1131574353 2005.11.09 en86 Nov 9 14:12:33 en86/en86 kernel: PID hash table entries: 4096 (order: 12, 131072 bytes)
- 1131574353 2005.11.09 en86 Nov 9 14:12:33 en86/en86 kernel: Placing software IO TLB between 0x7eb5000 - 0xbeb5000
- 1131574353 2005.11.09 en86 Nov 9 14:12:33 en86/en86 kernel: Setting APIC routing to flat
- 1131574353 2005.11.09 en86 Nov 9 14:12:33 en86/en86 kernel: Using ACPI (MADT) for SMP configuration information
- 1131574353 2005.11.09 en86 Nov 9 14:12:33 en86/en86 kernel: time.c: Detected 3591.377 MHz processor.
- 1131574353 2005.11.09 en86 Nov 9 14:12:33 en86/en86 kernel: time.c: Using 14.318180 MHz HPET timer.
- 1131574353 2005.11.09 en86 Nov 9 14:12:33 en86/en86 rc: Starting ts_fixup: succeeded
- 1131574353 2005.11.09 en86 Nov 9 14:12:33 en86/en86 rpcidmapd: rpc.idmapd startup succeeded
- 1131574353 2005.11.09 en86 Nov 9 14:12:33 en86/en86 ts_fixup:
- 1131574353 2005.11.09 en86 Nov 9 14:12:33 en86/en86 ts_fixup: Creating Topspin /dev entries:
- 1131574354 2005.11.09 en86 Nov 9 14:12:34 en86/en86 kernel: Intel(R) Xeon(TM) CPU 3.60GHz stepping 03
- 1131574354 2005.11.09 en86 Nov 9 14:12:34 en86/en86 kernel: Booting processor 1/6 rip 6000 rsp 100bff05f58
- 1131574354 2005.11.09 en86 Nov 9 14:12:34 en86/en86 kernel: Brought up 2 CPUs
- 1131574354 2005.11.09 en86 Nov 9 14:12:34 en86/en86 kernel: CPU0: Intel(R) Xeon(TM) CPU 3.60GHz stepping 03
- 1131574354 2005.11.09 en86 Nov 9 14:12:34 en86/en86 kernel: CPU: Hyper-Threading is disabled
- 1131574354 2005.11.09 en86 Nov 9 14:12:34 en86/en86 kernel: CPU: Hyper-Threading is disabled
- 1131574354 2005.11.09 en86 Nov 9 14:12:34 en86/en86 kernel: CPU: Hyper-Threading is disabled
- 1131574354 2005.11.09 en86 Nov 9 14:12:34 en86/en86 kernel: CPU: L2 cache: 2048K
- 1131574354 2005.11.09 en86 Nov 9 14:12:34 en86/en86 kernel: CPU: L2 cache: 2048K
- 1131574354 2005.11.09 en86 Nov 9 14:12:34 en86/en86 kernel: CPU: L2 cache: 2048K
- 1131574354 2005.11.09 en86 Nov 9 14:12:34 en86/en86 kernel: CPU: Trace cache: 12K uops, L1 D cache: 16K
- 1131574354 2005.11.09 en86 Nov 9 14:12:34 en86/en86 kernel: CPU: Trace cache: 12K uops, L1 D cache: 16K
- 1131574354 2005.11.09 en86 Nov 9 14:12:34 en86/en86 kernel: CPU: Trace cache: 12K uops, L1 D cache: 16K
- 1131574354 2005.11.09 en86 Nov 9 14:12:34 en86/en86 kernel: Calibrating delay loop... 7176.19 BogoMIPS (lpj=3588096)
- 1131574354 2005.11.09 en86 Nov 9 14:12:34 en86/en86 kernel: Capability LSM initialized as secondary
- 1131574354 2005.11.09 en86 Nov 9 14:12:34 en86/en86 kernel: Detected 12.469 MHz APIC timer.
- 1131574354 2005.11.09 en86 Nov 9 14:12:34 en86/en86 kernel: Initializing CPU#1
- 1131574354 2005.11.09 en86 Nov 9 14:12:34 en86/en86 kernel: Mount-cache hash table entries: 256 (order: 0, 4096 bytes)
- 1131574354 2005.11.09 en86 Nov 9 14:12:34 en86/en86 kernel: NET: Registered protocol family 16
- 1131574354 2005.11.09 en86 Nov 9 14:12:34 en86/en86 kernel: SELinux: Initializing.
- 1131574354 2005.11.09 en86 Nov 9 14:12:34 en86/en86 kernel: SELinux: Starting in permissive mode
- 1131574354 2005.11.09 en86 Nov 9 14:12:34 en86/en86 kernel: Security Scaffold v1.0.0 initialized
- 1131574354 2005.11.09 en86 Nov 9 14:12:34 en86/en86 kernel: There is already a security framework initialized, register_security failed.
- 1131574354 2005.11.09 en86 Nov 9 14:12:34 en86/en86 kernel: Total of 2 processors activated (14303.23 BogoMIPS).
- 1131574354 2005.11.09 en86 Nov 9 14:12:34 en86/en86 kernel: Using IO APIC NMI watchdog
- 1131574354 2005.11.09 en86 Nov 9 14:12:34 en86/en86 kernel: Using local APIC timer interrupts.
- 1131574354 2005.11.09 en86 Nov 9 14:12:34 en86/en86 kernel: activating NMI Watchdog ... done.
- 1131574354 2005.11.09 en86 Nov 9 14:12:34 en86/en86 kernel: checking TSC synchronization across 2 CPUs: passed.
- 1131574354 2005.11.09 en86 Nov 9 14:12:34 en86/en86 kernel: checking if image is initramfs... it is
- 1131574354 2005.11.09 en86 Nov 9 14:12:34 en86/en86 kernel: per-CPU timeslice cutoff: 852.05 usecs.
- 1131574354 2005.11.09 en86 Nov 9 14:12:34 en86/en86 kernel: selinux_register_security: Registering secondary module capability
- 1131574354 2005.11.09 en86 Nov 9 14:12:34 en86/en86 kernel: task migration cache decay timeout: 1 msecs.
- 1131574354 2005.11.09 en86 Nov 9 14:12:34 en86/en86 kernel: testing NMI watchdog ... OK.
- 1131574354 2005.11.09 en86 Nov 9 14:12:34 en86/en86 kernel: time.c: Using HPET based timekeeping.
- 1131574354 2005.11.09 en86 Nov 9 14:12:34 en86/en86 kernel: using mwait in idle threads.
- 1131574354 2005.11.09 en86 Nov 9 14:12:34 en86/en86 rc.sysinit: -e
- 1131574354 2005.11.09 en86 Nov 9 14:12:34 en86/en86 start_udev: Starting udev: succeeded
- 1131574354 2005.11.09 en86 Nov 9 14:12:34 en86/en86 sysctl: kernel.sysrq = 0
- 1131574354 2005.11.09 en86 Nov 9 14:12:34 en86/en86 sysctl: net.ipv4.conf.default.accept_source_route = 0
- 1131574354 2005.11.09 en86 Nov 9 14:12:34 en86/en86 sysctl: net.ipv4.conf.default.rp_filter = 1
- 1131574354 2005.11.09 en86 Nov 9 14:12:34 en86/en86 sysctl: net.ipv4.ip_forward = 0
- 1131574354 2005.11.09 en86 Nov 9 14:12:34 en86/en86 udevsend[877]: starting udevd daemon
- 1131574355 2005.11.09 en86 Nov 9 14:12:35 en86/en86 date: Wed Nov 9 15:12:19 MST 2005
- 1131574355 2005.11.09 en86 Nov 9 14:12:35 en86/en86 fsck: /: clean, 179578/1026144 files, 1020781/2048287 blocks
- 1131574355 2005.11.09 en86 Nov 9 14:12:35 en86/en86 fsck: [/sbin/fsck.ext3 (1) -- /] fsck.ext3 -a /dev/sda3
- 1131574355 2005.11.09 en86 Nov 9 14:12:35 en86/en86 kernel: ACPI: Interpreter enabled
- 1131574355 2005.11.09 en86 Nov 9 14:12:35 en86/en86 kernel: ACPI: PCI Interrupt Link [LNKA] (IRQs 3 4 5 6 7 10 11 12) *15
- 1131574355 2005.11.09 en86 Nov 9 14:12:35 en86/en86 kernel: ACPI: PCI Interrupt Link [LNKB] (IRQs 3 4 5 6 *7 10 11 12)
- 1131574355 2005.11.09 en86 Nov 9 14:12:35 en86/en86 kernel: ACPI: PCI Interrupt Routing Table [\_SB_.PCI0.PALO.DOBA._PRT]
- 1131574355 2005.11.09 en86 Nov 9 14:12:35 en86/en86 kernel: ACPI: PCI Interrupt Routing Table [\_SB_.PCI0.PALO.DOBB._PRT]
- 1131574355 2005.11.09 en86 Nov 9 14:12:35 en86/en86 kernel: ACPI: PCI Interrupt Routing Table [\_SB_.PCI0.PALO._PRT]
- 1131574355 2005.11.09 en86 Nov 9 14:12:35 en86/en86 kernel: ACPI: PCI Interrupt Routing Table [\_SB_.PCI0.PBHI.PXB1._PRT]
- 1131574355 2005.11.09 en86 Nov 9 14:12:35 en86/en86 kernel: ACPI: PCI Interrupt Routing Table [\_SB_.PCI0.PBHI.PXB2._PRT]
- 1131574355 2005.11.09 en86 Nov 9 14:12:35 en86/en86 kernel: ACPI: PCI Interrupt Routing Table [\_SB_.PCI0.PBHI._PRT]
- 1131574355 2005.11.09 en86 Nov 9 14:12:35 en86/en86 kernel: ACPI: PCI Interrupt Routing Table [\_SB_.PCI0.PBLO._PRT]
- 1131574355 2005.11.09 en86 Nov 9 14:12:35 en86/en86 kernel: ACPI: PCI Interrupt Routing Table [\_SB_.PCI0.PICH._PRT]
- 1131574355 2005.11.09 en86 Nov 9 14:12:35 en86/en86 kernel: ACPI: PCI Interrupt Routing Table [\_SB_.PCI0.VPR0._PRT]
- 1131574355 2005.11.09 en86 Nov 9 14:12:35 en86/en86 kernel: ACPI: PCI Interrupt Routing Table [\_SB_.PCI0._PRT]
- 1131574355 2005.11.09 en86 Nov 9 14:12:35 en86/en86 kernel: ACPI: PCI Root Bridge [PCI0] (00:00)
- 1131574355 2005.11.09 en86 Nov 9 14:12:35 en86/en86 kernel: ACPI: Subsystem revision 20040816
- 1131574355 2005.11.09 en86 Nov 9 14:12:35 en86/en86 kernel: ACPI: Using IOAPIC for interrupt routing
- 1131574355 2005.11.09 en86 Nov 9 14:12:35 en86/en86 kernel: PCI: Probing PCI hardware (bus 00)
- 1131574355 2005.11.09 en86 Nov 9 14:12:35 en86/en86 kernel: PCI: Transparent bridge - 0000:00:1e.0
- 1131574355 2005.11.09 en86 Nov 9 14:12:35 en86/en86 kernel: PCI: Using MMCONFIG at e0000000
- 1131574355 2005.11.09 en86 Nov 9 14:12:35 en86/en86 kernel: PCI: Using configuration type 1
- 1131574355 2005.11.09 en86 Nov 9 14:12:35 en86/en86 kernel: mtrr: v2.0 (20020519)
- 1131574355 2005.11.09 en86 Nov 9 14:12:35 en86/en86 lvm.static: No volume groups found
- 1131574355 2005.11.09 en86 Nov 9 14:12:35 en86/en86 netfs: Mounting NFS filesystems: succeeded
- 1131574355 2005.11.09 en86 Nov 9 14:12:35 en86/en86 rc.sysinit: Checking root filesystem succeeded
- 1131574355 2005.11.09 en86 Nov 9 14:12:35 en86/en86 rc.sysinit: Configuring kernel parameters: succeeded
- 1131574355 2005.11.09 en86 Nov 9 14:12:35 en86/en86 rc.sysinit: Remounting root filesystem in read-write mode: succeeded
- 1131574355 2005.11.09 en86 Nov 9 14:12:35 en86/en86 rc.sysinit: Setting clock (localtime): Wed Nov 9 15:12:19 MST 2005 succeeded
- 1131574355 2005.11.09 en86 Nov 9 14:12:35 en86/en86 rc.sysinit: Setting hostname en86: succeeded
- 1131574355 2005.11.09 en86 Nov 9 14:12:35 en86/en86 sysctl: fs.file-max = 562454
- 1131574355 2005.11.09 en86 Nov 9 14:12:35 en86/en86 sysctl: kernel.core_uses_pid = 1
- 1131574355 2005.11.09 en86 Nov 9 14:12:35 en86/en86 sysctl: kernel.sysrq = 1
- 1131574355 2005.11.09 en86 Nov 9 14:12:35 en86/en86 sysctl: net.core.rmem_default = 262144
- 1131574355 2005.11.09 en86 Nov 9 14:12:35 en86/en86 sysctl: net.core.rmem_max = 262144
- 1131574355 2005.11.09 en86 Nov 9 14:12:35 en86/en86 sysctl: net.core.wmem_default = 262144
- 1131574355 2005.11.09 en86 Nov 9 14:12:35 en86/en86 sysctl: net.core.wmem_max = 262144
- 1131574355 2005.11.09 en86 Nov 9 14:12:35 en86/en86 sysctl: net.ipv4.neigh.default.gc_thresh1 = 8192
- 1131574355 2005.11.09 en86 Nov 9 14:12:35 en86/en86 sysctl: net.ipv4.neigh.default.gc_thresh2 = 8192
- 1131574355 2005.11.09 en86 Nov 9 14:12:35 en86/en86 sysctl: net.ipv4.neigh.default.gc_thresh3 = 8192
- 1131574355 2005.11.09 en86 Nov 9 14:12:35 en86/en86 sysctl: net.ipv4.route.gc_thresh = 8192
- 1131574356 2005.11.09 en86 Nov 9 14:12:36 en86/en86 fsck: /boot: clean, 42/64256 files, 24969/257008 blocks
- 1131574356 2005.11.09 en86 Nov 9 14:12:36 en86/en86 fsck: /boot: recovering journal
- 1131574356 2005.11.09 en86 Nov 9 14:12:36 en86/en86 fsck: /tmp: clean, 23/4964352 files, 176279/9920129 blocks
- 1131574356 2005.11.09 en86 Nov 9 14:12:36 en86/en86 fsck: /tmp: recovering journal
- 1131574356 2005.11.09 en86 Nov 9 14:12:36 en86/en86 fsck: /var: clean, 3727/1281696 files, 90187/2560351 blocks
- 1131574356 2005.11.09 en86 Nov 9 14:12:36 en86/en86 fsck: /var: recovering journal
- 1131574356 2005.11.09 en86 Nov 9 14:12:36 en86/en86 fsck: Checking all file systems.
- 1131574356 2005.11.09 en86 Nov 9 14:12:36 en86/en86 fsck: [/sbin/fsck.ext3 (1) -- /boot] fsck.ext3 -a /dev/sda1
- 1131574356 2005.11.09 en86 Nov 9 14:12:36 en86/en86 fsck: [/sbin/fsck.ext3 (1) -- /tmp] fsck.ext3 -a /dev/sda6
- 1131574356 2005.11.09 en86 Nov 9 14:12:36 en86/en86 fsck: [/sbin/fsck.ext3 (1) -- /var] fsck.ext3 -a /dev/sda5
- 1131574356 2005.11.09 en86 Nov 9 14:12:36 en86/en86 kernel: ACPI: PCI Interrupt Link [LNKC] (IRQs 3 4 5 6 7 10 *11 12)
- 1131574356 2005.11.09 en86 Nov 9 14:12:36 en86/en86 kernel: ACPI: PCI Interrupt Link [LNKD] (IRQs 3 4 5 6 7 10 11 12) *14
- 1131574356 2005.11.09 en86 Nov 9 14:12:36 en86/en86 kernel: ACPI: PCI Interrupt Link [LNKE] (IRQs 3 4 5 6 7 10 11 12) *0, disabled.
- 1131574356 2005.11.09 en86 Nov 9 14:12:36 en86/en86 kernel: ACPI: PCI Interrupt Link [LNKF] (IRQs 3 4 5 6 7 10 11 12) *0, disabled.
- 1131574356 2005.11.09 en86 Nov 9 14:12:36 en86/en86 kernel: ACPI: PCI Interrupt Link [LNKG] (IRQs 3 4 5 6 7 10 11 12) *0, disabled.
- 1131574356 2005.11.09 en86 Nov 9 14:12:36 en86/en86 kernel: ACPI: PCI Interrupt Link [LNKH] (IRQs 3 4 5 6 7 *10 11 12)
- 1131574356 2005.11.09 en86 Nov 9 14:12:36 en86/en86 kernel: ACPI: PCI interrupt 0000:00:02.0[A] -> GSI 16 (level, low) -> IRQ 169
- 1131574356 2005.11.09 en86 Nov 9 14:12:36 en86/en86 kernel: ACPI: PCI interrupt 0000:00:04.0[A] -> GSI 16 (level, low) -> IRQ 169
- 1131574356 2005.11.09 en86 Nov 9 14:12:36 en86/en86 kernel: ACPI: PCI interrupt 0000:00:05.0[A] -> GSI 16 (level, low) -> IRQ 169
- 1131574356 2005.11.09 en86 Nov 9 14:12:36 en86/en86 kernel: ACPI: PCI interrupt 0000:00:06.0[A] -> GSI 16 (level, low) -> IRQ 169
- 1131574356 2005.11.09 en86 Nov 9 14:12:36 en86/en86 kernel: ACPI: PCI interrupt 0000:00:1d.0[A] -> GSI 16 (level, low) -> IRQ 169
- 1131574356 2005.11.09 en86 Nov 9 14:12:36 en86/en86 kernel: ACPI: PCI interrupt 0000:00:1d.1[B] -> GSI 19 (level, low) -> IRQ 177
- 1131574356 2005.11.09 en86 Nov 9 14:12:36 en86/en86 kernel: PCI: Using ACPI for IRQ routing
- 1131574356 2005.11.09 en86 Nov 9 14:12:36 en86/en86 kernel: usbcore: registered new driver hub
- 1131574356 2005.11.09 en86 Nov 9 14:12:36 en86/en86 kernel: usbcore: registered new driver usbfs
- 1131574356 2005.11.09 en86 Nov 9 14:12:36 en86/en86 mount.panfs: bindcache: failed init IPS: 0x5 (Out of memory)
- 1131574356 2005.11.09 en86 Nov 9 14:12:36 en86/en86 mount.panfs: pan_ips: error -- cfg target addresses, 0x5 (Out of memory), err_loc=1, rhel_4_amd64/release/build/panfs/ips/pan_ips_cfg.c:294
- 1131574356 2005.11.09 en86 Nov 9 14:12:36 en86/en86 mount: bindcache: failed init IPS: 0x5 (Out of memory)
- 1131574356 2005.11.09 en86 Nov 9 14:12:36 en86/en86 mount: mount.panfs error: mount request rejected because client-realm clock skew exceeds 10 seconds
- 1131574356 2005.11.09 en86 Nov 9 14:12:36 en86/en86 netfs: Mounting other filesystems: failed
- 1131574356 2005.11.09 en86 Nov 9 14:12:36 en86/en86 rc.sysinit: Checking filesystems succeeded
- 1131574356 2005.11.09 en86 Nov 9 14:12:36 en86/en86 rc.sysinit: Setting up Logical Volume Management: succeeded
- 1131574356 2005.11.09 en86 Nov 9 14:12:36 en86/en86 rc: Starting lm_sensors: succeeded
- 1131574357 2005.11.09 en86 Nov 9 14:12:37 en86/en86 init: Entering runlevel: 3
- 1131574357 2005.11.09 en86 Nov 9 14:12:37 en86/en86 kernel: ACPI: PCI interrupt 0000:00:1d.2[C] -> GSI 18 (level, low) -> IRQ 185
- 1131574357 2005.11.09 en86 Nov 9 14:12:37 en86/en86 kernel: ACPI: PCI interrupt 0000:00:1d.7[D] -> GSI 23 (level, low) -> IRQ 193
- 1131574357 2005.11.09 en86 Nov 9 14:12:37 en86/en86 kernel: ACPI: PCI interrupt 0000:02:05.0[A] -> GSI 34 (level, low) -> IRQ 201
- 1131574357 2005.11.09 en86 Nov 9 14:12:37 en86/en86 kernel: ACPI: PCI interrupt 0000:06:07.0[A] -> GSI 64 (level, low) -> IRQ 209
- 1131574357 2005.11.09 en86 Nov 9 14:12:37 en86/en86 kernel: ACPI: PCI interrupt 0000:07:08.0[A] -> GSI 65 (level, low) -> IRQ 217
- 1131574357 2005.11.09 en86 Nov 9 14:12:37 en86/en86 kernel: ACPI: PCI interrupt 0000:08:00.0[A] -> GSI 16 (level, low) -> IRQ 169
- 1131574357 2005.11.09 en86 Nov 9 14:12:37 en86/en86 kernel: ACPI: PCI interrupt 0000:09:0d.0[A] -> GSI 18 (level, low) -> IRQ 185
- 1131574357 2005.11.09 en86 Nov 9 14:12:37 en86/en86 kernel: IA32 emulation $Id: sys_ia32.c,v 1.32 2002/03/24 13:02:28 ak Exp $
- 1131574357 2005.11.09 en86 Nov 9 14:12:37 en86/en86 kernel: PCI-DMA: Using software bounce buffering for IO (SWIOTLB)
- 1131574357 2005.11.09 en86 Nov 9 14:12:37 en86/en86 kernel: audit(1131549114.367:1): initialized
- 1131574357 2005.11.09 en86 Nov 9 14:12:37 en86/en86 kernel: audit: initializing netlink socket (disabled)
- 1131574357 2005.11.09 en86 Nov 9 14:12:37 en86/en86 mount: debug: could not init rm_client: 0x5 (Out of memory)
- 1131574357 2005.11.09 en86 Nov 9 14:12:37 en86/en86 mount: mount.panfs: cannot init pan_fm_util_path_util module: 0x5 (Out of memory)
- 1131574357 2005.11.09 en86 Nov 9 14:12:37 en86/en86 rc.sysinit: Enabling local filesystem quotas: succeeded
- 1131574357 2005.11.09 en86 Nov 9 14:12:37 en86/en86 rc.sysinit: Enabling swap space: succeeded
- 1131574357 2005.11.09 en86 Nov 9 14:12:37 en86/en86 rc.sysinit: Mounting local filesystems: failed
- 1131574357 2005.11.09 en86 Nov 9 14:12:37 en86/en86 smartd[1939]: [trip Temperature is 68 Celsius]
- 1131574357 2005.11.09 en86 Nov 9 14:12:37 en86/en86 smartd[1939]: Configuration file /etc/smartd.conf parsed.
- 1131574357 2005.11.09 en86 Nov 9 14:12:37 en86/en86 smartd[1939]: Device: /dev/sda, initial Temperature is 22 Celsius
- 1131574357 2005.11.09 en86 Nov 9 14:12:37 en86/en86 smartd[1939]: Device: /dev/sda, is SMART capable. Adding to "monitor" list.
- 1131574357 2005.11.09 en86 Nov 9 14:12:37 en86/en86 smartd[1939]: Device: /dev/sda, opened
- 1131574357 2005.11.09 en86 Nov 9 14:12:37 en86/en86 smartd[1939]: Home page is http://#20#/
- 1131574357 2005.11.09 en86 Nov 9 14:12:37 en86/en86 smartd[1939]: Monitoring 0 ATA and 1 SCSI devices
- 1131574357 2005.11.09 en86 Nov 9 14:12:37 en86/en86 smartd[1939]: Opened configuration file /etc/smartd.conf
- 1131574357 2005.11.09 en86 Nov 9 14:12:37 en86/en86 smartd[1939]: smartd version 5.33 [x86_64-redhat-linux-gnu] Copyright (C) 2002-4 Bruce Allen
- 1131574357 2005.11.09 en86 Nov 9 14:12:37 en86/en86 sysctl: kernel.core_uses_pid = 1
- 1131574357 2005.11.09 en86 Nov 9 14:12:37 en86/en86 sysctl: kernel.sysrq = 0
- 1131574357 2005.11.09 en86 Nov 9 14:12:37 en86/en86 sysctl: net.ipv4.conf.default.accept_source_route = 0
- 1131574357 2005.11.09 en86 Nov 9 14:12:37 en86/en86 sysctl: net.ipv4.conf.default.rp_filter = 1
- 1131574357 2005.11.09 en86 Nov 9 14:12:37 en86/en86 sysctl: net.ipv4.ip_forward = 0
- 1131574358 2005.11.09 en86 Nov 9 14:12:38 en86/en86 acpid: acpid startup succeeded
- 1131574358 2005.11.09 en86 Nov 9 14:12:38 en86/en86 kernel: - Added public key EA232A604969C61D
- 1131574358 2005.11.09 en86 Nov 9 14:12:38 en86/en86 kernel: - User ID: Red Hat, Inc. (Kernel Module GPG key)
- 1131574358 2005.11.09 en86 Nov 9 14:12:38 en86/en86 kernel: Dquot-cache hash table entries: 512 (order 0, 4096 bytes)
- 1131574358 2005.11.09 en86 Nov 9 14:12:38 en86/en86 kernel: Initializing Cryptographic API
- 1131574358 2005.11.09 en86 Nov 9 14:12:38 en86/en86 kernel: Loading keyring
- 1131574358 2005.11.09 en86 Nov 9 14:12:38 en86/en86 kernel: SELinux: Registering netfilter hooks
- 1131574358 2005.11.09 en86 Nov 9 14:12:38 en86/en86 kernel: Total HugeTLB memory allocated, 0
- 1131574358 2005.11.09 en86 Nov 9 14:12:38 en86/en86 kernel: VFS: Disk quotas dquot_6.5.1
- 1131574358 2005.11.09 en86 Nov 9 14:12:38 en86/en86 kernel: ksign: Installing public key data
- 1131574358 2005.11.09 en86 Nov 9 14:12:38 en86/en86 smartd: smartd startup succeeded
- 1131574358 2005.11.09 en86 Nov 9 14:12:38 en86/en86 smartd[1941]: smartd has fork()ed into background mode. New PID=1941.
- 1131574358 2005.11.09 en86 Nov 9 14:12:38 en86/en86 sysctl: fs.file-max = 562454
- 1131574358 2005.11.09 en86 Nov 9 14:12:38 en86/en86 sysctl: net.core.rmem_default = 262144
- 1131574358 2005.11.09 en86 Nov 9 14:12:38 en86/en86 sysctl: net.core.rmem_max = 262144
- 1131574358 2005.11.09 en86 Nov 9 14:12:38 en86/en86 sysctl: net.core.wmem_default = 262144
- 1131574358 2005.11.09 en86 Nov 9 14:12:38 en86/en86 sysctl: net.core.wmem_max = 262144
- 1131574358 2005.11.09 en86 Nov 9 14:12:38 en86/en86 sysctl: net.ipv4.neigh.default.gc_thresh1 = 8192
- 1131574358 2005.11.09 en86 Nov 9 14:12:38 en86/en86 sysctl: net.ipv4.neigh.default.gc_thresh2 = 8192
- 1131574358 2005.11.09 en86 Nov 9 14:12:38 en86/en86 sysctl: net.ipv4.neigh.default.gc_thresh3 = 8192
- 1131574358 2005.11.09 en86 Nov 9 14:12:38 en86/en86 sysctl: net.ipv4.route.gc_thresh = 8192
- 1131574359 2005.11.09 en86 Nov 9 14:12:39 en86/en86 instsvcdrv: dcdbas device driver loaded
- 1131574359 2005.11.09 en86 Nov 9 14:12:39 en86/en86 kernel: ACPI: Processor [CPU0] (supports C1)
- 1131574359 2005.11.09 en86 Nov 9 14:12:39 en86/en86 kernel: ACPI: Processor [CPU1] (supports C1)
- 1131574359 2005.11.09 en86 Nov 9 14:12:39 en86/en86 kernel: IP: routing cache hash table of 32768 buckets, 512Kbytes
- 1131574359 2005.11.09 en86 Nov 9 14:12:39 en86/en86 kernel: Intel E7520/7320/7525 detected.<6>pci_hotplug: PCI Hot Plug PCI Core version: 0.5
- 1131574359 2005.11.09 en86 Nov 9 14:12:39 en86/en86 kernel: Linux agpgart interface v0.100 (c) Dave Jones
- 1131574359 2005.11.09 en86 Nov 9 14:12:39 en86/en86 kernel: NET: Registered protocol family 2
- 1131574359 2005.11.09 en86 Nov 9 14:12:39 en86/en86 kernel: Probing IDE interface ide0...
- 1131574359 2005.11.09 en86 Nov 9 14:12:39 en86/en86 kernel: Probing IDE interface ide1...
- 1131574359 2005.11.09 en86 Nov 9 14:12:39 en86/en86 kernel: Probing IDE interface ide2...
- 1131574359 2005.11.09 en86 Nov 9 14:12:39 en86/en86 kernel: Probing IDE interface ide3...
- 1131574359 2005.11.09 en86 Nov 9 14:12:39 en86/en86 kernel: Probing IDE interface ide4...
- 1131574359 2005.11.09 en86 Nov 9 14:12:39 en86/en86 kernel: Probing IDE interface ide5...
- 1131574359 2005.11.09 en86 Nov 9 14:12:39 en86/en86 kernel: RAMDISK driver initialized: 16 RAM disks of 16384K size 1024 blocksize
- 1131574359 2005.11.09 en86 Nov 9 14:12:39 en86/en86 kernel: Real Time Clock Driver v1.12
- 1131574359 2005.11.09 en86 Nov 9 14:12:39 en86/en86 kernel: Serial: 8250/16550 driver $Revision: 1.90 $ 8 ports, IRQ sharing enabled
- 1131574359 2005.11.09 en86 Nov 9 14:12:39 en86/en86 kernel: TCP: Hash tables configured (established 262144 bind 65536)
- 1131574359 2005.11.09 en86 Nov 9 14:12:39 en86/en86 kernel: Uniform Multi-Platform E-IDE driver Revision: 7.00alpha2
- 1131574359 2005.11.09 en86 Nov 9 14:12:39 en86/en86 kernel: divert: not allocating divert_blk for non-ethernet device lo
- 1131574359 2005.11.09 en86 Nov 9 14:12:39 en86/en86 kernel: drivers/usb/input/hid-core.c: v2.0:USB HID core driver
- 1131574359 2005.11.09 en86 Nov 9 14:12:39 en86/en86 kernel: ide-floppy driver 0.99.newide
- 1131574359 2005.11.09 en86 Nov 9 14:12:39 en86/en86 kernel: ide: Assuming 33MHz system bus speed for PIO modes; override with idebus=xx
- 1131574359 2005.11.09 en86 Nov 9 14:12:39 en86/en86 kernel: md: md driver 0.90.0 MAX_MD_DEVS=256, MD_SB_DISKS=27
- 1131574359 2005.11.09 en86 Nov 9 14:12:39 en86/en86 kernel: mice: PS/2 mouse device common for all mice
- 1131574359 2005.11.09 en86 Nov 9 14:12:39 en86/en86 kernel: serio: i8042 AUX port at 0x60,0x64 irq 12
- 1131574359 2005.11.09 en86 Nov 9 14:12:39 en86/en86 kernel: serio: i8042 KBD port at 0x60,0x64 irq 1
- 1131574359 2005.11.09 en86 Nov 9 14:12:39 en86/en86 kernel: ttyS0 at I/O 0x3f8 (irq = 4) is a NS16550A
- 1131574359 2005.11.09 en86 Nov 9 14:12:39 en86/en86 kernel: usbcore: registered new driver hiddev
- 1131574359 2005.11.09 en86 Nov 9 14:12:39 en86/en86 kernel: usbcore: registered new driver usbhid
- 1131574359 2005.11.09 en86 Nov 9 14:12:39 en86/en86 network: Bringing up interface eth0: succeeded
- 1131574359 2005.11.09 en86 Nov 9 14:12:39 en86/en86 network: Bringing up interface ib0: succeeded
- 1131574359 2005.11.09 en86 Nov 9 14:12:39 en86/en86 network: Bringing up loopback interface: succeeded
- 1131574359 2005.11.09 en86 Nov 9 14:12:39 en86/en86 network: Setting network parameters: succeeded
- 1131574359 2005.11.09 en86 Nov 9 14:12:39 en86/en86 snmpd: snmpd startup succeeded
- 1131574359 2005.11.09 en86 Nov 9 14:12:39 en86/en86 snmpd[1972]: NET-SNMP version 5.1.2
- 1131574359 2005.11.09 en86 Nov 9 14:12:39 en86/en86 sysctl: kernel.sysrq = 1
- 1131574360 2005.11.09 en86 Nov 9 14:12:40 en86/en86 kernel: Type: Direct-Access ANSI SCSI revision: 03
- 1131574360 2005.11.09 en86 Nov 9 14:12:40 en86/en86 kernel: Type: Processor ANSI SCSI revision: 02
- 1131574360 2005.11.09 en86 Nov 9 14:12:40 en86/en86 kernel: Vendor: PE/PV Model: 1x2 SCSI BP Rev: 1.0
- 1131574360 2005.11.09 en86 Nov 9 14:12:40 en86/en86 kernel: Vendor: SEAGATE Model: ST373207LC Rev: D701
- 1131574360 2005.11.09 en86 Nov 9 14:12:40 en86/en86 kernel: sda: sda1 sda2 sda3 sda4 < sda5 sda6 >
- 1131574360 2005.11.09 en86 Nov 9 14:12:40 en86/en86 kernel: ACPI wakeup devices:
- 1131574360 2005.11.09 en86 Nov 9 14:12:40 en86/en86 kernel: ACPI: (supports S0 S4 S5)
- 1131574360 2005.11.09 en86 Nov 9 14:12:40 en86/en86 kernel: ACPI: PCI interrupt 0000:02:05.0[A] -> GSI 34 (level, low) -> IRQ 201
- 1131574360 2005.11.09 en86 Nov 9 14:12:40 en86/en86 kernel: Attached scsi disk sda at scsi0, channel 0, id 0, lun 0
- 1131574360 2005.11.09 en86 Nov 9 14:12:40 en86/en86 kernel: Copyright (c) 1999-2005 LSI Logic Corporation
- 1131574360 2005.11.09 en86 Nov 9 14:12:40 en86/en86 kernel: EXT3-fs: INFO: recovery required on readonly filesystem.
- 1131574360 2005.11.09 en86 Nov 9 14:12:40 en86/en86 kernel: EXT3-fs: mounted filesystem with ordered data mode.
- 1131574360 2005.11.09 en86 Nov 9 14:12:40 en86/en86 kernel: EXT3-fs: recovery complete.
- 1131574360 2005.11.09 en86 Nov 9 14:12:40 en86/en86 kernel: EXT3-fs: write access #15# be enabled during recovery.
- 1131574360 2005.11.09 en86 Nov 9 14:12:40 en86/en86 kernel: Freeing unused kernel memory: 188k freed
- 1131574360 2005.11.09 en86 Nov 9 14:12:40 en86/en86 kernel: Fusion MPT SCSI Host driver 3.02.18
- 1131574360 2005.11.09 en86 Nov 9 14:12:40 en86/en86 kernel: Fusion MPT base driver 3.02.18
- 1131574360 2005.11.09 en86 Nov 9 14:12:40 en86/en86 kernel: Initializing IPsec netlink socket
- 1131574360 2005.11.09 en86 Nov 9 14:12:40 en86/en86 kernel: NET: Registered protocol family 1
- 1131574360 2005.11.09 en86 Nov 9 14:12:40 en86/en86 kernel: NET: Registered protocol family 17
- 1131574360 2005.11.09 en86 Nov 9 14:12:40 en86/en86 kernel: PCI0 PALO PBLO VPR0 PBHI PICH
- 1131574360 2005.11.09 en86 Nov 9 14:12:40 en86/en86 kernel: SCSI device sda: 143374650 512-byte hdwr sectors (73408 MB)
- 1131574360 2005.11.09 en86 Nov 9 14:12:40 en86/en86 kernel: SCSI device sda: drive cache: write through
- 1131574360 2005.11.09 en86 Nov 9 14:12:40 en86/en86 kernel: SCSI subsystem initialized
- 1131574360 2005.11.09 en86 Nov 9 14:12:40 en86/en86 kernel: SELinux: Disabled at runtime.
- 1131574360 2005.11.09 en86 Nov 9 14:12:40 en86/en86 kernel: SELinux: Unregistering netfilter hooks
- 1131574360 2005.11.09 en86 Nov 9 14:12:40 en86/en86 kernel: Using cfq io scheduler
- 1131574360 2005.11.09 en86 Nov 9 14:12:40 en86/en86 kernel: ioc0: 53C1030: Capabilities={Initiator,Target}
- 1131574360 2005.11.09 en86 Nov 9 14:12:40 en86/en86 kernel: kjournald starting. Commit interval 5 seconds
- 1131574360 2005.11.09 en86 Nov 9 14:12:40 en86/en86 kernel: mptbase: Initiating ioc0 bringup
- 1131574360 2005.11.09 en86 Nov 9 14:12:40 en86/en86 kernel: scsi0 : ioc0: LSI53C1030, FwRev=01032300h, Ports=1, MaxQ=203, IRQ=201
- 1131574361 2005.11.09 en86 Nov 9 14:12:41 en86/en86 instsvcdrv: dcdipm device driver loaded
- 1131574361 2005.11.09 en86 Nov 9 14:12:41 en86/en86 kernel:
- 1131574361 2005.11.09 en86 Nov 9 14:12:41 en86/en86 kernel:
- 1131574361 2005.11.09 en86 Nov 9 14:12:41 en86/en86 kernel: RHH kernel module initialized successfully
- 1131574361 2005.11.09 en86 Nov 9 14:12:41 en86/en86 kernel: THH kernel module initialized successfully
- 1131574361 2005.11.09 en86 Nov 9 14:12:41 en86/en86 kernel: ACPI: PCI interrupt 0000:00:1d.0[A] -> GSI 16 (level, low) -> IRQ 169
- 1131574361 2005.11.09 en86 Nov 9 14:12:41 en86/en86 kernel: ACPI: PCI interrupt 0000:00:1d.1[B] -> GSI 19 (level, low) -> IRQ 177
- 1131574361 2005.11.09 en86 Nov 9 14:12:41 en86/en86 kernel: ACPI: PCI interrupt 0000:00:1d.2[C] -> GSI 18 (level, low) -> IRQ 185
- 1131574361 2005.11.09 en86 Nov 9 14:12:41 en86/en86 kernel: ACPI: PCI interrupt 0000:00:1d.7[D] -> GSI 23 (level, low) -> IRQ 193
- 1131574361 2005.11.09 en86 Nov 9 14:12:41 en86/en86 kernel: ACPI: PCI interrupt 0000:06:07.0[A] -> GSI 64 (level, low) -> IRQ 209
- 1131574361 2005.11.09 en86 Nov 9 14:12:41 en86/en86 kernel: ACPI: PCI interrupt 0000:07:08.0[A] -> GSI 65 (level, low) -> IRQ 217
- 1131574361 2005.11.09 en86 Nov 9 14:12:41 en86/en86 kernel: ACPI: PCI interrupt 0000:08:00.0[A] -> GSI 16 (level, low) -> IRQ 169
- 1131574361 2005.11.09 en86 Nov 9 14:12:41 en86/en86 kernel: Attached scsi generic sg0 at scsi0, channel 0, id 0, lun 0, type 0
- 1131574361 2005.11.09 en86 Nov 9 14:12:41 en86/en86 kernel: Attached scsi generic sg1 at scsi0, channel 0, id 6, lun 0, type 3
- 1131574361 2005.11.09 en86 Nov 9 14:12:41 en86/en86 kernel: Copyright (c) 1999-2004 Intel Corporation.
- 1131574361 2005.11.09 en86 Nov 9 14:12:41 en86/en86 kernel: Intel(R) PRO/1000 Network Driver - version 6.0.54-k2-NAPI
- 1131574361 2005.11.09 en86 Nov 9 14:12:41 en86/en86 kernel: Mellanox Tavor Device Driver is creating device "InfiniHost0" (domain=00, bus=08, devfn=00)
- 1131574361 2005.11.09 en86 Nov 9 14:12:41 en86/en86 kernel: NET: Registered protocol family 26
- 1131574361 2005.11.09 en86 Nov 9 14:12:41 en86/en86 kernel: PCI: Setting latency timer of device 0000:00:1d.0 to 64
- 1131574361 2005.11.09 en86 Nov 9 14:12:41 en86/en86 kernel: PCI: Setting latency timer of device 0000:00:1d.1 to 64
- 1131574361 2005.11.09 en86 Nov 9 14:12:41 en86/en86 kernel: PCI: Setting latency timer of device 0000:00:1d.2 to 64
- 1131574361 2005.11.09 en86 Nov 9 14:12:41 en86/en86 kernel: PCI: Setting latency timer of device 0000:00:1d.7 to 64
- 1131574361 2005.11.09 en86 Nov 9 14:12:41 en86/en86 kernel: PCI: Setting latency timer of device 0000:08:00.0 to 64
- 1131574361 2005.11.09 en86 Nov 9 14:12:41 en86/en86 kernel: PCI: cache line size of 128 is not supported by device 0000:00:1d.7
- 1131574361 2005.11.09 en86 Nov 9 14:12:41 en86/en86 kernel: USB Universal Host Controller Interface driver v2.2
- 1131574361 2005.11.09 en86 Nov 9 14:12:41 en86/en86 kernel: [KERNEL_IB][ib_mad_static_compute_base][/mnt_projects/sysapps/src/ib/topspin/topspin-src-3.2.0-16/ib/ts_api_ng/mad/obj_host_amd64_custom1_rhel4/ts_ib_mad/mad_static.c:132]Couldn't find a suitable network device; setting lid_base to 1
- 1131574361 2005.11.09 en86 Nov 9 14:12:41 en86/en86 kernel: divert: allocating divert_blk for eth0
- 1131574361 2005.11.09 en86 Nov 9 14:12:41 en86/en86 kernel: divert: allocating divert_blk for eth1
- 1131574361 2005.11.09 en86 Nov 9 14:12:41 en86/en86 kernel: divert: allocating divert_blk for ib0
- 1131574361 2005.11.09 en86 Nov 9 14:12:41 en86/en86 kernel: divert: allocating divert_blk for ib1
- 1131574361 2005.11.09 en86 Nov 9 14:12:41 en86/en86 kernel: e1000: eth0: e1000_probe: Intel(R) PRO/1000 Network Connection
- 1131574361 2005.11.09 en86 Nov 9 14:12:41 en86/en86 kernel: e1000: eth1: e1000_probe: Intel(R) PRO/1000 Network Connection
- 1131574361 2005.11.09 en86 Nov 9 14:12:41 en86/en86 kernel: ehci_hcd 0000:00:1d.7: EHCI Host Controller
- 1131574361 2005.11.09 en86 Nov 9 14:12:41 en86/en86 kernel: ehci_hcd 0000:00:1d.7: USB 2.0 enabled, EHCI 1.00, driver 2004-May-10
- 1131574361 2005.11.09 en86 Nov 9 14:12:41 en86/en86 kernel: ehci_hcd 0000:00:1d.7: irq 193, pci mem ffffff00106da000
- 1131574361 2005.11.09 en86 Nov 9 14:12:41 en86/en86 kernel: ehci_hcd 0000:00:1d.7: new USB bus registered, assigned bus number 1
- 1131574361 2005.11.09 en86 Nov 9 14:12:41 en86/en86 kernel: floppy0: no floppy controllers found
- 1131574361 2005.11.09 en86 Nov 9 14:12:41 en86/en86 kernel: hub 1-0:1.0: 6 ports detected
- 1131574361 2005.11.09 en86 Nov 9 14:12:41 en86/en86 kernel: hub 1-0:1.0: USB hub found
- 1131574361 2005.11.09 en86 Nov 9 14:12:41 en86/en86 kernel: hub 2-0:1.0: 2 ports detected
- 1131574361 2005.11.09 en86 Nov 9 14:12:41 en86/en86 kernel: hub 2-0:1.0: USB hub found
- 1131574361 2005.11.09 en86 Nov 9 14:12:41 en86/en86 kernel: hub 3-0:1.0: 2 ports detected
- 1131574361 2005.11.09 en86 Nov 9 14:12:41 en86/en86 kernel: hub 3-0:1.0: USB hub found
- 1131574361 2005.11.09 en86 Nov 9 14:12:41 en86/en86 kernel: hw_random: RNG not detected
- 1131574361 2005.11.09 en86 Nov 9 14:12:41 en86/en86 kernel: ib0: InfiniHost0 port 1
- 1131574361 2005.11.09 en86 Nov 9 14:12:41 en86/en86 kernel: ib1: InfiniHost0 port 2
- 1131574361 2005.11.09 en86 Nov 9 14:12:41 en86/en86 kernel: inserting floppy driver for 2.6.9-15.EL.rootsmp
- 1131574361 2005.11.09 en86 Nov 9 14:12:41 en86/en86 kernel: ts_kernel_services: module license 'Proprietary' taints kernel.
- 1131574361 2005.11.09 en86 Nov 9 14:12:41 en86/en86 kernel: uhci_hcd 0000:00:1d.0: UHCI Host Controller
- 1131574361 2005.11.09 en86 Nov 9 14:12:41 en86/en86 kernel: uhci_hcd 0000:00:1d.0: irq 169, io base 0000000000009ce0
- 1131574361 2005.11.09 en86 Nov 9 14:12:41 en86/en86 kernel: uhci_hcd 0000:00:1d.0: new USB bus registered, assigned bus number 2
- 1131574361 2005.11.09 en86 Nov 9 14:12:41 en86/en86 kernel: uhci_hcd 0000:00:1d.1: UHCI Host Controller
- 1131574361 2005.11.09 en86 Nov 9 14:12:41 en86/en86 kernel: uhci_hcd 0000:00:1d.1: irq 177, io base 0000000000009cc0
- 1131574361 2005.11.09 en86 Nov 9 14:12:41 en86/en86 kernel: uhci_hcd 0000:00:1d.1: new USB bus registered, assigned bus number 3
- 1131574361 2005.11.09 en86 Nov 9 14:12:41 en86/en86 kernel: uhci_hcd 0000:00:1d.2: UHCI Host Controller
- 1131574361 2005.11.09 en86 Nov 9 14:12:41 en86/en86 kernel: uhci_hcd 0000:00:1d.2: irq 185, io base 0000000000009ca0
- 1131574362 2005.11.09 en86 Nov 9 14:12:42 en86/en86 kernel: ACPI: Power Button (FF) [PWRF]
- 1131574362 2005.11.09 en86 Nov 9 14:12:42 en86/en86 kernel: Adding 13309844k swap on /dev/sda2. Priority:-1 extents:1
- 1131574362 2005.11.09 en86 Nov 9 14:12:42 en86/en86 kernel: EXT3 FS on sda1, internal journal
- 1131574362 2005.11.09 en86 Nov 9 14:12:42 en86/en86 kernel: EXT3 FS on sda3, internal journal
- 1131574362 2005.11.09 en86 Nov 9 14:12:42 en86/en86 kernel: EXT3 FS on sda5, internal journal
- 1131574362 2005.11.09 en86 Nov 9 14:12:42 en86/en86 kernel: EXT3 FS on sda6, internal journal
- 1131574362 2005.11.09 en86 Nov 9 14:12:42 en86/en86 kernel: EXT3-fs: mounted filesystem with ordered data mode.
- 1131574362 2005.11.09 en86 Nov 9 14:12:42 en86/en86 kernel: EXT3-fs: mounted filesystem with ordered data mode.
- 1131574362 2005.11.09 en86 Nov 9 14:12:42 en86/en86 kernel: EXT3-fs: mounted filesystem with ordered data mode.
- 1131574362 2005.11.09 en86 Nov 9 14:12:42 en86/en86 kernel: device-mapper: 4.4.0-ioctl (2005-01-12) initialised: dm-#16#@#17#
- 1131574362 2005.11.09 en86 Nov 9 14:12:42 en86/en86 kernel: e1000: eth0: e1000_watchdog: NIC Link is Up 1000 Mbps Full Duplex
- 1131574362 2005.11.09 en86 Nov 9 14:12:42 en86/en86 kernel: hub 1-3:1.0: 2 ports detected
- 1131574362 2005.11.09 en86 Nov 9 14:12:42 en86/en86 kernel: hub 1-3:1.0: USB hub found
- 1131574362 2005.11.09 en86 Nov 9 14:12:42 en86/en86 kernel: hub 4-0:1.0: 2 ports detected
- 1131574362 2005.11.09 en86 Nov 9 14:12:42 en86/en86 kernel: hub 4-0:1.0: USB hub found
- 1131574362 2005.11.09 en86 Nov 9 14:12:42 en86/en86 kernel: i2c /dev entries driver
- 1131574362 2005.11.09 en86 Nov 9 14:12:42 en86/en86 kernel: ip_tables: (C) 2000-2002 Netfilter core team
- 1131574362 2005.11.09 en86 Nov 9 14:12:42 en86/en86 kernel: ip_tables: (C) 2000-2002 Netfilter core team
- 1131574362 2005.11.09 en86 Nov 9 14:12:42 en86/en86 kernel: ip_tables: (C) 2000-2002 Netfilter core team
- 1131574362 2005.11.09 en86 Nov 9 14:12:42 en86/en86 kernel: kjournald starting. Commit interval 5 seconds
- 1131574362 2005.11.09 en86 Nov 9 14:12:42 en86/en86 kernel: kjournald starting. Commit interval 5 seconds
- 1131574362 2005.11.09 en86 Nov 9 14:12:42 en86/en86 kernel: kjournald starting. Commit interval 5 seconds
- 1131574362 2005.11.09 en86 Nov 9 14:12:42 en86/en86 kernel: md: ... autorun DONE.
- 1131574362 2005.11.09 en86 Nov 9 14:12:42 en86/en86 kernel: md: Autodetecting RAID arrays.
- 1131574362 2005.11.09 en86 Nov 9 14:12:42 en86/en86 kernel: md: autorun ...
- 1131574362 2005.11.09 en86 Nov 9 14:12:42 en86/en86 kernel: uhci_hcd 0000:00:1d.2: new USB bus registered, assigned bus number 4
- 1131574362 2005.11.09 en86 Nov 9 14:12:42 en86/en86 kernel: usb 1-3: new high speed USB device using address 2
- 1131574365 2005.11.09 en86 Nov 9 14:12:45 en86/en86 Server Administrator: Instrumentation Service EventID: 1000 Server Administrator starting
- 1131574365 2005.11.09 en86 Nov 9 14:12:45 en86/en86 Server Administrator: Instrumentation Service EventID: 1001 Server Administrator startup complete
- 1131574365 2005.11.09 en86 Nov 9 14:12:45 en86/en86 dataeng: dcevt32d startup succeeded
- 1131574365 2005.11.09 en86 Nov 9 14:12:45 en86/en86 dataeng: dcsnmp32d startup succeeded
- 1131574365 2005.11.09 en86 Nov 9 14:12:45 en86/en86 dataeng: dcstor32d startup succeeded
- 1131574366 2005.11.09 en86 Nov 9 14:12:46 en86/en86 kernel: Disabled Privacy Extensions on device ffffffff803fa160(lo)
- 1131574366 2005.11.09 en86 Nov 9 14:12:46 en86/en86 kernel: IPv6 over IPv4 tunneling driver
- 1131574366 2005.11.09 en86 Nov 9 14:12:46 en86/en86 kernel: NET: Registered protocol family 10
- 1131574366 2005.11.09 en86 Nov 9 14:12:46 en86/en86 kernel: divert: not allocating divert_blk for non-ethernet device sit0
- 1131574366 2005.11.09 en86 Nov 9 14:12:46 en86/en86 kernel: ip_tables: (C) 2000-2002 Netfilter core team
- 1131574366 2005.11.09 en86 Nov 9 14:12:46 en86/en86 ntpd: succeeded
- 1131574366 2005.11.09 en86 Nov 9 14:12:46 en86/en86 ntpd: ntpd startup succeeded
- 1131574366 2005.11.09 en86 Nov 9 14:12:46 en86/en86 ntpd[2239]: Listening on interface eth0, 10.100.32.86#123
- 1131574366 2005.11.09 en86 Nov 9 14:12:46 en86/en86 ntpd[2239]: Listening on interface lo, 127.0.0.1#123
- 1131574366 2005.11.09 en86 Nov 9 14:12:46 en86/en86 ntpd[2239]: Listening on interface wildcard, 0.0.0.0#123
- 1131574366 2005.11.09 en86 Nov 9 14:12:46 en86/en86 ntpd[2239]: Listening on interface wildcard, ::#123
- 1131574366 2005.11.09 en86 Nov 9 14:12:46 en86/en86 ntpd[2239]: ntpd #2#@1.1190-r Mon Oct 11 09:15:58 EDT 2004 (1)
- 1131574366 2005.11.09 en86 Nov 9 14:12:46 en86/en86 ntpd[2239]: precision = 1.000 usec
- 1131574366 2005.11.09 en86 Nov 9 14:12:46 en86/en86 ntpdate[2235]: step time server 10.100.32.250 offset -3599.988099 sec
- 1131574366 2005.11.09 en86 Nov 9 14:12:46 en86/en86 sshd: succeeded
- 1131574366 2005.11.09 en86 Nov 9 14:12:46 en86/en86 sshd[2180]: Server listening on :: port 22.
- 1131574366 2005.11.09 en86 Nov 9 14:12:46 en86/en86 sshd[2180]: error: Bind to port 22 on 0.0.0.0 failed: Address already in use.
- 1131574366 2005.11.09 en86 Nov 9 14:12:46 en86/en86 xinetd: xinetd startup succeeded
- 1131574366 2005.11.09 en86 Nov 9 14:12:46 en86/en86 xinetd[2223]: Reading included configuration file: /etc/xinetd.d/chargen [file=/etc/xinetd.conf] [line=15]
- 1131574366 2005.11.09 en86 Nov 9 14:12:46 en86/en86 xinetd[2223]: Reading included configuration file: /etc/xinetd.d/chargen-udp [file=/etc/xinetd.d/chargen-udp] [line=18]
- 1131574366 2005.11.09 en86 Nov 9 14:12:46 en86/en86 xinetd[2223]: Reading included configuration file: /etc/xinetd.d/cups-lpd [file=/etc/xinetd.d/cups-lpd] [line=17]
- 1131574366 2005.11.09 en86 Nov 9 14:12:46 en86/en86 xinetd[2223]: Reading included configuration file: /etc/xinetd.d/daytime [file=/etc/xinetd.d/daytime] [line=11]
- 1131574366 2005.11.09 en86 Nov 9 14:12:46 en86/en86 xinetd[2223]: Reading included configuration file: /etc/xinetd.d/daytime-udp [file=/etc/xinetd.d/daytime-udp] [line=15]
- 1131574366 2005.11.09 en86 Nov 9 14:12:46 en86/en86 xinetd[2223]: Reading included configuration file: /etc/xinetd.d/echo [file=/etc/xinetd.d/echo] [line=15]
- 1131574366 2005.11.09 en86 Nov 9 14:12:46 en86/en86 xinetd[2223]: Reading included configuration file: /etc/xinetd.d/echo-udp [file=/etc/xinetd.d/echo-udp] [line=14]
- 1131574366 2005.11.09 en86 Nov 9 14:12:46 en86/en86 xinetd[2223]: Reading included configuration file: /etc/xinetd.d/eklogin [file=/etc/xinetd.d/eklogin] [line=15]
- 1131574366 2005.11.09 en86 Nov 9 14:12:46 en86/en86 xinetd[2223]: Reading included configuration file: /etc/xinetd.d/gssftp [file=/etc/xinetd.d/gssftp] [line=13]
- 1131574366 2005.11.09 en86 Nov 9 14:12:46 en86/en86 xinetd[2223]: Reading included configuration file: /etc/xinetd.d/klogin [file=/etc/xinetd.d/klogin] [line=14]
- 1131574366 2005.11.09 en86 Nov 9 14:12:46 en86/en86 xinetd[2223]: Reading included configuration file: /etc/xinetd.d/krb5-telnet [file=/etc/xinetd.d/krb5-telnet] [line=13]
- 1131574366 2005.11.09 en86 Nov 9 14:12:46 en86/en86 xinetd[2223]: Reading included configuration file: /etc/xinetd.d/kshell [file=/etc/xinetd.d/kshell] [line=13]
- 1131574366 2005.11.09 en86 Nov 9 14:12:46 en86/en86 xinetd[2223]: Reading included configuration file: /etc/xinetd.d/ktalk [file=/etc/xinetd.d/ktalk] [line=13]
- 1131574366 2005.11.09 en86 Nov 9 14:12:46 en86/en86 xinetd[2223]: Reading included configuration file: /etc/xinetd.d/rsync [file=/etc/xinetd.d/rsync] [line=12]
- 1131574366 2005.11.09 en86 Nov 9 14:12:46 en86/en86 xinetd[2223]: Reading included configuration file: /etc/xinetd.d/time [file=/etc/xinetd.d/time] [line=13]
- 1131574366 2005.11.09 en86 Nov 9 14:12:46 en86/en86 xinetd[2223]: Reading included configuration file: /etc/xinetd.d/time-udp [file=/etc/xinetd.d/time-udp] [line=17]
- 1131574366 2005.11.09 en86 Nov 9 14:12:46 en86/en86 xinetd[2223]: Started working: 0 available services
- 1131574366 2005.11.09 en86 Nov 9 14:12:46 en86/en86 xinetd[2223]: removing chargen
- 1131574366 2005.11.09 en86 Nov 9 14:12:46 en86/en86 xinetd[2223]: removing chargen
- 1131574366 2005.11.09 en86 Nov 9 14:12:46 en86/en86 xinetd[2223]: removing daytime
- 1131574366 2005.11.09 en86 Nov 9 14:12:46 en86/en86 xinetd[2223]: removing daytime
- 1131574366 2005.11.09 en86 Nov 9 14:12:46 en86/en86 xinetd[2223]: removing echo
- 1131574366 2005.11.09 en86 Nov 9 14:12:46 en86/en86 xinetd[2223]: removing echo
- 1131574366 2005.11.09 en86 Nov 9 14:12:46 en86/en86 xinetd[2223]: removing eklogin
- 1131574366 2005.11.09 en86 Nov 9 14:12:46 en86/en86 xinetd[2223]: removing ftp
- 1131574366 2005.11.09 en86 Nov 9 14:12:46 en86/en86 xinetd[2223]: removing klogin
- 1131574366 2005.11.09 en86 Nov 9 14:12:46 en86/en86 xinetd[2223]: removing kshell
- 1131574366 2005.11.09 en86 Nov 9 14:12:46 en86/en86 xinetd[2223]: removing ntalk
- 1131574366 2005.11.09 en86 Nov 9 14:12:46 en86/en86 xinetd[2223]: removing printer
- 1131574366 2005.11.09 en86 Nov 9 14:12:46 en86/en86 xinetd[2223]: removing rsync
- 1131574366 2005.11.09 en86 Nov 9 14:12:46 en86/en86 xinetd[2223]: removing telnet
- 1131574366 2005.11.09 en86 Nov 9 14:12:46 en86/en86 xinetd[2223]: removing time
- 1131574366 2005.11.09 en86 Nov 9 14:12:46 en86/en86 xinetd[2223]: removing time
- 1131574366 2005.11.09 en86 Nov 9 14:12:46 en86/en86 xinetd[2223]: xinetd Version 2.3.13 started with libwrap loadavg options compiled in.
- 1131574367 2005.11.09 en86 Nov 9 14:12:47 en86/en86 crond: crond startup succeeded
- 1131574367 2005.11.09 en86 Nov 9 14:12:47 en86/en86 crond[2259]: (CRON) STARTUP (V5.0)
- 1131574367 2005.11.09 en86 Nov 9 14:12:47 en86/en86 gmond: gmond startup succeeded
- 1131574367 2005.11.09 en86 Nov 9 14:12:47 en86/en86 messagebus: messagebus startup succeeded
- 1131574367 2005.11.09 en86 Nov 9 14:12:47 en86/en86 ntpd[2239]: Listening on interface ib0, 10.100.160.86#123
- 1131574367 2005.11.09 en86 Nov 9 14:12:47 en86/en86 ntpd[2239]: configure: keyword "authenticate" unknown, line ignored
- 1131574367 2005.11.09 en86 Nov 9 14:12:47 en86/en86 ntpd[2239]: frequency initialized 98.412 PPM from /var/lib/ntp/drift
- 1131574367 2005.11.09 en86 Nov 9 14:12:47 en86/en86 ntpd[2239]: kernel time sync status 0040
- 1131574367 2005.11.09 en86 Nov 9 14:12:47 en86/en86 omsad: omsad32 startup succeeded
- 1131574367 2005.11.09 en86 Nov 9 14:12:47 en86/en86 pbs_mom: pbs_mom startup succeeded
- 1131574368 2005.11.09 en86 Nov 9 14:12:48 en86/en86 fstab-sync[2348]: removed all generated mount points
- 1131574368 2005.11.09 en86 Nov 9 14:12:48 en86/en86 haldaemon: haldaemon startup succeeded
- 1131574368 2005.11.09 en86 Nov 9 14:12:48 en86/en86 snmpd[1972]: [smux_accept] accepted fd 13 from 127.0.0.1:32772
- 1131574368 2005.11.09 en86 Nov 9 14:12:48 en86/en86 snmpd[1972]: accepted smux peer: oid SNMPv2-SMI::enterprises.674.10892.1, password , descr Systems Management SNMP MIB Plug-in Manager
- 1131574373 2005.11.09 en86 Nov 9 14:12:53 en86/en86 snmpd[1972]: Got trap from peer on fd 13
- 1131574376 2005.11.09 en86 Nov 9 14:12:56 en86/en86 kernel: eth0: no IPv6 routers present
- 1131574376 2005.11.09 en86 Nov 9 14:12:56 en86/en86 kernel: eth1: no IPv6 routers present
- 1131574376 2005.11.09 en86 Nov 9 14:12:56 en86/en86 kernel: ib0: no IPv6 routers present
- 1131574507 2005.11.09 en14 Nov 9 14:15:07 en14/en14 smartd[1971]: Device: /dev/sda, Temperature changed 2 Celsius to 28 Celsius since last report
- 1131574625 2005.11.09 en86 Nov 9 14:17:05 en86/en86 ntpd[2239]: kernel time sync disabled 0041
- 1131574625 2005.11.09 en86 Nov 9 14:17:05 en86/en86 ntpd[2239]: synchronized to 10.100.32.250, stratum 3
- 1131574688 2005.11.09 en220 Nov 9 14:18:08 en220/en220 smartd[1971]: Device: /dev/sda, Temperature changed 2 Celsius to 27 Celsius since last report
