2015-10-18 21:45:48,638 INFO [main] org.apache.hadoop.yarn.event.AsyncDispatcher: Registering class org.apache.hadoop.mapreduce.jobhistory.EventType for class org.apache.hadoop.mapreduce.jobhistory.JobHistoryEventHandler
2015-10-18 21:45:48,638 INFO [main] org.apache.hadoop.yarn.event.AsyncDispatcher: Registering class org.apache.hadoop.mapreduce.v2.app.job.event.JobEventType for class org.apache.hadoop.mapreduce.v2.app.MRAppMaster$JobEventDispatcher
2015-10-18 21:45:48,638 INFO [main] org.apache.hadoop.yarn.event.AsyncDispatcher: Registering class org.apache.hadoop.mapreduce.v2.app.job.event.TaskEventType for class org.apache.hadoop.mapreduce.v2.app.MRAppMaster$TaskEventDispatcher
2015-10-18 21:45:48,638 INFO [main] org.apache.hadoop.yarn.event.AsyncDispatcher: Registering class org.apache.hadoop.mapreduce.v2.app.job.event.TaskAttemptEventType for class org.apache.hadoop.mapreduce.v2.app.MRAppMaster$TaskAttemptEventDispatcher
2015-10-18 21:45:48,638 INFO [main] org.apache.hadoop.yarn.event.AsyncDispatcher: Registering class org.apache.hadoop.mapreduce.v2.app.commit.CommitterEventType for class org.apache.hadoop.mapreduce.v2.app.commit.CommitterEventHandler
2015-10-18 21:45:48,654 INFO [main] org.apache.hadoop.yarn.event.AsyncDispatcher: Registering class org.apache.hadoop.mapreduce.v2.app.speculate.Speculator$EventType for class org.apache.hadoop.mapreduce.v2.app.MRAppMaster$SpeculatorEventDispatcher
2015-10-18 21:45:48,654 INFO [main] org.apache.hadoop.yarn.event.AsyncDispatcher: Registering class org.apache.hadoop.mapreduce.v2.app.rm.ContainerAllocator$EventType for class org.apache.hadoop.mapreduce.v2.app.MRAppMaster$ContainerAllocatorRouter
2015-10-18 21:45:48,654 INFO [main] org.apache.hadoop.yarn.event.AsyncDispatcher: Registering class org.apache.hadoop.mapreduce.v2.app.launcher.ContainerLauncher$EventType for class org.apache.hadoop.mapreduce.v2.app.MRAppMaster$ContainerLauncherRouter
2015-10-18 21:45:48,795 INFO [main] org.apache.hadoop.yarn.event.AsyncDispatcher: Registering class org.apache.hadoop.mapreduce.v2.app.job.event.JobFinishEvent$Type for class org.apache.hadoop.mapreduce.v2.app.MRAppMaster$JobFinishEventHandler
2015-10-18 21:45:50,092 INFO [main] org.apache.hadoop.yarn.factories.impl.pb.RpcServerFactoryPBImpl: Adding protocol org.apache.hadoop.mapreduce.v2.api.MRClientProtocolPB to the server
2015-10-18 21:45:50,639 INFO [main] org.apache.hadoop.yarn.webapp.WebApps: Web app /mapreduce started at 4233
2015-10-18 21:45:51,092 INFO [main] org.apache.hadoop.yarn.webapp.WebApps: Registered webapp guice modules
2015-10-18 21:45:51,185 INFO [main] org.apache.hadoop.yarn.client.RMProxy: Connecting to ResourceManager at msra-sa-41/10.190.173.170:8030
2015-10-18 21:45:51,295 INFO [main] org.apache.hadoop.yarn.client.api.impl.ContainerManagementProtocolProxy: yarn.client.max-cached-nodemanagers-proxies : 0
2015-10-18 21:45:51,326 INFO [AsyncDispatcher event handler] org.apache.hadoop.yarn.util.RackResolver: Resolved MSRA-SA-41.fareast.corp.microsoft.com to /default-rack
2015-10-18 21:45:51,342 INFO [AsyncDispatcher event handler] org.apache.hadoop.yarn.util.RackResolver: Resolved MININT-FNANLI5.fareast.corp.microsoft.com to /default-rack
2015-10-18 21:45:51,342 INFO [AsyncDispatcher event handler] org.apache.hadoop.yarn.util.RackResolver: Resolved MSRA-SA-41.fareast.corp.microsoft.com to /default-rack
2015-10-18 21:45:51,342 INFO [AsyncDispatcher event handler] org.apache.hadoop.yarn.util.RackResolver: Resolved MSRA-SA-39.fareast.corp.microsoft.com to /default-rack
2015-10-18 21:45:51,342 INFO [AsyncDispatcher event handler] org.apache.hadoop.yarn.util.RackResolver: Resolved MSRA-SA-41.fareast.corp.microsoft.com to /default-rack
2015-10-18 21:45:51,342 INFO [AsyncDispatcher event handler] org.apache.hadoop.yarn.util.RackResolver: Resolved 04DN8IQ.fareast.corp.microsoft.com to /default-rack
2015-10-18 21:45:51,342 INFO [AsyncDispatcher event handler] org.apache.hadoop.yarn.util.RackResolver: Resolved MSRA-SA-41.fareast.corp.microsoft.com to /default-rack
2015-10-18 21:45:51,342 INFO [AsyncDispatcher event handler] org.apache.hadoop.yarn.util.RackResolver: Resolved MSRA-SA-39.fareast.corp.microsoft.com to /default-rack
2015-10-18 21:45:51,342 INFO [AsyncDispatcher event handler] org.apache.hadoop.yarn.util.RackResolver: Resolved MSRA-SA-41.fareast.corp.microsoft.com to /default-rack
2015-10-18 21:45:51,342 INFO [AsyncDispatcher event handler] org.apache.hadoop.yarn.util.RackResolver: Resolved 04DN8IQ.fareast.corp.microsoft.com to /default-rack
2015-10-18 21:45:51,342 INFO [AsyncDispatcher event handler] org.apache.hadoop.yarn.util.RackResolver: Resolved MSRA-SA-41.fareast.corp.microsoft.com to /default-rack
2015-10-18 21:45:51,342 INFO [AsyncDispatcher event handler] org.apache.hadoop.yarn.util.RackResolver: Resolved MSRA-SA-39.fareast.corp.microsoft.com to /default-rack
2015-10-18 21:45:51,342 INFO [AsyncDispatcher event handler] org.apache.hadoop.yarn.util.RackResolver: Resolved MSRA-SA-41.fareast.corp.microsoft.com to /default-rack
2015-10-18 21:45:51,342 INFO [AsyncDispatcher event handler] org.apache.hadoop.yarn.util.RackResolver: Resolved 04DN8IQ.fareast.corp.microsoft.com to /default-rack
2015-10-18 21:45:51,342 INFO [AsyncDispatcher event handler] org.apache.hadoop.yarn.util.RackResolver: Resolved MSRA-SA-41.fareast.corp.microsoft.com to /default-rack
2015-10-18 21:45:51,342 INFO [AsyncDispatcher event handler] org.apache.hadoop.yarn.util.RackResolver: Resolved MSRA-SA-39.fareast.corp.microsoft.com to /default-rack
2015-10-18 21:45:51,342 INFO [AsyncDispatcher event handler] org.apache.hadoop.yarn.util.RackResolver: Resolved MSRA-SA-41.fareast.corp.microsoft.com to /default-rack
2015-10-18 21:45:51,342 INFO [AsyncDispatcher event handler] org.apache.hadoop.yarn.util.RackResolver: Resolved MSRA-SA-39.fareast.corp.microsoft.com to /default-rack
2015-10-18 21:45:51,342 INFO [AsyncDispatcher event handler] org.apache.hadoop.yarn.util.RackResolver: Resolved MSRA-SA-41.fareast.corp.microsoft.com to /default-rack
2015-10-18 21:45:51,342 INFO [AsyncDispatcher event handler] org.apache.hadoop.yarn.util.RackResolver: Resolved MSRA-SA-39.fareast.corp.microsoft.com to /default-rack
2015-10-18 21:45:53,389 INFO [RMCommunicator Allocator] org.apache.hadoop.yarn.util.RackResolver: Resolved 04DN8IQ.fareast.corp.microsoft.com to /default-rack
2015-10-18 21:45:53,389 INFO [RMCommunicator Allocator] org.apache.hadoop.yarn.util.RackResolver: Resolved 04DN8IQ.fareast.corp.microsoft.com to /default-rack
2015-10-18 21:45:53,467 INFO [AsyncDispatcher event handler] org.apache.hadoop.yarn.util.RackResolver: Resolved MSRA-SA-41.fareast.corp.microsoft.com to /default-rack
2015-10-18 21:45:53,561 INFO [AsyncDispatcher event handler] org.apache.hadoop.yarn.util.RackResolver: Resolved MSRA-SA-41.fareast.corp.microsoft.com to /default-rack
2015-10-18 21:45:53,561 INFO [AsyncDispatcher event handler] org.apache.hadoop.yarn.util.RackResolver: Resolved MSRA-SA-41.fareast.corp.microsoft.com to /default-rack
2015-10-18 21:45:53,561 INFO [AsyncDispatcher event handler] org.apache.hadoop.yarn.util.RackResolver: Resolved MSRA-SA-41.fareast.corp.microsoft.com to /default-rack
2015-10-18 21:45:53,561 INFO [AsyncDispatcher event handler] org.apache.hadoop.yarn.util.RackResolver: Resolved MSRA-SA-41.fareast.corp.microsoft.com to /default-rack
2015-10-18 21:45:53,561 INFO [AsyncDispatcher event handler] org.apache.hadoop.yarn.util.RackResolver: Resolved MSRA-SA-41.fareast.corp.microsoft.com to /default-rack
2015-10-18 21:45:53,576 INFO [AsyncDispatcher event handler] org.apache.hadoop.yarn.util.RackResolver: Resolved 04DN8IQ.fareast.corp.microsoft.com to /default-rack
2015-10-18 21:45:53,576 INFO [AsyncDispatcher event handler] org.apache.hadoop.yarn.util.RackResolver: Resolved MSRA-SA-39.fareast.corp.microsoft.com to /default-rack
2015-10-18 21:45:53,576 INFO [AsyncDispatcher event handler] org.apache.hadoop.yarn.util.RackResolver: Resolved 04DN8IQ.fareast.corp.microsoft.com to /default-rack
2015-10-18 21:45:53,576 INFO [AsyncDispatcher event handler] org.apache.hadoop.yarn.util.RackResolver: Resolved 04DN8IQ.fareast.corp.microsoft.com to /default-rack
2015-10-18 21:45:53,592 INFO [ContainerLauncher #5] org.apache.hadoop.yarn.client.api.impl.ContainerManagementProtocolProxy: Opening proxy : MSRA-SA-41.fareast.corp.microsoft.com:25649
2015-10-18 21:45:53,623 INFO [ContainerLauncher #2] org.apache.hadoop.yarn.client.api.impl.ContainerManagementProtocolProxy: Opening proxy : MSRA-SA-41.fareast.corp.microsoft.com:25649
2015-10-18 21:45:53,623 INFO [ContainerLauncher #9] org.apache.hadoop.yarn.client.api.impl.ContainerManagementProtocolProxy: Opening proxy : 04DN8IQ.fareast.corp.microsoft.com:54883
2015-10-18 21:45:53,623 INFO [ContainerLauncher #8] org.apache.hadoop.yarn.client.api.impl.ContainerManagementProtocolProxy: Opening proxy : 04DN8IQ.fareast.corp.microsoft.com:54883
2015-10-18 21:45:53,639 INFO [ContainerLauncher #0] org.apache.hadoop.yarn.client.api.impl.ContainerManagementProtocolProxy: Opening proxy : MSRA-SA-41.fareast.corp.microsoft.com:25649
2015-10-18 21:45:53,639 INFO [ContainerLauncher #7] org.apache.hadoop.yarn.client.api.impl.ContainerManagementProtocolProxy: Opening proxy : MSRA-SA-39.fareast.corp.microsoft.com:28345
2015-10-18 21:45:53,639 INFO [ContainerLauncher #3] org.apache.hadoop.yarn.client.api.impl.ContainerManagementProtocolProxy: Opening proxy : MSRA-SA-41.fareast.corp.microsoft.com:25649
2015-10-18 21:45:53,639 INFO [ContainerLauncher #6] org.apache.hadoop.yarn.client.api.impl.ContainerManagementProtocolProxy: Opening proxy : 04DN8IQ.fareast.corp.microsoft.com:54883
2015-10-18 21:45:53,639 INFO [ContainerLauncher #4] org.apache.hadoop.yarn.client.api.impl.ContainerManagementProtocolProxy: Opening proxy : MSRA-SA-41.fareast.corp.microsoft.com:25649
2015-10-18 21:45:53,639 INFO [ContainerLauncher #1] org.apache.hadoop.yarn.client.api.impl.ContainerManagementProtocolProxy: Opening proxy : MSRA-SA-41.fareast.corp.microsoft.com:25649
2015-10-18 21:47:12,192 INFO [ContainerLauncher #7] org.apache.hadoop.yarn.client.api.impl.ContainerManagementProtocolProxy: Opening proxy : MSRA-SA-41.fareast.corp.microsoft.com:25649
2015-10-18 21:47:13,207 INFO [AsyncDispatcher event handler] org.apache.hadoop.yarn.util.RackResolver: Resolved MSRA-SA-41.fareast.corp.microsoft.com to /default-rack
2015-10-18 21:47:13,207 INFO [AsyncDispatcher event handler] org.apache.hadoop.yarn.util.RackResolver: Resolved MSRA-SA-39.fareast.corp.microsoft.com to /default-rack
2015-10-18 21:47:13,723 INFO [ContainerLauncher #2] org.apache.hadoop.yarn.client.api.impl.ContainerManagementProtocolProxy: Opening proxy : MSRA-SA-41.fareast.corp.microsoft.com:25649
2015-10-18 21:47:13,832 INFO [ContainerLauncher #0] org.apache.hadoop.yarn.client.api.impl.ContainerManagementProtocolProxy: Opening proxy : MSRA-SA-41.fareast.corp.microsoft.com:25649
2015-10-18 21:47:14,161 INFO [ContainerLauncher #9] org.apache.hadoop.yarn.client.api.impl.ContainerManagementProtocolProxy: Opening proxy : MSRA-SA-41.fareast.corp.microsoft.com:25649
2015-10-18 21:47:14,411 INFO [AsyncDispatcher event handler] org.apache.hadoop.yarn.util.RackResolver: Resolved MSRA-SA-41.fareast.corp.microsoft.com to /default-rack
2015-10-18 21:47:14,411 INFO [AsyncDispatcher event handler] org.apache.hadoop.yarn.util.RackResolver: Resolved MSRA-SA-41.fareast.corp.microsoft.com to /default-rack
2015-10-18 21:47:14,411 INFO [ContainerLauncher #4] org.apache.hadoop.yarn.client.api.impl.ContainerManagementProtocolProxy: Opening proxy : MSRA-SA-41.fareast.corp.microsoft.com:25649
2015-10-18 21:47:14,426 INFO [ContainerLauncher #1] org.apache.hadoop.yarn.client.api.impl.ContainerManagementProtocolProxy: Opening proxy : MSRA-SA-41.fareast.corp.microsoft.com:25649
2015-10-18 21:47:15,473 INFO [ContainerLauncher #5] org.apache.hadoop.yarn.client.api.impl.ContainerManagementProtocolProxy: Opening proxy : MSRA-SA-41.fareast.corp.microsoft.com:25649
2015-10-18 21:47:15,708 INFO [ContainerLauncher #3] org.apache.hadoop.yarn.client.api.impl.ContainerManagementProtocolProxy: Opening proxy : MSRA-SA-41.fareast.corp.microsoft.com:25649
2015-10-18 21:47:35,286 INFO [ContainerLauncher #6] org.apache.hadoop.yarn.client.api.impl.ContainerManagementProtocolProxy: Opening proxy : MSRA-SA-39.fareast.corp.microsoft.com:28345
2015-10-18 21:48:30,558 INFO [ContainerLauncher #8] org.apache.hadoop.yarn.client.api.impl.ContainerManagementProtocolProxy: Opening proxy : 04DN8IQ.fareast.corp.microsoft.com:54883
2015-10-18 21:48:40,027 INFO [ContainerLauncher #7] org.apache.hadoop.yarn.client.api.impl.ContainerManagementProtocolProxy: Opening proxy : MSRA-SA-41.fareast.corp.microsoft.com:25649
2015-10-18 21:48:40,043 INFO [ContainerLauncher #2] org.apache.hadoop.yarn.client.api.impl.ContainerManagementProtocolProxy: Opening proxy : 04DN8IQ.fareast.corp.microsoft.com:54883
2015-10-18 21:48:45,699 INFO [ContainerLauncher #0] org.apache.hadoop.yarn.client.api.impl.ContainerManagementProtocolProxy: Opening proxy : 04DN8IQ.fareast.corp.microsoft.com:54883
2015-10-18 21:54:37,921 INFO [ContainerLauncher #9] org.apache.hadoop.yarn.client.api.impl.ContainerManagementProtocolProxy: Opening proxy : MSRA-SA-41.fareast.corp.microsoft.com:25649
2015-10-18 21:45:56,848 INFO [main] org.apache.hadoop.mapred.YarnChild: Executing with tokens:
2015-10-18 21:45:56,848 INFO [main] org.apache.hadoop.mapred.YarnChild: Kind: mapreduce.job, Service: job_1445175094696_0005, Ident: (org.apache.hadoop.mapreduce.security.token.JobTokenIdentifier@7253580c)
2015-10-18 21:45:56,981 INFO [main] org.apache.hadoop.mapred.YarnChild: Sleeping for 0ms before retrying again. Got null now.
2015-10-18 21:45:57,350 INFO [main] org.apache.hadoop.mapred.YarnChild: mapreduce.cluster.local.dir for child: /tmp/hadoop-msrabi/nm-local-dir/usercache/msrabi/appcache/application_1445175094696_0005
2015-10-18 21:45:58,789 INFO [main] org.apache.hadoop.yarn.util.ProcfsBasedProcessTree: ProcfsBasedProcessTree currently is supported only on Linux.
2015-10-18 21:45:57,025 INFO [main] org.apache.hadoop.mapred.YarnChild: Executing with tokens:
2015-10-18 21:45:57,025 INFO [main] org.apache.hadoop.mapred.YarnChild: Kind: mapreduce.job, Service: job_1445175094696_0005, Ident: (org.apache.hadoop.mapreduce.security.token.JobTokenIdentifier@30db7df3)
2015-10-18 21:45:57,126 INFO [main] org.apache.hadoop.mapred.YarnChild: Sleeping for 0ms before retrying again. Got null now.
2015-10-18 21:45:57,336 INFO [main] org.apache.hadoop.mapred.YarnChild: mapreduce.cluster.local.dir for child: /tmp/hadoop-msrabi/nm-local-dir/usercache/msrabi/appcache/application_1445175094696_0005
2015-10-18 21:45:58,253 INFO [main] org.apache.hadoop.yarn.util.ProcfsBasedProcessTree: ProcfsBasedProcessTree currently is supported only on Linux.
2015-10-18 21:45:56,815 INFO [main] org.apache.hadoop.mapred.YarnChild: Executing with tokens:
2015-10-18 21:45:56,815 INFO [main] org.apache.hadoop.mapred.YarnChild: Kind: mapreduce.job, Service: job_1445175094696_0005, Ident: (org.apache.hadoop.mapreduce.security.token.JobTokenIdentifier@7253580c)
2015-10-18 21:45:56,942 INFO [main] org.apache.hadoop.mapred.YarnChild: Sleeping for 0ms before retrying again. Got null now.
2015-10-18 21:45:57,269 INFO [main] org.apache.hadoop.mapred.YarnChild: mapreduce.cluster.local.dir for child: /tmp/hadoop-msrabi/nm-local-dir/usercache/msrabi/appcache/application_1445175094696_0005
2015-10-18 21:45:58,675 INFO [main] org.apache.hadoop.yarn.util.ProcfsBasedProcessTree: ProcfsBasedProcessTree currently is supported only on Linux.
2015-10-18 21:45:56,793 INFO [main] org.apache.hadoop.mapred.YarnChild: Executing with tokens:
2015-10-18 21:45:56,793 INFO [main] org.apache.hadoop.mapred.YarnChild: Kind: mapreduce.job, Service: job_1445175094696_0005, Ident: (org.apache.hadoop.mapreduce.security.token.JobTokenIdentifier@1a29f594)
2015-10-18 21:45:56,932 INFO [main] org.apache.hadoop.mapred.YarnChild: Sleeping for 0ms before retrying again. Got null now.
2015-10-18 21:45:57,264 INFO [main] org.apache.hadoop.mapred.YarnChild: mapreduce.cluster.local.dir for child: /tmp/hadoop-msrabi/nm-local-dir/usercache/msrabi/appcache/application_1445175094696_0005
2015-10-18 21:45:58,743 INFO [main] org.apache.hadoop.yarn.util.ProcfsBasedProcessTree: ProcfsBasedProcessTree currently is supported only on Linux.
2015-10-18 21:45:57,009 INFO [main] org.apache.hadoop.mapred.YarnChild: Executing with tokens:
2015-10-18 21:45:57,009 INFO [main] org.apache.hadoop.mapred.YarnChild: Kind: mapreduce.job, Service: job_1445175094696_0005, Ident: (org.apache.hadoop.mapreduce.security.token.JobTokenIdentifier@231a7808)
2015-10-18 21:45:57,111 INFO [main] org.apache.hadoop.mapred.YarnChild: Sleeping for 0ms before retrying again. Got null now.
2015-10-18 21:45:57,317 INFO [main] org.apache.hadoop.mapred.YarnChild: mapreduce.cluster.local.dir for child: /tmp/hadoop-msrabi/nm-local-dir/usercache/msrabi/appcache/application_1445175094696_0005
2015-10-18 21:45:58,231 INFO [main] org.apache.hadoop.yarn.util.ProcfsBasedProcessTree: ProcfsBasedProcessTree currently is supported only on Linux.
2015-10-18 21:45:56,824 INFO [main] org.apache.hadoop.mapred.YarnChild: Executing with tokens:
2015-10-18 21:45:56,824 INFO [main] org.apache.hadoop.mapred.YarnChild: Kind: mapreduce.job, Service: job_1445175094696_0005, Ident: (org.apache.hadoop.mapreduce.security.token.JobTokenIdentifier@666adef3)
2015-10-18 21:45:56,953 INFO [main] org.apache.hadoop.mapred.YarnChild: Sleeping for 0ms before retrying again. Got null now.
2015-10-18 21:45:57,271 INFO [main] org.apache.hadoop.mapred.YarnChild: mapreduce.cluster.local.dir for child: /tmp/hadoop-msrabi/nm-local-dir/usercache/msrabi/appcache/application_1445175094696_0005
2015-10-18 21:45:58,797 INFO [main] org.apache.hadoop.yarn.util.ProcfsBasedProcessTree: ProcfsBasedProcessTree currently is supported only on Linux.
2015-10-18 21:45:58,583 INFO [main] org.apache.hadoop.mapred.YarnChild: Executing with tokens:
2015-10-18 21:45:58,583 INFO [main] org.apache.hadoop.mapred.YarnChild: Kind: mapreduce.job, Service: job_1445175094696_0005, Ident: (org.apache.hadoop.mapreduce.security.token.JobTokenIdentifier@490ef5a5)
2015-10-18 21:45:58,817 INFO [main] org.apache.hadoop.mapred.YarnChild: Sleeping for 0ms before retrying again. Got null now.
2015-10-18 21:45:59,567 INFO [main] org.apache.hadoop.mapred.YarnChild: mapreduce.cluster.local.dir for child: /tmp/hadoop-msrabi/nm-local-dir/usercache/msrabi/appcache/application_1445175094696_0005
2015-10-18 21:46:02,677 INFO [main] org.apache.hadoop.yarn.util.ProcfsBasedProcessTree: ProcfsBasedProcessTree currently is supported only on Linux.
2015-10-18 21:45:58,583 INFO [main] org.apache.hadoop.mapred.YarnChild: Executing with tokens:
2015-10-18 21:45:58,583 INFO [main] org.apache.hadoop.mapred.YarnChild: Kind: mapreduce.job, Service: job_1445175094696_0005, Ident: (org.apache.hadoop.mapreduce.security.token.JobTokenIdentifier@67b65d47)
2015-10-18 21:45:58,817 INFO [main] org.apache.hadoop.mapred.YarnChild: Sleeping for 0ms before retrying again. Got null now.
2015-10-18 21:45:59,661 INFO [main] org.apache.hadoop.mapred.YarnChild: mapreduce.cluster.local.dir for child: /tmp/hadoop-msrabi/nm-local-dir/usercache/msrabi/appcache/application_1445175094696_0005
2015-10-18 21:46:02,630 INFO [main] org.apache.hadoop.yarn.util.ProcfsBasedProcessTree: ProcfsBasedProcessTree currently is supported only on Linux.
2015-10-18 21:45:58,583 INFO [main] org.apache.hadoop.mapred.YarnChild: Executing with tokens:
2015-10-18 21:45:58,583 INFO [main] org.apache.hadoop.mapred.YarnChild: Kind: mapreduce.job, Service: job_1445175094696_0005, Ident: (org.apache.hadoop.mapreduce.security.token.JobTokenIdentifier@3d05ffdb)
2015-10-18 21:45:58,802 INFO [main] org.apache.hadoop.mapred.YarnChild: Sleeping for 0ms before retrying again. Got null now.
2015-10-18 21:45:59,614 INFO [main] org.apache.hadoop.mapred.YarnChild: mapreduce.cluster.local.dir for child: /tmp/hadoop-msrabi/nm-local-dir/usercache/msrabi/appcache/application_1445175094696_0005
2015-10-18 21:46:02,724 INFO [main] org.apache.hadoop.yarn.util.ProcfsBasedProcessTree: ProcfsBasedProcessTree currently is supported only on Linux.
2015-10-18 21:45:56,142 INFO [main] org.apache.hadoop.mapred.YarnChild: Executing with tokens:
2015-10-18 21:45:56,142 INFO [main] org.apache.hadoop.mapred.YarnChild: Kind: mapreduce.job, Service: job_1445175094696_0005, Ident: (org.apache.hadoop.mapreduce.security.token.JobTokenIdentifier@7f0eb4b4)
2015-10-18 21:45:56,251 INFO [main] org.apache.hadoop.mapred.YarnChild: Sleeping for 0ms before retrying again. Got null now.
2015-10-18 21:45:56,595 INFO [main] org.apache.hadoop.mapred.YarnChild: mapreduce.cluster.local.dir for child: /tmp/hadoop-msrabi/nm-local-dir/usercache/msrabi/appcache/application_1445175094696_0005
2015-10-18 21:45:57,454 INFO [main] org.apache.hadoop.yarn.util.ProcfsBasedProcessTree: ProcfsBasedProcessTree currently is supported only on Linux.
2015-10-18 21:47:17,519 INFO [main] org.apache.hadoop.mapred.YarnChild: Executing with tokens:
2015-10-18 21:47:17,519 INFO [main] org.apache.hadoop.mapred.YarnChild: Kind: mapreduce.job, Service: job_1445175094696_0005, Ident: (org.apache.hadoop.mapreduce.security.token.JobTokenIdentifier@666adef3)
2015-10-18 21:47:17,683 INFO [main] org.apache.hadoop.mapred.YarnChild: Sleeping for 0ms before retrying again. Got null now.
2015-10-18 21:47:18,020 INFO [main] org.apache.hadoop.mapred.YarnChild: mapreduce.cluster.local.dir for child: /tmp/hadoop-msrabi/nm-local-dir/usercache/msrabi/appcache/application_1445175094696_0005
2015-10-18 21:47:19,123 INFO [main] org.apache.hadoop.yarn.util.ProcfsBasedProcessTree: ProcfsBasedProcessTree currently is supported only on Linux.
2015-10-18 21:47:17,525 INFO [main] org.apache.hadoop.mapred.YarnChild: Executing with tokens:
2015-10-18 21:47:17,525 INFO [main] org.apache.hadoop.mapred.YarnChild: Kind: mapreduce.job, Service: job_1445175094696_0005, Ident: (org.apache.hadoop.mapreduce.security.token.JobTokenIdentifier@666adef3)
2015-10-18 21:47:17,689 INFO [main] org.apache.hadoop.mapred.YarnChild: Sleeping for 0ms before retrying again. Got null now.
2015-10-18 21:47:18,021 INFO [main] org.apache.hadoop.mapred.YarnChild: mapreduce.cluster.local.dir for child: /tmp/hadoop-msrabi/nm-local-dir/usercache/msrabi/appcache/application_1445175094696_0005
2015-10-18 21:47:19,136 INFO [main] org.apache.hadoop.yarn.util.ProcfsBasedProcessTree: ProcfsBasedProcessTree currently is supported only on Linux.
2015-10-17 15:38:06,267 INFO [main] org.apache.hadoop.yarn.event.AsyncDispatcher: Registering class org.apache.hadoop.mapreduce.jobhistory.EventType for class org.apache.hadoop.mapreduce.jobhistory.JobHistoryEventHandler
2015-10-17 15:38:06,267 INFO [main] org.apache.hadoop.yarn.event.AsyncDispatcher: Registering class org.apache.hadoop.mapreduce.v2.app.job.event.JobEventType for class org.apache.hadoop.mapreduce.v2.app.MRAppMaster$JobEventDispatcher
2015-10-17 15:38:06,267 INFO [main] org.apache.hadoop.yarn.event.AsyncDispatcher: Registering class org.apache.hadoop.mapreduce.v2.app.job.event.TaskEventType for class org.apache.hadoop.mapreduce.v2.app.MRAppMaster$TaskEventDispatcher
2015-10-17 15:38:06,267 INFO [main] org.apache.hadoop.yarn.event.AsyncDispatcher: Registering class org.apache.hadoop.mapreduce.v2.app.job.event.TaskAttemptEventType for class org.apache.hadoop.mapreduce.v2.app.MRAppMaster$TaskAttemptEventDispatcher
2015-10-17 15:38:06,267 INFO [main] org.apache.hadoop.yarn.event.AsyncDispatcher: Registering class org.apache.hadoop.mapreduce.v2.app.commit.CommitterEventType for class org.apache.hadoop.mapreduce.v2.app.commit.CommitterEventHandler
2015-10-17 15:38:06,282 INFO [main] org.apache.hadoop.yarn.event.AsyncDispatcher: Registering class org.apache.hadoop.mapreduce.v2.app.speculate.Speculator$EventType for class org.apache.hadoop.mapreduce.v2.app.MRAppMaster$SpeculatorEventDispatcher
2015-10-17 15:38:06,282 INFO [main] org.apache.hadoop.yarn.event.AsyncDispatcher: Registering class org.apache.hadoop.mapreduce.v2.app.rm.ContainerAllocator$EventType for class org.apache.hadoop.mapreduce.v2.app.MRAppMaster$ContainerAllocatorRouter
2015-10-17 15:38:06,282 INFO [main] org.apache.hadoop.yarn.event.AsyncDispatcher: Registering class org.apache.hadoop.mapreduce.v2.app.launcher.ContainerLauncher$EventType for class org.apache.hadoop.mapreduce.v2.app.MRAppMaster$ContainerLauncherRouter
2015-10-17 15:38:06,845 INFO [main] org.apache.hadoop.yarn.event.AsyncDispatcher: Registering class org.apache.hadoop.mapreduce.v2.app.job.event.JobFinishEvent$Type for class org.apache.hadoop.mapreduce.v2.app.MRAppMaster$JobFinishEventHandler
2015-10-17 15:38:07,611 INFO [main] org.apache.hadoop.yarn.factories.impl.pb.RpcServerFactoryPBImpl: Adding protocol org.apache.hadoop.mapreduce.v2.api.MRClientProtocolPB to the server
2015-10-17 15:38:08,126 INFO [main] org.apache.hadoop.yarn.webapp.WebApps: Web app /mapreduce started at 49472
2015-10-17 15:38:08,845 INFO [main] org.apache.hadoop.yarn.webapp.WebApps: Registered webapp guice modules
2015-10-17 15:38:09,095 INFO [main] org.apache.hadoop.yarn.client.RMProxy: Connecting to ResourceManager at msra-sa-41/10.190.173.170:8030
2015-10-17 15:38:09,345 INFO [main] org.apache.hadoop.yarn.client.api.impl.ContainerManagementProtocolProxy: yarn.client.max-cached-nodemanagers-proxies : 0
2015-10-17 15:38:09,564 INFO [AsyncDispatcher event handler] org.apache.hadoop.yarn.util.RackResolver: Resolved MSRA-SA-39.fareast.corp.microsoft.com to /default-rack
2015-10-17 15:38:09,564 INFO [AsyncDispatcher event handler] org.apache.hadoop.yarn.util.RackResolver: Resolved MSRA-SA-41.fareast.corp.microsoft.com to /default-rack
2015-10-17 15:38:09,595 INFO [AsyncDispatcher event handler] org.apache.hadoop.yarn.util.RackResolver: Resolved MSRA-SA-39.fareast.corp.microsoft.com to /default-rack
2015-10-17 15:38:09,595 INFO [AsyncDispatcher event handler] org.apache.hadoop.yarn.util.RackResolver: Resolved MSRA-SA-41.fareast.corp.microsoft.com to /default-rack
2015-10-17 15:38:09,595 INFO [AsyncDispatcher event handler] org.apache.hadoop.yarn.util.RackResolver: Resolved MSRA-SA-39.fareast.corp.microsoft.com to /default-rack
2015-10-17 15:38:09,595 INFO [AsyncDispatcher event handler] org.apache.hadoop.yarn.util.RackResolver: Resolved MSRA-SA-41.fareast.corp.microsoft.com to /default-rack
2015-10-17 15:38:09,595 INFO [AsyncDispatcher event handler] org.apache.hadoop.yarn.util.RackResolver: Resolved MSRA-SA-39.fareast.corp.microsoft.com to /default-rack
2015-10-17 15:38:09,595 INFO [AsyncDispatcher event handler] org.apache.hadoop.yarn.util.RackResolver: Resolved MSRA-SA-41.fareast.corp.microsoft.com to /default-rack
2015-10-17 15:38:09,595 INFO [AsyncDispatcher event handler] org.apache.hadoop.yarn.util.RackResolver: Resolved MSRA-SA-39.fareast.corp.microsoft.com to /default-rack
2015-10-17 15:38:09,595 INFO [AsyncDispatcher event handler] org.apache.hadoop.yarn.util.RackResolver: Resolved MSRA-SA-41.fareast.corp.microsoft.com to /default-rack
2015-10-17 15:38:09,595 INFO [AsyncDispatcher event handler] org.apache.hadoop.yarn.util.RackResolver: Resolved MSRA-SA-39.fareast.corp.microsoft.com to /default-rack
2015-10-17 15:38:09,595 INFO [AsyncDispatcher event handler] org.apache.hadoop.yarn.util.RackResolver: Resolved MSRA-SA-41.fareast.corp.microsoft.com to /default-rack
2015-10-17 15:38:09,595 INFO [AsyncDispatcher event handler] org.apache.hadoop.yarn.util.RackResolver: Resolved MSRA-SA-39.fareast.corp.microsoft.com to /default-rack
2015-10-17 15:38:09,595 INFO [AsyncDispatcher event handler] org.apache.hadoop.yarn.util.RackResolver: Resolved MSRA-SA-41.fareast.corp.microsoft.com to /default-rack
2015-10-17 15:38:09,595 INFO [AsyncDispatcher event handler] org.apache.hadoop.yarn.util.RackResolver: Resolved MSRA-SA-39.fareast.corp.microsoft.com to /default-rack
2015-10-17 15:38:09,595 INFO [AsyncDispatcher event handler] org.apache.hadoop.yarn.util.RackResolver: Resolved MSRA-SA-41.fareast.corp.microsoft.com to /default-rack
2015-10-17 15:38:09,595 INFO [AsyncDispatcher event handler] org.apache.hadoop.yarn.util.RackResolver: Resolved MSRA-SA-39.fareast.corp.microsoft.com to /default-rack
2015-10-17 15:38:09,595 INFO [AsyncDispatcher event handler] org.apache.hadoop.yarn.util.RackResolver: Resolved MSRA-SA-41.fareast.corp.microsoft.com to /default-rack
2015-10-17 15:38:09,595 INFO [AsyncDispatcher event handler] org.apache.hadoop.yarn.util.RackResolver: Resolved MSRA-SA-39.fareast.corp.microsoft.com to /default-rack
2015-10-17 15:38:09,595 INFO [AsyncDispatcher event handler] org.apache.hadoop.yarn.util.RackResolver: Resolved MSRA-SA-41.fareast.corp.microsoft.com to /default-rack
2015-10-17 15:38:14,752 INFO [RMCommunicator Allocator] org.apache.hadoop.yarn.util.RackResolver: Resolved MININT-75DGDAM1.fareast.corp.microsoft.com to /default-rack
2015-10-17 15:38:15,017 INFO [AsyncDispatcher event handler] org.apache.hadoop.yarn.util.RackResolver: Resolved MININT-75DGDAM1.fareast.corp.microsoft.com to /default-rack
2015-10-17 15:38:15,611 INFO [ContainerLauncher #0] org.apache.hadoop.yarn.client.api.impl.ContainerManagementProtocolProxy: Opening proxy : MININT-75DGDAM1.fareast.corp.microsoft.com:51951
2015-10-17 15:38:22,455 INFO [RMCommunicator Allocator] org.apache.hadoop.yarn.util.RackResolver: Resolved MININT-75DGDAM1.fareast.corp.microsoft.com to /default-rack
2015-10-17 15:38:22,471 INFO [AsyncDispatcher event handler] org.apache.hadoop.yarn.util.RackResolver: Resolved MININT-75DGDAM1.fareast.corp.microsoft.com to /default-rack
2015-10-17 15:38:22,596 INFO [ContainerLauncher #1] org.apache.hadoop.yarn.client.api.impl.ContainerManagementProtocolProxy: Opening proxy : MININT-75DGDAM1.fareast.corp.microsoft.com:51951
2015-10-17 15:40:35,603 INFO [AsyncDispatcher event handler] org.apache.hadoop.yarn.util.RackResolver: Resolved MSRA-SA-41.fareast.corp.microsoft.com to /default-rack
2015-10-17 15:40:35,618 INFO [ContainerLauncher #2] org.apache.hadoop.yarn.client.api.impl.ContainerManagementProtocolProxy: Opening proxy : MSRA-SA-41.fareast.corp.microsoft.com:42313
2015-10-17 15:40:51,369 INFO [AsyncDispatcher event handler] org.apache.hadoop.yarn.util.RackResolver: Resolved MSRA-SA-41.fareast.corp.microsoft.com to /default-rack
2015-10-17 15:40:51,369 INFO [AsyncDispatcher event handler] org.apache.hadoop.yarn.util.RackResolver: Resolved MSRA-SA-41.fareast.corp.microsoft.com to /default-rack
2015-10-17 15:40:51,494 INFO [ContainerLauncher #3] org.apache.hadoop.yarn.client.api.impl.ContainerManagementProtocolProxy: Opening proxy : MSRA-SA-41.fareast.corp.microsoft.com:42313
2015-10-17 15:40:51,619 INFO [ContainerLauncher #4] org.apache.hadoop.yarn.client.api.impl.ContainerManagementProtocolProxy: Opening proxy : MSRA-SA-41.fareast.corp.microsoft.com:42313
2015-10-17 15:40:52,401 INFO [AsyncDispatcher event handler] org.apache.hadoop.yarn.util.RackResolver: Resolved MSRA-SA-41.fareast.corp.microsoft.com to /default-rack
2015-10-17 15:40:52,494 INFO [ContainerLauncher #5] org.apache.hadoop.yarn.client.api.impl.ContainerManagementProtocolProxy: Opening proxy : MSRA-SA-41.fareast.corp.microsoft.com:42313
2015-10-17 15:40:53,494 INFO [AsyncDispatcher event handler] org.apache.hadoop.yarn.util.RackResolver: Resolved MSRA-SA-39.fareast.corp.microsoft.com to /default-rack
2015-10-17 15:40:53,651 INFO [ContainerLauncher #6] org.apache.hadoop.yarn.client.api.impl.ContainerManagementProtocolProxy: Opening proxy : MSRA-SA-39.fareast.corp.microsoft.com:49130
2015-10-17 15:41:13,714 INFO [AsyncDispatcher event handler] org.apache.hadoop.yarn.util.RackResolver: Resolved MSRA-SA-39.fareast.corp.microsoft.com to /default-rack
2015-10-17 15:41:13,714 INFO [AsyncDispatcher event handler] org.apache.hadoop.yarn.util.RackResolver: Resolved MSRA-SA-41.fareast.corp.microsoft.com to /default-rack
2015-10-17 15:41:13,824 INFO [ContainerLauncher #7] org.apache.hadoop.yarn.client.api.impl.ContainerManagementProtocolProxy: Opening proxy : MSRA-SA-39.fareast.corp.microsoft.com:49130
2015-10-17 15:41:13,886 INFO [ContainerLauncher #8] org.apache.hadoop.yarn.client.api.impl.ContainerManagementProtocolProxy: Opening proxy : MSRA-SA-41.fareast.corp.microsoft.com:42313
2015-10-17 15:41:27,668 INFO [AsyncDispatcher event handler] org.apache.hadoop.yarn.util.RackResolver: Resolved MSRA-SA-39.fareast.corp.microsoft.com to /default-rack
2015-10-17 15:41:27,840 INFO [ContainerLauncher #9] org.apache.hadoop.yarn.client.api.impl.ContainerManagementProtocolProxy: Opening proxy : MSRA-SA-39.fareast.corp.microsoft.com:49130
2015-10-17 15:42:39,672 INFO [ContainerLauncher #0] org.apache.hadoop.yarn.client.api.impl.ContainerManagementProtocolProxy: Opening proxy : MSRA-SA-39.fareast.corp.microsoft.com:49130
2015-10-17 15:42:40,141 INFO [AsyncDispatcher event handler] org.apache.hadoop.yarn.util.RackResolver: Resolved MSRA-SA-39.fareast.corp.microsoft.com to /default-rack
2015-10-17 15:42:40,141 INFO [AsyncDispatcher event handler] org.apache.hadoop.yarn.util.RackResolver: Resolved MSRA-SA-41.fareast.corp.microsoft.com to /default-rack
2015-10-17 15:42:41,266 INFO [AsyncDispatcher event handler] org.apache.hadoop.yarn.util.RackResolver: Resolved MSRA-SA-39.fareast.corp.microsoft.com to /default-rack
2015-10-17 15:42:41,266 INFO [ContainerLauncher #1] org.apache.hadoop.yarn.client.api.impl.ContainerManagementProtocolProxy: Opening proxy : MSRA-SA-39.fareast.corp.microsoft.com:49130
2015-10-17 15:42:47,563 INFO [AsyncDispatcher event handler] org.apache.hadoop.yarn.util.RackResolver: Resolved MSRA-SA-41.fareast.corp.microsoft.com to /default-rack
2015-10-17 15:42:47,563 INFO [ContainerLauncher #2] org.apache.hadoop.yarn.client.api.impl.ContainerManagementProtocolProxy: Opening proxy : MSRA-SA-41.fareast.corp.microsoft.com:42313
2015-10-17 15:42:55,173 INFO [AsyncDispatcher event handler] org.apache.hadoop.yarn.util.RackResolver: Resolved MSRA-SA-39.fareast.corp.microsoft.com to /default-rack
2015-10-17 15:42:55,173 INFO [AsyncDispatcher event handler] org.apache.hadoop.yarn.util.RackResolver: Resolved MSRA-SA-41.fareast.corp.microsoft.com to /default-rack
2015-10-17 15:42:56,314 INFO [AsyncDispatcher event handler] org.apache.hadoop.yarn.util.RackResolver: Resolved MSRA-SA-41.fareast.corp.microsoft.com to /default-rack
2015-10-17 15:42:56,314 INFO [ContainerLauncher #4] org.apache.hadoop.yarn.client.api.impl.ContainerManagementProtocolProxy: Opening proxy : MSRA-SA-41.fareast.corp.microsoft.com:42313
2015-10-17 15:43:10,221 INFO [AsyncDispatcher event handler] org.apache.hadoop.yarn.util.RackResolver: Resolved MSRA-SA-39.fareast.corp.microsoft.com to /default-rack
2015-10-17 15:43:10,221 INFO [AsyncDispatcher event handler] org.apache.hadoop.yarn.util.RackResolver: Resolved MSRA-SA-41.fareast.corp.microsoft.com to /default-rack
2015-10-17 15:43:23,456 INFO [ContainerLauncher #3] org.apache.hadoop.yarn.client.api.impl.ContainerManagementProtocolProxy: Opening proxy : MSRA-SA-39.fareast.corp.microsoft.com:49130
2015-10-17 15:43:38,081 INFO [ContainerLauncher #5] org.apache.hadoop.yarn.client.api.impl.ContainerManagementProtocolProxy: Opening proxy : MSRA-SA-39.fareast.corp.microsoft.com:49130
2015-10-17 15:43:38,925 INFO [ContainerLauncher #6] org.apache.hadoop.yarn.client.api.impl.ContainerManagementProtocolProxy: Opening proxy : MSRA-SA-41.fareast.corp.microsoft.com:42313
2015-10-17 15:43:40,660 INFO [AsyncDispatcher event handler] org.apache.hadoop.yarn.util.RackResolver: Resolved MSRA-SA-41.fareast.corp.microsoft.com to /default-rack
2015-10-17 15:43:40,660 INFO [ContainerLauncher #8] org.apache.hadoop.yarn.client.api.impl.ContainerManagementProtocolProxy: Opening proxy : MSRA-SA-41.fareast.corp.microsoft.com:42313
2015-10-17 15:43:42,894 INFO [ContainerLauncher #7] org.apache.hadoop.yarn.client.api.impl.ContainerManagementProtocolProxy: Opening proxy : MSRA-SA-41.fareast.corp.microsoft.com:42313
2015-10-17 15:43:43,097 INFO [ContainerLauncher #9] org.apache.hadoop.yarn.client.api.impl.ContainerManagementProtocolProxy: Opening proxy : MSRA-SA-41.fareast.corp.microsoft.com:42313
2015-10-17 15:43:43,410 INFO [ContainerLauncher #0] org.apache.hadoop.yarn.client.api.impl.ContainerManagementProtocolProxy: Opening proxy : MSRA-SA-41.fareast.corp.microsoft.com:42313
2015-10-17 15:44:16,302 INFO [ContainerLauncher #1] org.apache.hadoop.yarn.client.api.impl.ContainerManagementProtocolProxy: Opening proxy : MSRA-SA-41.fareast.corp.microsoft.com:42313
2015-10-17 15:44:16,411 INFO [ContainerLauncher #2] org.apache.hadoop.yarn.client.api.impl.ContainerManagementProtocolProxy: Opening proxy : MSRA-SA-41.fareast.corp.microsoft.com:42313
2015-10-17 15:45:06,570 INFO [ContainerLauncher #4] org.apache.hadoop.yarn.client.api.impl.ContainerManagementProtocolProxy: Opening proxy : MSRA-SA-39.fareast.corp.microsoft.com:49130
2015-10-17 15:45:06,726 INFO [ContainerLauncher #3] org.apache.hadoop.yarn.client.api.impl.ContainerManagementProtocolProxy: Opening proxy : MININT-75DGDAM1.fareast.corp.microsoft.com:51951
2015-10-17 15:45:54,760 INFO [ContainerLauncher #5] org.apache.hadoop.yarn.client.api.impl.ContainerManagementProtocolProxy: Opening proxy : MSRA-SA-41.fareast.corp.microsoft.com:42313
2015-10-17 15:45:54,963 INFO [ContainerLauncher #6] org.apache.hadoop.yarn.client.api.impl.ContainerManagementProtocolProxy: Opening proxy : MININT-75DGDAM1.fareast.corp.microsoft.com:51951
2015-10-17 15:47:17,062 INFO [ContainerLauncher #8] org.apache.hadoop.yarn.client.api.impl.ContainerManagementProtocolProxy: Opening proxy : MSRA-SA-41.fareast.corp.microsoft.com:42313
2015-10-17 15:38:31,914 INFO [main] org.apache.hadoop.mapred.YarnChild: Executing with tokens:
2015-10-17 15:38:31,914 INFO [main] org.apache.hadoop.mapred.YarnChild: Kind: mapreduce.job, Service: job_1445062781478_0014, Ident: (org.apache.hadoop.mapreduce.security.token.JobTokenIdentifier@7521491b)
2015-10-17 15:38:32,398 INFO [main] org.apache.hadoop.mapred.YarnChild: Sleeping for 0ms before retrying again. Got null now.
2015-10-17 15:38:36,977 INFO [main] org.apache.hadoop.mapred.YarnChild: mapreduce.cluster.local.dir for child: /tmp/hadoop-msrabi/nm-local-dir/usercache/msrabi/appcache/application_1445062781478_0014
2015-10-17 15:38:40,899 INFO [main] org.apache.hadoop.yarn.util.ProcfsBasedProcessTree: ProcfsBasedProcessTree currently is supported only on Linux.
2015-10-17 15:38:32,961 INFO [main] org.apache.hadoop.mapred.YarnChild: Executing with tokens:
2015-10-17 15:38:32,961 INFO [main] org.apache.hadoop.mapred.YarnChild: Kind: mapreduce.job, Service: job_1445062781478_0014, Ident: (org.apache.hadoop.mapreduce.security.token.JobTokenIdentifier@6ace4625)
2015-10-17 15:38:33,695 INFO [main] org.apache.hadoop.mapred.YarnChild: Sleeping for 0ms before retrying again. Got null now.
2015-10-17 15:38:35,883 INFO [main] org.apache.hadoop.mapred.YarnChild: mapreduce.cluster.local.dir for child: /tmp/hadoop-msrabi/nm-local-dir/usercache/msrabi/appcache/application_1445062781478_0014
2015-10-17 15:38:40,586 INFO [main] org.apache.hadoop.yarn.util.ProcfsBasedProcessTree: ProcfsBasedProcessTree currently is supported only on Linux.
2015-10-17 15:40:39,607 INFO [main] org.apache.hadoop.mapred.YarnChild: Executing with tokens:
2015-10-17 15:40:39,608 INFO [main] org.apache.hadoop.mapred.YarnChild: Kind: mapreduce.job, Service: job_1445062781478_0014, Ident: (org.apache.hadoop.mapreduce.security.token.JobTokenIdentifier@231a7808)
2015-10-17 15:40:39,811 INFO [main] org.apache.hadoop.mapred.YarnChild: Sleeping for 0ms before retrying again. Got null now.
2015-10-17 15:40:40,450 INFO [main] org.apache.hadoop.mapred.YarnChild: mapreduce.cluster.local.dir for child: /tmp/hadoop-msrabi/nm-local-dir/usercache/msrabi/appcache/application_1445062781478_0014
2015-10-17 15:40:42,020 INFO [main] org.apache.hadoop.yarn.util.ProcfsBasedProcessTree: ProcfsBasedProcessTree currently is supported only on Linux.
2015-10-17 15:40:56,312 INFO [main] org.apache.hadoop.mapred.YarnChild: Executing with tokens:
2015-10-17 15:40:56,312 INFO [main] org.apache.hadoop.mapred.YarnChild: Kind: mapreduce.job, Service: job_1445062781478_0014, Ident: (org.apache.hadoop.mapreduce.security.token.JobTokenIdentifier@220772bc)
2015-10-17 15:40:56,667 INFO [main] org.apache.hadoop.mapred.YarnChild: Sleeping for 0ms before retrying again. Got null now.
2015-10-17 15:40:57,393 INFO [main] org.apache.hadoop.mapred.YarnChild: mapreduce.cluster.local.dir for child: /tmp/hadoop-msrabi/nm-local-dir/usercache/msrabi/appcache/application_1445062781478_0014
2015-10-17 15:40:59,216 INFO [main] org.apache.hadoop.yarn.util.ProcfsBasedProcessTree: ProcfsBasedProcessTree currently is supported only on Linux.
2015-10-17 15:40:54,506 INFO [main] org.apache.hadoop.mapred.YarnChild: Executing with tokens:
2015-10-17 15:40:54,507 INFO [main] org.apache.hadoop.mapred.YarnChild: Kind: mapreduce.job, Service: job_1445062781478_0014, Ident: (org.apache.hadoop.mapreduce.security.token.JobTokenIdentifier@7748ea9a)
2015-10-17 15:40:54,677 INFO [main] org.apache.hadoop.mapred.YarnChild: Sleeping for 0ms before retrying again. Got null now.
2015-10-17 15:40:55,056 INFO [main] org.apache.hadoop.mapred.YarnChild: mapreduce.cluster.local.dir for child: /tmp/hadoop-msrabi/nm-local-dir/usercache/msrabi/appcache/application_1445062781478_0014
2015-10-17 15:40:56,163 INFO [main] org.apache.hadoop.yarn.util.ProcfsBasedProcessTree: ProcfsBasedProcessTree currently is supported only on Linux.
2015-10-17 15:40:57,105 INFO [main] org.apache.hadoop.mapred.YarnChild: Executing with tokens:
2015-10-17 15:40:57,106 INFO [main] org.apache.hadoop.mapred.YarnChild: Kind: mapreduce.job, Service: job_1445062781478_0014, Ident: (org.apache.hadoop.mapreduce.security.token.JobTokenIdentifier@79e32226)
2015-10-17 15:40:57,430 INFO [main] org.apache.hadoop.mapred.YarnChild: Sleeping for 0ms before retrying again. Got null now.
2015-10-17 15:40:58,077 INFO [main] org.apache.hadoop.mapred.YarnChild: mapreduce.cluster.local.dir for child: /tmp/hadoop-msrabi/nm-local-dir/usercache/msrabi/appcache/application_1445062781478_0014
2015-10-17 15:40:59,451 INFO [main] org.apache.hadoop.yarn.util.ProcfsBasedProcessTree: ProcfsBasedProcessTree currently is supported only on Linux.
2015-10-17 15:40:56,909 INFO [main] org.apache.hadoop.mapred.YarnChild: Executing with tokens:
2015-10-17 15:40:56,909 INFO [main] org.apache.hadoop.mapred.YarnChild: Kind: mapreduce.job, Service: job_1445062781478_0014, Ident: (org.apache.hadoop.mapreduce.security.token.JobTokenIdentifier@1623b78d)
2015-10-17 15:40:57,081 INFO [main] org.apache.hadoop.mapred.YarnChild: Sleeping for 0ms before retrying again. Got null now.
2015-10-17 15:40:57,737 INFO [main] org.apache.hadoop.mapred.YarnChild: mapreduce.cluster.local.dir for child: /tmp/hadoop-msrabi/nm-local-dir/usercache/msrabi/appcache/application_1445062781478_0014
2015-10-17 15:40:59,003 INFO [main] org.apache.hadoop.yarn.util.ProcfsBasedProcessTree: ProcfsBasedProcessTree currently is supported only on Linux.
2015-10-17 15:41:16,695 INFO [main] org.apache.hadoop.mapred.YarnChild: Executing with tokens:
2015-10-17 15:41:16,711 INFO [main] org.apache.hadoop.mapred.YarnChild: Kind: mapreduce.job, Service: job_1445062781478_0014, Ident: (org.apache.hadoop.mapreduce.security.token.JobTokenIdentifier@1623b78d)
2015-10-17 15:41:16,867 INFO [main] org.apache.hadoop.mapred.YarnChild: Sleeping for 0ms before retrying again. Got null now.
2015-10-17 15:41:17,539 INFO [main] org.apache.hadoop.mapred.YarnChild: mapreduce.cluster.local.dir for child: /tmp/hadoop-msrabi/nm-local-dir/usercache/msrabi/appcache/application_1445062781478_0014
2015-10-17 15:41:18,539 INFO [main] org.apache.hadoop.yarn.util.ProcfsBasedProcessTree: ProcfsBasedProcessTree currently is supported only on Linux.
2015-10-17 15:41:15,694 INFO [main] org.apache.hadoop.mapred.YarnChild: Executing with tokens:
2015-10-17 15:41:15,694 INFO [main] org.apache.hadoop.mapred.YarnChild: Kind: mapreduce.job, Service: job_1445062781478_0014, Ident: (org.apache.hadoop.mapreduce.security.token.JobTokenIdentifier@6b7a5e49)
2015-10-17 15:41:15,825 INFO [main] org.apache.hadoop.mapred.YarnChild: Sleeping for 0ms before retrying again. Got null now.
2015-10-17 15:41:19,346 INFO [main] org.apache.hadoop.mapred.YarnChild: mapreduce.cluster.local.dir for child: /tmp/hadoop-msrabi/nm-local-dir/usercache/msrabi/appcache/application_1445062781478_0014
2015-10-17 15:41:20,397 INFO [main] org.apache.hadoop.yarn.util.ProcfsBasedProcessTree: ProcfsBasedProcessTree currently is supported only on Linux.
2015-10-17 15:41:50,871 INFO [main] org.apache.hadoop.mapred.YarnChild: Executing with tokens:
2015-10-17 15:41:50,871 INFO [main] org.apache.hadoop.mapred.YarnChild: Kind: mapreduce.job, Service: job_1445062781478_0014, Ident: (org.apache.hadoop.mapreduce.security.token.JobTokenIdentifier@1623b78d)
2015-10-17 15:41:51,043 INFO [main] org.apache.hadoop.mapred.YarnChild: Sleeping for 0ms before retrying again. Got null now.
2015-10-17 15:41:51,668 INFO [main] org.apache.hadoop.mapred.YarnChild: mapreduce.cluster.local.dir for child: /tmp/hadoop-msrabi/nm-local-dir/usercache/msrabi/appcache/application_1445062781478_0014
2015-10-17 15:41:52,793 INFO [main] org.apache.hadoop.yarn.util.ProcfsBasedProcessTree: ProcfsBasedProcessTree currently is supported only on Linux.
2015-10-17 15:42:44,239 INFO [main] org.apache.hadoop.mapred.YarnChild: Executing with tokens:
2015-10-17 15:42:44,239 INFO [main] org.apache.hadoop.mapred.YarnChild: Kind: mapreduce.job, Service: job_1445062781478_0014, Ident: (org.apache.hadoop.mapreduce.security.token.JobTokenIdentifier@1623b78d)
2015-10-17 15:42:44,380 INFO [main] org.apache.hadoop.mapred.YarnChild: Sleeping for 0ms before retrying again. Got null now.
2015-10-17 15:42:45,208 INFO [main] org.apache.hadoop.mapred.YarnChild: mapreduce.cluster.local.dir for child: /tmp/hadoop-msrabi/nm-local-dir/usercache/msrabi/appcache/application_1445062781478_0014
2015-10-17 15:42:46,427 INFO [main] org.apache.hadoop.yarn.util.ProcfsBasedProcessTree: ProcfsBasedProcessTree currently is supported only on Linux.
2015-10-17 15:42:51,178 INFO [main] org.apache.hadoop.mapred.YarnChild: Executing with tokens:
2015-10-17 15:42:51,178 INFO [main] org.apache.hadoop.mapred.YarnChild: Kind: mapreduce.job, Service: job_1445062781478_0014, Ident: (org.apache.hadoop.mapreduce.security.token.JobTokenIdentifier@666adef3)
2015-10-17 15:42:51,499 INFO [main] org.apache.hadoop.mapred.YarnChild: Sleeping for 0ms before retrying again. Got null now.
2015-10-17 15:42:52,427 INFO [main] org.apache.hadoop.mapred.YarnChild: mapreduce.cluster.local.dir for child: /tmp/hadoop-msrabi/nm-local-dir/usercache/msrabi/appcache/application_1445062781478_0014
2015-10-17 15:42:54,205 INFO [main] org.apache.hadoop.yarn.util.ProcfsBasedProcessTree: ProcfsBasedProcessTree currently is supported only on Linux.
2015-10-17 15:42:59,650 INFO [main] org.apache.hadoop.mapred.YarnChild: Executing with tokens:
2015-10-17 15:42:59,650 INFO [main] org.apache.hadoop.mapred.YarnChild: Kind: mapreduce.job, Service: job_1445062781478_0014, Ident: (org.apache.hadoop.mapreduce.security.token.JobTokenIdentifier@56b87a95)
2015-10-17 15:42:59,961 INFO [main] org.apache.hadoop.mapred.YarnChild: Sleeping for 0ms before retrying again. Got null now.
2015-10-17 15:43:00,648 INFO [main] org.apache.hadoop.mapred.YarnChild: mapreduce.cluster.local.dir for child: /tmp/hadoop-msrabi/nm-local-dir/usercache/msrabi/appcache/application_1445062781478_0014
2015-10-17 15:43:02,894 INFO [main] org.apache.hadoop.yarn.util.ProcfsBasedProcessTree: ProcfsBasedProcessTree currently is supported only on Linux.
2015-10-17 15:43:42,438 INFO [main] org.apache.hadoop.mapred.YarnChild: Executing with tokens:
2015-10-17 15:43:42,438 INFO [main] org.apache.hadoop.mapred.YarnChild: Kind: mapreduce.job, Service: job_1445062781478_0014, Ident: (org.apache.hadoop.mapreduce.security.token.JobTokenIdentifier@231a7808)
2015-10-17 15:43:42,569 INFO [main] org.apache.hadoop.mapred.YarnChild: Sleeping for 0ms before retrying again. Got null now.
2015-10-17 15:43:42,848 INFO [main] org.apache.hadoop.mapred.YarnChild: mapreduce.cluster.local.dir for child: /tmp/hadoop-msrabi/nm-local-dir/usercache/msrabi/appcache/application_1445062781478_0014
2015-10-17 15:43:44,178 INFO [main] org.apache.hadoop.yarn.util.ProcfsBasedProcessTree: ProcfsBasedProcessTree currently is supported only on Linux.
