generating core.310
generating core.2409
generating core.4182
generating core.8153
generating core.7836
generating core.2911
generating core.2921
generating core.122
generating core.1973
ciod: LOGIN chdir(/p/gb2/glosli/8M_5000K/t800) failed: No such file or directory
generating core.4984
generating core.1822
CE sym 28, at 0x110067e0, mask 0x02
1 ddr errors(s) detected and corrected on rank 0, symbol 25, bit 1
CE sym 14, at 0x06047860, mask 0x20
generating core.3265
generating core.2599
generating core.1818
generating core.1694
generating core.3401
generating core.25350
generating core.1820
CE sym 2, at 0x1b85f080, mask 0x02
generating core.254
generating core.1887
CE sym 2, at 0x1b85fe80, mask 0x02
generating core.8280
generating core.12357
data TLB error interrupt
data TLB error interrupt
data TLB error interrupt
data TLB error interrupt
data TLB error interrupt
data TLB error interrupt
data TLB error interrupt
data TLB error interrupt
data TLB error interrupt
data TLB error interrupt
data TLB error interrupt
data TLB error interrupt
data TLB error interrupt
data TLB error interrupt
data TLB error interrupt
data TLB error interrupt
data TLB error interrupt
data TLB error interrupt
data TLB error interrupt
data TLB error interrupt
data TLB error interrupt
data TLB error interrupt
data TLB error interrupt
data TLB error interrupt
data TLB error interrupt
data TLB error interrupt
data TLB error interrupt
data TLB error interrupt
data TLB error interrupt
data TLB error interrupt
data TLB error interrupt
data TLB error interrupt
data TLB error interrupt
data TLB error interrupt
data TLB error interrupt
data TLB error interrupt
data TLB error interrupt
data TLB error interrupt
data TLB error interrupt
data TLB error interrupt
data TLB error interrupt
data TLB error interrupt
data TLB error interrupt
data TLB error interrupt
data TLB error interrupt
data TLB error interrupt
data TLB error interrupt
data TLB error interrupt
data TLB error interrupt
data TLB error interrupt
data TLB error interrupt
data TLB error interrupt
data TLB error interrupt
data TLB error interrupt
data TLB error interrupt
data TLB error interrupt
data TLB error interrupt
data TLB error interrupt
data TLB error interrupt
data TLB error interrupt
CE sym 10, at 0x08d10580, mask 0x08
ciod: Message code 0 is not 51 or 4294967295
data storage interrupt
data storage interrupt
data storage interrupt
data storage interrupt
data storage interrupt
data storage interrupt
data storage interrupt
data storage interrupt
instruction address: 0x00004ed8
instruction address: 0x00004ed8
instruction address: 0x00004ed8
instruction address: 0x00004ed8
instruction address: 0x00004ed8
instruction address: 0x00004ed8
instruction address: 0x00004ed8
generating core.2522
generating core.1711
generating core.2332
generating core.4505
generating core.1521
data storage interrupt
data storage interrupt
data storage interrupt
data storage interrupt
data storage interrupt
data storage interrupt
