- 1150652438 2006.06.18 tbird-sm1 Jun 18 10:40:38 tbird-sm1/tbird-sm1 ib_sm[2591]: [INFO]: Configuration caused by some ports in INIT state
- 1150652438 2006.06.18 tbird-sm1 Jun 18 10:40:38 tbird-sm1/tbird-sm1 ib_sm[2591]: [ib_sm_discovery.c:1149]: Failed discover node test, node 00:05:ad:00:00:02:89:c6, port_num= 24, error code 1
- 1150652438 2006.06.18 tbird-sm1 Jun 18 10:40:38 tbird-sm1/tbird-sm1 ib_sm[2591]: [ib_sm_discovery.c:1149]: Failed discover node test, node 00:05:ad:00:00:02:8b:cd, port_num= 24, error code 1
- 1150652438 2006.06.18 tbird-sm1 Jun 18 10:40:38 tbird-sm1/tbird-sm1 ib_sm[2591]: [ib_sm_discovery.c:475]: Failed to GetNodeInfo() because of NO RESPONSE
- 1150652438 2006.06.18 tbird-sm1 Jun 18 10:40:38 tbird-sm1/tbird-sm1 ib_sm[2591]: [ib_sm_discovery.c:475]: Failed to GetNodeInfo() because of NO RESPONSE
- 1150652438 2006.06.18 tbird-sm1 Jun 18 10:40:38 tbird-sm1/tbird-sm1 ib_sm[2591]: [ib_sm_discovery.c:495]: Failed to GetNodeInfo() - hop_count: 6, direct_path: 0, 1, 1, 7, 2, 6, 24, 0, 0, 0
- 1150652438 2006.06.18 tbird-sm1 Jun 18 10:40:38 tbird-sm1/tbird-sm1 ib_sm[2591]: [ib_sm_discovery.c:495]: Failed to GetNodeInfo() - hop_count: 6, direct_path: 0, 1, 3, 13, 4, 10, 24, 0, 0, 0
- 1150652438 2006.06.18 tbird-sm1 Jun 18 10:40:38 tbird-sm1/tbird-sm1 ib_sm[2591]: [ib_sm_sweep.c:1516]: No topology change
- 1150652450 2006.06.18 tbird-sm1 Jun 18 10:40:50 tbird-sm1/tbird-sm1 ib_sm[2591]: [ib_sm_sweep.c:1914]: ********************** NEW SWEEP ********************
- 1150652452 2006.06.18 tbird-sm1 Jun 18 10:40:52 tbird-sm1/tbird-sm1 ib_sm[2591]: [ib_sm_sweep.c:1320]: Rediscover the subnet
- 1150652452 2006.06.18 tbird-sm1 Jun 18 10:40:52 tbird-sm1/tbird-sm1 ib_sm[2591]: [ib_sm_sweep.c:393]: IB node 00:05:ad:00:00:02:78:82 port 18 is INIT state
- 1150652453 2006.06.18 tbird-sm1 Jun 18 10:40:53 tbird-sm1/tbird-sm1 ib_sm[2591]: [ib_sm_discovery.c:1149]: Failed discover node test, node 00:05:ad:00:00:02:a4:66, port_num= 6, error code 1
- 1150652453 2006.06.18 tbird-sm1 Jun 18 10:40:53 tbird-sm1/tbird-sm1 ib_sm[2591]: [ib_sm_discovery.c:475]: Failed to GetNodeInfo() because of NO RESPONSE
- 1150652453 2006.06.18 tbird-sm1 Jun 18 10:40:53 tbird-sm1/tbird-sm1 ib_sm[2591]: [ib_sm_discovery.c:495]: Failed to GetNodeInfo() - hop_count: 4, direct_path: 0, 1, 1, 7, 6, 0, 0, 0, 0, 0
- 1150652455 2006.06.18 tbird-sm1 Jun 18 10:40:55 tbird-sm1/tbird-sm1 ib_sm[2591]: [ib_sm_discovery.c:1149]: Failed discover node test, node 00:05:ad:00:00:02:89:c2, port_num= 7, error code 1
- 1150652455 2006.06.18 tbird-sm1 Jun 18 10:40:55 tbird-sm1/tbird-sm1 ib_sm[2591]: [ib_sm_discovery.c:1149]: Failed discover node test, node 00:05:ad:00:00:02:89:c6, port_num= 22, error code 1
- 1150652455 2006.06.18 tbird-sm1 Jun 18 10:40:55 tbird-sm1/tbird-sm1 ib_sm[2591]: [ib_sm_discovery.c:1149]: Failed discover node test, node 00:05:ad:00:00:02:8b:cd, port_num= 17, error code 1
- 1150652455 2006.06.18 tbird-sm1 Jun 18 10:40:55 tbird-sm1/tbird-sm1 ib_sm[2591]: [ib_sm_discovery.c:475]: Failed to GetNodeInfo() because of NO RESPONSE
- 1150652455 2006.06.18 tbird-sm1 Jun 18 10:40:55 tbird-sm1/tbird-sm1 ib_sm[2591]: [ib_sm_discovery.c:475]: Failed to GetNodeInfo() because of NO RESPONSE
- 1150652455 2006.06.18 tbird-sm1 Jun 18 10:40:55 tbird-sm1/tbird-sm1 ib_sm[2591]: [ib_sm_discovery.c:475]: Failed to GetNodeInfo() because of NO RESPONSE
- 1150652455 2006.06.18 tbird-sm1 Jun 18 10:40:55 tbird-sm1/tbird-sm1 ib_sm[2591]: [ib_sm_discovery.c:495]: Failed to GetNodeInfo() - hop_count: 6, direct_path: 0, 1, 14, 10, 1, 6, 22, 0, 0, 0
- 1150652455 2006.06.18 tbird-sm1 Jun 18 10:40:55 tbird-sm1/tbird-sm1 ib_sm[2591]: [ib_sm_discovery.c:495]: Failed to GetNodeInfo() - hop_count: 6, direct_path: 0, 1, 2, 13, 4, 10, 17, 0, 0, 0
- 1150652455 2006.06.18 tbird-sm1 Jun 18 10:40:55 tbird-sm1/tbird-sm1 ib_sm[2591]: [ib_sm_discovery.c:495]: Failed to GetNodeInfo() - hop_count: 6, direct_path: 0, 1, 3, 13, 4, 12, 7, 0, 0, 0
- 1150652456 2006.06.18 tbird-sm1 Jun 18 10:40:56 tbird-sm1/tbird-sm1 ib_sm[2591]: [ib_sm_discovery.c:1149]: Failed discover node test, node 00:05:ad:00:00:02:78:82, port_num= 18, error code 1
- 1150652456 2006.06.18 tbird-sm1 Jun 18 10:40:56 tbird-sm1/tbird-sm1 ib_sm[2591]: [ib_sm_discovery.c:1149]: Failed discover node test, node 00:05:ad:00:00:02:89:c6, port_num= 23, error code 1
- 1150652456 2006.06.18 tbird-sm1 Jun 18 10:40:56 tbird-sm1/tbird-sm1 ib_sm[2591]: [ib_sm_discovery.c:1149]: Failed discover node test, node 00:05:ad:00:00:02:8b:cd, port_num= 19, error code 1
- 1150652456 2006.06.18 tbird-sm1 Jun 18 10:40:56 tbird-sm1/tbird-sm1 ib_sm[2591]: [ib_sm_discovery.c:475]: Failed to GetNodeInfo() because of NO RESPONSE
- 1150652456 2006.06.18 tbird-sm1 Jun 18 10:40:56 tbird-sm1/tbird-sm1 ib_sm[2591]: [ib_sm_discovery.c:475]: Failed to GetNodeInfo() because of NO RESPONSE
- 1150652456 2006.06.18 tbird-sm1 Jun 18 10:40:56 tbird-sm1/tbird-sm1 ib_sm[2591]: [ib_sm_discovery.c:475]: Failed to GetNodeInfo() because of NO RESPONSE
- 1150652456 2006.06.18 tbird-sm1 Jun 18 10:40:56 tbird-sm1/tbird-sm1 ib_sm[2591]: [ib_sm_discovery.c:495]: Failed to GetNodeInfo() - hop_count: 6, direct_path: 0, 1, 14, 10, 1, 6, 23, 0, 0, 0
- 1150652456 2006.06.18 tbird-sm1 Jun 18 10:40:56 tbird-sm1/tbird-sm1 ib_sm[2591]: [ib_sm_discovery.c:495]: Failed to GetNodeInfo() - hop_count: 6, direct_path: 0, 1, 2, 13, 22, 11, 18, 0, 0, 0
- 1150652456 2006.06.18 tbird-sm1 Jun 18 10:40:56 tbird-sm1/tbird-sm1 ib_sm[2591]: [ib_sm_discovery.c:495]: Failed to GetNodeInfo() - hop_count: 6, direct_path: 0, 1, 2, 13, 4, 10, 19, 0, 0, 0
- 1150652457 2006.06.18 tbird-sm1 Jun 18 10:40:57 tbird-sm1/tbird-sm1 ib_sm[2591]: [INFO]: Configuration caused by some ports in INIT state
- 1150652457 2006.06.18 tbird-sm1 Jun 18 10:40:57 tbird-sm1/tbird-sm1 ib_sm[2591]: [ib_sm_discovery.c:1149]: Failed discover node test, node 00:05:ad:00:00:02:89:c6, port_num= 24, error code 1
- 1150652457 2006.06.18 tbird-sm1 Jun 18 10:40:57 tbird-sm1/tbird-sm1 ib_sm[2591]: [ib_sm_discovery.c:1149]: Failed discover node test, node 00:05:ad:00:00:02:8b:cd, port_num= 24, error code 1
- 1150652457 2006.06.18 tbird-sm1 Jun 18 10:40:57 tbird-sm1/tbird-sm1 ib_sm[2591]: [ib_sm_discovery.c:475]: Failed to GetNodeInfo() because of NO RESPONSE
- 1150652457 2006.06.18 tbird-sm1 Jun 18 10:40:57 tbird-sm1/tbird-sm1 ib_sm[2591]: [ib_sm_discovery.c:475]: Failed to GetNodeInfo() because of NO RESPONSE
- 1150652457 2006.06.18 tbird-sm1 Jun 18 10:40:57 tbird-sm1/tbird-sm1 ib_sm[2591]: [ib_sm_discovery.c:495]: Failed to GetNodeInfo() - hop_count: 6, direct_path: 0, 1, 14, 10, 1, 6, 24, 0, 0, 0
- 1150652457 2006.06.18 tbird-sm1 Jun 18 10:40:57 tbird-sm1/tbird-sm1 ib_sm[2591]: [ib_sm_discovery.c:495]: Failed to GetNodeInfo() - hop_count: 6, direct_path: 0, 1, 2, 13, 4, 10, 24, 0, 0, 0
- 1150652457 2006.06.18 tbird-sm1 Jun 18 10:40:57 tbird-sm1/tbird-sm1 ib_sm[2591]: [ib_sm_sweep.c:1516]: No topology change
- 1150652469 2006.06.18 tbird-sm1 Jun 18 10:41:09 tbird-sm1/tbird-sm1 ib_sm[2591]: [ib_sm_sweep.c:1914]: ********************** NEW SWEEP ********************
- 1150652471 2006.06.18 tbird-sm1 Jun 18 10:41:11 tbird-sm1/tbird-sm1 ib_sm[2591]: [ib_sm_sweep.c:1320]: Rediscover the subnet
- 1150652471 2006.06.18 tbird-sm1 Jun 18 10:41:11 tbird-sm1/tbird-sm1 ib_sm[2591]: [ib_sm_sweep.c:393]: IB node 00:05:ad:00:00:02:78:82 port 18 is INIT state
- 1150652472 2006.06.18 tbird-sm1 Jun 18 10:41:12 tbird-sm1/tbird-sm1 ib_sm[2591]: [ib_sm_discovery.c:1149]: Failed discover node test, node 00:05:ad:00:00:02:a4:66, port_num= 6, error code 1
- 1150652472 2006.06.18 tbird-sm1 Jun 18 10:41:12 tbird-sm1/tbird-sm1 ib_sm[2591]: [ib_sm_discovery.c:475]: Failed to GetNodeInfo() because of NO RESPONSE
- 1150652472 2006.06.18 tbird-sm1 Jun 18 10:41:12 tbird-sm1/tbird-sm1 ib_sm[2591]: [ib_sm_discovery.c:495]: Failed to GetNodeInfo() - hop_count: 4, direct_path: 0, 1, 1, 7, 6, 0, 0, 0, 0, 0
- 1150652474 2006.06.18 tbird-sm1 Jun 18 10:41:14 tbird-sm1/tbird-sm1 ib_sm[2591]: [ib_sm_discovery.c:1149]: Failed discover node test, node 00:05:ad:00:00:02:89:c2, port_num= 7, error code 1
- 1150652474 2006.06.18 tbird-sm1 Jun 18 10:41:14 tbird-sm1/tbird-sm1 ib_sm[2591]: [ib_sm_discovery.c:1149]: Failed discover node test, node 00:05:ad:00:00:02:89:c6, port_num= 22, error code 1
- 1150652474 2006.06.18 tbird-sm1 Jun 18 10:41:14 tbird-sm1/tbird-sm1 ib_sm[2591]: [ib_sm_discovery.c:1149]: Failed discover node test, node 00:05:ad:00:00:02:8b:cd, port_num= 17, error code 1
- 1150652474 2006.06.18 tbird-sm1 Jun 18 10:41:14 tbird-sm1/tbird-sm1 ib_sm[2591]: [ib_sm_discovery.c:475]: Failed to GetNodeInfo() because of NO RESPONSE
- 1150652474 2006.06.18 tbird-sm1 Jun 18 10:41:14 tbird-sm1/tbird-sm1 ib_sm[2591]: [ib_sm_discovery.c:475]: Failed to GetNodeInfo() because of NO RESPONSE
- 1150652474 2006.06.18 tbird-sm1 Jun 18 10:41:14 tbird-sm1/tbird-sm1 ib_sm[2591]: [ib_sm_discovery.c:475]: Failed to GetNodeInfo() because of NO RESPONSE
- 1150652474 2006.06.18 tbird-sm1 Jun 18 10:41:14 tbird-sm1/tbird-sm1 ib_sm[2591]: [ib_sm_discovery.c:495]: Failed to GetNodeInfo() - hop_count: 6, direct_path: 0, 1, 14, 10, 1, 6, 22, 0, 0, 0
- 1150652474 2006.06.18 tbird-sm1 Jun 18 10:41:14 tbird-sm1/tbird-sm1 ib_sm[2591]: [ib_sm_discovery.c:495]: Failed to GetNodeInfo() - hop_count: 6, direct_path: 0, 1, 2, 13, 4, 10, 17, 0, 0, 0
- 1150652474 2006.06.18 tbird-sm1 Jun 18 10:41:14 tbird-sm1/tbird-sm1 ib_sm[2591]: [ib_sm_discovery.c:495]: Failed to GetNodeInfo() - hop_count: 6, direct_path: 0, 1, 2, 13, 4, 12, 7, 0, 0, 0
- 1150652475 2006.06.18 tbird-sm1 Jun 18 10:41:15 tbird-sm1/tbird-sm1 ib_sm[2591]: [ib_sm_discovery.c:1149]: Failed discover node test, node 00:05:ad:00:00:02:78:82, port_num= 18, error code 1
- 1150652475 2006.06.18 tbird-sm1 Jun 18 10:41:15 tbird-sm1/tbird-sm1 ib_sm[2591]: [ib_sm_discovery.c:1149]: Failed discover node test, node 00:05:ad:00:00:02:89:c6, port_num= 23, error code 1
- 1150652475 2006.06.18 tbird-sm1 Jun 18 10:41:15 tbird-sm1/tbird-sm1 ib_sm[2591]: [ib_sm_discovery.c:1149]: Failed discover node test, node 00:05:ad:00:00:02:8b:cd, port_num= 19, error code 1
- 1150652475 2006.06.18 tbird-sm1 Jun 18 10:41:15 tbird-sm1/tbird-sm1 ib_sm[2591]: [ib_sm_discovery.c:475]: Failed to GetNodeInfo() because of NO RESPONSE
- 1150652475 2006.06.18 tbird-sm1 Jun 18 10:41:15 tbird-sm1/tbird-sm1 ib_sm[2591]: [ib_sm_discovery.c:475]: Failed to GetNodeInfo() because of NO RESPONSE
- 1150652475 2006.06.18 tbird-sm1 Jun 18 10:41:15 tbird-sm1/tbird-sm1 ib_sm[2591]: [ib_sm_discovery.c:475]: Failed to GetNodeInfo() because of NO RESPONSE
- 1150652475 2006.06.18 tbird-sm1 Jun 18 10:41:15 tbird-sm1/tbird-sm1 ib_sm[2591]: [ib_sm_discovery.c:495]: Failed to GetNodeInfo() - hop_count: 6, direct_path: 0, 1, 14, 10, 1, 6, 23, 0, 0, 0
- 1150652475 2006.06.18 tbird-sm1 Jun 18 10:41:15 tbird-sm1/tbird-sm1 ib_sm[2591]: [ib_sm_discovery.c:495]: Failed to GetNodeInfo() - hop_count: 6, direct_path: 0, 1, 2, 13, 22, 11, 18, 0, 0, 0
- 1150652475 2006.06.18 tbird-sm1 Jun 18 10:41:15 tbird-sm1/tbird-sm1 ib_sm[2591]: [ib_sm_discovery.c:495]: Failed to GetNodeInfo() - hop_count: 6, direct_path: 0, 1, 2, 13, 4, 10, 19, 0, 0, 0
- 1150652476 2006.06.18 tbird-sm1 Jun 18 10:41:16 tbird-sm1/tbird-sm1 ib_sm[2591]: [INFO]: Configuration caused by some ports in INIT state
- 1150652476 2006.06.18 tbird-sm1 Jun 18 10:41:16 tbird-sm1/tbird-sm1 ib_sm[2591]: [ib_sm_discovery.c:1149]: Failed discover node test, node 00:05:ad:00:00:02:89:c6, port_num= 24, error code 1
- 1150652476 2006.06.18 tbird-sm1 Jun 18 10:41:16 tbird-sm1/tbird-sm1 ib_sm[2591]: [ib_sm_discovery.c:1149]: Failed discover node test, node 00:05:ad:00:00:02:8b:cd, port_num= 24, error code 1
- 1150652476 2006.06.18 tbird-sm1 Jun 18 10:41:16 tbird-sm1/tbird-sm1 ib_sm[2591]: [ib_sm_discovery.c:475]: Failed to GetNodeInfo() because of NO RESPONSE
- 1150652476 2006.06.18 tbird-sm1 Jun 18 10:41:16 tbird-sm1/tbird-sm1 ib_sm[2591]: [ib_sm_discovery.c:475]: Failed to GetNodeInfo() because of NO RESPONSE
- 1150652476 2006.06.18 tbird-sm1 Jun 18 10:41:16 tbird-sm1/tbird-sm1 ib_sm[2591]: [ib_sm_discovery.c:495]: Failed to GetNodeInfo() - hop_count: 6, direct_path: 0, 1, 14, 10, 1, 6, 24, 0, 0, 0
- 1150652476 2006.06.18 tbird-sm1 Jun 18 10:41:16 tbird-sm1/tbird-sm1 ib_sm[2591]: [ib_sm_discovery.c:495]: Failed to GetNodeInfo() - hop_count: 6, direct_path: 0, 1, 2, 13, 4, 10, 24, 0, 0, 0
- 1150652476 2006.06.18 tbird-sm1 Jun 18 10:41:16 tbird-sm1/tbird-sm1 ib_sm[2591]: [ib_sm_sweep.c:1516]: No topology change
- 1150652488 2006.06.18 tbird-sm1 Jun 18 10:41:28 tbird-sm1/tbird-sm1 ib_sm[2591]: [ib_sm_sweep.c:1914]: ********************** NEW SWEEP ********************
- 1150652490 2006.06.18 tbird-sm1 Jun 18 10:41:30 tbird-sm1/tbird-sm1 ib_sm[2591]: [ib_sm_sweep.c:1320]: Rediscover the subnet
- 1150652490 2006.06.18 tbird-sm1 Jun 18 10:41:30 tbird-sm1/tbird-sm1 ib_sm[2591]: [ib_sm_sweep.c:393]: IB node 00:05:ad:00:00:02:78:82 port 18 is INIT state
- 1150652491 2006.06.18 tbird-sm1 Jun 18 10:41:31 tbird-sm1/tbird-sm1 ib_sm[2591]: [ib_sm_discovery.c:1149]: Failed discover node test, node 00:05:ad:00:00:02:a4:66, port_num= 6, error code 1
- 1150652491 2006.06.18 tbird-sm1 Jun 18 10:41:31 tbird-sm1/tbird-sm1 ib_sm[2591]: [ib_sm_discovery.c:475]: Failed to GetNodeInfo() because of NO RESPONSE
- 1150652491 2006.06.18 tbird-sm1 Jun 18 10:41:31 tbird-sm1/tbird-sm1 ib_sm[2591]: [ib_sm_discovery.c:495]: Failed to GetNodeInfo() - hop_count: 4, direct_path: 0, 1, 1, 7, 6, 0, 0, 0, 0, 0
- 1150652493 2006.06.18 tbird-sm1 Jun 18 10:41:33 tbird-sm1/tbird-sm1 ib_sm[2591]: [ib_sm_discovery.c:1149]: Failed discover node test, node 00:05:ad:00:00:02:89:c2, port_num= 7, error code 1
- 1150652493 2006.06.18 tbird-sm1 Jun 18 10:41:33 tbird-sm1/tbird-sm1 ib_sm[2591]: [ib_sm_discovery.c:1149]: Failed discover node test, node 00:05:ad:00:00:02:89:c6, port_num= 22, error code 1
- 1150652493 2006.06.18 tbird-sm1 Jun 18 10:41:33 tbird-sm1/tbird-sm1 ib_sm[2591]: [ib_sm_discovery.c:1149]: Failed discover node test, node 00:05:ad:00:00:02:8b:cd, port_num= 17, error code 1
- 1150652493 2006.06.18 tbird-sm1 Jun 18 10:41:33 tbird-sm1/tbird-sm1 ib_sm[2591]: [ib_sm_discovery.c:475]: Failed to GetNodeInfo() because of NO RESPONSE
- 1150652493 2006.06.18 tbird-sm1 Jun 18 10:41:33 tbird-sm1/tbird-sm1 ib_sm[2591]: [ib_sm_discovery.c:475]: Failed to GetNodeInfo() because of NO RESPONSE
- 1150652493 2006.06.18 tbird-sm1 Jun 18 10:41:33 tbird-sm1/tbird-sm1 ib_sm[2591]: [ib_sm_discovery.c:475]: Failed to GetNodeInfo() because of NO RESPONSE
- 1150652493 2006.06.18 tbird-sm1 Jun 18 10:41:33 tbird-sm1/tbird-sm1 ib_sm[2591]: [ib_sm_discovery.c:495]: Failed to GetNodeInfo() - hop_count: 6, direct_path: 0, 1, 1, 7, 2, 6, 22, 0, 0, 0
- 1150652493 2006.06.18 tbird-sm1 Jun 18 10:41:33 tbird-sm1/tbird-sm1 ib_sm[2591]: [ib_sm_discovery.c:495]: Failed to GetNodeInfo() - hop_count: 6, direct_path: 0, 1, 2, 13, 4, 10, 17, 0, 0, 0
- 1150652493 2006.06.18 tbird-sm1 Jun 18 10:41:33 tbird-sm1/tbird-sm1 ib_sm[2591]: [ib_sm_discovery.c:495]: Failed to GetNodeInfo() - hop_count: 6, direct_path: 0, 1, 2, 13, 4, 12, 7, 0, 0, 0
- 1150652494 2006.06.18 tbird-sm1 Jun 18 10:41:34 tbird-sm1/tbird-sm1 ib_sm[2591]: [ib_sm_discovery.c:1149]: Failed discover node test, node 00:05:ad:00:00:02:78:82, port_num= 18, error code 1
- 1150652494 2006.06.18 tbird-sm1 Jun 18 10:41:34 tbird-sm1/tbird-sm1 ib_sm[2591]: [ib_sm_discovery.c:1149]: Failed discover node test, node 00:05:ad:00:00:02:89:c6, port_num= 23, error code 1
- 1150652494 2006.06.18 tbird-sm1 Jun 18 10:41:34 tbird-sm1/tbird-sm1 ib_sm[2591]: [ib_sm_discovery.c:1149]: Failed discover node test, node 00:05:ad:00:00:02:8b:cd, port_num= 19, error code 1
- 1150652494 2006.06.18 tbird-sm1 Jun 18 10:41:34 tbird-sm1/tbird-sm1 ib_sm[2591]: [ib_sm_discovery.c:475]: Failed to GetNodeInfo() because of NO RESPONSE
- 1150652494 2006.06.18 tbird-sm1 Jun 18 10:41:34 tbird-sm1/tbird-sm1 ib_sm[2591]: [ib_sm_discovery.c:475]: Failed to GetNodeInfo() because of NO RESPONSE
- 1150652494 2006.06.18 tbird-sm1 Jun 18 10:41:34 tbird-sm1/tbird-sm1 ib_sm[2591]: [ib_sm_discovery.c:475]: Failed to GetNodeInfo() because of NO RESPONSE
- 1150652494 2006.06.18 tbird-sm1 Jun 18 10:41:34 tbird-sm1/tbird-sm1 ib_sm[2591]: [ib_sm_discovery.c:495]: Failed to GetNodeInfo() - hop_count: 6, direct_path: 0, 1, 1, 7, 2, 6, 23, 0, 0, 0
- 1150652494 2006.06.18 tbird-sm1 Jun 18 10:41:34 tbird-sm1/tbird-sm1 ib_sm[2591]: [ib_sm_discovery.c:495]: Failed to GetNodeInfo() - hop_count: 6, direct_path: 0, 1, 2, 13, 22, 11, 18, 0, 0, 0
- 1150652494 2006.06.18 tbird-sm1 Jun 18 10:41:34 tbird-sm1/tbird-sm1 ib_sm[2591]: [ib_sm_discovery.c:495]: Failed to GetNodeInfo() - hop_count: 6, direct_path: 0, 1, 2, 13, 4, 10, 19, 0, 0, 0
- 1150652495 2006.06.18 tbird-sm1 Jun 18 10:41:35 tbird-sm1/tbird-sm1 ib_sm[2591]: [INFO]: Configuration caused by some ports in INIT state
- 1150652495 2006.06.18 tbird-sm1 Jun 18 10:41:35 tbird-sm1/tbird-sm1 ib_sm[2591]: [ib_sm_discovery.c:1149]: Failed discover node test, node 00:05:ad:00:00:02:89:c6, port_num= 24, error code 1
- 1150652495 2006.06.18 tbird-sm1 Jun 18 10:41:35 tbird-sm1/tbird-sm1 ib_sm[2591]: [ib_sm_discovery.c:1149]: Failed discover node test, node 00:05:ad:00:00:02:8b:cd, port_num= 24, error code 1
- 1150652495 2006.06.18 tbird-sm1 Jun 18 10:41:35 tbird-sm1/tbird-sm1 ib_sm[2591]: [ib_sm_discovery.c:475]: Failed to GetNodeInfo() because of NO RESPONSE
- 1150652495 2006.06.18 tbird-sm1 Jun 18 10:41:35 tbird-sm1/tbird-sm1 ib_sm[2591]: [ib_sm_discovery.c:475]: Failed to GetNodeInfo() because of NO RESPONSE
- 1150652495 2006.06.18 tbird-sm1 Jun 18 10:41:35 tbird-sm1/tbird-sm1 ib_sm[2591]: [ib_sm_discovery.c:495]: Failed to GetNodeInfo() - hop_count: 6, direct_path: 0, 1, 1, 7, 2, 6, 24, 0, 0, 0
- 1150652495 2006.06.18 tbird-sm1 Jun 18 10:41:35 tbird-sm1/tbird-sm1 ib_sm[2591]: [ib_sm_discovery.c:495]: Failed to GetNodeInfo() - hop_count: 6, direct_path: 0, 1, 2, 13, 4, 10, 24, 0, 0, 0
- 1150652495 2006.06.18 tbird-sm1 Jun 18 10:41:35 tbird-sm1/tbird-sm1 ib_sm[2591]: [ib_sm_sweep.c:1516]: No topology change
- 1150652496 2006.06.18 tbird-sm2 Jun 18 10:41:36 tbird-sm2/tbird-sm2 last message repeated 16 times
- 1150652507 2006.06.18 tbird-sm1 Jun 18 10:41:47 tbird-sm1/tbird-sm1 ib_sm[2591]: [ib_sm_sweep.c:1914]: ********************** NEW SWEEP ********************
- 1150652509 2006.06.18 tbird-sm1 Jun 18 10:41:49 tbird-sm1/tbird-sm1 ib_sm[2591]: [ib_sm_sweep.c:1320]: Rediscover the subnet
- 1150652509 2006.06.18 tbird-sm1 Jun 18 10:41:49 tbird-sm1/tbird-sm1 ib_sm[2591]: [ib_sm_sweep.c:393]: IB node 00:05:ad:00:00:02:78:82 port 18 is INIT state
- 1150652510 2006.06.18 tbird-sm1 Jun 18 10:41:50 tbird-sm1/tbird-sm1 ib_sm[2591]: [ib_sm_discovery.c:1149]: Failed discover node test, node 00:05:ad:00:00:02:a4:66, port_num= 6, error code 1
- 1150652510 2006.06.18 tbird-sm1 Jun 18 10:41:50 tbird-sm1/tbird-sm1 ib_sm[2591]: [ib_sm_discovery.c:475]: Failed to GetNodeInfo() because of NO RESPONSE
- 1150652510 2006.06.18 tbird-sm1 Jun 18 10:41:50 tbird-sm1/tbird-sm1 ib_sm[2591]: [ib_sm_discovery.c:495]: Failed to GetNodeInfo() - hop_count: 4, direct_path: 0, 1, 1, 7, 6, 0, 0, 0, 0, 0
- 1150652512 2006.06.18 tbird-sm1 Jun 18 10:41:52 tbird-sm1/tbird-sm1 ib_sm[2591]: [ib_sm_discovery.c:1149]: Failed discover node test, node 00:05:ad:00:00:02:89:c2, port_num= 7, error code 1
- 1150652512 2006.06.18 tbird-sm1 Jun 18 10:41:52 tbird-sm1/tbird-sm1 ib_sm[2591]: [ib_sm_discovery.c:1149]: Failed discover node test, node 00:05:ad:00:00:02:89:c6, port_num= 22, error code 1
- 1150652512 2006.06.18 tbird-sm1 Jun 18 10:41:52 tbird-sm1/tbird-sm1 ib_sm[2591]: [ib_sm_discovery.c:1149]: Failed discover node test, node 00:05:ad:00:00:02:8b:cd, port_num= 17, error code 1
- 1150652512 2006.06.18 tbird-sm1 Jun 18 10:41:52 tbird-sm1/tbird-sm1 ib_sm[2591]: [ib_sm_discovery.c:475]: Failed to GetNodeInfo() because of NO RESPONSE
- 1150652512 2006.06.18 tbird-sm1 Jun 18 10:41:52 tbird-sm1/tbird-sm1 ib_sm[2591]: [ib_sm_discovery.c:475]: Failed to GetNodeInfo() because of NO RESPONSE
- 1150652512 2006.06.18 tbird-sm1 Jun 18 10:41:52 tbird-sm1/tbird-sm1 ib_sm[2591]: [ib_sm_discovery.c:475]: Failed to GetNodeInfo() because of NO RESPONSE
- 1150652512 2006.06.18 tbird-sm1 Jun 18 10:41:52 tbird-sm1/tbird-sm1 ib_sm[2591]: [ib_sm_discovery.c:495]: Failed to GetNodeInfo() - hop_count: 6, direct_path: 0, 1, 2, 10, 14, 6, 22, 0, 0, 0
- 1150652512 2006.06.18 tbird-sm1 Jun 18 10:41:52 tbird-sm1/tbird-sm1 ib_sm[2591]: [ib_sm_discovery.c:495]: Failed to GetNodeInfo() - hop_count: 6, direct_path: 0, 1, 2, 13, 4, 10, 17, 0, 0, 0
- 1150652512 2006.06.18 tbird-sm1 Jun 18 10:41:52 tbird-sm1/tbird-sm1 ib_sm[2591]: [ib_sm_discovery.c:495]: Failed to GetNodeInfo() - hop_count: 6, direct_path: 0, 1, 2, 13, 4, 12, 7, 0, 0, 0
- 1150652513 2006.06.18 tbird-sm1 Jun 18 10:41:53 tbird-sm1/tbird-sm1 ib_sm[2591]: [ib_sm_discovery.c:1149]: Failed discover node test, node 00:05:ad:00:00:02:78:82, port_num= 18, error code 1
- 1150652513 2006.06.18 tbird-sm1 Jun 18 10:41:53 tbird-sm1/tbird-sm1 ib_sm[2591]: [ib_sm_discovery.c:1149]: Failed discover node test, node 00:05:ad:00:00:02:89:c6, port_num= 23, error code 1
- 1150652513 2006.06.18 tbird-sm1 Jun 18 10:41:53 tbird-sm1/tbird-sm1 ib_sm[2591]: [ib_sm_discovery.c:1149]: Failed discover node test, node 00:05:ad:00:00:02:8b:cd, port_num= 19, error code 1
- 1150652513 2006.06.18 tbird-sm1 Jun 18 10:41:53 tbird-sm1/tbird-sm1 ib_sm[2591]: [ib_sm_discovery.c:475]: Failed to GetNodeInfo() because of NO RESPONSE
- 1150652513 2006.06.18 tbird-sm1 Jun 18 10:41:53 tbird-sm1/tbird-sm1 ib_sm[2591]: [ib_sm_discovery.c:475]: Failed to GetNodeInfo() because of NO RESPONSE
- 1150652513 2006.06.18 tbird-sm1 Jun 18 10:41:53 tbird-sm1/tbird-sm1 ib_sm[2591]: [ib_sm_discovery.c:475]: Failed to GetNodeInfo() because of NO RESPONSE
- 1150652513 2006.06.18 tbird-sm1 Jun 18 10:41:53 tbird-sm1/tbird-sm1 ib_sm[2591]: [ib_sm_discovery.c:495]: Failed to GetNodeInfo() - hop_count: 6, direct_path: 0, 1, 2, 10, 14, 6, 23, 0, 0, 0
- 1150652513 2006.06.18 tbird-sm1 Jun 18 10:41:53 tbird-sm1/tbird-sm1 ib_sm[2591]: [ib_sm_discovery.c:495]: Failed to GetNodeInfo() - hop_count: 6, direct_path: 0, 1, 2, 13, 22, 11, 18, 0, 0, 0
- 1150652513 2006.06.18 tbird-sm1 Jun 18 10:41:53 tbird-sm1/tbird-sm1 ib_sm[2591]: [ib_sm_discovery.c:495]: Failed to GetNodeInfo() - hop_count: 6, direct_path: 0, 1, 2, 13, 4, 10, 19, 0, 0, 0
- 1150652514 2006.06.18 tbird-sm1 Jun 18 10:41:54 tbird-sm1/tbird-sm1 ib_sm[2591]: [ib_sm_discovery.c:1149]: Failed discover node test, node 00:05:ad:00:00:02:89:c6, port_num= 24, error code 1
- 1150652514 2006.06.18 tbird-sm1 Jun 18 10:41:54 tbird-sm1/tbird-sm1 ib_sm[2591]: [ib_sm_discovery.c:475]: Failed to GetNodeInfo() because of NO RESPONSE
- 1150652514 2006.06.18 tbird-sm1 Jun 18 10:41:54 tbird-sm1/tbird-sm1 ib_sm[2591]: [ib_sm_discovery.c:495]: Failed to GetNodeInfo() - hop_count: 6, direct_path: 0, 1, 2, 10, 14, 6, 24, 0, 0, 0
- 1150652515 2006.06.18 tbird-sm1 Jun 18 10:41:55 tbird-sm1/tbird-sm1 ib_sm[2591]: [INFO]: Configuration caused by some ports in INIT state
- 1150652515 2006.06.18 tbird-sm1 Jun 18 10:41:55 tbird-sm1/tbird-sm1 ib_sm[2591]: [ib_sm_discovery.c:1149]: Failed discover node test, node 00:05:ad:00:00:02:8b:cd, port_num= 24, error code 1
- 1150652515 2006.06.18 tbird-sm1 Jun 18 10:41:55 tbird-sm1/tbird-sm1 ib_sm[2591]: [ib_sm_discovery.c:475]: Failed to GetNodeInfo() because of NO RESPONSE
- 1150652515 2006.06.18 tbird-sm1 Jun 18 10:41:55 tbird-sm1/tbird-sm1 ib_sm[2591]: [ib_sm_discovery.c:495]: Failed to GetNodeInfo() - hop_count: 6, direct_path: 0, 1, 2, 13, 4, 10, 24, 0, 0, 0
- 1150652515 2006.06.18 tbird-sm1 Jun 18 10:41:55 tbird-sm1/tbird-sm1 ib_sm[2591]: [ib_sm_sweep.c:1516]: No topology change
- 1150652526 2006.06.18 tbird-sm1 Jun 18 10:42:06 tbird-sm1/tbird-sm1 ib_sm[2591]: [ib_sm_sweep.c:1914]: ********************** NEW SWEEP ********************
- 1150652528 2006.06.18 tbird-sm1 Jun 18 10:42:08 tbird-sm1/tbird-sm1 ib_sm[2591]: [ib_sm_sweep.c:1320]: Rediscover the subnet
- 1150652528 2006.06.18 tbird-sm1 Jun 18 10:42:08 tbird-sm1/tbird-sm1 ib_sm[2591]: [ib_sm_sweep.c:393]: IB node 00:05:ad:00:00:02:78:82 port 18 is INIT state
- 1150652529 2006.06.18 tbird-sm1 Jun 18 10:42:09 tbird-sm1/tbird-sm1 ib_sm[2591]: [ib_sm_discovery.c:1149]: Failed discover node test, node 00:05:ad:00:00:02:a4:66, port_num= 6, error code 1
- 1150652529 2006.06.18 tbird-sm1 Jun 18 10:42:09 tbird-sm1/tbird-sm1 ib_sm[2591]: [ib_sm_discovery.c:475]: Failed to GetNodeInfo() because of NO RESPONSE
- 1150652529 2006.06.18 tbird-sm1 Jun 18 10:42:09 tbird-sm1/tbird-sm1 ib_sm[2591]: [ib_sm_discovery.c:495]: Failed to GetNodeInfo() - hop_count: 4, direct_path: 0, 1, 1, 7, 6, 0, 0, 0, 0, 0
- 1150652531 2006.06.18 tbird-sm1 Jun 18 10:42:11 tbird-sm1/tbird-sm1 ib_sm[2591]: [ib_sm_discovery.c:1149]: Failed discover node test, node 00:05:ad:00:00:02:89:c2, port_num= 7, error code 1
- 1150652531 2006.06.18 tbird-sm1 Jun 18 10:42:11 tbird-sm1/tbird-sm1 ib_sm[2591]: [ib_sm_discovery.c:1149]: Failed discover node test, node 00:05:ad:00:00:02:89:c6, port_num= 22, error code 1
- 1150652531 2006.06.18 tbird-sm1 Jun 18 10:42:11 tbird-sm1/tbird-sm1 ib_sm[2591]: [ib_sm_discovery.c:1149]: Failed discover node test, node 00:05:ad:00:00:02:8b:cd, port_num= 17, error code 1
- 1150652531 2006.06.18 tbird-sm1 Jun 18 10:42:11 tbird-sm1/tbird-sm1 ib_sm[2591]: [ib_sm_discovery.c:475]: Failed to GetNodeInfo() because of NO RESPONSE
- 1150652531 2006.06.18 tbird-sm1 Jun 18 10:42:11 tbird-sm1/tbird-sm1 ib_sm[2591]: [ib_sm_discovery.c:475]: Failed to GetNodeInfo() because of NO RESPONSE
- 1150652531 2006.06.18 tbird-sm1 Jun 18 10:42:11 tbird-sm1/tbird-sm1 ib_sm[2591]: [ib_sm_discovery.c:475]: Failed to GetNodeInfo() because of NO RESPONSE
- 1150652531 2006.06.18 tbird-sm1 Jun 18 10:42:11 tbird-sm1/tbird-sm1 ib_sm[2591]: [ib_sm_discovery.c:495]: Failed to GetNodeInfo() - hop_count: 6, direct_path: 0, 1, 14, 10, 1, 6, 22, 0, 0, 0
- 1150652531 2006.06.18 tbird-sm1 Jun 18 10:42:11 tbird-sm1/tbird-sm1 ib_sm[2591]: [ib_sm_discovery.c:495]: Failed to GetNodeInfo() - hop_count: 6, direct_path: 0, 1, 3, 13, 4, 10, 17, 0, 0, 0
- 1150652531 2006.06.18 tbird-sm1 Jun 18 10:42:11 tbird-sm1/tbird-sm1 ib_sm[2591]: [ib_sm_discovery.c:495]: Failed to GetNodeInfo() - hop_count: 6, direct_path: 0, 1, 3, 13, 4, 12, 7, 0, 0, 0
- 1150652532 2006.06.18 tbird-sm1 Jun 18 10:42:12 tbird-sm1/tbird-sm1 ib_sm[2591]: [ib_sm_discovery.c:1149]: Failed discover node test, node 00:05:ad:00:00:02:78:82, port_num= 18, error code 1
- 1150652532 2006.06.18 tbird-sm1 Jun 18 10:42:12 tbird-sm1/tbird-sm1 ib_sm[2591]: [ib_sm_discovery.c:1149]: Failed discover node test, node 00:05:ad:00:00:02:89:c6, port_num= 23, error code 1
- 1150652532 2006.06.18 tbird-sm1 Jun 18 10:42:12 tbird-sm1/tbird-sm1 ib_sm[2591]: [ib_sm_discovery.c:1149]: Failed discover node test, node 00:05:ad:00:00:02:8b:cd, port_num= 19, error code 1
- 1150652532 2006.06.18 tbird-sm1 Jun 18 10:42:12 tbird-sm1/tbird-sm1 ib_sm[2591]: [ib_sm_discovery.c:475]: Failed to GetNodeInfo() because of NO RESPONSE
- 1150652532 2006.06.18 tbird-sm1 Jun 18 10:42:12 tbird-sm1/tbird-sm1 ib_sm[2591]: [ib_sm_discovery.c:475]: Failed to GetNodeInfo() because of NO RESPONSE
- 1150652532 2006.06.18 tbird-sm1 Jun 18 10:42:12 tbird-sm1/tbird-sm1 ib_sm[2591]: [ib_sm_discovery.c:475]: Failed to GetNodeInfo() because of NO RESPONSE
- 1150652532 2006.06.18 tbird-sm1 Jun 18 10:42:12 tbird-sm1/tbird-sm1 ib_sm[2591]: [ib_sm_discovery.c:495]: Failed to GetNodeInfo() - hop_count: 6, direct_path: 0, 1, 14, 10, 1, 6, 23, 0, 0, 0
- 1150652532 2006.06.18 tbird-sm1 Jun 18 10:42:12 tbird-sm1/tbird-sm1 ib_sm[2591]: [ib_sm_discovery.c:495]: Failed to GetNodeInfo() - hop_count: 6, direct_path: 0, 1, 3, 13, 22, 11, 18, 0, 0, 0
- 1150652532 2006.06.18 tbird-sm1 Jun 18 10:42:12 tbird-sm1/tbird-sm1 ib_sm[2591]: [ib_sm_discovery.c:495]: Failed to GetNodeInfo() - hop_count: 6, direct_path: 0, 1, 3, 13, 4, 10, 19, 0, 0, 0
- 1150652533 2006.06.18 tbird-sm1 Jun 18 10:42:13 tbird-sm1/tbird-sm1 ib_sm[2591]: [ib_sm_discovery.c:1149]: Failed discover node test, node 00:05:ad:00:00:02:89:c6, port_num= 24, error code 1
- 1150652533 2006.06.18 tbird-sm1 Jun 18 10:42:13 tbird-sm1/tbird-sm1 ib_sm[2591]: [ib_sm_discovery.c:475]: Failed to GetNodeInfo() because of NO RESPONSE
- 1150652533 2006.06.18 tbird-sm1 Jun 18 10:42:13 tbird-sm1/tbird-sm1 ib_sm[2591]: [ib_sm_discovery.c:495]: Failed to GetNodeInfo() - hop_count: 6, direct_path: 0, 1, 14, 10, 1, 6, 24, 0, 0, 0
- 1150652534 2006.06.18 tbird-sm1 Jun 18 10:42:14 tbird-sm1/tbird-sm1 ib_sm[2591]: [INFO]: Configuration caused by some ports in INIT state
- 1150652534 2006.06.18 tbird-sm1 Jun 18 10:42:14 tbird-sm1/tbird-sm1 ib_sm[2591]: [ib_sm_discovery.c:1149]: Failed discover node test, node 00:05:ad:00:00:02:8b:cd, port_num= 24, error code 1
- 1150652534 2006.06.18 tbird-sm1 Jun 18 10:42:14 tbird-sm1/tbird-sm1 ib_sm[2591]: [ib_sm_discovery.c:475]: Failed to GetNodeInfo() because of NO RESPONSE
- 1150652534 2006.06.18 tbird-sm1 Jun 18 10:42:14 tbird-sm1/tbird-sm1 ib_sm[2591]: [ib_sm_discovery.c:495]: Failed to GetNodeInfo() - hop_count: 6, direct_path: 0, 1, 3, 13, 4, 10, 24, 0, 0, 0
- 1150652534 2006.06.18 tbird-sm1 Jun 18 10:42:14 tbird-sm1/tbird-sm1 ib_sm[2591]: [ib_sm_sweep.c:1516]: No topology change
- 1150652545 2006.06.18 tbird-sm1 Jun 18 10:42:25 tbird-sm1/tbird-sm1 ib_sm[2591]: [ib_sm_sweep.c:1914]: ********************** NEW SWEEP ********************
- 1150652547 2006.06.18 tbird-sm1 Jun 18 10:42:27 tbird-sm1/tbird-sm1 ib_sm[2591]: [ib_sm_sweep.c:1320]: Rediscover the subnet
- 1150652547 2006.06.18 tbird-sm1 Jun 18 10:42:27 tbird-sm1/tbird-sm1 ib_sm[2591]: [ib_sm_sweep.c:393]: IB node 00:05:ad:00:00:02:78:82 port 18 is INIT state
- 1150652548 2006.06.18 tbird-sm1 Jun 18 10:42:28 tbird-sm1/tbird-sm1 ib_sm[2591]: [ib_sm_discovery.c:1149]: Failed discover node test, node 00:05:ad:00:00:02:a4:66, port_num= 6, error code 1
- 1150652548 2006.06.18 tbird-sm1 Jun 18 10:42:28 tbird-sm1/tbird-sm1 ib_sm[2591]: [ib_sm_discovery.c:475]: Failed to GetNodeInfo() because of NO RESPONSE
- 1150652548 2006.06.18 tbird-sm1 Jun 18 10:42:28 tbird-sm1/tbird-sm1 ib_sm[2591]: [ib_sm_discovery.c:495]: Failed to GetNodeInfo() - hop_count: 4, direct_path: 0, 1, 1, 7, 6, 0, 0, 0, 0, 0
- 1150652550 2006.06.18 tbird-sm1 Jun 18 10:42:30 tbird-sm1/tbird-sm1 ib_sm[2591]: [ib_sm_discovery.c:1149]: Failed discover node test, node 00:05:ad:00:00:02:89:c2, port_num= 7, error code 1
- 1150652550 2006.06.18 tbird-sm1 Jun 18 10:42:30 tbird-sm1/tbird-sm1 ib_sm[2591]: [ib_sm_discovery.c:1149]: Failed discover node test, node 00:05:ad:00:00:02:89:c6, port_num= 22, error code 1
- 1150652550 2006.06.18 tbird-sm1 Jun 18 10:42:30 tbird-sm1/tbird-sm1 ib_sm[2591]: [ib_sm_discovery.c:1149]: Failed discover node test, node 00:05:ad:00:00:02:8b:cd, port_num= 17, error code 1
- 1150652550 2006.06.18 tbird-sm1 Jun 18 10:42:30 tbird-sm1/tbird-sm1 ib_sm[2591]: [ib_sm_discovery.c:475]: Failed to GetNodeInfo() because of NO RESPONSE
- 1150652550 2006.06.18 tbird-sm1 Jun 18 10:42:30 tbird-sm1/tbird-sm1 ib_sm[2591]: [ib_sm_discovery.c:475]: Failed to GetNodeInfo() because of NO RESPONSE
- 1150652550 2006.06.18 tbird-sm1 Jun 18 10:42:30 tbird-sm1/tbird-sm1 ib_sm[2591]: [ib_sm_discovery.c:475]: Failed to GetNodeInfo() because of NO RESPONSE
- 1150652550 2006.06.18 tbird-sm1 Jun 18 10:42:30 tbird-sm1/tbird-sm1 ib_sm[2591]: [ib_sm_discovery.c:495]: Failed to GetNodeInfo() - hop_count: 6, direct_path: 0, 1, 14, 10, 1, 6, 22, 0, 0, 0
- 1150652550 2006.06.18 tbird-sm1 Jun 18 10:42:30 tbird-sm1/tbird-sm1 ib_sm[2591]: [ib_sm_discovery.c:495]: Failed to GetNodeInfo() - hop_count: 6, direct_path: 0, 1, 2, 13, 4, 10, 17, 0, 0, 0
- 1150652550 2006.06.18 tbird-sm1 Jun 18 10:42:30 tbird-sm1/tbird-sm1 ib_sm[2591]: [ib_sm_discovery.c:495]: Failed to GetNodeInfo() - hop_count: 6, direct_path: 0, 1, 2, 13, 4, 12, 7, 0, 0, 0
- 1150652551 2006.06.18 tbird-sm1 Jun 18 10:42:31 tbird-sm1/tbird-sm1 ib_sm[2591]: [ib_sm_discovery.c:1149]: Failed discover node test, node 00:05:ad:00:00:02:78:82, port_num= 18, error code 1
- 1150652551 2006.06.18 tbird-sm1 Jun 18 10:42:31 tbird-sm1/tbird-sm1 ib_sm[2591]: [ib_sm_discovery.c:1149]: Failed discover node test, node 00:05:ad:00:00:02:89:c6, port_num= 23, error code 1
- 1150652551 2006.06.18 tbird-sm1 Jun 18 10:42:31 tbird-sm1/tbird-sm1 ib_sm[2591]: [ib_sm_discovery.c:1149]: Failed discover node test, node 00:05:ad:00:00:02:8b:cd, port_num= 19, error code 1
- 1150652551 2006.06.18 tbird-sm1 Jun 18 10:42:31 tbird-sm1/tbird-sm1 ib_sm[2591]: [ib_sm_discovery.c:475]: Failed to GetNodeInfo() because of NO RESPONSE
- 1150652551 2006.06.18 tbird-sm1 Jun 18 10:42:31 tbird-sm1/tbird-sm1 ib_sm[2591]: [ib_sm_discovery.c:475]: Failed to GetNodeInfo() because of NO RESPONSE
- 1150652551 2006.06.18 tbird-sm1 Jun 18 10:42:31 tbird-sm1/tbird-sm1 ib_sm[2591]: [ib_sm_discovery.c:475]: Failed to GetNodeInfo() because of NO RESPONSE
- 1150652551 2006.06.18 tbird-sm1 Jun 18 10:42:31 tbird-sm1/tbird-sm1 ib_sm[2591]: [ib_sm_discovery.c:495]: Failed to GetNodeInfo() - hop_count: 6, direct_path: 0, 1, 14, 10, 1, 6, 23, 0, 0, 0
- 1150652551 2006.06.18 tbird-sm1 Jun 18 10:42:31 tbird-sm1/tbird-sm1 ib_sm[2591]: [ib_sm_discovery.c:495]: Failed to GetNodeInfo() - hop_count: 6, direct_path: 0, 1, 2, 13, 22, 11, 18, 0, 0, 0
- 1150652551 2006.06.18 tbird-sm1 Jun 18 10:42:31 tbird-sm1/tbird-sm1 ib_sm[2591]: [ib_sm_discovery.c:495]: Failed to GetNodeInfo() - hop_count: 6, direct_path: 0, 1, 2, 13, 4, 10, 19, 0, 0, 0
- 1150652552 2006.06.18 tbird-sm1 Jun 18 10:42:32 tbird-sm1/tbird-sm1 ib_sm[2591]: [INFO]: Configuration caused by some ports in INIT state
- 1150652552 2006.06.18 tbird-sm1 Jun 18 10:42:32 tbird-sm1/tbird-sm1 ib_sm[2591]: [ib_sm_discovery.c:1149]: Failed discover node test, node 00:05:ad:00:00:02:89:c6, port_num= 24, error code 1
- 1150652552 2006.06.18 tbird-sm1 Jun 18 10:42:32 tbird-sm1/tbird-sm1 ib_sm[2591]: [ib_sm_discovery.c:1149]: Failed discover node test, node 00:05:ad:00:00:02:8b:cd, port_num= 24, error code 1
- 1150652552 2006.06.18 tbird-sm1 Jun 18 10:42:32 tbird-sm1/tbird-sm1 ib_sm[2591]: [ib_sm_discovery.c:475]: Failed to GetNodeInfo() because of NO RESPONSE
- 1150652552 2006.06.18 tbird-sm1 Jun 18 10:42:32 tbird-sm1/tbird-sm1 ib_sm[2591]: [ib_sm_discovery.c:475]: Failed to GetNodeInfo() because of NO RESPONSE
- 1150652552 2006.06.18 tbird-sm1 Jun 18 10:42:32 tbird-sm1/tbird-sm1 ib_sm[2591]: [ib_sm_discovery.c:495]: Failed to GetNodeInfo() - hop_count: 6, direct_path: 0, 1, 14, 10, 1, 6, 24, 0, 0, 0
- 1150652552 2006.06.18 tbird-sm1 Jun 18 10:42:32 tbird-sm1/tbird-sm1 ib_sm[2591]: [ib_sm_discovery.c:495]: Failed to GetNodeInfo() - hop_count: 6, direct_path: 0, 1, 2, 13, 4, 10, 24, 0, 0, 0
- 1150652552 2006.06.18 tbird-sm1 Jun 18 10:42:32 tbird-sm1/tbird-sm1 ib_sm[2591]: [ib_sm_sweep.c:1516]: No topology change
- 1150652560 2006.06.18 tbird-sm2 Jun 18 10:42:40 tbird-sm2/tbird-sm2 last message repeated 16 times
- 1150652564 2006.06.18 tbird-sm1 Jun 18 10:42:44 tbird-sm1/tbird-sm1 ib_sm[2591]: [ib_sm_sweep.c:1914]: ********************** NEW SWEEP ********************
- 1150652566 2006.06.18 tbird-sm1 Jun 18 10:42:46 tbird-sm1/tbird-sm1 ib_sm[2591]: [ib_sm_sweep.c:1320]: Rediscover the subnet
- 1150652566 2006.06.18 tbird-sm1 Jun 18 10:42:46 tbird-sm1/tbird-sm1 ib_sm[2591]: [ib_sm_sweep.c:393]: IB node 00:05:ad:00:00:02:78:82 port 18 is INIT state
- 1150652567 2006.06.18 tbird-sm1 Jun 18 10:42:47 tbird-sm1/tbird-sm1 ib_sm[2591]: [ib_sm_discovery.c:1149]: Failed discover node test, node 00:05:ad:00:00:02:a4:66, port_num= 6, error code 1
- 1150652567 2006.06.18 tbird-sm1 Jun 18 10:42:47 tbird-sm1/tbird-sm1 ib_sm[2591]: [ib_sm_discovery.c:475]: Failed to GetNodeInfo() because of NO RESPONSE
- 1150652567 2006.06.18 tbird-sm1 Jun 18 10:42:47 tbird-sm1/tbird-sm1 ib_sm[2591]: [ib_sm_discovery.c:495]: Failed to GetNodeInfo() - hop_count: 4, direct_path: 0, 1, 1, 7, 6, 0, 0, 0, 0, 0
- 1150652569 2006.06.18 tbird-sm1 Jun 18 10:42:49 tbird-sm1/tbird-sm1 ib_sm[2591]: [ib_sm_discovery.c:1149]: Failed discover node test, node 00:05:ad:00:00:02:89:c2, port_num= 7, error code 1
- 1150652569 2006.06.18 tbird-sm1 Jun 18 10:42:49 tbird-sm1/tbird-sm1 ib_sm[2591]: [ib_sm_discovery.c:1149]: Failed discover node test, node 00:05:ad:00:00:02:89:c6, port_num= 22, error code 1
- 1150652569 2006.06.18 tbird-sm1 Jun 18 10:42:49 tbird-sm1/tbird-sm1 ib_sm[2591]: [ib_sm_discovery.c:1149]: Failed discover node test, node 00:05:ad:00:00:02:8b:cd, port_num= 17, error code 1
- 1150652569 2006.06.18 tbird-sm1 Jun 18 10:42:49 tbird-sm1/tbird-sm1 ib_sm[2591]: [ib_sm_discovery.c:475]: Failed to GetNodeInfo() because of NO RESPONSE
- 1150652569 2006.06.18 tbird-sm1 Jun 18 10:42:49 tbird-sm1/tbird-sm1 ib_sm[2591]: [ib_sm_discovery.c:475]: Failed to GetNodeInfo() because of NO RESPONSE
- 1150652569 2006.06.18 tbird-sm1 Jun 18 10:42:49 tbird-sm1/tbird-sm1 ib_sm[2591]: [ib_sm_discovery.c:475]: Failed to GetNodeInfo() because of NO RESPONSE
- 1150652569 2006.06.18 tbird-sm1 Jun 18 10:42:49 tbird-sm1/tbird-sm1 ib_sm[2591]: [ib_sm_discovery.c:495]: Failed to GetNodeInfo() - hop_count: 6, direct_path: 0, 1, 2, 10, 14, 6, 22, 0, 0, 0
- 1150652569 2006.06.18 tbird-sm1 Jun 18 10:42:49 tbird-sm1/tbird-sm1 ib_sm[2591]: [ib_sm_discovery.c:495]: Failed to GetNodeInfo() - hop_count: 6, direct_path: 0, 1, 2, 13, 4, 10, 17, 0, 0, 0
- 1150652569 2006.06.18 tbird-sm1 Jun 18 10:42:49 tbird-sm1/tbird-sm1 ib_sm[2591]: [ib_sm_discovery.c:495]: Failed to GetNodeInfo() - hop_count: 6, direct_path: 0, 1, 2, 13, 4, 12, 7, 0, 0, 0
- 1150652570 2006.06.18 tbird-sm1 Jun 18 10:42:50 tbird-sm1/tbird-sm1 ib_sm[2591]: [ib_sm_discovery.c:1149]: Failed discover node test, node 00:05:ad:00:00:02:78:82, port_num= 18, error code 1
- 1150652570 2006.06.18 tbird-sm1 Jun 18 10:42:50 tbird-sm1/tbird-sm1 ib_sm[2591]: [ib_sm_discovery.c:1149]: Failed discover node test, node 00:05:ad:00:00:02:89:c6, port_num= 23, error code 1
- 1150652570 2006.06.18 tbird-sm1 Jun 18 10:42:50 tbird-sm1/tbird-sm1 ib_sm[2591]: [ib_sm_discovery.c:1149]: Failed discover node test, node 00:05:ad:00:00:02:8b:cd, port_num= 19, error code 1
- 1150652570 2006.06.18 tbird-sm1 Jun 18 10:42:50 tbird-sm1/tbird-sm1 ib_sm[2591]: [ib_sm_discovery.c:475]: Failed to GetNodeInfo() because of NO RESPONSE
- 1150652570 2006.06.18 tbird-sm1 Jun 18 10:42:50 tbird-sm1/tbird-sm1 ib_sm[2591]: [ib_sm_discovery.c:475]: Failed to GetNodeInfo() because of NO RESPONSE
- 1150652570 2006.06.18 tbird-sm1 Jun 18 10:42:50 tbird-sm1/tbird-sm1 ib_sm[2591]: [ib_sm_discovery.c:475]: Failed to GetNodeInfo() because of NO RESPONSE
- 1150652570 2006.06.18 tbird-sm1 Jun 18 10:42:50 tbird-sm1/tbird-sm1 ib_sm[2591]: [ib_sm_discovery.c:495]: Failed to GetNodeInfo() - hop_count: 6, direct_path: 0, 1, 2, 10, 14, 6, 23, 0, 0, 0
- 1150652570 2006.06.18 tbird-sm1 Jun 18 10:42:50 tbird-sm1/tbird-sm1 ib_sm[2591]: [ib_sm_discovery.c:495]: Failed to GetNodeInfo() - hop_count: 6, direct_path: 0, 1, 2, 13, 22, 11, 18, 0, 0, 0
- 1150652570 2006.06.18 tbird-sm1 Jun 18 10:42:50 tbird-sm1/tbird-sm1 ib_sm[2591]: [ib_sm_discovery.c:495]: Failed to GetNodeInfo() - hop_count: 6, direct_path: 0, 1, 2, 13, 4, 10, 19, 0, 0, 0
- 1150652571 2006.06.18 tbird-sm1 Jun 18 10:42:51 tbird-sm1/tbird-sm1 ib_sm[2591]: [INFO]: Configuration caused by some ports in INIT state
- 1150652571 2006.06.18 tbird-sm1 Jun 18 10:42:51 tbird-sm1/tbird-sm1 ib_sm[2591]: [ib_sm_discovery.c:1149]: Failed discover node test, node 00:05:ad:00:00:02:89:c6, port_num= 24, error code 1
- 1150652571 2006.06.18 tbird-sm1 Jun 18 10:42:51 tbird-sm1/tbird-sm1 ib_sm[2591]: [ib_sm_discovery.c:1149]: Failed discover node test, node 00:05:ad:00:00:02:8b:cd, port_num= 24, error code 1
- 1150652571 2006.06.18 tbird-sm1 Jun 18 10:42:51 tbird-sm1/tbird-sm1 ib_sm[2591]: [ib_sm_discovery.c:475]: Failed to GetNodeInfo() because of NO RESPONSE
- 1150652571 2006.06.18 tbird-sm1 Jun 18 10:42:51 tbird-sm1/tbird-sm1 ib_sm[2591]: [ib_sm_discovery.c:475]: Failed to GetNodeInfo() because of NO RESPONSE
- 1150652571 2006.06.18 tbird-sm1 Jun 18 10:42:51 tbird-sm1/tbird-sm1 ib_sm[2591]: [ib_sm_discovery.c:495]: Failed to GetNodeInfo() - hop_count: 6, direct_path: 0, 1, 2, 10, 14, 6, 24, 0, 0, 0
- 1150652571 2006.06.18 tbird-sm1 Jun 18 10:42:51 tbird-sm1/tbird-sm1 ib_sm[2591]: [ib_sm_discovery.c:495]: Failed to GetNodeInfo() - hop_count: 6, direct_path: 0, 1, 2, 13, 4, 10, 24, 0, 0, 0
- 1150652571 2006.06.18 tbird-sm1 Jun 18 10:42:51 tbird-sm1/tbird-sm1 ib_sm[2591]: [ib_sm_sweep.c:1516]: No topology change
- 1150652583 2006.06.18 tbird-sm1 Jun 18 10:43:03 tbird-sm1/tbird-sm1 ib_sm[2591]: [ib_sm_sweep.c:1914]: ********************** NEW SWEEP ********************
- 1150652585 2006.06.18 tbird-sm1 Jun 18 10:43:05 tbird-sm1/tbird-sm1 ib_sm[2591]: [ib_sm_sweep.c:1320]: Rediscover the subnet
- 1150652585 2006.06.18 tbird-sm1 Jun 18 10:43:05 tbird-sm1/tbird-sm1 ib_sm[2591]: [ib_sm_sweep.c:393]: IB node 00:05:ad:00:00:02:78:82 port 18 is INIT state
- 1150652586 2006.06.18 tbird-sm1 Jun 18 10:43:06 tbird-sm1/tbird-sm1 ib_sm[2591]: [ib_sm_discovery.c:1149]: Failed discover node test, node 00:05:ad:00:00:02:a4:66, port_num= 6, error code 1
- 1150652586 2006.06.18 tbird-sm1 Jun 18 10:43:06 tbird-sm1/tbird-sm1 ib_sm[2591]: [ib_sm_discovery.c:475]: Failed to GetNodeInfo() because of NO RESPONSE
- 1150652586 2006.06.18 tbird-sm1 Jun 18 10:43:06 tbird-sm1/tbird-sm1 ib_sm[2591]: [ib_sm_discovery.c:495]: Failed to GetNodeInfo() - hop_count: 4, direct_path: 0, 1, 1, 7, 6, 0, 0, 0, 0, 0
- 1150652588 2006.06.18 tbird-sm1 Jun 18 10:43:08 tbird-sm1/tbird-sm1 ib_sm[2591]: [ib_sm_discovery.c:1149]: Failed discover node test, node 00:05:ad:00:00:02:89:c2, port_num= 7, error code 1
- 1150652588 2006.06.18 tbird-sm1 Jun 18 10:43:08 tbird-sm1/tbird-sm1 ib_sm[2591]: [ib_sm_discovery.c:1149]: Failed discover node test, node 00:05:ad:00:00:02:89:c6, port_num= 22, error code 1
- 1150652588 2006.06.18 tbird-sm1 Jun 18 10:43:08 tbird-sm1/tbird-sm1 ib_sm[2591]: [ib_sm_discovery.c:1149]: Failed discover node test, node 00:05:ad:00:00:02:8b:cd, port_num= 17, error code 1
- 1150652588 2006.06.18 tbird-sm1 Jun 18 10:43:08 tbird-sm1/tbird-sm1 ib_sm[2591]: [ib_sm_discovery.c:475]: Failed to GetNodeInfo() because of NO RESPONSE
- 1150652588 2006.06.18 tbird-sm1 Jun 18 10:43:08 tbird-sm1/tbird-sm1 ib_sm[2591]: [ib_sm_discovery.c:475]: Failed to GetNodeInfo() because of NO RESPONSE
- 1150652588 2006.06.18 tbird-sm1 Jun 18 10:43:08 tbird-sm1/tbird-sm1 ib_sm[2591]: [ib_sm_discovery.c:475]: Failed to GetNodeInfo() because of NO RESPONSE
- 1150652588 2006.06.18 tbird-sm1 Jun 18 10:43:08 tbird-sm1/tbird-sm1 ib_sm[2591]: [ib_sm_discovery.c:495]: Failed to GetNodeInfo() - hop_count: 6, direct_path: 0, 1, 13, 13, 4, 10, 17, 0, 0, 0
- 1150652588 2006.06.18 tbird-sm1 Jun 18 10:43:08 tbird-sm1/tbird-sm1 ib_sm[2591]: [ib_sm_discovery.c:495]: Failed to GetNodeInfo() - hop_count: 6, direct_path: 0, 1, 13, 13, 4, 12, 7, 0, 0, 0
- 1150652588 2006.06.18 tbird-sm1 Jun 18 10:43:08 tbird-sm1/tbird-sm1 ib_sm[2591]: [ib_sm_discovery.c:495]: Failed to GetNodeInfo() - hop_count: 6, direct_path: 0, 1, 14, 10, 1, 6, 22, 0, 0, 0
- 1150652589 2006.06.18 tbird-sm1 Jun 18 10:43:09 tbird-sm1/tbird-sm1 ib_sm[2591]: [ib_sm_discovery.c:1149]: Failed discover node test, node 00:05:ad:00:00:02:78:82, port_num= 18, error code 1
- 1150652589 2006.06.18 tbird-sm1 Jun 18 10:43:09 tbird-sm1/tbird-sm1 ib_sm[2591]: [ib_sm_discovery.c:1149]: Failed discover node test, node 00:05:ad:00:00:02:89:c6, port_num= 23, error code 1
- 1150652589 2006.06.18 tbird-sm1 Jun 18 10:43:09 tbird-sm1/tbird-sm1 ib_sm[2591]: [ib_sm_discovery.c:1149]: Failed discover node test, node 00:05:ad:00:00:02:8b:cd, port_num= 19, error code 1
- 1150652589 2006.06.18 tbird-sm1 Jun 18 10:43:09 tbird-sm1/tbird-sm1 ib_sm[2591]: [ib_sm_discovery.c:475]: Failed to GetNodeInfo() because of NO RESPONSE
- 1150652589 2006.06.18 tbird-sm1 Jun 18 10:43:09 tbird-sm1/tbird-sm1 ib_sm[2591]: [ib_sm_discovery.c:475]: Failed to GetNodeInfo() because of NO RESPONSE
- 1150652589 2006.06.18 tbird-sm1 Jun 18 10:43:09 tbird-sm1/tbird-sm1 ib_sm[2591]: [ib_sm_discovery.c:475]: Failed to GetNodeInfo() because of NO RESPONSE
- 1150652589 2006.06.18 tbird-sm1 Jun 18 10:43:09 tbird-sm1/tbird-sm1 ib_sm[2591]: [ib_sm_discovery.c:495]: Failed to GetNodeInfo() - hop_count: 6, direct_path: 0, 1, 13, 13, 22, 11, 18, 0, 0, 0
- 1150652589 2006.06.18 tbird-sm1 Jun 18 10:43:09 tbird-sm1/tbird-sm1 ib_sm[2591]: [ib_sm_discovery.c:495]: Failed to GetNodeInfo() - hop_count: 6, direct_path: 0, 1, 13, 13, 4, 10, 19, 0, 0, 0
- 1150652589 2006.06.18 tbird-sm1 Jun 18 10:43:09 tbird-sm1/tbird-sm1 ib_sm[2591]: [ib_sm_discovery.c:495]: Failed to GetNodeInfo() - hop_count: 6, direct_path: 0, 1, 14, 10, 1, 6, 23, 0, 0, 0
- 1150652590 2006.06.18 tbird-sm1 Jun 18 10:43:10 tbird-sm1/tbird-sm1 ib_sm[2591]: [ib_sm_discovery.c:1149]: Failed discover node test, node 00:05:ad:00:00:02:89:c6, port_num= 24, error code 1
- 1150652590 2006.06.18 tbird-sm1 Jun 18 10:43:10 tbird-sm1/tbird-sm1 ib_sm[2591]: [ib_sm_discovery.c:475]: Failed to GetNodeInfo() because of NO RESPONSE
- 1150652590 2006.06.18 tbird-sm1 Jun 18 10:43:10 tbird-sm1/tbird-sm1 ib_sm[2591]: [ib_sm_discovery.c:495]: Failed to GetNodeInfo() - hop_count: 6, direct_path: 0, 1, 14, 10, 1, 6, 24, 0, 0, 0
- 1150652591 2006.06.18 tbird-sm1 Jun 18 10:43:11 tbird-sm1/tbird-sm1 ib_sm[2591]: [INFO]: Configuration caused by some ports in INIT state
- 1150652591 2006.06.18 tbird-sm1 Jun 18 10:43:11 tbird-sm1/tbird-sm1 ib_sm[2591]: [ib_sm_discovery.c:1149]: Failed discover node test, node 00:05:ad:00:00:02:8b:cd, port_num= 24, error code 1
- 1150652591 2006.06.18 tbird-sm1 Jun 18 10:43:11 tbird-sm1/tbird-sm1 ib_sm[2591]: [ib_sm_discovery.c:475]: Failed to GetNodeInfo() because of NO RESPONSE
- 1150652591 2006.06.18 tbird-sm1 Jun 18 10:43:11 tbird-sm1/tbird-sm1 ib_sm[2591]: [ib_sm_discovery.c:495]: Failed to GetNodeInfo() - hop_count: 6, direct_path: 0, 1, 13, 13, 4, 10, 24, 0, 0, 0
- 1150652591 2006.06.18 tbird-sm1 Jun 18 10:43:11 tbird-sm1/tbird-sm1 ib_sm[2591]: [ib_sm_sweep.c:1516]: No topology change
- 1150652602 2006.06.18 tbird-sm1 Jun 18 10:43:22 tbird-sm1/tbird-sm1 ib_sm[2591]: [ib_sm_sweep.c:1914]: ********************** NEW SWEEP ********************
- 1150652604 2006.06.18 tbird-sm1 Jun 18 10:43:24 tbird-sm1/tbird-sm1 ib_sm[2591]: [ib_sm_sweep.c:1320]: Rediscover the subnet
- 1150652604 2006.06.18 tbird-sm1 Jun 18 10:43:24 tbird-sm1/tbird-sm1 ib_sm[2591]: [ib_sm_sweep.c:393]: IB node 00:05:ad:00:00:02:78:82 port 18 is INIT state
- 1150652605 2006.06.18 tbird-sm1 Jun 18 10:43:25 tbird-sm1/tbird-sm1 ib_sm[2591]: [ib_sm_discovery.c:1149]: Failed discover node test, node 00:05:ad:00:00:02:a4:66, port_num= 6, error code 1
- 1150652605 2006.06.18 tbird-sm1 Jun 18 10:43:25 tbird-sm1/tbird-sm1 ib_sm[2591]: [ib_sm_discovery.c:475]: Failed to GetNodeInfo() because of NO RESPONSE
- 1150652605 2006.06.18 tbird-sm1 Jun 18 10:43:25 tbird-sm1/tbird-sm1 ib_sm[2591]: [ib_sm_discovery.c:495]: Failed to GetNodeInfo() - hop_count: 4, direct_path: 0, 1, 1, 7, 6, 0, 0, 0, 0, 0
- 1150652607 2006.06.18 tbird-sm1 Jun 18 10:43:27 tbird-sm1/tbird-sm1 ib_sm[2591]: [ib_sm_discovery.c:1149]: Failed discover node test, node 00:05:ad:00:00:02:89:c2, port_num= 7, error code 1
- 1150652607 2006.06.18 tbird-sm1 Jun 18 10:43:27 tbird-sm1/tbird-sm1 ib_sm[2591]: [ib_sm_discovery.c:1149]: Failed discover node test, node 00:05:ad:00:00:02:89:c6, port_num= 22, error code 1
- 1150652607 2006.06.18 tbird-sm1 Jun 18 10:43:27 tbird-sm1/tbird-sm1 ib_sm[2591]: [ib_sm_discovery.c:1149]: Failed discover node test, node 00:05:ad:00:00:02:8b:cd, port_num= 17, error code 1
- 1150652607 2006.06.18 tbird-sm1 Jun 18 10:43:27 tbird-sm1/tbird-sm1 ib_sm[2591]: [ib_sm_discovery.c:475]: Failed to GetNodeInfo() because of NO RESPONSE
- 1150652607 2006.06.18 tbird-sm1 Jun 18 10:43:27 tbird-sm1/tbird-sm1 ib_sm[2591]: [ib_sm_discovery.c:475]: Failed to GetNodeInfo() because of NO RESPONSE
- 1150652607 2006.06.18 tbird-sm1 Jun 18 10:43:27 tbird-sm1/tbird-sm1 ib_sm[2591]: [ib_sm_discovery.c:475]: Failed to GetNodeInfo() because of NO RESPONSE
- 1150652607 2006.06.18 tbird-sm1 Jun 18 10:43:27 tbird-sm1/tbird-sm1 ib_sm[2591]: [ib_sm_discovery.c:495]: Failed to GetNodeInfo() - hop_count: 6, direct_path: 0, 1, 1, 7, 3, 6, 22, 0, 0, 0
- 1150652607 2006.06.18 tbird-sm1 Jun 18 10:43:27 tbird-sm1/tbird-sm1 ib_sm[2591]: [ib_sm_discovery.c:495]: Failed to GetNodeInfo() - hop_count: 6, direct_path: 0, 1, 3, 13, 4, 10, 17, 0, 0, 0
- 1150652607 2006.06.18 tbird-sm1 Jun 18 10:43:27 tbird-sm1/tbird-sm1 ib_sm[2591]: [ib_sm_discovery.c:495]: Failed to GetNodeInfo() - hop_count: 6, direct_path: 0, 1, 3, 13, 4, 12, 7, 0, 0, 0
- 1150652608 2006.06.18 tbird-sm1 Jun 18 10:43:28 tbird-sm1/tbird-sm1 ib_sm[2591]: [ib_sm_discovery.c:1149]: Failed discover node test, node 00:05:ad:00:00:02:78:82, port_num= 18, error code 1
- 1150652608 2006.06.18 tbird-sm1 Jun 18 10:43:28 tbird-sm1/tbird-sm1 ib_sm[2591]: [ib_sm_discovery.c:1149]: Failed discover node test, node 00:05:ad:00:00:02:89:c6, port_num= 23, error code 1
- 1150652608 2006.06.18 tbird-sm1 Jun 18 10:43:28 tbird-sm1/tbird-sm1 ib_sm[2591]: [ib_sm_discovery.c:1149]: Failed discover node test, node 00:05:ad:00:00:02:8b:cd, port_num= 19, error code 1
- 1150652608 2006.06.18 tbird-sm1 Jun 18 10:43:28 tbird-sm1/tbird-sm1 ib_sm[2591]: [ib_sm_discovery.c:475]: Failed to GetNodeInfo() because of NO RESPONSE
- 1150652608 2006.06.18 tbird-sm1 Jun 18 10:43:28 tbird-sm1/tbird-sm1 ib_sm[2591]: [ib_sm_discovery.c:475]: Failed to GetNodeInfo() because of NO RESPONSE
- 1150652608 2006.06.18 tbird-sm1 Jun 18 10:43:28 tbird-sm1/tbird-sm1 ib_sm[2591]: [ib_sm_discovery.c:475]: Failed to GetNodeInfo() because of NO RESPONSE
- 1150652608 2006.06.18 tbird-sm1 Jun 18 10:43:28 tbird-sm1/tbird-sm1 ib_sm[2591]: [ib_sm_discovery.c:495]: Failed to GetNodeInfo() - hop_count: 6, direct_path: 0, 1, 1, 7, 3, 6, 23, 0, 0, 0
- 1150652608 2006.06.18 tbird-sm1 Jun 18 10:43:28 tbird-sm1/tbird-sm1 ib_sm[2591]: [ib_sm_discovery.c:495]: Failed to GetNodeInfo() - hop_count: 6, direct_path: 0, 1, 3, 13, 22, 11, 18, 0, 0, 0
- 1150652608 2006.06.18 tbird-sm1 Jun 18 10:43:28 tbird-sm1/tbird-sm1 ib_sm[2591]: [ib_sm_discovery.c:495]: Failed to GetNodeInfo() - hop_count: 6, direct_path: 0, 1, 3, 13, 4, 10, 19, 0, 0, 0
- 1150652609 2006.06.18 tbird-sm1 Jun 18 10:43:29 tbird-sm1/tbird-sm1 ib_sm[2591]: [INFO]: Configuration caused by some ports in INIT state
- 1150652609 2006.06.18 tbird-sm1 Jun 18 10:43:29 tbird-sm1/tbird-sm1 ib_sm[2591]: [ib_sm_discovery.c:1149]: Failed discover node test, node 00:05:ad:00:00:02:89:c6, port_num= 24, error code 1
- 1150652609 2006.06.18 tbird-sm1 Jun 18 10:43:29 tbird-sm1/tbird-sm1 ib_sm[2591]: [ib_sm_discovery.c:1149]: Failed discover node test, node 00:05:ad:00:00:02:8b:cd, port_num= 24, error code 1
- 1150652609 2006.06.18 tbird-sm1 Jun 18 10:43:29 tbird-sm1/tbird-sm1 ib_sm[2591]: [ib_sm_discovery.c:475]: Failed to GetNodeInfo() because of NO RESPONSE
- 1150652609 2006.06.18 tbird-sm1 Jun 18 10:43:29 tbird-sm1/tbird-sm1 ib_sm[2591]: [ib_sm_discovery.c:475]: Failed to GetNodeInfo() because of NO RESPONSE
- 1150652609 2006.06.18 tbird-sm1 Jun 18 10:43:29 tbird-sm1/tbird-sm1 ib_sm[2591]: [ib_sm_discovery.c:495]: Failed to GetNodeInfo() - hop_count: 6, direct_path: 0, 1, 1, 7, 3, 6, 24, 0, 0, 0
- 1150652609 2006.06.18 tbird-sm1 Jun 18 10:43:29 tbird-sm1/tbird-sm1 ib_sm[2591]: [ib_sm_discovery.c:495]: Failed to GetNodeInfo() - hop_count: 6, direct_path: 0, 1, 3, 13, 4, 10, 24, 0, 0, 0
- 1150652609 2006.06.18 tbird-sm1 Jun 18 10:43:29 tbird-sm1/tbird-sm1 ib_sm[2591]: [ib_sm_sweep.c:1516]: No topology change
- 1150652621 2006.06.18 tbird-sm1 Jun 18 10:43:41 tbird-sm1/tbird-sm1 ib_sm[2591]: [ib_sm_sweep.c:1914]: ********************** NEW SWEEP ********************
- 1150652623 2006.06.18 tbird-sm1 Jun 18 10:43:43 tbird-sm1/tbird-sm1 ib_sm[2591]: [ib_sm_sweep.c:1320]: Rediscover the subnet
- 1150652623 2006.06.18 tbird-sm1 Jun 18 10:43:43 tbird-sm1/tbird-sm1 ib_sm[2591]: [ib_sm_sweep.c:393]: IB node 00:05:ad:00:00:02:78:82 port 18 is INIT state
- 1150652624 2006.06.18 tbird-sm1 Jun 18 10:43:44 tbird-sm1/tbird-sm1 ib_sm[2591]: [ib_sm_discovery.c:1149]: Failed discover node test, node 00:05:ad:00:00:02:a4:66, port_num= 6, error code 1
- 1150652624 2006.06.18 tbird-sm1 Jun 18 10:43:44 tbird-sm1/tbird-sm1 ib_sm[2591]: [ib_sm_discovery.c:475]: Failed to GetNodeInfo() because of NO RESPONSE
- 1150652624 2006.06.18 tbird-sm1 Jun 18 10:43:44 tbird-sm1/tbird-sm1 ib_sm[2591]: [ib_sm_discovery.c:495]: Failed to GetNodeInfo() - hop_count: 4, direct_path: 0, 1, 1, 7, 6, 0, 0, 0, 0, 0
- 1150652624 2006.06.18 tbird-sm2 Jun 18 10:43:44 tbird-sm2/tbird-sm2 last message repeated 16 times
- 1150652626 2006.06.18 tbird-sm1 Jun 18 10:43:46 tbird-sm1/tbird-sm1 ib_sm[2591]: [ib_sm_discovery.c:1149]: Failed discover node test, node 00:05:ad:00:00:02:89:c2, port_num= 7, error code 1
- 1150652626 2006.06.18 tbird-sm1 Jun 18 10:43:46 tbird-sm1/tbird-sm1 ib_sm[2591]: [ib_sm_discovery.c:1149]: Failed discover node test, node 00:05:ad:00:00:02:89:c6, port_num= 22, error code 1
- 1150652626 2006.06.18 tbird-sm1 Jun 18 10:43:46 tbird-sm1/tbird-sm1 ib_sm[2591]: [ib_sm_discovery.c:1149]: Failed discover node test, node 00:05:ad:00:00:02:8b:cd, port_num= 17, error code 1
- 1150652626 2006.06.18 tbird-sm1 Jun 18 10:43:46 tbird-sm1/tbird-sm1 ib_sm[2591]: [ib_sm_discovery.c:475]: Failed to GetNodeInfo() because of NO RESPONSE
- 1150652626 2006.06.18 tbird-sm1 Jun 18 10:43:46 tbird-sm1/tbird-sm1 ib_sm[2591]: [ib_sm_discovery.c:475]: Failed to GetNodeInfo() because of NO RESPONSE
- 1150652626 2006.06.18 tbird-sm1 Jun 18 10:43:46 tbird-sm1/tbird-sm1 ib_sm[2591]: [ib_sm_discovery.c:475]: Failed to GetNodeInfo() because of NO RESPONSE
- 1150652626 2006.06.18 tbird-sm1 Jun 18 10:43:46 tbird-sm1/tbird-sm1 ib_sm[2591]: [ib_sm_discovery.c:495]: Failed to GetNodeInfo() - hop_count: 6, direct_path: 0, 1, 15, 13, 4, 10, 17, 0, 0, 0
- 1150652626 2006.06.18 tbird-sm1 Jun 18 10:43:46 tbird-sm1/tbird-sm1 ib_sm[2591]: [ib_sm_discovery.c:495]: Failed to GetNodeInfo() - hop_count: 6, direct_path: 0, 1, 15, 13, 4, 12, 7, 0, 0, 0
- 1150652626 2006.06.18 tbird-sm1 Jun 18 10:43:46 tbird-sm1/tbird-sm1 ib_sm[2591]: [ib_sm_discovery.c:495]: Failed to GetNodeInfo() - hop_count: 6, direct_path: 0, 1, 3, 10, 14, 6, 22, 0, 0, 0
- 1150652627 2006.06.18 tbird-sm1 Jun 18 10:43:47 tbird-sm1/tbird-sm1 ib_sm[2591]: [ib_sm_discovery.c:1149]: Failed discover node test, node 00:05:ad:00:00:02:78:82, port_num= 18, error code 1
- 1150652627 2006.06.18 tbird-sm1 Jun 18 10:43:47 tbird-sm1/tbird-sm1 ib_sm[2591]: [ib_sm_discovery.c:1149]: Failed discover node test, node 00:05:ad:00:00:02:89:c6, port_num= 23, error code 1
- 1150652627 2006.06.18 tbird-sm1 Jun 18 10:43:47 tbird-sm1/tbird-sm1 ib_sm[2591]: [ib_sm_discovery.c:1149]: Failed discover node test, node 00:05:ad:00:00:02:8b:cd, port_num= 19, error code 1
- 1150652627 2006.06.18 tbird-sm1 Jun 18 10:43:47 tbird-sm1/tbird-sm1 ib_sm[2591]: [ib_sm_discovery.c:475]: Failed to GetNodeInfo() because of NO RESPONSE
- 1150652627 2006.06.18 tbird-sm1 Jun 18 10:43:47 tbird-sm1/tbird-sm1 ib_sm[2591]: [ib_sm_discovery.c:475]: Failed to GetNodeInfo() because of NO RESPONSE
- 1150652627 2006.06.18 tbird-sm1 Jun 18 10:43:47 tbird-sm1/tbird-sm1 ib_sm[2591]: [ib_sm_discovery.c:475]: Failed to GetNodeInfo() because of NO RESPONSE
- 1150652627 2006.06.18 tbird-sm1 Jun 18 10:43:47 tbird-sm1/tbird-sm1 ib_sm[2591]: [ib_sm_discovery.c:495]: Failed to GetNodeInfo() - hop_count: 6, direct_path: 0, 1, 15, 13, 22, 11, 18, 0, 0, 0
- 1150652627 2006.06.18 tbird-sm1 Jun 18 10:43:47 tbird-sm1/tbird-sm1 ib_sm[2591]: [ib_sm_discovery.c:495]: Failed to GetNodeInfo() - hop_count: 6, direct_path: 0, 1, 15, 13, 4, 10, 19, 0, 0, 0
- 1150652627 2006.06.18 tbird-sm1 Jun 18 10:43:47 tbird-sm1/tbird-sm1 ib_sm[2591]: [ib_sm_discovery.c:495]: Failed to GetNodeInfo() - hop_count: 6, direct_path: 0, 1, 3, 10, 14, 6, 23, 0, 0, 0
- 1150652628 2006.06.18 tbird-sm1 Jun 18 10:43:48 tbird-sm1/tbird-sm1 ib_sm[2591]: [ib_sm_discovery.c:1149]: Failed discover node test, node 00:05:ad:00:00:02:89:c6, port_num= 24, error code 1
- 1150652628 2006.06.18 tbird-sm1 Jun 18 10:43:48 tbird-sm1/tbird-sm1 ib_sm[2591]: [ib_sm_discovery.c:475]: Failed to GetNodeInfo() because of NO RESPONSE
- 1150652628 2006.06.18 tbird-sm1 Jun 18 10:43:48 tbird-sm1/tbird-sm1 ib_sm[2591]: [ib_sm_discovery.c:495]: Failed to GetNodeInfo() - hop_count: 6, direct_path: 0, 1, 3, 10, 14, 6, 24, 0, 0, 0
- 1150652629 2006.06.18 tbird-sm1 Jun 18 10:43:49 tbird-sm1/tbird-sm1 ib_sm[2591]: [INFO]: Configuration caused by some ports in INIT state
- 1150652629 2006.06.18 tbird-sm1 Jun 18 10:43:49 tbird-sm1/tbird-sm1 ib_sm[2591]: [ib_sm_discovery.c:1149]: Failed discover node test, node 00:05:ad:00:00:02:8b:cd, port_num= 24, error code 1
- 1150652629 2006.06.18 tbird-sm1 Jun 18 10:43:49 tbird-sm1/tbird-sm1 ib_sm[2591]: [ib_sm_discovery.c:475]: Failed to GetNodeInfo() because of NO RESPONSE
- 1150652629 2006.06.18 tbird-sm1 Jun 18 10:43:49 tbird-sm1/tbird-sm1 ib_sm[2591]: [ib_sm_discovery.c:495]: Failed to GetNodeInfo() - hop_count: 6, direct_path: 0, 1, 15, 13, 4, 10, 24, 0, 0, 0
- 1150652629 2006.06.18 tbird-sm1 Jun 18 10:43:49 tbird-sm1/tbird-sm1 ib_sm[2591]: [ib_sm_sweep.c:1516]: No topology change
- 1150652640 2006.06.18 tbird-sm1 Jun 18 10:44:00 tbird-sm1/tbird-sm1 ib_sm[2591]: [ib_sm_sweep.c:1914]: ********************** NEW SWEEP ********************
- 1150652642 2006.06.18 tbird-sm1 Jun 18 10:44:02 tbird-sm1/tbird-sm1 ib_sm[2591]: [ib_sm_sweep.c:1320]: Rediscover the subnet
- 1150652642 2006.06.18 tbird-sm1 Jun 18 10:44:02 tbird-sm1/tbird-sm1 ib_sm[2591]: [ib_sm_sweep.c:393]: IB node 00:05:ad:00:00:02:78:82 port 18 is INIT state
- 1150652643 2006.06.18 tbird-sm1 Jun 18 10:44:03 tbird-sm1/tbird-sm1 ib_sm[2591]: [ib_sm_discovery.c:1149]: Failed discover node test, node 00:05:ad:00:00:02:a4:66, port_num= 6, error code 1
- 1150652643 2006.06.18 tbird-sm1 Jun 18 10:44:03 tbird-sm1/tbird-sm1 ib_sm[2591]: [ib_sm_discovery.c:475]: Failed to GetNodeInfo() because of NO RESPONSE
- 1150652643 2006.06.18 tbird-sm1 Jun 18 10:44:03 tbird-sm1/tbird-sm1 ib_sm[2591]: [ib_sm_discovery.c:495]: Failed to GetNodeInfo() - hop_count: 4, direct_path: 0, 1, 1, 7, 6, 0, 0, 0, 0, 0
- 1150652645 2006.06.18 tbird-sm1 Jun 18 10:44:05 tbird-sm1/tbird-sm1 ib_sm[2591]: [ib_sm_discovery.c:1149]: Failed discover node test, node 00:05:ad:00:00:02:89:c2, port_num= 7, error code 1
- 1150652645 2006.06.18 tbird-sm1 Jun 18 10:44:05 tbird-sm1/tbird-sm1 ib_sm[2591]: [ib_sm_discovery.c:1149]: Failed discover node test, node 00:05:ad:00:00:02:89:c6, port_num= 22, error code 1
- 1150652645 2006.06.18 tbird-sm1 Jun 18 10:44:05 tbird-sm1/tbird-sm1 ib_sm[2591]: [ib_sm_discovery.c:1149]: Failed discover node test, node 00:05:ad:00:00:02:8b:cd, port_num= 17, error code 1
- 1150652645 2006.06.18 tbird-sm1 Jun 18 10:44:05 tbird-sm1/tbird-sm1 ib_sm[2591]: [ib_sm_discovery.c:475]: Failed to GetNodeInfo() because of NO RESPONSE
- 1150652645 2006.06.18 tbird-sm1 Jun 18 10:44:05 tbird-sm1/tbird-sm1 ib_sm[2591]: [ib_sm_discovery.c:475]: Failed to GetNodeInfo() because of NO RESPONSE
- 1150652645 2006.06.18 tbird-sm1 Jun 18 10:44:05 tbird-sm1/tbird-sm1 ib_sm[2591]: [ib_sm_discovery.c:475]: Failed to GetNodeInfo() because of NO RESPONSE
- 1150652645 2006.06.18 tbird-sm1 Jun 18 10:44:05 tbird-sm1/tbird-sm1 ib_sm[2591]: [ib_sm_discovery.c:495]: Failed to GetNodeInfo() - hop_count: 6, direct_path: 0, 1, 14, 10, 13, 6, 22, 0, 0, 0
- 1150652645 2006.06.18 tbird-sm1 Jun 18 10:44:05 tbird-sm1/tbird-sm1 ib_sm[2591]: [ib_sm_discovery.c:495]: Failed to GetNodeInfo() - hop_count: 6, direct_path: 0, 1, 2, 13, 4, 10, 17, 0, 0, 0
- 1150652645 2006.06.18 tbird-sm1 Jun 18 10:44:05 tbird-sm1/tbird-sm1 ib_sm[2591]: [ib_sm_discovery.c:495]: Failed to GetNodeInfo() - hop_count: 6, direct_path: 0, 1, 2, 13, 4, 12, 7, 0, 0, 0
- 1150652646 2006.06.18 tbird-sm1 Jun 18 10:44:06 tbird-sm1/tbird-sm1 ib_sm[2591]: [ib_sm_discovery.c:1149]: Failed discover node test, node 00:05:ad:00:00:02:78:82, port_num= 18, error code 1
- 1150652646 2006.06.18 tbird-sm1 Jun 18 10:44:06 tbird-sm1/tbird-sm1 ib_sm[2591]: [ib_sm_discovery.c:1149]: Failed discover node test, node 00:05:ad:00:00:02:89:c6, port_num= 23, error code 1
- 1150652646 2006.06.18 tbird-sm1 Jun 18 10:44:06 tbird-sm1/tbird-sm1 ib_sm[2591]: [ib_sm_discovery.c:1149]: Failed discover node test, node 00:05:ad:00:00:02:8b:cd, port_num= 19, error code 1
- 1150652646 2006.06.18 tbird-sm1 Jun 18 10:44:06 tbird-sm1/tbird-sm1 ib_sm[2591]: [ib_sm_discovery.c:475]: Failed to GetNodeInfo() because of NO RESPONSE
- 1150652646 2006.06.18 tbird-sm1 Jun 18 10:44:06 tbird-sm1/tbird-sm1 ib_sm[2591]: [ib_sm_discovery.c:475]: Failed to GetNodeInfo() because of NO RESPONSE
- 1150652646 2006.06.18 tbird-sm1 Jun 18 10:44:06 tbird-sm1/tbird-sm1 ib_sm[2591]: [ib_sm_discovery.c:475]: Failed to GetNodeInfo() because of NO RESPONSE
- 1150652646 2006.06.18 tbird-sm1 Jun 18 10:44:06 tbird-sm1/tbird-sm1 ib_sm[2591]: [ib_sm_discovery.c:495]: Failed to GetNodeInfo() - hop_count: 6, direct_path: 0, 1, 14, 10, 13, 6, 23, 0, 0, 0
- 1150652646 2006.06.18 tbird-sm1 Jun 18 10:44:06 tbird-sm1/tbird-sm1 ib_sm[2591]: [ib_sm_discovery.c:495]: Failed to GetNodeInfo() - hop_count: 6, direct_path: 0, 1, 2, 13, 22, 11, 18, 0, 0, 0
- 1150652646 2006.06.18 tbird-sm1 Jun 18 10:44:06 tbird-sm1/tbird-sm1 ib_sm[2591]: [ib_sm_discovery.c:495]: Failed to GetNodeInfo() - hop_count: 6, direct_path: 0, 1, 2, 13, 4, 10, 19, 0, 0, 0
- 1150652647 2006.06.18 tbird-sm1 Jun 18 10:44:07 tbird-sm1/tbird-sm1 ib_sm[2591]: [ib_sm_discovery.c:1149]: Failed discover node test, node 00:05:ad:00:00:02:89:c6, port_num= 24, error code 1
- 1150652647 2006.06.18 tbird-sm1 Jun 18 10:44:07 tbird-sm1/tbird-sm1 ib_sm[2591]: [ib_sm_discovery.c:475]: Failed to GetNodeInfo() because of NO RESPONSE
- 1150652647 2006.06.18 tbird-sm1 Jun 18 10:44:07 tbird-sm1/tbird-sm1 ib_sm[2591]: [ib_sm_discovery.c:475]: Failed to GetNodeInfo() because of NO RESPONSE
- 1150652647 2006.06.18 tbird-sm1 Jun 18 10:44:07 tbird-sm1/tbird-sm1 ib_sm[2591]: [ib_sm_discovery.c:495]: Failed to GetNodeInfo() - hop_count: 6, direct_path: 0, 1, 14, 10, 13, 6, 24, 0, 0, 0
- 1150652647 2006.06.18 tbird-sm1 Jun 18 10:44:07 tbird-sm1/tbird-sm1 ib_sm[2591]: [ib_sm_discovery.c:495]: Failed to GetNodeInfo() - hop_count: 6, direct_path: 0, 1, 2, 13, 4, 10, 24, 0, 0, 0
- 1150652648 2006.06.18 tbird-sm1 Jun 18 10:44:08 tbird-sm1/tbird-sm1 ib_sm[2591]: [INFO]: Configuration caused by some ports in INIT state
- 1150652648 2006.06.18 tbird-sm1 Jun 18 10:44:08 tbird-sm1/tbird-sm1 ib_sm[2591]: [ib_sm_discovery.c:1149]: Failed discover node test, node 00:05:ad:00:00:02:8b:cd, port_num= 24, error code 1
- 1150652648 2006.06.18 tbird-sm1 Jun 18 10:44:08 tbird-sm1/tbird-sm1 ib_sm[2591]: [ib_sm_sweep.c:1516]: No topology change
- 1150652659 2006.06.18 tbird-sm1 Jun 18 10:44:19 tbird-sm1/tbird-sm1 ib_sm[2591]: [ib_sm_sweep.c:1914]: ********************** NEW SWEEP ********************
- 1150652661 2006.06.18 tbird-sm1 Jun 18 10:44:21 tbird-sm1/tbird-sm1 ib_sm[2591]: [ib_sm_sweep.c:1320]: Rediscover the subnet
- 1150652661 2006.06.18 tbird-sm1 Jun 18 10:44:21 tbird-sm1/tbird-sm1 ib_sm[2591]: [ib_sm_sweep.c:393]: IB node 00:05:ad:00:00:02:78:82 port 18 is INIT state
- 1150652662 2006.06.18 tbird-sm1 Jun 18 10:44:22 tbird-sm1/tbird-sm1 ib_sm[2591]: [ib_sm_discovery.c:1149]: Failed discover node test, node 00:05:ad:00:00:02:a4:66, port_num= 6, error code 1
- 1150652662 2006.06.18 tbird-sm1 Jun 18 10:44:22 tbird-sm1/tbird-sm1 ib_sm[2591]: [ib_sm_discovery.c:475]: Failed to GetNodeInfo() because of NO RESPONSE
- 1150652662 2006.06.18 tbird-sm1 Jun 18 10:44:22 tbird-sm1/tbird-sm1 ib_sm[2591]: [ib_sm_discovery.c:495]: Failed to GetNodeInfo() - hop_count: 4, direct_path: 0, 1, 1, 7, 6, 0, 0, 0, 0, 0
- 1150652664 2006.06.18 tbird-sm1 Jun 18 10:44:24 tbird-sm1/tbird-sm1 ib_sm[2591]: [ib_sm_discovery.c:1149]: Failed discover node test, node 00:05:ad:00:00:02:89:c2, port_num= 7, error code 1
- 1150652664 2006.06.18 tbird-sm1 Jun 18 10:44:24 tbird-sm1/tbird-sm1 ib_sm[2591]: [ib_sm_discovery.c:1149]: Failed discover node test, node 00:05:ad:00:00:02:89:c6, port_num= 22, error code 1
- 1150652664 2006.06.18 tbird-sm1 Jun 18 10:44:24 tbird-sm1/tbird-sm1 ib_sm[2591]: [ib_sm_discovery.c:1149]: Failed discover node test, node 00:05:ad:00:00:02:8b:cd, port_num= 17, error code 1
- 1150652664 2006.06.18 tbird-sm1 Jun 18 10:44:24 tbird-sm1/tbird-sm1 ib_sm[2591]: [ib_sm_discovery.c:475]: Failed to GetNodeInfo() because of NO RESPONSE
- 1150652664 2006.06.18 tbird-sm1 Jun 18 10:44:24 tbird-sm1/tbird-sm1 ib_sm[2591]: [ib_sm_discovery.c:475]: Failed to GetNodeInfo() because of NO RESPONSE
- 1150652664 2006.06.18 tbird-sm1 Jun 18 10:44:24 tbird-sm1/tbird-sm1 ib_sm[2591]: [ib_sm_discovery.c:475]: Failed to GetNodeInfo() because of NO RESPONSE
- 1150652664 2006.06.18 tbird-sm1 Jun 18 10:44:24 tbird-sm1/tbird-sm1 ib_sm[2591]: [ib_sm_discovery.c:495]: Failed to GetNodeInfo() - hop_count: 6, direct_path: 0, 1, 1, 7, 2, 6, 22, 0, 0, 0
- 1150652664 2006.06.18 tbird-sm1 Jun 18 10:44:24 tbird-sm1/tbird-sm1 ib_sm[2591]: [ib_sm_discovery.c:495]: Failed to GetNodeInfo() - hop_count: 6, direct_path: 0, 1, 2, 13, 4, 10, 17, 0, 0, 0
- 1150652664 2006.06.18 tbird-sm1 Jun 18 10:44:24 tbird-sm1/tbird-sm1 ib_sm[2591]: [ib_sm_discovery.c:495]: Failed to GetNodeInfo() - hop_count: 6, direct_path: 0, 1, 2, 13, 4, 12, 7, 0, 0, 0
- 1150652665 2006.06.18 tbird-sm1 Jun 18 10:44:25 tbird-sm1/tbird-sm1 ib_sm[2591]: [ib_sm_discovery.c:1149]: Failed discover node test, node 00:05:ad:00:00:02:78:82, port_num= 18, error code 1
- 1150652665 2006.06.18 tbird-sm1 Jun 18 10:44:25 tbird-sm1/tbird-sm1 ib_sm[2591]: [ib_sm_discovery.c:1149]: Failed discover node test, node 00:05:ad:00:00:02:89:c6, port_num= 23, error code 1
- 1150652665 2006.06.18 tbird-sm1 Jun 18 10:44:25 tbird-sm1/tbird-sm1 ib_sm[2591]: [ib_sm_discovery.c:1149]: Failed discover node test, node 00:05:ad:00:00:02:8b:cd, port_num= 19, error code 1
- 1150652665 2006.06.18 tbird-sm1 Jun 18 10:44:25 tbird-sm1/tbird-sm1 ib_sm[2591]: [ib_sm_discovery.c:475]: Failed to GetNodeInfo() because of NO RESPONSE
- 1150652665 2006.06.18 tbird-sm1 Jun 18 10:44:25 tbird-sm1/tbird-sm1 ib_sm[2591]: [ib_sm_discovery.c:475]: Failed to GetNodeInfo() because of NO RESPONSE
- 1150652665 2006.06.18 tbird-sm1 Jun 18 10:44:25 tbird-sm1/tbird-sm1 ib_sm[2591]: [ib_sm_discovery.c:475]: Failed to GetNodeInfo() because of NO RESPONSE
- 1150652665 2006.06.18 tbird-sm1 Jun 18 10:44:25 tbird-sm1/tbird-sm1 ib_sm[2591]: [ib_sm_discovery.c:495]: Failed to GetNodeInfo() - hop_count: 6, direct_path: 0, 1, 1, 7, 2, 6, 23, 0, 0, 0
- 1150652665 2006.06.18 tbird-sm1 Jun 18 10:44:25 tbird-sm1/tbird-sm1 ib_sm[2591]: [ib_sm_discovery.c:495]: Failed to GetNodeInfo() - hop_count: 6, direct_path: 0, 1, 2, 13, 22, 11, 18, 0, 0, 0
- 1150652665 2006.06.18 tbird-sm1 Jun 18 10:44:25 tbird-sm1/tbird-sm1 ib_sm[2591]: [ib_sm_discovery.c:495]: Failed to GetNodeInfo() - hop_count: 6, direct_path: 0, 1, 2, 13, 4, 10, 19, 0, 0, 0
- 1150652666 2006.06.18 tbird-sm1 Jun 18 10:44:26 tbird-sm1/tbird-sm1 ib_sm[2591]: [ib_sm_discovery.c:1149]: Failed discover node test, node 00:05:ad:00:00:02:89:c6, port_num= 24, error code 1
- 1150652666 2006.06.18 tbird-sm1 Jun 18 10:44:26 tbird-sm1/tbird-sm1 ib_sm[2591]: [ib_sm_discovery.c:475]: Failed to GetNodeInfo() because of NO RESPONSE
- 1150652666 2006.06.18 tbird-sm1 Jun 18 10:44:26 tbird-sm1/tbird-sm1 ib_sm[2591]: [ib_sm_discovery.c:495]: Failed to GetNodeInfo() - hop_count: 6, direct_path: 0, 1, 1, 7, 2, 6, 24, 0, 0, 0
- 1150652667 2006.06.18 tbird-sm1 Jun 18 10:44:27 tbird-sm1/tbird-sm1 ib_sm[2591]: [INFO]: Configuration caused by some ports in INIT state
- 1150652667 2006.06.18 tbird-sm1 Jun 18 10:44:27 tbird-sm1/tbird-sm1 ib_sm[2591]: [ib_sm_discovery.c:1149]: Failed discover node test, node 00:05:ad:00:00:02:8b:cd, port_num= 24, error code 1
- 1150652667 2006.06.18 tbird-sm1 Jun 18 10:44:27 tbird-sm1/tbird-sm1 ib_sm[2591]: [ib_sm_discovery.c:475]: Failed to GetNodeInfo() because of NO RESPONSE
- 1150652667 2006.06.18 tbird-sm1 Jun 18 10:44:27 tbird-sm1/tbird-sm1 ib_sm[2591]: [ib_sm_discovery.c:495]: Failed to GetNodeInfo() - hop_count: 6, direct_path: 0, 1, 2, 13, 4, 10, 24, 0, 0, 0
- 1150652667 2006.06.18 tbird-sm1 Jun 18 10:44:27 tbird-sm1/tbird-sm1 ib_sm[2591]: [ib_sm_sweep.c:1516]: No topology change
- 1150652678 2006.06.18 tbird-sm1 Jun 18 10:44:38 tbird-sm1/tbird-sm1 ib_sm[2591]: [ib_sm_sweep.c:1914]: ********************** NEW SWEEP ********************
- 1150652680 2006.06.18 tbird-sm1 Jun 18 10:44:40 tbird-sm1/tbird-sm1 ib_sm[2591]: [ib_sm_sweep.c:1320]: Rediscover the subnet
- 1150652680 2006.06.18 tbird-sm1 Jun 18 10:44:40 tbird-sm1/tbird-sm1 ib_sm[2591]: [ib_sm_sweep.c:393]: IB node 00:05:ad:00:00:02:78:82 port 18 is INIT state
- 1150652681 2006.06.18 tbird-sm1 Jun 18 10:44:41 tbird-sm1/tbird-sm1 ib_sm[2591]: [ib_sm_discovery.c:1149]: Failed discover node test, node 00:05:ad:00:00:02:a4:66, port_num= 6, error code 1
- 1150652681 2006.06.18 tbird-sm1 Jun 18 10:44:41 tbird-sm1/tbird-sm1 ib_sm[2591]: [ib_sm_discovery.c:475]: Failed to GetNodeInfo() because of NO RESPONSE
- 1150652681 2006.06.18 tbird-sm1 Jun 18 10:44:41 tbird-sm1/tbird-sm1 ib_sm[2591]: [ib_sm_discovery.c:495]: Failed to GetNodeInfo() - hop_count: 4, direct_path: 0, 1, 1, 7, 6, 0, 0, 0, 0, 0
- 1150652682 2006.06.18 tbird-sm1 Jun 18 10:44:42 tbird-sm1/tbird-sm1 modprobe: modprobe: Can't locate module binfmt-464c
- 1150652683 2006.06.18 tbird-sm1 Jun 18 10:44:43 tbird-sm1/tbird-sm1 ib_sm[2591]: [ib_sm_discovery.c:1149]: Failed discover node test, node 00:05:ad:00:00:02:89:c2, port_num= 7, error code 1
- 1150652683 2006.06.18 tbird-sm1 Jun 18 10:44:43 tbird-sm1/tbird-sm1 ib_sm[2591]: [ib_sm_discovery.c:1149]: Failed discover node test, node 00:05:ad:00:00:02:89:c6, port_num= 22, error code 1
- 1150652683 2006.06.18 tbird-sm1 Jun 18 10:44:43 tbird-sm1/tbird-sm1 ib_sm[2591]: [ib_sm_discovery.c:1149]: Failed discover node test, node 00:05:ad:00:00:02:8b:cd, port_num= 17, error code 1
- 1150652683 2006.06.18 tbird-sm1 Jun 18 10:44:43 tbird-sm1/tbird-sm1 ib_sm[2591]: [ib_sm_discovery.c:475]: Failed to GetNodeInfo() because of NO RESPONSE
- 1150652683 2006.06.18 tbird-sm1 Jun 18 10:44:43 tbird-sm1/tbird-sm1 ib_sm[2591]: [ib_sm_discovery.c:475]: Failed to GetNodeInfo() because of NO RESPONSE
- 1150652683 2006.06.18 tbird-sm1 Jun 18 10:44:43 tbird-sm1/tbird-sm1 ib_sm[2591]: [ib_sm_discovery.c:475]: Failed to GetNodeInfo() because of NO RESPONSE
- 1150652683 2006.06.18 tbird-sm1 Jun 18 10:44:43 tbird-sm1/tbird-sm1 ib_sm[2591]: [ib_sm_discovery.c:495]: Failed to GetNodeInfo() - hop_count: 6, direct_path: 0, 1, 3, 10, 14, 6, 22, 0, 0, 0
- 1150652683 2006.06.18 tbird-sm1 Jun 18 10:44:43 tbird-sm1/tbird-sm1 ib_sm[2591]: [ib_sm_discovery.c:495]: Failed to GetNodeInfo() - hop_count: 6, direct_path: 0, 1, 3, 13, 4, 10, 17, 0, 0, 0
- 1150652683 2006.06.18 tbird-sm1 Jun 18 10:44:43 tbird-sm1/tbird-sm1 ib_sm[2591]: [ib_sm_discovery.c:495]: Failed to GetNodeInfo() - hop_count: 6, direct_path: 0, 1, 3, 13, 4, 12, 7, 0, 0, 0
- 1150652683 2006.06.18 tbird-sm1 Jun 18 10:44:43 tbird-sm1/tbird-sm1 modprobe: modprobe: Can't locate module binfmt-464c
- 1150652684 2006.06.18 tbird-sm1 Jun 18 10:44:44 tbird-sm1/tbird-sm1 ib_sm[2591]: [ib_sm_discovery.c:1149]: Failed discover node test, node 00:05:ad:00:00:02:78:82, port_num= 18, error code 1
- 1150652684 2006.06.18 tbird-sm1 Jun 18 10:44:44 tbird-sm1/tbird-sm1 ib_sm[2591]: [ib_sm_discovery.c:1149]: Failed discover node test, node 00:05:ad:00:00:02:89:c6, port_num= 23, error code 1
- 1150652684 2006.06.18 tbird-sm1 Jun 18 10:44:44 tbird-sm1/tbird-sm1 ib_sm[2591]: [ib_sm_discovery.c:1149]: Failed discover node test, node 00:05:ad:00:00:02:8b:cd, port_num= 19, error code 1
- 1150652684 2006.06.18 tbird-sm1 Jun 18 10:44:44 tbird-sm1/tbird-sm1 ib_sm[2591]: [ib_sm_discovery.c:475]: Failed to GetNodeInfo() because of NO RESPONSE
- 1150652684 2006.06.18 tbird-sm1 Jun 18 10:44:44 tbird-sm1/tbird-sm1 ib_sm[2591]: [ib_sm_discovery.c:475]: Failed to GetNodeInfo() because of NO RESPONSE
- 1150652684 2006.06.18 tbird-sm1 Jun 18 10:44:44 tbird-sm1/tbird-sm1 ib_sm[2591]: [ib_sm_discovery.c:475]: Failed to GetNodeInfo() because of NO RESPONSE
- 1150652684 2006.06.18 tbird-sm1 Jun 18 10:44:44 tbird-sm1/tbird-sm1 ib_sm[2591]: [ib_sm_discovery.c:495]: Failed to GetNodeInfo() - hop_count: 6, direct_path: 0, 1, 3, 10, 14, 6, 23, 0, 0, 0
- 1150652684 2006.06.18 tbird-sm1 Jun 18 10:44:44 tbird-sm1/tbird-sm1 ib_sm[2591]: [ib_sm_discovery.c:495]: Failed to GetNodeInfo() - hop_count: 6, direct_path: 0, 1, 3, 13, 22, 11, 18, 0, 0, 0
- 1150652684 2006.06.18 tbird-sm1 Jun 18 10:44:44 tbird-sm1/tbird-sm1 ib_sm[2591]: [ib_sm_discovery.c:495]: Failed to GetNodeInfo() - hop_count: 6, direct_path: 0, 1, 3, 13, 4, 10, 19, 0, 0, 0
- 1150652685 2006.06.18 tbird-sm1 Jun 18 10:44:45 tbird-sm1/tbird-sm1 ib_sm[2591]: [ib_sm_discovery.c:1149]: Failed discover node test, node 00:05:ad:00:00:02:89:c6, port_num= 24, error code 1
- 1150652685 2006.06.18 tbird-sm1 Jun 18 10:44:45 tbird-sm1/tbird-sm1 ib_sm[2591]: [ib_sm_discovery.c:475]: Failed to GetNodeInfo() because of NO RESPONSE
- 1150652685 2006.06.18 tbird-sm1 Jun 18 10:44:45 tbird-sm1/tbird-sm1 ib_sm[2591]: [ib_sm_discovery.c:495]: Failed to GetNodeInfo() - hop_count: 6, direct_path: 0, 1, 3, 10, 14, 6, 24, 0, 0, 0
- 1150652686 2006.06.18 tbird-sm1 Jun 18 10:44:46 tbird-sm1/tbird-sm1 ib_sm[2591]: [INFO]: Configuration caused by some ports in INIT state
- 1150652686 2006.06.18 tbird-sm1 Jun 18 10:44:46 tbird-sm1/tbird-sm1 ib_sm[2591]: [ib_sm_discovery.c:1149]: Failed discover node test, node 00:05:ad:00:00:02:8b:cd, port_num= 24, error code 1
- 1150652686 2006.06.18 tbird-sm1 Jun 18 10:44:46 tbird-sm1/tbird-sm1 ib_sm[2591]: [ib_sm_discovery.c:475]: Failed to GetNodeInfo() because of NO RESPONSE
- 1150652686 2006.06.18 tbird-sm1 Jun 18 10:44:46 tbird-sm1/tbird-sm1 ib_sm[2591]: [ib_sm_discovery.c:495]: Failed to GetNodeInfo() - hop_count: 6, direct_path: 0, 1, 3, 13, 4, 10, 24, 0, 0, 0
- 1150652686 2006.06.18 tbird-sm1 Jun 18 10:44:46 tbird-sm1/tbird-sm1 ib_sm[2591]: [ib_sm_sweep.c:1516]: No topology change
- 1150652688 2006.06.18 tbird-sm2 Jun 18 10:44:48 tbird-sm2/tbird-sm2 last message repeated 16 times
- 1150652697 2006.06.18 tbird-sm1 Jun 18 10:44:57 tbird-sm1/tbird-sm1 ib_sm[2591]: [ib_sm_sweep.c:1914]: ********************** NEW SWEEP ********************
- 1150652699 2006.06.18 tbird-sm1 Jun 18 10:44:59 tbird-sm1/tbird-sm1 ib_sm[2591]: [ib_sm_sweep.c:1320]: Rediscover the subnet
- 1150652699 2006.06.18 tbird-sm1 Jun 18 10:44:59 tbird-sm1/tbird-sm1 ib_sm[2591]: [ib_sm_sweep.c:393]: IB node 00:05:ad:00:00:02:78:82 port 18 is INIT state
- 1150652700 2006.06.18 tbird-sm1 Jun 18 10:45:00 tbird-sm1/tbird-sm1 ib_sm[2591]: [ib_sm_discovery.c:1149]: Failed discover node test, node 00:05:ad:00:00:02:a4:66, port_num= 6, error code 1
- 1150652700 2006.06.18 tbird-sm1 Jun 18 10:45:00 tbird-sm1/tbird-sm1 ib_sm[2591]: [ib_sm_discovery.c:475]: Failed to GetNodeInfo() because of NO RESPONSE
- 1150652700 2006.06.18 tbird-sm1 Jun 18 10:45:00 tbird-sm1/tbird-sm1 ib_sm[2591]: [ib_sm_discovery.c:495]: Failed to GetNodeInfo() - hop_count: 4, direct_path: 0, 1, 1, 7, 6, 0, 0, 0, 0, 0
- 1150652702 2006.06.18 tbird-sm1 Jun 18 10:45:02 tbird-sm1/tbird-sm1 ib_sm[2591]: [ib_sm_discovery.c:1149]: Failed discover node test, node 00:05:ad:00:00:02:89:c2, port_num= 7, error code 1
- 1150652702 2006.06.18 tbird-sm1 Jun 18 10:45:02 tbird-sm1/tbird-sm1 ib_sm[2591]: [ib_sm_discovery.c:1149]: Failed discover node test, node 00:05:ad:00:00:02:89:c6, port_num= 22, error code 1
- 1150652702 2006.06.18 tbird-sm1 Jun 18 10:45:02 tbird-sm1/tbird-sm1 ib_sm[2591]: [ib_sm_discovery.c:1149]: Failed discover node test, node 00:05:ad:00:00:02:8b:cd, port_num= 17, error code 1
- 1150652702 2006.06.18 tbird-sm1 Jun 18 10:45:02 tbird-sm1/tbird-sm1 ib_sm[2591]: [ib_sm_discovery.c:475]: Failed to GetNodeInfo() because of NO RESPONSE
- 1150652702 2006.06.18 tbird-sm1 Jun 18 10:45:02 tbird-sm1/tbird-sm1 ib_sm[2591]: [ib_sm_discovery.c:475]: Failed to GetNodeInfo() because of NO RESPONSE
- 1150652702 2006.06.18 tbird-sm1 Jun 18 10:45:02 tbird-sm1/tbird-sm1 ib_sm[2591]: [ib_sm_discovery.c:475]: Failed to GetNodeInfo() because of NO RESPONSE
- 1150652702 2006.06.18 tbird-sm1 Jun 18 10:45:02 tbird-sm1/tbird-sm1 ib_sm[2591]: [ib_sm_discovery.c:495]: Failed to GetNodeInfo() - hop_count: 6, direct_path: 0, 1, 14, 10, 1, 6, 22, 0, 0, 0
- 1150652702 2006.06.18 tbird-sm1 Jun 18 10:45:02 tbird-sm1/tbird-sm1 ib_sm[2591]: [ib_sm_discovery.c:495]: Failed to GetNodeInfo() - hop_count: 6, direct_path: 0, 1, 3, 13, 4, 10, 17, 0, 0, 0
- 1150652702 2006.06.18 tbird-sm1 Jun 18 10:45:02 tbird-sm1/tbird-sm1 ib_sm[2591]: [ib_sm_discovery.c:495]: Failed to GetNodeInfo() - hop_count: 6, direct_path: 0, 1, 3, 13, 4, 12, 7, 0, 0, 0
- 1150652703 2006.06.18 tbird-sm1 Jun 18 10:45:03 tbird-sm1/tbird-sm1 ib_sm[2591]: [ib_sm_discovery.c:1149]: Failed discover node test, node 00:05:ad:00:00:02:78:82, port_num= 18, error code 1
- 1150652703 2006.06.18 tbird-sm1 Jun 18 10:45:03 tbird-sm1/tbird-sm1 ib_sm[2591]: [ib_sm_discovery.c:1149]: Failed discover node test, node 00:05:ad:00:00:02:89:c6, port_num= 23, error code 1
- 1150652703 2006.06.18 tbird-sm1 Jun 18 10:45:03 tbird-sm1/tbird-sm1 ib_sm[2591]: [ib_sm_discovery.c:1149]: Failed discover node test, node 00:05:ad:00:00:02:8b:cd, port_num= 19, error code 1
- 1150652703 2006.06.18 tbird-sm1 Jun 18 10:45:03 tbird-sm1/tbird-sm1 ib_sm[2591]: [ib_sm_discovery.c:475]: Failed to GetNodeInfo() because of NO RESPONSE
- 1150652703 2006.06.18 tbird-sm1 Jun 18 10:45:03 tbird-sm1/tbird-sm1 ib_sm[2591]: [ib_sm_discovery.c:475]: Failed to GetNodeInfo() because of NO RESPONSE
- 1150652703 2006.06.18 tbird-sm1 Jun 18 10:45:03 tbird-sm1/tbird-sm1 ib_sm[2591]: [ib_sm_discovery.c:475]: Failed to GetNodeInfo() because of NO RESPONSE
- 1150652703 2006.06.18 tbird-sm1 Jun 18 10:45:03 tbird-sm1/tbird-sm1 ib_sm[2591]: [ib_sm_discovery.c:495]: Failed to GetNodeInfo() - hop_count: 6, direct_path: 0, 1, 14, 10, 1, 6, 23, 0, 0, 0
- 1150652703 2006.06.18 tbird-sm1 Jun 18 10:45:03 tbird-sm1/tbird-sm1 ib_sm[2591]: [ib_sm_discovery.c:495]: Failed to GetNodeInfo() - hop_count: 6, direct_path: 0, 1, 3, 13, 22, 11, 18, 0, 0, 0
- 1150652703 2006.06.18 tbird-sm1 Jun 18 10:45:03 tbird-sm1/tbird-sm1 ib_sm[2591]: [ib_sm_discovery.c:495]: Failed to GetNodeInfo() - hop_count: 6, direct_path: 0, 1, 3, 13, 4, 10, 19, 0, 0, 0
- 1150652704 2006.06.18 tbird-sm1 Jun 18 10:45:04 tbird-sm1/tbird-sm1 ib_sm[2591]: [ib_sm_discovery.c:1149]: Failed discover node test, node 00:05:ad:00:00:02:89:c6, port_num= 24, error code 1
- 1150652704 2006.06.18 tbird-sm1 Jun 18 10:45:04 tbird-sm1/tbird-sm1 ib_sm[2591]: [ib_sm_discovery.c:475]: Failed to GetNodeInfo() because of NO RESPONSE
- 1150652704 2006.06.18 tbird-sm1 Jun 18 10:45:04 tbird-sm1/tbird-sm1 ib_sm[2591]: [ib_sm_discovery.c:495]: Failed to GetNodeInfo() - hop_count: 6, direct_path: 0, 1, 14, 10, 1, 6, 24, 0, 0, 0
- 1150652705 2006.06.18 tbird-sm1 Jun 18 10:45:05 tbird-sm1/tbird-sm1 ib_sm[2591]: [INFO]: Configuration caused by some ports in INIT state
- 1150652705 2006.06.18 tbird-sm1 Jun 18 10:45:05 tbird-sm1/tbird-sm1 ib_sm[2591]: [ib_sm_discovery.c:1149]: Failed discover node test, node 00:05:ad:00:00:02:8b:cd, port_num= 24, error code 1
- 1150652705 2006.06.18 tbird-sm1 Jun 18 10:45:05 tbird-sm1/tbird-sm1 ib_sm[2591]: [ib_sm_discovery.c:475]: Failed to GetNodeInfo() because of NO RESPONSE
- 1150652705 2006.06.18 tbird-sm1 Jun 18 10:45:05 tbird-sm1/tbird-sm1 ib_sm[2591]: [ib_sm_discovery.c:495]: Failed to GetNodeInfo() - hop_count: 6, direct_path: 0, 1, 3, 13, 4, 10, 24, 0, 0, 0
- 1150652705 2006.06.18 tbird-sm1 Jun 18 10:45:05 tbird-sm1/tbird-sm1 ib_sm[2591]: [ib_sm_sweep.c:1516]: No topology change
- 1150652716 2006.06.18 tbird-sm1 Jun 18 10:45:16 tbird-sm1/tbird-sm1 ib_sm[2591]: [ib_sm_sweep.c:1914]: ********************** NEW SWEEP ********************
- 1150652718 2006.06.18 tbird-sm1 Jun 18 10:45:18 tbird-sm1/tbird-sm1 ib_sm[2591]: [ib_sm_sweep.c:1320]: Rediscover the subnet
- 1150652718 2006.06.18 tbird-sm1 Jun 18 10:45:18 tbird-sm1/tbird-sm1 ib_sm[2591]: [ib_sm_sweep.c:393]: IB node 00:05:ad:00:00:02:78:82 port 18 is INIT state
- 1150652719 2006.06.18 tbird-sm1 Jun 18 10:45:19 tbird-sm1/tbird-sm1 ib_sm[2591]: [ib_sm_discovery.c:1149]: Failed discover node test, node 00:05:ad:00:00:02:a4:66, port_num= 6, error code 1
- 1150652719 2006.06.18 tbird-sm1 Jun 18 10:45:19 tbird-sm1/tbird-sm1 ib_sm[2591]: [ib_sm_discovery.c:475]: Failed to GetNodeInfo() because of NO RESPONSE
- 1150652719 2006.06.18 tbird-sm1 Jun 18 10:45:19 tbird-sm1/tbird-sm1 ib_sm[2591]: [ib_sm_discovery.c:495]: Failed to GetNodeInfo() - hop_count: 4, direct_path: 0, 1, 1, 7, 6, 0, 0, 0, 0, 0
