2015-10-17 15:37:57,784 INFO [main] org.apache.hadoop.yarn.event.AsyncDispatcher: Registering class org.apache.hadoop.mapreduce.jobhistory.EventType for class org.apache.hadoop.mapreduce.jobhistory.JobHistoryEventHandler
2015-10-17 15:37:57,787 INFO [main] org.apache.hadoop.yarn.event.AsyncDispatcher: Registering class org.apache.hadoop.mapreduce.v2.app.job.event.JobEventType for class org.apache.hadoop.mapreduce.v2.app.MRAppMaster$JobEventDispatcher
2015-10-17 15:37:57,789 INFO [main] org.apache.hadoop.yarn.event.AsyncDispatcher: Registering class org.apache.hadoop.mapreduce.v2.app.job.event.TaskEventType for class org.apache.hadoop.mapreduce.v2.app.MRAppMaster$TaskEventDispatcher
2015-10-17 15:37:57,792 INFO [main] org.apache.hadoop.yarn.event.AsyncDispatcher: Registering class org.apache.hadoop.mapreduce.v2.app.job.event.TaskAttemptEventType for class org.apache.hadoop.mapreduce.v2.app.MRAppMaster$TaskAttemptEventDispatcher
2015-10-17 15:37:57,793 INFO [main] org.apache.hadoop.yarn.event.AsyncDispatcher: Registering class org.apache.hadoop.mapreduce.v2.app.commit.CommitterEventType for class org.apache.hadoop.mapreduce.v2.app.commit.CommitterEventHandler
2015-10-17 15:37:57,808 INFO [main] org.apache.hadoop.yarn.event.AsyncDispatcher: Registering class org.apache.hadoop.mapreduce.v2.app.speculate.Speculator$EventType for class org.apache.hadoop.mapreduce.v2.app.MRAppMaster$SpeculatorEventDispatcher
2015-10-17 15:37:57,809 INFO [main] org.apache.hadoop.yarn.event.AsyncDispatcher: Registering class org.apache.hadoop.mapreduce.v2.app.rm.ContainerAllocator$EventType for class org.apache.hadoop.mapreduce.v2.app.MRAppMaster$ContainerAllocatorRouter
2015-10-17 15:37:57,812 INFO [main] org.apache.hadoop.yarn.event.AsyncDispatcher: Registering class org.apache.hadoop.mapreduce.v2.app.launcher.ContainerLauncher$EventType for class org.apache.hadoop.mapreduce.v2.app.MRAppMaster$ContainerLauncherRouter
2015-10-17 15:37:58,131 INFO [main] org.apache.hadoop.yarn.event.AsyncDispatcher: Registering class org.apache.hadoop.mapreduce.v2.app.job.event.JobFinishEvent$Type for class org.apache.hadoop.mapreduce.v2.app.MRAppMaster$JobFinishEventHandler
2015-10-17 15:37:58,630 INFO [main] org.apache.hadoop.yarn.factories.impl.pb.RpcServerFactoryPBImpl: Adding protocol org.apache.hadoop.mapreduce.v2.api.MRClientProtocolPB to the server
2015-10-17 15:37:58,926 INFO [main] org.apache.hadoop.yarn.webapp.WebApps: Web app /mapreduce started at 47462
2015-10-17 15:37:59,314 INFO [main] org.apache.hadoop.yarn.webapp.WebApps: Registered webapp guice modules
2015-10-17 15:37:59,405 INFO [main] org.apache.hadoop.yarn.client.RMProxy: Connecting to ResourceManager at MSRA-SA-41/10.190.173.170:8030
2015-10-17 15:37:59,466 INFO [main] org.apache.hadoop.yarn.client.api.impl.ContainerManagementProtocolProxy: yarn.client.max-cached-nodemanagers-proxies : 0
2015-10-17 15:37:59,495 INFO [AsyncDispatcher event handler] org.apache.hadoop.yarn.util.RackResolver: Resolved MSRA-SA-39.fareast.corp.microsoft.com to /default-rack
2015-10-17 15:37:59,495 INFO [AsyncDispatcher event handler] org.apache.hadoop.yarn.util.RackResolver: Resolved MSRA-SA-41.fareast.corp.microsoft.com to /default-rack
2015-10-17 15:37:59,498 INFO [AsyncDispatcher event handler] org.apache.hadoop.yarn.util.RackResolver: Resolved MSRA-SA-39.fareast.corp.microsoft.com to /default-rack
2015-10-17 15:37:59,498 INFO [AsyncDispatcher event handler] org.apache.hadoop.yarn.util.RackResolver: Resolved MSRA-SA-41.fareast.corp.microsoft.com to /default-rack
2015-10-17 15:37:59,498 INFO [AsyncDispatcher event handler] org.apache.hadoop.yarn.util.RackResolver: Resolved MSRA-SA-39.fareast.corp.microsoft.com to /default-rack
2015-10-17 15:37:59,498 INFO [AsyncDispatcher event handler] org.apache.hadoop.yarn.util.RackResolver: Resolved MSRA-SA-41.fareast.corp.microsoft.com to /default-rack
2015-10-17 15:37:59,499 INFO [AsyncDispatcher event handler] org.apache.hadoop.yarn.util.RackResolver: Resolved MSRA-SA-39.fareast.corp.microsoft.com to /default-rack
2015-10-17 15:37:59,499 INFO [AsyncDispatcher event handler] org.apache.hadoop.yarn.util.RackResolver: Resolved MSRA-SA-41.fareast.corp.microsoft.com to /default-rack
2015-10-17 15:37:59,499 INFO [AsyncDispatcher event handler] org.apache.hadoop.yarn.util.RackResolver: Resolved MSRA-SA-39.fareast.corp.microsoft.com to /default-rack
2015-10-17 15:37:59,499 INFO [AsyncDispatcher event handler] org.apache.hadoop.yarn.util.RackResolver: Resolved MSRA-SA-41.fareast.corp.microsoft.com to /default-rack
2015-10-17 15:37:59,499 INFO [AsyncDispatcher event handler] org.apache.hadoop.yarn.util.RackResolver: Resolved MSRA-SA-39.fareast.corp.microsoft.com to /default-rack
2015-10-17 15:37:59,499 INFO [AsyncDispatcher event handler] org.apache.hadoop.yarn.util.RackResolver: Resolved MSRA-SA-41.fareast.corp.microsoft.com to /default-rack
2015-10-17 15:37:59,500 INFO [AsyncDispatcher event handler] org.apache.hadoop.yarn.util.RackResolver: Resolved MSRA-SA-39.fareast.corp.microsoft.com to /default-rack
2015-10-17 15:37:59,500 INFO [AsyncDispatcher event handler] org.apache.hadoop.yarn.util.RackResolver: Resolved MSRA-SA-41.fareast.corp.microsoft.com to /default-rack
2015-10-17 15:37:59,500 INFO [AsyncDispatcher event handler] org.apache.hadoop.yarn.util.RackResolver: Resolved MSRA-SA-39.fareast.corp.microsoft.com to /default-rack
2015-10-17 15:37:59,500 INFO [AsyncDispatcher event handler] org.apache.hadoop.yarn.util.RackResolver: Resolved MSRA-SA-41.fareast.corp.microsoft.com to /default-rack
2015-10-17 15:37:59,501 INFO [AsyncDispatcher event handler] org.apache.hadoop.yarn.util.RackResolver: Resolved MSRA-SA-39.fareast.corp.microsoft.com to /default-rack
2015-10-17 15:37:59,501 INFO [AsyncDispatcher event handler] org.apache.hadoop.yarn.util.RackResolver: Resolved MSRA-SA-41.fareast.corp.microsoft.com to /default-rack
2015-10-17 15:37:59,501 INFO [AsyncDispatcher event handler] org.apache.hadoop.yarn.util.RackResolver: Resolved MSRA-SA-39.fareast.corp.microsoft.com to /default-rack
2015-10-17 15:37:59,501 INFO [AsyncDispatcher event handler] org.apache.hadoop.yarn.util.RackResolver: Resolved MSRA-SA-41.fareast.corp.microsoft.com to /default-rack
2015-10-17 15:38:01,691 INFO [AsyncDispatcher event handler] org.apache.hadoop.yarn.util.RackResolver: Resolved MSRA-SA-41.fareast.corp.microsoft.com to /default-rack
2015-10-17 15:38:01,835 INFO [AsyncDispatcher event handler] org.apache.hadoop.yarn.util.RackResolver: Resolved MSRA-SA-41.fareast.corp.microsoft.com to /default-rack
2015-10-17 15:38:01,837 INFO [AsyncDispatcher event handler] org.apache.hadoop.yarn.util.RackResolver: Resolved MSRA-SA-41.fareast.corp.microsoft.com to /default-rack
2015-10-17 15:38:01,839 INFO [AsyncDispatcher event handler] org.apache.hadoop.yarn.util.RackResolver: Resolved MSRA-SA-41.fareast.corp.microsoft.com to /default-rack
2015-10-17 15:38:01,841 INFO [AsyncDispatcher event handler] org.apache.hadoop.yarn.util.RackResolver: Resolved MSRA-SA-41.fareast.corp.microsoft.com to /default-rack
2015-10-17 15:38:01,843 INFO [AsyncDispatcher event handler] org.apache.hadoop.yarn.util.RackResolver: Resolved MSRA-SA-41.fareast.corp.microsoft.com to /default-rack
2015-10-17 15:38:01,845 INFO [AsyncDispatcher event handler] org.apache.hadoop.yarn.util.RackResolver: Resolved MSRA-SA-39.fareast.corp.microsoft.com to /default-rack
2015-10-17 15:38:01,847 INFO [AsyncDispatcher event handler] org.apache.hadoop.yarn.util.RackResolver: Resolved MSRA-SA-39.fareast.corp.microsoft.com to /default-rack
2015-10-17 15:38:01,848 INFO [AsyncDispatcher event handler] org.apache.hadoop.yarn.util.RackResolver: Resolved MSRA-SA-39.fareast.corp.microsoft.com to /default-rack
2015-10-17 15:38:01,850 INFO [AsyncDispatcher event handler] org.apache.hadoop.yarn.util.RackResolver: Resolved MSRA-SA-39.fareast.corp.microsoft.com to /default-rack
2015-10-17 15:38:01,862 INFO [ContainerLauncher #4] org.apache.hadoop.yarn.client.api.impl.ContainerManagementProtocolProxy: Opening proxy : MSRA-SA-41.fareast.corp.microsoft.com:42313
2015-10-17 15:38:01,903 INFO [ContainerLauncher #5] org.apache.hadoop.yarn.client.api.impl.ContainerManagementProtocolProxy: Opening proxy : MSRA-SA-41.fareast.corp.microsoft.com:42313
2015-10-17 15:38:01,906 INFO [ContainerLauncher #3] org.apache.hadoop.yarn.client.api.impl.ContainerManagementProtocolProxy: Opening proxy : MSRA-SA-41.fareast.corp.microsoft.com:42313
2015-10-17 15:38:01,907 INFO [ContainerLauncher #6] org.apache.hadoop.yarn.client.api.impl.ContainerManagementProtocolProxy: Opening proxy : MSRA-SA-39.fareast.corp.microsoft.com:49130
2015-10-17 15:38:01,909 INFO [ContainerLauncher #1] org.apache.hadoop.yarn.client.api.impl.ContainerManagementProtocolProxy: Opening proxy : MSRA-SA-41.fareast.corp.microsoft.com:42313
2015-10-17 15:38:01,911 INFO [ContainerLauncher #0] org.apache.hadoop.yarn.client.api.impl.ContainerManagementProtocolProxy: Opening proxy : MSRA-SA-41.fareast.corp.microsoft.com:42313
2015-10-17 15:38:01,912 INFO [ContainerLauncher #2] org.apache.hadoop.yarn.client.api.impl.ContainerManagementProtocolProxy: Opening proxy : MSRA-SA-41.fareast.corp.microsoft.com:42313
2015-10-17 15:38:01,914 INFO [ContainerLauncher #8] org.apache.hadoop.yarn.client.api.impl.ContainerManagementProtocolProxy: Opening proxy : MSRA-SA-39.fareast.corp.microsoft.com:49130
2015-10-17 15:38:01,917 INFO [ContainerLauncher #7] org.apache.hadoop.yarn.client.api.impl.ContainerManagementProtocolProxy: Opening proxy : MSRA-SA-39.fareast.corp.microsoft.com:49130
2015-10-17 15:38:01,918 INFO [ContainerLauncher #9] org.apache.hadoop.yarn.client.api.impl.ContainerManagementProtocolProxy: Opening proxy : MSRA-SA-39.fareast.corp.microsoft.com:49130
2015-10-17 15:39:24,245 INFO [ContainerLauncher #8] org.apache.hadoop.yarn.client.api.impl.ContainerManagementProtocolProxy: Opening proxy : MSRA-SA-39.fareast.corp.microsoft.com:49130
2015-10-17 15:39:24,475 INFO [AsyncDispatcher event handler] org.apache.hadoop.yarn.util.RackResolver: Resolved MSRA-SA-39.fareast.corp.microsoft.com to /default-rack
2015-10-17 15:39:24,475 INFO [AsyncDispatcher event handler] org.apache.hadoop.yarn.util.RackResolver: Resolved MSRA-SA-41.fareast.corp.microsoft.com to /default-rack
2015-10-17 15:39:25,740 INFO [AsyncDispatcher event handler] org.apache.hadoop.yarn.util.RackResolver: Resolved MSRA-SA-39.fareast.corp.microsoft.com to /default-rack
2015-10-17 15:39:25,741 INFO [ContainerLauncher #6] org.apache.hadoop.yarn.client.api.impl.ContainerManagementProtocolProxy: Opening proxy : MSRA-SA-39.fareast.corp.microsoft.com:49130
2015-10-17 15:39:39,476 INFO [AsyncDispatcher event handler] org.apache.hadoop.yarn.util.RackResolver: Resolved MSRA-SA-39.fareast.corp.microsoft.com to /default-rack
2015-10-17 15:39:39,477 INFO [AsyncDispatcher event handler] org.apache.hadoop.yarn.util.RackResolver: Resolved MSRA-SA-41.fareast.corp.microsoft.com to /default-rack
2015-10-17 15:40:28,621 INFO [ContainerLauncher #9] org.apache.hadoop.yarn.client.api.impl.ContainerManagementProtocolProxy: Opening proxy : MSRA-SA-41.fareast.corp.microsoft.com:42313
2015-10-17 15:40:29,842 INFO [AsyncDispatcher event handler] org.apache.hadoop.yarn.util.RackResolver: Resolved MSRA-SA-41.fareast.corp.microsoft.com to /default-rack
2015-10-17 15:40:29,843 INFO [ContainerLauncher #7] org.apache.hadoop.yarn.client.api.impl.ContainerManagementProtocolProxy: Opening proxy : MSRA-SA-41.fareast.corp.microsoft.com:42313
2015-10-17 15:40:32,067 INFO [ContainerLauncher #2] org.apache.hadoop.yarn.client.api.impl.ContainerManagementProtocolProxy: Opening proxy : MSRA-SA-41.fareast.corp.microsoft.com:42313
2015-10-17 15:40:33,844 INFO [AsyncDispatcher event handler] org.apache.hadoop.yarn.util.RackResolver: Resolved MSRA-SA-41.fareast.corp.microsoft.com to /default-rack
2015-10-17 15:40:33,846 INFO [ContainerLauncher #1] org.apache.hadoop.yarn.client.api.impl.ContainerManagementProtocolProxy: Opening proxy : MSRA-SA-41.fareast.corp.microsoft.com:42313
2015-10-17 15:40:34,101 INFO [ContainerLauncher #3] org.apache.hadoop.yarn.client.api.impl.ContainerManagementProtocolProxy: Opening proxy : MSRA-SA-41.fareast.corp.microsoft.com:42313
2015-10-17 15:40:50,074 INFO [ContainerLauncher #4] org.apache.hadoop.yarn.client.api.impl.ContainerManagementProtocolProxy: Opening proxy : MSRA-SA-41.fareast.corp.microsoft.com:42313
2015-10-17 15:40:50,247 INFO [ContainerLauncher #0] org.apache.hadoop.yarn.client.api.impl.ContainerManagementProtocolProxy: Opening proxy : MSRA-SA-41.fareast.corp.microsoft.com:42313
2015-10-17 15:40:50,547 INFO [ContainerLauncher #5] org.apache.hadoop.yarn.client.api.impl.ContainerManagementProtocolProxy: Opening proxy : MSRA-SA-41.fareast.corp.microsoft.com:42313
2015-10-17 15:40:52,215 INFO [ContainerLauncher #8] org.apache.hadoop.yarn.client.api.impl.ContainerManagementProtocolProxy: Opening proxy : MSRA-SA-39.fareast.corp.microsoft.com:49130
2015-10-17 15:41:12,304 INFO [ContainerLauncher #6] org.apache.hadoop.yarn.client.api.impl.ContainerManagementProtocolProxy: Opening proxy : MSRA-SA-39.fareast.corp.microsoft.com:49130
2015-10-17 15:41:12,319 INFO [ContainerLauncher #9] org.apache.hadoop.yarn.client.api.impl.ContainerManagementProtocolProxy: Opening proxy : MSRA-SA-41.fareast.corp.microsoft.com:42313
2015-10-17 15:41:25,702 INFO [ContainerLauncher #7] org.apache.hadoop.yarn.client.api.impl.ContainerManagementProtocolProxy: Opening proxy : MSRA-SA-39.fareast.corp.microsoft.com:49130
2015-10-17 15:41:25,715 INFO [ContainerLauncher #2] org.apache.hadoop.yarn.client.api.impl.ContainerManagementProtocolProxy: Opening proxy : MSRA-SA-39.fareast.corp.microsoft.com:49130
2015-10-17 15:42:46,407 INFO [ContainerLauncher #1] org.apache.hadoop.yarn.client.api.impl.ContainerManagementProtocolProxy: Opening proxy : MSRA-SA-41.fareast.corp.microsoft.com:42313
2015-10-17 15:38:04,192 INFO [main] org.apache.hadoop.mapred.YarnChild: Executing with tokens:
2015-10-17 15:38:04,192 INFO [main] org.apache.hadoop.mapred.YarnChild: Kind: mapreduce.job, Service: job_1445062781478_0011, Ident: (org.apache.hadoop.mapreduce.security.token.JobTokenIdentifier@46afb4f8)
2015-10-17 15:38:04,292 INFO [main] org.apache.hadoop.mapred.YarnChild: Sleeping for 0ms before retrying again. Got null now.
2015-10-17 15:38:04,516 INFO [main] org.apache.hadoop.mapred.YarnChild: mapreduce.cluster.local.dir for child: /tmp/hadoop-msrabi/nm-local-dir/usercache/msrabi/appcache/application_1445062781478_0011
2015-10-17 15:38:05,529 INFO [main] org.apache.hadoop.yarn.util.ProcfsBasedProcessTree: ProcfsBasedProcessTree currently is supported only on Linux.
2015-10-17 15:38:05,234 INFO [main] org.apache.hadoop.mapred.YarnChild: Executing with tokens:
2015-10-17 15:38:05,234 INFO [main] org.apache.hadoop.mapred.YarnChild: Kind: mapreduce.job, Service: job_1445062781478_0011, Ident: (org.apache.hadoop.mapreduce.security.token.JobTokenIdentifier@666adef3)
2015-10-17 15:38:05,440 INFO [main] org.apache.hadoop.mapred.YarnChild: Sleeping for 0ms before retrying again. Got null now.
2015-10-17 15:38:05,892 INFO [main] org.apache.hadoop.mapred.YarnChild: mapreduce.cluster.local.dir for child: /tmp/hadoop-msrabi/nm-local-dir/usercache/msrabi/appcache/application_1445062781478_0011
2015-10-17 15:38:08,363 INFO [main] org.apache.hadoop.yarn.util.ProcfsBasedProcessTree: ProcfsBasedProcessTree currently is supported only on Linux.
2015-10-17 15:38:05,290 INFO [main] org.apache.hadoop.mapred.YarnChild: Executing with tokens:
2015-10-17 15:38:05,290 INFO [main] org.apache.hadoop.mapred.YarnChild: Kind: mapreduce.job, Service: job_1445062781478_0011, Ident: (org.apache.hadoop.mapreduce.security.token.JobTokenIdentifier@56b87a95)
2015-10-17 15:38:05,501 INFO [main] org.apache.hadoop.mapred.YarnChild: Sleeping for 0ms before retrying again. Got null now.
2015-10-17 15:38:06,006 INFO [main] org.apache.hadoop.mapred.YarnChild: mapreduce.cluster.local.dir for child: /tmp/hadoop-msrabi/nm-local-dir/usercache/msrabi/appcache/application_1445062781478_0011
2015-10-17 15:38:08,360 INFO [main] org.apache.hadoop.yarn.util.ProcfsBasedProcessTree: ProcfsBasedProcessTree currently is supported only on Linux.
2015-10-17 15:38:04,154 INFO [main] org.apache.hadoop.mapred.YarnChild: Executing with tokens:
2015-10-17 15:38:04,154 INFO [main] org.apache.hadoop.mapred.YarnChild: Kind: mapreduce.job, Service: job_1445062781478_0011, Ident: (org.apache.hadoop.mapreduce.security.token.JobTokenIdentifier@35212499)
2015-10-17 15:38:04,255 INFO [main] org.apache.hadoop.mapred.YarnChild: Sleeping for 0ms before retrying again. Got null now.
2015-10-17 15:38:04,486 INFO [main] org.apache.hadoop.mapred.YarnChild: mapreduce.cluster.local.dir for child: /tmp/hadoop-msrabi/nm-local-dir/usercache/msrabi/appcache/application_1445062781478_0011
2015-10-17 15:38:05,577 INFO [main] org.apache.hadoop.yarn.util.ProcfsBasedProcessTree: ProcfsBasedProcessTree currently is supported only on Linux.
2015-10-17 15:38:05,299 INFO [main] org.apache.hadoop.mapred.YarnChild: Executing with tokens:
2015-10-17 15:38:05,299 INFO [main] org.apache.hadoop.mapred.YarnChild: Kind: mapreduce.job, Service: job_1445062781478_0011, Ident: (org.apache.hadoop.mapreduce.security.token.JobTokenIdentifier@6b7a5e49)
2015-10-17 15:38:05,503 INFO [main] org.apache.hadoop.mapred.YarnChild: Sleeping for 0ms before retrying again. Got null now.
2015-10-17 15:38:05,977 INFO [main] org.apache.hadoop.mapred.YarnChild: mapreduce.cluster.local.dir for child: /tmp/hadoop-msrabi/nm-local-dir/usercache/msrabi/appcache/application_1445062781478_0011
2015-10-17 15:38:08,381 INFO [main] org.apache.hadoop.yarn.util.ProcfsBasedProcessTree: ProcfsBasedProcessTree currently is supported only on Linux.
2015-10-17 15:38:04,167 INFO [main] org.apache.hadoop.mapred.YarnChild: Executing with tokens:
2015-10-17 15:38:04,168 INFO [main] org.apache.hadoop.mapred.YarnChild: Kind: mapreduce.job, Service: job_1445062781478_0011, Ident: (org.apache.hadoop.mapreduce.security.token.JobTokenIdentifier@1ebe6739)
2015-10-17 15:38:04,266 INFO [main] org.apache.hadoop.mapred.YarnChild: Sleeping for 0ms before retrying again. Got null now.
2015-10-17 15:38:04,485 INFO [main] org.apache.hadoop.mapred.YarnChild: mapreduce.cluster.local.dir for child: /tmp/hadoop-msrabi/nm-local-dir/usercache/msrabi/appcache/application_1445062781478_0011
2015-10-17 15:38:05,614 INFO [main] org.apache.hadoop.yarn.util.ProcfsBasedProcessTree: ProcfsBasedProcessTree currently is supported only on Linux.
2015-10-17 15:38:05,556 INFO [main] org.apache.hadoop.mapred.YarnChild: Executing with tokens:
2015-10-17 15:38:05,571 INFO [main] org.apache.hadoop.mapred.YarnChild: Kind: mapreduce.job, Service: job_1445062781478_0011, Ident: (org.apache.hadoop.mapreduce.security.token.JobTokenIdentifier@1623b78d)
2015-10-17 15:38:05,728 INFO [main] org.apache.hadoop.mapred.YarnChild: Sleeping for 0ms before retrying again. Got null now.
2015-10-17 15:38:06,368 INFO [main] org.apache.hadoop.mapred.YarnChild: mapreduce.cluster.local.dir for child: /tmp/hadoop-msrabi/nm-local-dir/usercache/msrabi/appcache/application_1445062781478_0011
2015-10-17 15:38:07,911 INFO [main] org.apache.hadoop.yarn.util.ProcfsBasedProcessTree: ProcfsBasedProcessTree currently is supported only on Linux.
2015-10-17 15:38:05,509 INFO [main] org.apache.hadoop.mapred.YarnChild: Executing with tokens:
2015-10-17 15:38:05,509 INFO [main] org.apache.hadoop.mapred.YarnChild: Kind: mapreduce.job, Service: job_1445062781478_0011, Ident: (org.apache.hadoop.mapreduce.security.token.JobTokenIdentifier@1623b78d)
2015-10-17 15:38:05,681 INFO [main] org.apache.hadoop.mapred.YarnChild: Sleeping for 0ms before retrying again. Got null now.
2015-10-17 15:38:06,353 INFO [main] org.apache.hadoop.mapred.YarnChild: mapreduce.cluster.local.dir for child: /tmp/hadoop-msrabi/nm-local-dir/usercache/msrabi/appcache/application_1445062781478_0011
2015-10-17 15:38:07,770 INFO [main] org.apache.hadoop.yarn.util.ProcfsBasedProcessTree: ProcfsBasedProcessTree currently is supported only on Linux.
2015-10-17 15:38:05,603 INFO [main] org.apache.hadoop.mapred.YarnChild: Executing with tokens:
2015-10-17 15:38:05,603 INFO [main] org.apache.hadoop.mapred.YarnChild: Kind: mapreduce.job, Service: job_1445062781478_0011, Ident: (org.apache.hadoop.mapreduce.security.token.JobTokenIdentifier@1623b78d)
2015-10-17 15:38:05,775 INFO [main] org.apache.hadoop.mapred.YarnChild: Sleeping for 0ms before retrying again. Got null now.
2015-10-17 15:38:06,431 INFO [main] org.apache.hadoop.mapred.YarnChild: mapreduce.cluster.local.dir for child: /tmp/hadoop-msrabi/nm-local-dir/usercache/msrabi/appcache/application_1445062781478_0011
2015-10-17 15:38:07,864 INFO [main] org.apache.hadoop.yarn.util.ProcfsBasedProcessTree: ProcfsBasedProcessTree currently is supported only on Linux.
2015-10-17 15:38:05,509 INFO [main] org.apache.hadoop.mapred.YarnChild: Executing with tokens:
2015-10-17 15:38:05,509 INFO [main] org.apache.hadoop.mapred.YarnChild: Kind: mapreduce.job, Service: job_1445062781478_0011, Ident: (org.apache.hadoop.mapreduce.security.token.JobTokenIdentifier@1623b78d)
2015-10-17 15:38:05,665 INFO [main] org.apache.hadoop.mapred.YarnChild: Sleeping for 0ms before retrying again. Got null now.
2015-10-17 15:38:06,275 INFO [main] org.apache.hadoop.mapred.YarnChild: mapreduce.cluster.local.dir for child: /tmp/hadoop-msrabi/nm-local-dir/usercache/msrabi/appcache/application_1445062781478_0011
2015-10-17 15:38:07,801 INFO [main] org.apache.hadoop.yarn.util.ProcfsBasedProcessTree: ProcfsBasedProcessTree currently is supported only on Linux.
2015-10-17 15:39:28,417 INFO [main] org.apache.hadoop.mapred.YarnChild: Executing with tokens:
2015-10-17 15:39:28,417 INFO [main] org.apache.hadoop.mapred.YarnChild: Kind: mapreduce.job, Service: job_1445062781478_0011, Ident: (org.apache.hadoop.mapreduce.security.token.JobTokenIdentifier@1623b78d)
2015-10-17 15:39:28,542 INFO [main] org.apache.hadoop.mapred.YarnChild: Sleeping for 0ms before retrying again. Got null now.
2015-10-17 15:39:29,042 INFO [main] org.apache.hadoop.mapred.YarnChild: mapreduce.cluster.local.dir for child: /tmp/hadoop-msrabi/nm-local-dir/usercache/msrabi/appcache/application_1445062781478_0011
2015-10-17 15:39:30,105 INFO [main] org.apache.hadoop.yarn.util.ProcfsBasedProcessTree: ProcfsBasedProcessTree currently is supported only on Linux.
2015-10-17 15:40:31,524 INFO [main] org.apache.hadoop.mapred.YarnChild: Executing with tokens:
2015-10-17 15:40:31,524 INFO [main] org.apache.hadoop.mapred.YarnChild: Kind: mapreduce.job, Service: job_1445062781478_0011, Ident: (org.apache.hadoop.mapreduce.security.token.JobTokenIdentifier@3db9b677)
2015-10-17 15:40:31,655 INFO [main] org.apache.hadoop.mapred.YarnChild: Sleeping for 0ms before retrying again. Got null now.
2015-10-17 15:40:31,920 INFO [main] org.apache.hadoop.mapred.YarnChild: mapreduce.cluster.local.dir for child: /tmp/hadoop-msrabi/nm-local-dir/usercache/msrabi/appcache/application_1445062781478_0011
2015-10-17 15:40:32,952 INFO [main] org.apache.hadoop.yarn.util.ProcfsBasedProcessTree: ProcfsBasedProcessTree currently is supported only on Linux.
2015-10-17 15:40:37,407 INFO [main] org.apache.hadoop.mapred.YarnChild: Executing with tokens:
2015-10-17 15:40:37,408 INFO [main] org.apache.hadoop.mapred.YarnChild: Kind: mapreduce.job, Service: job_1445062781478_0011, Ident: (org.apache.hadoop.mapreduce.security.token.JobTokenIdentifier@6977f8ad)
2015-10-17 15:40:37,724 INFO [main] org.apache.hadoop.mapred.YarnChild: Sleeping for 0ms before retrying again. Got null now.
2015-10-17 15:40:38,352 INFO [main] org.apache.hadoop.mapred.YarnChild: mapreduce.cluster.local.dir for child: /tmp/hadoop-msrabi/nm-local-dir/usercache/msrabi/appcache/application_1445062781478_0011
2015-10-17 15:40:40,052 INFO [main] org.apache.hadoop.yarn.util.ProcfsBasedProcessTree: ProcfsBasedProcessTree currently is supported only on Linux.
2015-10-17 18:09:22,493 INFO [main] org.apache.hadoop.yarn.event.AsyncDispatcher: Registering class org.apache.hadoop.mapreduce.jobhistory.EventType for class org.apache.hadoop.mapreduce.jobhistory.JobHistoryEventHandler
2015-10-17 18:09:22,493 INFO [main] org.apache.hadoop.yarn.event.AsyncDispatcher: Registering class org.apache.hadoop.mapreduce.v2.app.job.event.JobEventType for class org.apache.hadoop.mapreduce.v2.app.MRAppMaster$JobEventDispatcher
2015-10-17 18:09:22,508 INFO [main] org.apache.hadoop.yarn.event.AsyncDispatcher: Registering class org.apache.hadoop.mapreduce.v2.app.job.event.TaskEventType for class org.apache.hadoop.mapreduce.v2.app.MRAppMaster$TaskEventDispatcher
2015-10-17 18:09:22,508 INFO [main] org.apache.hadoop.yarn.event.AsyncDispatcher: Registering class org.apache.hadoop.mapreduce.v2.app.job.event.TaskAttemptEventType for class org.apache.hadoop.mapreduce.v2.app.MRAppMaster$TaskAttemptEventDispatcher
2015-10-17 18:09:22,508 INFO [main] org.apache.hadoop.yarn.event.AsyncDispatcher: Registering class org.apache.hadoop.mapreduce.v2.app.commit.CommitterEventType for class org.apache.hadoop.mapreduce.v2.app.commit.CommitterEventHandler
2015-10-17 18:09:22,508 INFO [main] org.apache.hadoop.yarn.event.AsyncDispatcher: Registering class org.apache.hadoop.mapreduce.v2.app.speculate.Speculator$EventType for class org.apache.hadoop.mapreduce.v2.app.MRAppMaster$SpeculatorEventDispatcher
2015-10-17 18:09:22,508 INFO [main] org.apache.hadoop.yarn.event.AsyncDispatcher: Registering class org.apache.hadoop.mapreduce.v2.app.rm.ContainerAllocator$EventType for class org.apache.hadoop.mapreduce.v2.app.MRAppMaster$ContainerAllocatorRouter
2015-10-17 18:09:22,508 INFO [main] org.apache.hadoop.yarn.event.AsyncDispatcher: Registering class org.apache.hadoop.mapreduce.v2.app.launcher.ContainerLauncher$EventType for class org.apache.hadoop.mapreduce.v2.app.MRAppMaster$ContainerLauncherRouter
2015-10-17 18:09:22,680 INFO [main] org.apache.hadoop.yarn.event.AsyncDispatcher: Registering class org.apache.hadoop.mapreduce.v2.app.job.event.JobFinishEvent$Type for class org.apache.hadoop.mapreduce.v2.app.MRAppMaster$JobFinishEventHandler
2015-10-17 18:09:23,415 INFO [main] org.apache.hadoop.yarn.factories.impl.pb.RpcServerFactoryPBImpl: Adding protocol org.apache.hadoop.mapreduce.v2.api.MRClientProtocolPB to the server
2015-10-17 18:09:23,852 INFO [main] org.apache.hadoop.yarn.webapp.WebApps: Web app /mapreduce started at 53356
2015-10-17 18:09:24,461 INFO [main] org.apache.hadoop.yarn.webapp.WebApps: Registered webapp guice modules
2015-10-17 18:09:24,571 INFO [main] org.apache.hadoop.yarn.client.RMProxy: Connecting to ResourceManager at msra-sa-41/10.190.173.170:8030
2015-10-17 18:09:24,680 INFO [main] org.apache.hadoop.yarn.client.api.impl.ContainerManagementProtocolProxy: yarn.client.max-cached-nodemanagers-proxies : 0
2015-10-17 18:09:24,743 INFO [AsyncDispatcher event handler] org.apache.hadoop.yarn.util.RackResolver: Resolved MSRA-SA-39.fareast.corp.microsoft.com to /default-rack
2015-10-17 18:09:24,743 INFO [AsyncDispatcher event handler] org.apache.hadoop.yarn.util.RackResolver: Resolved MSRA-SA-41.fareast.corp.microsoft.com to /default-rack
2015-10-17 18:09:24,758 INFO [AsyncDispatcher event handler] org.apache.hadoop.yarn.util.RackResolver: Resolved MSRA-SA-39.fareast.corp.microsoft.com to /default-rack
2015-10-17 18:09:24,758 INFO [AsyncDispatcher event handler] org.apache.hadoop.yarn.util.RackResolver: Resolved MSRA-SA-41.fareast.corp.microsoft.com to /default-rack
2015-10-17 18:09:24,758 INFO [AsyncDispatcher event handler] org.apache.hadoop.yarn.util.RackResolver: Resolved MSRA-SA-39.fareast.corp.microsoft.com to /default-rack
2015-10-17 18:09:24,758 INFO [AsyncDispatcher event handler] org.apache.hadoop.yarn.util.RackResolver: Resolved MSRA-SA-41.fareast.corp.microsoft.com to /default-rack
2015-10-17 18:09:24,758 INFO [AsyncDispatcher event handler] org.apache.hadoop.yarn.util.RackResolver: Resolved MSRA-SA-39.fareast.corp.microsoft.com to /default-rack
2015-10-17 18:09:24,758 INFO [AsyncDispatcher event handler] org.apache.hadoop.yarn.util.RackResolver: Resolved MSRA-SA-41.fareast.corp.microsoft.com to /default-rack
2015-10-17 18:09:24,758 INFO [AsyncDispatcher event handler] org.apache.hadoop.yarn.util.RackResolver: Resolved MSRA-SA-39.fareast.corp.microsoft.com to /default-rack
2015-10-17 18:09:24,758 INFO [AsyncDispatcher event handler] org.apache.hadoop.yarn.util.RackResolver: Resolved MSRA-SA-41.fareast.corp.microsoft.com to /default-rack
2015-10-17 18:09:24,758 INFO [AsyncDispatcher event handler] org.apache.hadoop.yarn.util.RackResolver: Resolved MSRA-SA-39.fareast.corp.microsoft.com to /default-rack
2015-10-17 18:09:24,758 INFO [AsyncDispatcher event handler] org.apache.hadoop.yarn.util.RackResolver: Resolved MSRA-SA-41.fareast.corp.microsoft.com to /default-rack
2015-10-17 18:09:24,758 INFO [AsyncDispatcher event handler] org.apache.hadoop.yarn.util.RackResolver: Resolved MSRA-SA-39.fareast.corp.microsoft.com to /default-rack
2015-10-17 18:09:24,758 INFO [AsyncDispatcher event handler] org.apache.hadoop.yarn.util.RackResolver: Resolved MSRA-SA-41.fareast.corp.microsoft.com to /default-rack
2015-10-17 18:09:24,758 INFO [AsyncDispatcher event handler] org.apache.hadoop.yarn.util.RackResolver: Resolved MSRA-SA-39.fareast.corp.microsoft.com to /default-rack
2015-10-17 18:09:24,758 INFO [AsyncDispatcher event handler] org.apache.hadoop.yarn.util.RackResolver: Resolved MSRA-SA-41.fareast.corp.microsoft.com to /default-rack
2015-10-17 18:09:24,758 INFO [AsyncDispatcher event handler] org.apache.hadoop.yarn.util.RackResolver: Resolved MSRA-SA-39.fareast.corp.microsoft.com to /default-rack
2015-10-17 18:09:24,758 INFO [AsyncDispatcher event handler] org.apache.hadoop.yarn.util.RackResolver: Resolved MSRA-SA-41.fareast.corp.microsoft.com to /default-rack
2015-10-17 18:09:24,758 INFO [AsyncDispatcher event handler] org.apache.hadoop.yarn.util.RackResolver: Resolved MSRA-SA-39.fareast.corp.microsoft.com to /default-rack
2015-10-17 18:09:24,758 INFO [AsyncDispatcher event handler] org.apache.hadoop.yarn.util.RackResolver: Resolved MSRA-SA-41.fareast.corp.microsoft.com to /default-rack
2015-10-17 18:09:26,883 INFO [AsyncDispatcher event handler] org.apache.hadoop.yarn.util.RackResolver: Resolved MSRA-SA-39.fareast.corp.microsoft.com to /default-rack
2015-10-17 18:09:26,993 INFO [AsyncDispatcher event handler] org.apache.hadoop.yarn.util.RackResolver: Resolved MSRA-SA-39.fareast.corp.microsoft.com to /default-rack
2015-10-17 18:09:26,993 INFO [AsyncDispatcher event handler] org.apache.hadoop.yarn.util.RackResolver: Resolved MSRA-SA-39.fareast.corp.microsoft.com to /default-rack
2015-10-17 18:09:26,993 INFO [AsyncDispatcher event handler] org.apache.hadoop.yarn.util.RackResolver: Resolved MSRA-SA-39.fareast.corp.microsoft.com to /default-rack
2015-10-17 18:09:26,993 INFO [AsyncDispatcher event handler] org.apache.hadoop.yarn.util.RackResolver: Resolved MSRA-SA-39.fareast.corp.microsoft.com to /default-rack
2015-10-17 18:09:26,993 INFO [AsyncDispatcher event handler] org.apache.hadoop.yarn.util.RackResolver: Resolved MSRA-SA-39.fareast.corp.microsoft.com to /default-rack
2015-10-17 18:09:26,993 INFO [AsyncDispatcher event handler] org.apache.hadoop.yarn.util.RackResolver: Resolved MSRA-SA-41.fareast.corp.microsoft.com to /default-rack
2015-10-17 18:09:26,993 INFO [AsyncDispatcher event handler] org.apache.hadoop.yarn.util.RackResolver: Resolved MSRA-SA-41.fareast.corp.microsoft.com to /default-rack
2015-10-17 18:09:26,993 INFO [AsyncDispatcher event handler] org.apache.hadoop.yarn.util.RackResolver: Resolved MSRA-SA-41.fareast.corp.microsoft.com to /default-rack
2015-10-17 18:09:26,993 INFO [AsyncDispatcher event handler] org.apache.hadoop.yarn.util.RackResolver: Resolved MSRA-SA-41.fareast.corp.microsoft.com to /default-rack
2015-10-17 18:09:27,008 INFO [ContainerLauncher #9] org.apache.hadoop.yarn.client.api.impl.ContainerManagementProtocolProxy: Opening proxy : MSRA-SA-41.fareast.corp.microsoft.com:28158
2015-10-17 18:09:27,040 INFO [ContainerLauncher #0] org.apache.hadoop.yarn.client.api.impl.ContainerManagementProtocolProxy: Opening proxy : MSRA-SA-39.fareast.corp.microsoft.com:49130
2015-10-17 18:09:27,040 INFO [ContainerLauncher #3] org.apache.hadoop.yarn.client.api.impl.ContainerManagementProtocolProxy: Opening proxy : MSRA-SA-39.fareast.corp.microsoft.com:49130
2015-10-17 18:09:27,040 INFO [ContainerLauncher #4] org.apache.hadoop.yarn.client.api.impl.ContainerManagementProtocolProxy: Opening proxy : MSRA-SA-39.fareast.corp.microsoft.com:49130
2015-10-17 18:09:27,040 INFO [ContainerLauncher #8] org.apache.hadoop.yarn.client.api.impl.ContainerManagementProtocolProxy: Opening proxy : MSRA-SA-41.fareast.corp.microsoft.com:28158
2015-10-17 18:09:27,040 INFO [ContainerLauncher #2] org.apache.hadoop.yarn.client.api.impl.ContainerManagementProtocolProxy: Opening proxy : MSRA-SA-39.fareast.corp.microsoft.com:49130
2015-10-17 18:09:27,040 INFO [ContainerLauncher #1] org.apache.hadoop.yarn.client.api.impl.ContainerManagementProtocolProxy: Opening proxy : MSRA-SA-39.fareast.corp.microsoft.com:49130
2015-10-17 18:09:27,040 INFO [ContainerLauncher #7] org.apache.hadoop.yarn.client.api.impl.ContainerManagementProtocolProxy: Opening proxy : MSRA-SA-41.fareast.corp.microsoft.com:28158
2015-10-17 18:09:27,040 INFO [ContainerLauncher #5] org.apache.hadoop.yarn.client.api.impl.ContainerManagementProtocolProxy: Opening proxy : MSRA-SA-39.fareast.corp.microsoft.com:49130
2015-10-17 18:09:27,040 INFO [ContainerLauncher #6] org.apache.hadoop.yarn.client.api.impl.ContainerManagementProtocolProxy: Opening proxy : MSRA-SA-41.fareast.corp.microsoft.com:28158
2015-10-17 18:10:28,401 INFO [ContainerLauncher #3] org.apache.hadoop.yarn.client.api.impl.ContainerManagementProtocolProxy: Opening proxy : MSRA-SA-41.fareast.corp.microsoft.com:28158
2015-10-17 18:10:29,214 INFO [AsyncDispatcher event handler] org.apache.hadoop.yarn.util.RackResolver: Resolved MSRA-SA-39.fareast.corp.microsoft.com to /default-rack
2015-10-17 18:10:29,214 INFO [AsyncDispatcher event handler] org.apache.hadoop.yarn.util.RackResolver: Resolved MSRA-SA-41.fareast.corp.microsoft.com to /default-rack
2015-10-17 18:10:30,667 INFO [AsyncDispatcher event handler] org.apache.hadoop.yarn.util.RackResolver: Resolved MSRA-SA-41.fareast.corp.microsoft.com to /default-rack
2015-10-17 18:10:30,667 INFO [ContainerLauncher #1] org.apache.hadoop.yarn.client.api.impl.ContainerManagementProtocolProxy: Opening proxy : MSRA-SA-41.fareast.corp.microsoft.com:28158
2015-10-17 18:10:44,245 INFO [AsyncDispatcher event handler] org.apache.hadoop.yarn.util.RackResolver: Resolved MSRA-SA-39.fareast.corp.microsoft.com to /default-rack
2015-10-17 18:10:44,245 INFO [AsyncDispatcher event handler] org.apache.hadoop.yarn.util.RackResolver: Resolved MSRA-SA-41.fareast.corp.microsoft.com to /default-rack
2015-10-17 18:11:43,950 INFO [ContainerLauncher #5] org.apache.hadoop.yarn.client.api.impl.ContainerManagementProtocolProxy: Opening proxy : MSRA-SA-39.fareast.corp.microsoft.com:49130
2015-10-17 18:11:46,357 INFO [AsyncDispatcher event handler] org.apache.hadoop.yarn.util.RackResolver: Resolved MSRA-SA-39.fareast.corp.microsoft.com to /default-rack
2015-10-17 18:11:46,372 INFO [ContainerLauncher #0] org.apache.hadoop.yarn.client.api.impl.ContainerManagementProtocolProxy: Opening proxy : MSRA-SA-39.fareast.corp.microsoft.com:49130
2015-10-17 18:11:46,466 INFO [ContainerLauncher #4] org.apache.hadoop.yarn.client.api.impl.ContainerManagementProtocolProxy: Opening proxy : MSRA-SA-39.fareast.corp.microsoft.com:49130
2015-10-17 18:11:47,357 INFO [ContainerLauncher #2] org.apache.hadoop.yarn.client.api.impl.ContainerManagementProtocolProxy: Opening proxy : MSRA-SA-39.fareast.corp.microsoft.com:49130
2015-10-17 18:11:47,466 INFO [ContainerLauncher #7] org.apache.hadoop.yarn.client.api.impl.ContainerManagementProtocolProxy: Opening proxy : MSRA-SA-39.fareast.corp.microsoft.com:49130
2015-10-17 18:11:47,591 INFO [ContainerLauncher #8] org.apache.hadoop.yarn.client.api.impl.ContainerManagementProtocolProxy: Opening proxy : MSRA-SA-39.fareast.corp.microsoft.com:49130
2015-10-17 18:11:48,450 INFO [AsyncDispatcher event handler] org.apache.hadoop.yarn.util.RackResolver: Resolved MSRA-SA-39.fareast.corp.microsoft.com to /default-rack
2015-10-17 18:11:48,450 INFO [ContainerLauncher #9] org.apache.hadoop.yarn.client.api.impl.ContainerManagementProtocolProxy: Opening proxy : MSRA-SA-39.fareast.corp.microsoft.com:49130
2015-10-17 18:11:52,404 INFO [ContainerLauncher #6] org.apache.hadoop.yarn.client.api.impl.ContainerManagementProtocolProxy: Opening proxy : MSRA-SA-39.fareast.corp.microsoft.com:49130
2015-10-17 18:11:52,591 INFO [ContainerLauncher #3] org.apache.hadoop.yarn.client.api.impl.ContainerManagementProtocolProxy: Opening proxy : MSRA-SA-39.fareast.corp.microsoft.com:49130
2015-10-17 18:11:52,810 INFO [ContainerLauncher #1] org.apache.hadoop.yarn.client.api.impl.ContainerManagementProtocolProxy: Opening proxy : MSRA-SA-41.fareast.corp.microsoft.com:28158
2015-10-17 18:11:53,435 INFO [ContainerLauncher #5] org.apache.hadoop.yarn.client.api.impl.ContainerManagementProtocolProxy: Opening proxy : MSRA-SA-41.fareast.corp.microsoft.com:28158
2015-10-17 18:11:55,544 INFO [ContainerLauncher #0] org.apache.hadoop.yarn.client.api.impl.ContainerManagementProtocolProxy: Opening proxy : MSRA-SA-41.fareast.corp.microsoft.com:28158
2015-10-17 18:11:56,716 INFO [ContainerLauncher #4] org.apache.hadoop.yarn.client.api.impl.ContainerManagementProtocolProxy: Opening proxy : MSRA-SA-41.fareast.corp.microsoft.com:28158
2015-10-17 18:14:21,424 INFO [ContainerLauncher #2] org.apache.hadoop.yarn.client.api.impl.ContainerManagementProtocolProxy: Opening proxy : MSRA-SA-39.fareast.corp.microsoft.com:49130
2015-10-17 18:09:30,830 INFO [main] org.apache.hadoop.mapred.YarnChild: Executing with tokens:
2015-10-17 18:09:30,830 INFO [main] org.apache.hadoop.mapred.YarnChild: Kind: mapreduce.job, Service: job_1445076437777_0002, Ident: (org.apache.hadoop.mapreduce.security.token.JobTokenIdentifier@1623b78d)
2015-10-17 18:09:30,986 INFO [main] org.apache.hadoop.mapred.YarnChild: Sleeping for 0ms before retrying again. Got null now.
2015-10-17 18:09:31,627 INFO [main] org.apache.hadoop.mapred.YarnChild: mapreduce.cluster.local.dir for child: /tmp/hadoop-msrabi/nm-local-dir/usercache/msrabi/appcache/application_1445076437777_0002
2015-10-17 18:09:32,908 INFO [main] org.apache.hadoop.yarn.util.ProcfsBasedProcessTree: ProcfsBasedProcessTree currently is supported only on Linux.
2015-10-17 18:09:30,736 INFO [main] org.apache.hadoop.mapred.YarnChild: Executing with tokens:
2015-10-17 18:09:30,736 INFO [main] org.apache.hadoop.mapred.YarnChild: Kind: mapreduce.job, Service: job_1445076437777_0002, Ident: (org.apache.hadoop.mapreduce.security.token.JobTokenIdentifier@1623b78d)
2015-10-17 18:09:30,861 INFO [main] org.apache.hadoop.mapred.YarnChild: Sleeping for 0ms before retrying again. Got null now.
2015-10-17 18:09:31,533 INFO [main] org.apache.hadoop.mapred.YarnChild: mapreduce.cluster.local.dir for child: /tmp/hadoop-msrabi/nm-local-dir/usercache/msrabi/appcache/application_1445076437777_0002
2015-10-17 18:09:32,924 INFO [main] org.apache.hadoop.yarn.util.ProcfsBasedProcessTree: ProcfsBasedProcessTree currently is supported only on Linux.
2015-10-17 18:09:30,752 INFO [main] org.apache.hadoop.mapred.YarnChild: Executing with tokens:
2015-10-17 18:09:30,752 INFO [main] org.apache.hadoop.mapred.YarnChild: Kind: mapreduce.job, Service: job_1445076437777_0002, Ident: (org.apache.hadoop.mapreduce.security.token.JobTokenIdentifier@1623b78d)
2015-10-17 18:09:30,877 INFO [main] org.apache.hadoop.mapred.YarnChild: Sleeping for 0ms before retrying again. Got null now.
2015-10-17 18:09:31,533 INFO [main] org.apache.hadoop.mapred.YarnChild: mapreduce.cluster.local.dir for child: /tmp/hadoop-msrabi/nm-local-dir/usercache/msrabi/appcache/application_1445076437777_0002
2015-10-17 18:09:32,924 INFO [main] org.apache.hadoop.yarn.util.ProcfsBasedProcessTree: ProcfsBasedProcessTree currently is supported only on Linux.
2015-10-17 18:09:30,814 INFO [main] org.apache.hadoop.mapred.YarnChild: Executing with tokens:
2015-10-17 18:09:30,814 INFO [main] org.apache.hadoop.mapred.YarnChild: Kind: mapreduce.job, Service: job_1445076437777_0002, Ident: (org.apache.hadoop.mapreduce.security.token.JobTokenIdentifier@1623b78d)
2015-10-17 18:09:30,971 INFO [main] org.apache.hadoop.mapred.YarnChild: Sleeping for 0ms before retrying again. Got null now.
2015-10-17 18:09:31,611 INFO [main] org.apache.hadoop.mapred.YarnChild: mapreduce.cluster.local.dir for child: /tmp/hadoop-msrabi/nm-local-dir/usercache/msrabi/appcache/application_1445076437777_0002
2015-10-17 18:09:32,877 INFO [main] org.apache.hadoop.yarn.util.ProcfsBasedProcessTree: ProcfsBasedProcessTree currently is supported only on Linux.
2015-10-17 18:09:30,799 INFO [main] org.apache.hadoop.mapred.YarnChild: Executing with tokens:
2015-10-17 18:09:30,799 INFO [main] org.apache.hadoop.mapred.YarnChild: Kind: mapreduce.job, Service: job_1445076437777_0002, Ident: (org.apache.hadoop.mapreduce.security.token.JobTokenIdentifier@1623b78d)
2015-10-17 18:09:30,939 INFO [main] org.apache.hadoop.mapred.YarnChild: Sleeping for 0ms before retrying again. Got null now.
2015-10-17 18:09:31,580 INFO [main] org.apache.hadoop.mapred.YarnChild: mapreduce.cluster.local.dir for child: /tmp/hadoop-msrabi/nm-local-dir/usercache/msrabi/appcache/application_1445076437777_0002
2015-10-17 18:09:32,877 INFO [main] org.apache.hadoop.yarn.util.ProcfsBasedProcessTree: ProcfsBasedProcessTree currently is supported only on Linux.
2015-10-17 18:09:30,814 INFO [main] org.apache.hadoop.mapred.YarnChild: Executing with tokens:
2015-10-17 18:09:30,814 INFO [main] org.apache.hadoop.mapred.YarnChild: Kind: mapreduce.job, Service: job_1445076437777_0002, Ident: (org.apache.hadoop.mapreduce.security.token.JobTokenIdentifier@1623b78d)
2015-10-17 18:09:30,986 INFO [main] org.apache.hadoop.mapred.YarnChild: Sleeping for 0ms before retrying again. Got null now.
2015-10-17 18:09:31,611 INFO [main] org.apache.hadoop.mapred.YarnChild: mapreduce.cluster.local.dir for child: /tmp/hadoop-msrabi/nm-local-dir/usercache/msrabi/appcache/application_1445076437777_0002
2015-10-17 18:09:32,893 INFO [main] org.apache.hadoop.yarn.util.ProcfsBasedProcessTree: ProcfsBasedProcessTree currently is supported only on Linux.
2015-10-17 18:09:34,812 INFO [main] org.apache.hadoop.mapred.YarnChild: Executing with tokens:
2015-10-17 18:09:34,813 INFO [main] org.apache.hadoop.mapred.YarnChild: Kind: mapreduce.job, Service: job_1445076437777_0002, Ident: (org.apache.hadoop.mapreduce.security.token.JobTokenIdentifier@1ebe6739)
2015-10-17 18:09:35,128 INFO [main] org.apache.hadoop.mapred.YarnChild: Sleeping for 0ms before retrying again. Got null now.
2015-10-17 18:09:35,857 INFO [main] org.apache.hadoop.mapred.YarnChild: mapreduce.cluster.local.dir for child: /tmp/hadoop-msrabi/nm-local-dir/usercache/msrabi/appcache/application_1445076437777_0002
2015-10-17 18:09:38,564 INFO [main] org.apache.hadoop.yarn.util.ProcfsBasedProcessTree: ProcfsBasedProcessTree currently is supported only on Linux.
2015-10-17 18:09:34,829 INFO [main] org.apache.hadoop.mapred.YarnChild: Executing with tokens:
2015-10-17 18:09:34,829 INFO [main] org.apache.hadoop.mapred.YarnChild: Kind: mapreduce.job, Service: job_1445076437777_0002, Ident: (org.apache.hadoop.mapreduce.security.token.JobTokenIdentifier@7253580c)
2015-10-17 18:09:35,149 INFO [main] org.apache.hadoop.mapred.YarnChild: Sleeping for 0ms before retrying again. Got null now.
2015-10-17 18:09:35,850 INFO [main] org.apache.hadoop.mapred.YarnChild: mapreduce.cluster.local.dir for child: /tmp/hadoop-msrabi/nm-local-dir/usercache/msrabi/appcache/application_1445076437777_0002
2015-10-17 18:09:38,666 INFO [main] org.apache.hadoop.yarn.util.ProcfsBasedProcessTree: ProcfsBasedProcessTree currently is supported only on Linux.
2015-10-17 18:09:34,220 INFO [main] org.apache.hadoop.mapred.YarnChild: Executing with tokens:
2015-10-17 18:09:34,220 INFO [main] org.apache.hadoop.mapred.YarnChild: Kind: mapreduce.job, Service: job_1445076437777_0002, Ident: (org.apache.hadoop.mapreduce.security.token.JobTokenIdentifier@3094b3fc)
2015-10-17 18:09:34,433 INFO [main] org.apache.hadoop.mapred.YarnChild: Sleeping for 0ms before retrying again. Got null now.
2015-10-17 18:09:35,027 INFO [main] org.apache.hadoop.mapred.YarnChild: mapreduce.cluster.local.dir for child: /tmp/hadoop-msrabi/nm-local-dir/usercache/msrabi/appcache/application_1445076437777_0002
2015-10-17 18:09:37,357 INFO [main] org.apache.hadoop.yarn.util.ProcfsBasedProcessTree: ProcfsBasedProcessTree currently is supported only on Linux.
2015-10-17 18:09:34,828 INFO [main] org.apache.hadoop.mapred.YarnChild: Executing with tokens:
2015-10-17 18:09:34,828 INFO [main] org.apache.hadoop.mapred.YarnChild: Kind: mapreduce.job, Service: job_1445076437777_0002, Ident: (org.apache.hadoop.mapreduce.security.token.JobTokenIdentifier@3db9b677)
2015-10-17 18:09:35,152 INFO [main] org.apache.hadoop.mapred.YarnChild: Sleeping for 0ms before retrying again. Got null now.
2015-10-17 18:09:35,840 INFO [main] org.apache.hadoop.mapred.YarnChild: mapreduce.cluster.local.dir for child: /tmp/hadoop-msrabi/nm-local-dir/usercache/msrabi/appcache/application_1445076437777_0002
2015-10-17 18:09:38,262 INFO [main] org.apache.hadoop.yarn.util.ProcfsBasedProcessTree: ProcfsBasedProcessTree currently is supported only on Linux.
2015-10-17 18:10:33,160 INFO [main] org.apache.hadoop.mapred.YarnChild: Executing with tokens:
2015-10-17 18:10:33,160 INFO [main] org.apache.hadoop.mapred.YarnChild: Kind: mapreduce.job, Service: job_1445076437777_0002, Ident: (org.apache.hadoop.mapreduce.security.token.JobTokenIdentifier@7253580c)
2015-10-17 18:10:33,302 INFO [main] org.apache.hadoop.mapred.YarnChild: Sleeping for 0ms before retrying again. Got null now.
2015-10-17 18:10:33,985 INFO [main] org.apache.hadoop.mapred.YarnChild: mapreduce.cluster.local.dir for child: /tmp/hadoop-msrabi/nm-local-dir/usercache/msrabi/appcache/application_1445076437777_0002
2015-10-17 18:10:35,229 INFO [main] org.apache.hadoop.yarn.util.ProcfsBasedProcessTree: ProcfsBasedProcessTree currently is supported only on Linux.
2015-10-17 18:11:49,415 INFO [main] org.apache.hadoop.mapred.YarnChild: Executing with tokens:
2015-10-17 18:11:49,415 INFO [main] org.apache.hadoop.mapred.YarnChild: Kind: mapreduce.job, Service: job_1445076437777_0002, Ident: (org.apache.hadoop.mapreduce.security.token.JobTokenIdentifier@1623b78d)
2015-10-17 18:11:49,587 INFO [main] org.apache.hadoop.mapred.YarnChild: Sleeping for 0ms before retrying again. Got null now.
2015-10-17 18:11:50,277 INFO [main] org.apache.hadoop.mapred.YarnChild: mapreduce.cluster.local.dir for child: /tmp/hadoop-msrabi/nm-local-dir/usercache/msrabi/appcache/application_1445076437777_0002
2015-10-17 18:11:51,668 INFO [main] org.apache.hadoop.yarn.util.ProcfsBasedProcessTree: ProcfsBasedProcessTree currently is supported only on Linux.
2015-10-17 18:11:52,043 INFO [main] org.apache.hadoop.mapred.YarnChild: Executing with tokens:
2015-10-17 18:11:52,043 INFO [main] org.apache.hadoop.mapred.YarnChild: Kind: mapreduce.job, Service: job_1445076437777_0002, Ident: (org.apache.hadoop.mapreduce.security.token.JobTokenIdentifier@1623b78d)
2015-10-17 18:11:52,246 INFO [main] org.apache.hadoop.mapred.YarnChild: Sleeping for 0ms before retrying again. Got null now.
