081111 050039 19 INFO dfs.FSDataset: Deleting block blk_-4859480838646871151 file /mnt/hadoop/dfs/data/current/blk_-4859480838646871151
081111 050039 19 INFO dfs.FSDataset: Deleting block blk_-4923085560843847233 file /mnt/hadoop/dfs/data/current/subdir47/blk_-4923085560843847233
081111 050039 19 INFO dfs.FSDataset: Deleting block blk_8725273964136146388 file /mnt/hadoop/dfs/data/current/subdir13/blk_8725273964136146388
081111 050039 19 INFO dfs.FSDataset: Deleting block blk_8737937210942261117 file /mnt/hadoop/dfs/data/current/subdir14/blk_8737937210942261117
081111 050040 19 INFO dfs.FSDataset: Deleting block blk_-4659238710988435358 file /mnt/hadoop/dfs/data/current/subdir50/blk_-4659238710988435358
081111 050040 19 INFO dfs.FSDataset: Deleting block blk_-4666475164294735569 file /mnt/hadoop/dfs/data/current/subdir55/blk_-4666475164294735569
081111 050040 19 INFO dfs.FSDataset: Deleting block blk_-4675851534647704699 file /mnt/hadoop/dfs/data/current/subdir46/blk_-4675851534647704699
081111 050040 19 INFO dfs.FSDataset: Deleting block blk_-4714562575441963722 file /mnt/hadoop/dfs/data/current/subdir53/blk_-4714562575441963722
081111 050040 19 INFO dfs.FSDataset: Deleting block blk_-4723319789468303644 file /mnt/hadoop/dfs/data/current/subdir49/blk_-4723319789468303644
081111 050040 19 INFO dfs.FSDataset: Deleting block blk_-4802583701090335609 file /mnt/hadoop/dfs/data/current/subdir53/blk_-4802583701090335609
081111 050040 19 INFO dfs.FSDataset: Deleting block blk_-4813270291903389185 file /mnt/hadoop/dfs/data/current/subdir48/blk_-4813270291903389185
081111 050040 19 INFO dfs.FSDataset: Deleting block blk_-4819276791593220537 file /mnt/hadoop/dfs/data/current/subdir43/blk_-4819276791593220537
081111 050040 19 INFO dfs.FSDataset: Deleting block blk_-4844573337220210913 file /mnt/hadoop/dfs/data/current/blk_-4844573337220210913
081111 050040 19 INFO dfs.FSDataset: Deleting block blk_8779199740533949982 file /mnt/hadoop/dfs/data/current/subdir19/blk_8779199740533949982
081111 050040 19 INFO dfs.FSDataset: Deleting block blk_8846364492802647182 file /mnt/hadoop/dfs/data/current/subdir17/blk_8846364492802647182
081111 050040 19 INFO dfs.FSDataset: Deleting block blk_8881386186194913986 file /mnt/hadoop/dfs/data/current/subdir13/blk_8881386186194913986
081111 050040 19 INFO dfs.FSDataset: Deleting block blk_8890198707760681179 file /mnt/hadoop/dfs/data/current/blk_8890198707760681179
081111 050040 19 INFO dfs.FSDataset: Deleting block blk_8945515739530315652 file /mnt/hadoop/dfs/data/current/subdir17/blk_8945515739530315652
081111 050040 19 INFO dfs.FSDataset: Deleting block blk_8946091747423043883 file /mnt/hadoop/dfs/data/current/subdir22/blk_8946091747423043883
081111 050041 19 INFO dfs.FSDataset: Deleting block blk_-4520083926057039874 file /mnt/hadoop/dfs/data/current/subdir46/blk_-4520083926057039874
081111 050041 19 INFO dfs.FSDataset: Deleting block blk_-4554042262211318039 file /mnt/hadoop/dfs/data/current/subdir46/blk_-4554042262211318039
081111 050041 19 INFO dfs.FSDataset: Deleting block blk_-4609892238000883643 file /mnt/hadoop/dfs/data/current/subdir52/blk_-4609892238000883643
081111 050041 19 INFO dfs.FSDataset: Deleting block blk_-4613785378405664842 file /mnt/hadoop/dfs/data/current/subdir56/blk_-4613785378405664842
081111 050041 19 INFO dfs.FSDataset: Deleting block blk_-4614457265713751673 file /mnt/hadoop/dfs/data/current/subdir46/blk_-4614457265713751673
081111 050041 19 INFO dfs.FSDataset: Deleting block blk_8962006818422877386 file /mnt/hadoop/dfs/data/current/subdir18/blk_8962006818422877386
081111 050041 19 INFO dfs.FSDataset: Deleting block blk_9033701980640350622 file /mnt/hadoop/dfs/data/current/subdir21/blk_9033701980640350622
081111 050041 19 INFO dfs.FSDataset: Deleting block blk_9106217918029126530 file /mnt/hadoop/dfs/data/current/subdir13/blk_9106217918029126530
081111 050041 19 INFO dfs.FSDataset: Deleting block blk_9125926665810077343 file /mnt/hadoop/dfs/data/current/subdir14/blk_9125926665810077343
081111 050041 19 INFO dfs.FSDataset: Deleting block blk_9145493831747136020 file /mnt/hadoop/dfs/data/current/subdir23/blk_9145493831747136020
081111 050041 19 INFO dfs.FSDataset: Deleting block blk_9167743842202918061 file /mnt/hadoop/dfs/data/current/subdir22/blk_9167743842202918061
081111 050041 19 INFO dfs.FSDataset: Deleting block blk_9193926600578164707 file /mnt/hadoop/dfs/data/current/subdir18/blk_9193926600578164707
081111 050042 13 INFO dfs.DataBlockScanner: Verification succeeded for blk_3030059964528312350
081111 050042 19 INFO dfs.FSDataset: Deleting block blk_-4402602388116505071 file /mnt/hadoop/dfs/data/current/subdir51/blk_-4402602388116505071
081111 050042 19 INFO dfs.FSDataset: Deleting block blk_-4431643717990104282 file /mnt/hadoop/dfs/data/current/subdir54/blk_-4431643717990104282
081111 050042 19 INFO dfs.FSDataset: Deleting block blk_-4449616819235513006 file /mnt/hadoop/dfs/data/current/subdir54/blk_-4449616819235513006
081111 050042 19 INFO dfs.FSDataset: Deleting block blk_-4455479544860390532 file /mnt/hadoop/dfs/data/current/subdir49/blk_-4455479544860390532
081111 050042 19 INFO dfs.FSDataset: Deleting block blk_-4460153394709086909 file /mnt/hadoop/dfs/data/current/subdir46/blk_-4460153394709086909
081111 050042 19 INFO dfs.FSDataset: Deleting block blk_-4486019429695120146 file /mnt/hadoop/dfs/data/current/subdir44/blk_-4486019429695120146
081111 050042 19 INFO dfs.FSDataset: Deleting block blk_-5611441695435710655 file /mnt/hadoop/dfs/data/current/subdir8/blk_-5611441695435710655
081111 050042 19 INFO dfs.FSDataset: Deleting block blk_9198456877044547914 file /mnt/hadoop/dfs/data/current/blk_9198456877044547914
081111 050043 19 INFO dfs.FSDataset: Deleting block blk_-4343454751623349205 file /mnt/hadoop/dfs/data/current/subdir54/blk_-4343454751623349205
081111 050043 19 INFO dfs.FSDataset: Deleting block blk_-4349298474763771160 file /mnt/hadoop/dfs/data/current/subdir48/blk_-4349298474763771160
081111 050043 19 INFO dfs.FSDataset: Deleting block blk_-4396799027689045019 file /mnt/hadoop/dfs/data/current/subdir56/blk_-4396799027689045019
081111 050044 19 INFO dfs.FSDataset: Deleting block blk_-4261654028694238449 file /mnt/hadoop/dfs/data/current/subdir49/blk_-4261654028694238449
081111 050044 19 INFO dfs.FSDataset: Deleting block blk_-4277995370394601444 file /mnt/hadoop/dfs/data/current/subdir54/blk_-4277995370394601444
081111 050044 19 INFO dfs.FSDataset: Deleting block blk_-4290275607011758608 file /mnt/hadoop/dfs/data/current/subdir50/blk_-4290275607011758608
081111 050044 19 INFO dfs.FSDataset: Deleting block blk_-4292854243617609194 file /mnt/hadoop/dfs/data/current/subdir55/blk_-4292854243617609194
081111 050044 19 INFO dfs.FSDataset: Deleting block blk_-4300934986940190454 file /mnt/hadoop/dfs/data/current/subdir50/blk_-4300934986940190454
081111 050044 19 INFO dfs.FSDataset: Deleting block blk_-4599886533235451602 file /mnt/hadoop/dfs/data/current/subdir26/blk_-4599886533235451602
081111 050045 13 INFO dfs.DataBlockScanner: Verification succeeded for blk_-9160241348520361894
081111 050045 19 INFO dfs.FSDataset: Deleting block blk_-4188141889075798833 file /mnt/hadoop/dfs/data/current/subdir45/blk_-4188141889075798833
081111 050045 19 INFO dfs.FSDataset: Deleting block blk_-4206151613796024587 file /mnt/hadoop/dfs/data/current/subdir56/blk_-4206151613796024587
081111 050045 19 INFO dfs.FSDataset: Deleting block blk_-4228020090087568609 file /mnt/hadoop/dfs/data/current/subdir44/blk_-4228020090087568609
081111 050045 19 INFO dfs.FSDataset: Deleting block blk_-4232981914552817907 file /mnt/hadoop/dfs/data/current/subdir51/blk_-4232981914552817907
081111 050045 19 INFO dfs.FSDataset: Deleting block blk_-4233152492755705908 file /mnt/hadoop/dfs/data/current/subdir53/blk_-4233152492755705908
081111 050045 19 INFO dfs.FSDataset: Deleting block blk_-4233519509606080577 file /mnt/hadoop/dfs/data/current/subdir50/blk_-4233519509606080577
081111 050045 19 INFO dfs.FSDataset: Deleting block blk_-4240041341773806316 file /mnt/hadoop/dfs/data/current/subdir53/blk_-4240041341773806316
081111 050046 19 INFO dfs.FSDataset: Deleting block blk_-4147701088153074509 file /mnt/hadoop/dfs/data/current/subdir43/blk_-4147701088153074509
081111 050046 19 INFO dfs.FSDataset: Deleting block blk_-4159304928918331127 file /mnt/hadoop/dfs/data/current/subdir46/blk_-4159304928918331127
081111 050047 19 INFO dfs.FSDataset: Deleting block blk_-4055114024850737551 file /mnt/hadoop/dfs/data/current/subdir46/blk_-4055114024850737551
081111 050047 19 INFO dfs.FSDataset: Deleting block blk_-4119519371831392188 file /mnt/hadoop/dfs/data/current/subdir53/blk_-4119519371831392188
081111 050047 19 INFO dfs.FSDataset: Deleting block blk_-4124562713502866083 file /mnt/hadoop/dfs/data/current/subdir43/blk_-4124562713502866083
081111 050047 19 INFO dfs.FSDataset: Deleting block blk_-4134071904217773588 file /mnt/hadoop/dfs/data/current/subdir44/blk_-4134071904217773588
081111 050048 13 INFO dfs.DataBlockScanner: Verification succeeded for blk_-2940260777268640850
081111 050048 13 INFO dfs.DataBlockScanner: Verification succeeded for blk_-4146842072740337241
081111 050048 13 INFO dfs.DataBlockScanner: Verification succeeded for blk_4862440294121207516
081111 050048 19 INFO dfs.FSDataset: Deleting block blk_-3989993085677568728 file /mnt/hadoop/dfs/data/current/subdir51/blk_-3989993085677568728
081111 050048 19 INFO dfs.FSDataset: Deleting block blk_-3999876520858377590 file /mnt/hadoop/dfs/data/current/subdir56/blk_-3999876520858377590
081111 050048 19 INFO dfs.FSDataset: Deleting block blk_-4019279875454703670 file /mnt/hadoop/dfs/data/current/subdir45/blk_-4019279875454703670
081111 050048 19 INFO dfs.FSDataset: Deleting block blk_-4031971417917281327 file /mnt/hadoop/dfs/data/current/subdir50/blk_-4031971417917281327
081111 050049 19 INFO dfs.FSDataset: Deleting block blk_-3964507250800021846 file /mnt/hadoop/dfs/data/current/subdir51/blk_-3964507250800021846
081111 050049 19 INFO dfs.FSDataset: Deleting block blk_-3973432677011279541 file /mnt/hadoop/dfs/data/current/subdir52/blk_-3973432677011279541
081111 050049 19 INFO dfs.FSDataset: Deleting block blk_-3987197055567779857 file /mnt/hadoop/dfs/data/current/subdir56/blk_-3987197055567779857
081111 050050 19 INFO dfs.FSDataset: Deleting block blk_-3882827500174855265 file /mnt/hadoop/dfs/data/current/subdir49/blk_-3882827500174855265
081111 050050 19 INFO dfs.FSDataset: Deleting block blk_-3938740283856994281 file /mnt/hadoop/dfs/data/current/subdir50/blk_-3938740283856994281
081111 050050 19 INFO dfs.FSDataset: Deleting block blk_-3940928292759675798 file /mnt/hadoop/dfs/data/current/subdir42/blk_-3940928292759675798
081111 050050 19 INFO dfs.FSDataset: Deleting block blk_-3946736789881314538 file /mnt/hadoop/dfs/data/current/subdir49/blk_-3946736789881314538
081111 050050 19 INFO dfs.FSDataset: Deleting block blk_-3956927944418241204 file /mnt/hadoop/dfs/data/current/subdir48/blk_-3956927944418241204
081111 050050 19 INFO dfs.FSDataset: Deleting block blk_-3963433179048070472 file /mnt/hadoop/dfs/data/current/subdir42/blk_-3963433179048070472
081111 050050 19 INFO dfs.FSDataset: Deleting block blk_-4581564119773216259 file /mnt/hadoop/dfs/data/current/subdir24/blk_-4581564119773216259
081111 050051 13 INFO dfs.DataBlockScanner: Verification succeeded for blk_-6462995101319786037
081111 050051 19 INFO dfs.FSDataset: Deleting block blk_-3846812173448820915 file /mnt/hadoop/dfs/data/current/subdir48/blk_-3846812173448820915
081111 050051 19 INFO dfs.FSDataset: Deleting block blk_-3860412267439719671 file /mnt/hadoop/dfs/data/current/subdir51/blk_-3860412267439719671
081111 050051 19 INFO dfs.FSDataset: Deleting block blk_-3866958608399386070 file /mnt/hadoop/dfs/data/current/subdir50/blk_-3866958608399386070
081111 050051 19 INFO dfs.FSDataset: Deleting block blk_-3881592839973495390 file /mnt/hadoop/dfs/data/current/subdir43/blk_-3881592839973495390
081111 050052 19 INFO dfs.FSDataset: Deleting block blk_-3686861488396478239 file /mnt/hadoop/dfs/data/current/subdir63/blk_-3686861488396478239
081111 050052 19 INFO dfs.FSDataset: Deleting block blk_-3706582669565603788 file /mnt/hadoop/dfs/data/current/subdir55/blk_-3706582669565603788
081111 050052 19 INFO dfs.FSDataset: Deleting block blk_-3710460304005428750 file /mnt/hadoop/dfs/data/current/subdir46/blk_-3710460304005428750
081111 050052 19 INFO dfs.FSDataset: Deleting block blk_-3712739658253411110 file /mnt/hadoop/dfs/data/current/subdir54/blk_-3712739658253411110
081111 050052 19 INFO dfs.FSDataset: Deleting block blk_-3764163195415569479 file /mnt/hadoop/dfs/data/current/subdir45/blk_-3764163195415569479
081111 050052 19 INFO dfs.FSDataset: Deleting block blk_-3835658838914787068 file /mnt/hadoop/dfs/data/current/subdir48/blk_-3835658838914787068
081111 050053 19 INFO dfs.FSDataset: Deleting block blk_-3508710208780646724 file /mnt/hadoop/dfs/data/current/subdir45/blk_-3508710208780646724
081111 050053 19 INFO dfs.FSDataset: Deleting block blk_-3512318761143689993 file /mnt/hadoop/dfs/data/current/subdir63/blk_-3512318761143689993
081111 050053 19 INFO dfs.FSDataset: Deleting block blk_-3572414846482562881 file /mnt/hadoop/dfs/data/current/subdir47/blk_-3572414846482562881
081111 050053 19 INFO dfs.FSDataset: Deleting block blk_-3587248241887717033 file /mnt/hadoop/dfs/data/current/subdir42/blk_-3587248241887717033
081111 050053 19 INFO dfs.FSDataset: Deleting block blk_-3608508911414862074 file /mnt/hadoop/dfs/data/current/blk_-3608508911414862074
081111 050053 19 INFO dfs.FSDataset: Deleting block blk_-3632543150971998498 file /mnt/hadoop/dfs/data/current/subdir53/blk_-3632543150971998498
081111 050054 13 INFO dfs.DataBlockScanner: Verification succeeded for blk_4568177238377547875
081111 050054 19 INFO dfs.FSDataset: Deleting block blk_-3485797550110846310 file /mnt/hadoop/dfs/data/current/subdir52/blk_-3485797550110846310
081111 050056 19 INFO dfs.FSDataset: Deleting block blk_-4553296216791090914 file /mnt/hadoop/dfs/data/current/subdir21/blk_-4553296216791090914
081111 050057 19 INFO dfs.FSDataset: Deleting block blk_-3354724499483688624 file /mnt/hadoop/dfs/data/current/subdir44/blk_-3354724499483688624
081111 050057 19 INFO dfs.FSDataset: Deleting block blk_-3385578476886180543 file /mnt/hadoop/dfs/data/current/subdir52/blk_-3385578476886180543
081111 050057 19 INFO dfs.FSDataset: Deleting block blk_-3422984950675191157 file /mnt/hadoop/dfs/data/current/subdir47/blk_-3422984950675191157
081111 050057 19 INFO dfs.FSDataset: Deleting block blk_-3428129530347189693 file /mnt/hadoop/dfs/data/current/subdir43/blk_-3428129530347189693
081111 050057 19 INFO dfs.FSDataset: Deleting block blk_-3471912289440628936 file /mnt/hadoop/dfs/data/current/subdir55/blk_-3471912289440628936
081111 050057 19 INFO dfs.FSDataset: Deleting block blk_-3484136674343355023 file /mnt/hadoop/dfs/data/current/subdir63/blk_-3484136674343355023
081111 050058 19 INFO dfs.FSDataset: Deleting block blk_-3315215068679089345 file /mnt/hadoop/dfs/data/current/subdir44/blk_-3315215068679089345
081111 050058 19 INFO dfs.FSDataset: Deleting block blk_-3336021821634563547 file /mnt/hadoop/dfs/data/current/blk_-3336021821634563547
081111 050058 19 INFO dfs.FSDataset: Deleting block blk_-3342864862649056303 file /mnt/hadoop/dfs/data/current/subdir51/blk_-3342864862649056303
081111 050059 19 INFO dfs.FSDataset: Deleting block blk_-3295982945091621137 file /mnt/hadoop/dfs/data/current/subdir51/blk_-3295982945091621137
081111 050100 13 INFO dfs.DataBlockScanner: Verification succeeded for blk_-1248493202210306417
081111 050100 19 INFO dfs.FSDataset: Deleting block blk_-3127430774891094471 file /mnt/hadoop/dfs/data/current/subdir45/blk_-3127430774891094471
081111 050100 19 INFO dfs.FSDataset: Deleting block blk_-3136064679526577260 file /mnt/hadoop/dfs/data/current/subdir44/blk_-3136064679526577260
081111 050100 19 INFO dfs.FSDataset: Deleting block blk_-3164074926693912248 file /mnt/hadoop/dfs/data/current/subdir45/blk_-3164074926693912248
081111 050100 19 INFO dfs.FSDataset: Deleting block blk_-3174417634816235119 file /mnt/hadoop/dfs/data/current/subdir44/blk_-3174417634816235119
081111 050100 19 INFO dfs.FSDataset: Deleting block blk_-3199704937709093666 file /mnt/hadoop/dfs/data/current/subdir43/blk_-3199704937709093666
081111 050100 19 INFO dfs.FSDataset: Deleting block blk_-3215409642925901959 file /mnt/hadoop/dfs/data/current/subdir45/blk_-3215409642925901959
081111 050100 19 INFO dfs.FSDataset: Deleting block blk_-3270171278574577259 file /mnt/hadoop/dfs/data/current/subdir55/blk_-3270171278574577259
081111 050100 19 INFO dfs.FSDataset: Deleting block blk_-3279464144738727807 file /mnt/hadoop/dfs/data/current/subdir47/blk_-3279464144738727807
081111 050101 19 INFO dfs.FSDataset: Deleting block blk_-3091414572228935604 file /mnt/hadoop/dfs/data/current/subdir47/blk_-3091414572228935604
081111 050101 19 INFO dfs.FSDataset: Deleting block blk_-3113654913336910466 file /mnt/hadoop/dfs/data/current/subdir48/blk_-3113654913336910466
081111 050101 19 INFO dfs.FSDataset: Deleting block blk_-3118130994950011443 file /mnt/hadoop/dfs/data/current/subdir53/blk_-3118130994950011443
081111 050101 19 INFO dfs.FSDataset: Deleting block blk_-4508081138124605756 file /mnt/hadoop/dfs/data/current/subdir26/blk_-4508081138124605756
081111 050102 19 INFO dfs.FSDataset: Deleting block blk_-2964791163389456609 file /mnt/hadoop/dfs/data/current/subdir53/blk_-2964791163389456609
081111 050102 19 INFO dfs.FSDataset: Deleting block blk_-2975511778526961805 file /mnt/hadoop/dfs/data/current/subdir46/blk_-2975511778526961805
081111 050102 19 INFO dfs.FSDataset: Deleting block blk_-3061020471584985749 file /mnt/hadoop/dfs/data/current/subdir50/blk_-3061020471584985749
081111 050102 19 INFO dfs.FSDataset: Deleting block blk_-3074560564377898394 file /mnt/hadoop/dfs/data/current/subdir42/blk_-3074560564377898394
081111 050102 19 INFO dfs.FSDataset: Deleting block blk_-3086917544926503892 file /mnt/hadoop/dfs/data/current/subdir52/blk_-3086917544926503892
081111 050103 19 INFO dfs.FSDataset: Deleting block blk_-2895886666266682585 file /mnt/hadoop/dfs/data/current/subdir49/blk_-2895886666266682585
081111 050103 19 INFO dfs.FSDataset: Deleting block blk_-2908242741540733830 file /mnt/hadoop/dfs/data/current/subdir47/blk_-2908242741540733830
081111 050103 19 INFO dfs.FSDataset: Deleting block blk_-2963012295704773339 file /mnt/hadoop/dfs/data/current/subdir55/blk_-2963012295704773339
081111 050104 19 INFO dfs.FSDataset: Deleting block blk_-2826844296296681567 file /mnt/hadoop/dfs/data/current/subdir45/blk_-2826844296296681567
081111 050104 19 INFO dfs.FSDataset: Deleting block blk_-2839249246743399552 file /mnt/hadoop/dfs/data/current/subdir55/blk_-2839249246743399552
081111 050104 19 INFO dfs.FSDataset: Deleting block blk_-2855330857351854890 file /mnt/hadoop/dfs/data/current/subdir42/blk_-2855330857351854890
081111 050104 19 INFO dfs.FSDataset: Deleting block blk_-6329713995156889277 file /mnt/hadoop/dfs/data/current/subdir23/blk_-6329713995156889277
081111 050105 19 INFO dfs.FSDataset: Deleting block blk_-2766421905490587168 file /mnt/hadoop/dfs/data/current/subdir43/blk_-2766421905490587168
081111 050105 19 INFO dfs.FSDataset: Deleting block blk_-2771166515657606754 file /mnt/hadoop/dfs/data/current/blk_-2771166515657606754
081111 050105 19 INFO dfs.FSDataset: Deleting block blk_-2784220569032450451 file /mnt/hadoop/dfs/data/current/subdir56/blk_-2784220569032450451
081111 050105 19 INFO dfs.FSDataset: Deleting block blk_-2806672986711224682 file /mnt/hadoop/dfs/data/current/subdir45/blk_-2806672986711224682
081111 050105 19 INFO dfs.FSDataset: Deleting block blk_-2822311129983372119 file /mnt/hadoop/dfs/data/current/subdir48/blk_-2822311129983372119
081111 050105 19 INFO dfs.FSDataset: Deleting block blk_6943640142680568990 file /mnt/hadoop/dfs/data/current/blk_6943640142680568990
081111 050106 19 INFO dfs.FSDataset: Deleting block blk_-2759062613824521854 file /mnt/hadoop/dfs/data/current/subdir51/blk_-2759062613824521854
081111 050106 19 INFO dfs.FSDataset: Deleting block blk_-4492697734939923868 file /mnt/hadoop/dfs/data/current/subdir21/blk_-4492697734939923868
081111 050107 13 INFO dfs.DataBlockScanner: Verification succeeded for blk_-2145742410214533420
081111 050107 19 INFO dfs.FSDataset: Deleting block blk_-2612663014498708708 file /mnt/hadoop/dfs/data/current/subdir63/blk_-2612663014498708708
081111 050107 19 INFO dfs.FSDataset: Deleting block blk_-2615610343545599615 file /mnt/hadoop/dfs/data/current/subdir52/blk_-2615610343545599615
081111 050107 19 INFO dfs.FSDataset: Deleting block blk_-2623020495639340152 file /mnt/hadoop/dfs/data/current/subdir50/blk_-2623020495639340152
081111 050107 19 INFO dfs.FSDataset: Deleting block blk_-2627439762600979965 file /mnt/hadoop/dfs/data/current/subdir53/blk_-2627439762600979965
081111 050107 19 INFO dfs.FSDataset: Deleting block blk_-2670121681723677932 file /mnt/hadoop/dfs/data/current/subdir47/blk_-2670121681723677932
081111 050107 19 INFO dfs.FSDataset: Deleting block blk_-2697800506211296657 file /mnt/hadoop/dfs/data/current/subdir45/blk_-2697800506211296657
081111 050107 19 INFO dfs.FSDataset: Deleting block blk_-2739326241839981046 file /mnt/hadoop/dfs/data/current/subdir44/blk_-2739326241839981046
081111 050108 19 INFO dfs.FSDataset: Deleting block blk_-2532101686977968069 file /mnt/hadoop/dfs/data/current/subdir45/blk_-2532101686977968069
081111 050108 19 INFO dfs.FSDataset: Deleting block blk_-2534999479320023721 file /mnt/hadoop/dfs/data/current/subdir53/blk_-2534999479320023721
081111 050108 19 INFO dfs.FSDataset: Deleting block blk_-2540488048473943375 file /mnt/hadoop/dfs/data/current/subdir55/blk_-2540488048473943375
081111 050108 19 INFO dfs.FSDataset: Deleting block blk_-2551088558127141643 file /mnt/hadoop/dfs/data/current/subdir47/blk_-2551088558127141643
081111 050108 19 INFO dfs.FSDataset: Deleting block blk_-2601938426628105757 file /mnt/hadoop/dfs/data/current/subdir51/blk_-2601938426628105757
081111 050109 19 INFO dfs.FSDataset: Deleting block blk_-2522628815504895424 file /mnt/hadoop/dfs/data/current/subdir54/blk_-2522628815504895424
081111 050110 19 INFO dfs.FSDataset: Deleting block blk_-2450432608776678313 file /mnt/hadoop/dfs/data/current/subdir52/blk_-2450432608776678313
081111 050110 19 INFO dfs.FSDataset: Deleting block blk_-2460698806266375741 file /mnt/hadoop/dfs/data/current/blk_-2460698806266375741
081111 050110 19 INFO dfs.FSDataset: Deleting block blk_-2476921964092735317 file /mnt/hadoop/dfs/data/current/subdir45/blk_-2476921964092735317
081111 050110 19 INFO dfs.FSDataset: Deleting block blk_-2499669934505769139 file /mnt/hadoop/dfs/data/current/subdir46/blk_-2499669934505769139
081111 050111 19 INFO dfs.FSDataset: Deleting block blk_-2449061127708150021 file /mnt/hadoop/dfs/data/current/subdir53/blk_-2449061127708150021
081111 050112 19 INFO dfs.FSDataset: Deleting block blk_-2322520798745751605 file /mnt/hadoop/dfs/data/current/subdir50/blk_-2322520798745751605
081111 050112 19 INFO dfs.FSDataset: Deleting block blk_-2363419352916605717 file /mnt/hadoop/dfs/data/current/subdir48/blk_-2363419352916605717
081111 050112 19 INFO dfs.FSDataset: Deleting block blk_-2367989091305353844 file /mnt/hadoop/dfs/data/current/subdir49/blk_-2367989091305353844
081111 050112 19 INFO dfs.FSDataset: Deleting block blk_-2402254145514450222 file /mnt/hadoop/dfs/data/current/subdir42/blk_-2402254145514450222
081111 050112 19 INFO dfs.FSDataset: Deleting block blk_-2438785671656796347 file /mnt/hadoop/dfs/data/current/subdir42/blk_-2438785671656796347
081111 050112 19 INFO dfs.FSDataset: Deleting block blk_-4486341420888081985 file /mnt/hadoop/dfs/data/current/subdir18/blk_-4486341420888081985
081111 050113 13 INFO dfs.DataBlockScanner: Verification succeeded for blk_-4612490573932474724
081111 050113 19 INFO dfs.FSDataset: Deleting block blk_-2313169515464117923 file /mnt/hadoop/dfs/data/current/blk_-2313169515464117923
081111 050113 19 INFO dfs.FSDataset: Deleting block blk_-2321910196621314677 file /mnt/hadoop/dfs/data/current/subdir52/blk_-2321910196621314677
081111 050113 19 INFO dfs.FSDataset: Deleting block blk_-2321944852909486533 file /mnt/hadoop/dfs/data/current/subdir63/blk_-2321944852909486533
081111 050114 19 INFO dfs.FSDataset: Deleting block blk_-2225383054826188866 file /mnt/hadoop/dfs/data/current/subdir46/blk_-2225383054826188866
081111 050114 19 INFO dfs.FSDataset: Deleting block blk_-2249529462424220773 file /mnt/hadoop/dfs/data/current/subdir55/blk_-2249529462424220773
081111 050114 19 INFO dfs.FSDataset: Deleting block blk_-2263789715850189339 file /mnt/hadoop/dfs/data/current/subdir50/blk_-2263789715850189339
081111 050114 19 INFO dfs.FSDataset: Deleting block blk_-2296788735112174701 file /mnt/hadoop/dfs/data/current/subdir42/blk_-2296788735112174701
081111 050115 19 INFO dfs.FSDataset: Deleting block blk_-2124986062220153465 file /mnt/hadoop/dfs/data/current/subdir52/blk_-2124986062220153465
081111 050115 19 INFO dfs.FSDataset: Deleting block blk_-2165354965300803086 file /mnt/hadoop/dfs/data/current/subdir47/blk_-2165354965300803086
081111 050115 19 INFO dfs.FSDataset: Deleting block blk_-2186762989489491050 file /mnt/hadoop/dfs/data/current/subdir54/blk_-2186762989489491050
081111 050116 19 INFO dfs.FSDataset: Deleting block blk_-2114671392400998401 file /mnt/hadoop/dfs/data/current/subdir43/blk_-2114671392400998401
081111 050116 19 INFO dfs.FSDataset: Deleting block blk_-2116777424613447280 file /mnt/hadoop/dfs/data/current/subdir47/blk_-2116777424613447280
081111 050116 19 INFO dfs.FSDataset: Deleting block blk_-2123801925989625694 file /mnt/hadoop/dfs/data/current/subdir63/blk_-2123801925989625694
081111 050117 13 INFO dfs.DataBlockScanner: Verification succeeded for blk_5043564449701552005
081111 050117 19 INFO dfs.FSDataset: Deleting block blk_-2040595043865651111 file /mnt/hadoop/dfs/data/current/subdir53/blk_-2040595043865651111
081111 050117 19 INFO dfs.FSDataset: Deleting block blk_-2043249710346950693 file /mnt/hadoop/dfs/data/current/subdir43/blk_-2043249710346950693
081111 050117 19 INFO dfs.FSDataset: Deleting block blk_-2047084953608420865 file /mnt/hadoop/dfs/data/current/subdir55/blk_-2047084953608420865
081111 050117 19 INFO dfs.FSDataset: Deleting block blk_-2060649165476960333 file /mnt/hadoop/dfs/data/current/subdir52/blk_-2060649165476960333
081111 050118 19 INFO dfs.FSDataset: Deleting block blk_-1916061743227455323 file /mnt/hadoop/dfs/data/current/subdir49/blk_-1916061743227455323
081111 050118 19 INFO dfs.FSDataset: Deleting block blk_-2036173241678386764 file /mnt/hadoop/dfs/data/current/subdir44/blk_-2036173241678386764
081111 050118 19 INFO dfs.FSDataset: Deleting block blk_-4467896384454410765 file /mnt/hadoop/dfs/data/current/blk_-4467896384454410765
081111 050119 19 INFO dfs.FSDataset: Deleting block blk_-1910503570978940078 file /mnt/hadoop/dfs/data/current/subdir43/blk_-1910503570978940078
081111 050121 19 INFO dfs.FSDataset: Deleting block blk_-1901303801581199160 file /mnt/hadoop/dfs/data/current/subdir42/blk_-1901303801581199160
081111 050121 19 INFO dfs.FSDataset: Deleting block blk_-1903474295529399925 file /mnt/hadoop/dfs/data/current/subdir51/blk_-1903474295529399925
081111 050122 13 INFO dfs.DataBlockScanner: Verification succeeded for blk_-5126620094061965608
081111 050122 19 INFO dfs.FSDataset: Deleting block blk_-1678576999235517102 file /mnt/hadoop/dfs/data/current/subdir47/blk_-1678576999235517102
081111 050122 19 INFO dfs.FSDataset: Deleting block blk_-1764463841664443424 file /mnt/hadoop/dfs/data/current/subdir53/blk_-1764463841664443424
081111 050122 19 INFO dfs.FSDataset: Deleting block blk_-1848173411067666721 file /mnt/hadoop/dfs/data/current/subdir54/blk_-1848173411067666721
081111 050122 19 INFO dfs.FSDataset: Deleting block blk_-1856568213211158303 file /mnt/hadoop/dfs/data/current/subdir43/blk_-1856568213211158303
081111 050122 19 INFO dfs.FSDataset: Deleting block blk_-1886722070587253215 file /mnt/hadoop/dfs/data/current/subdir52/blk_-1886722070587253215
081111 050123 13 INFO dfs.DataBlockScanner: Verification succeeded for blk_-2293342603639954442
081111 050123 13 INFO dfs.DataBlockScanner: Verification succeeded for blk_59538676253209537
081111 050123 19 INFO dfs.FSDataset: Deleting block blk_-1591006420943319764 file /mnt/hadoop/dfs/data/current/subdir47/blk_-1591006420943319764
081111 050123 19 INFO dfs.FSDataset: Deleting block blk_-1625963541053856063 file /mnt/hadoop/dfs/data/current/subdir51/blk_-1625963541053856063
081111 050123 19 INFO dfs.FSDataset: Deleting block blk_-1660676868006698386 file /mnt/hadoop/dfs/data/current/subdir54/blk_-1660676868006698386
081111 050123 19 INFO dfs.FSDataset: Deleting block blk_-4404169230491257720 file /mnt/hadoop/dfs/data/current/subdir22/blk_-4404169230491257720
081111 050124 13 INFO dfs.DataBlockScanner: Verification succeeded for blk_-6964489175749939453
081111 050124 19 INFO dfs.FSDataset: Deleting block blk_-1553010122094427912 file /mnt/hadoop/dfs/data/current/subdir55/blk_-1553010122094427912
081111 050126 19 INFO dfs.FSDataset: Deleting block blk_-1454180604336519770 file /mnt/hadoop/dfs/data/current/subdir49/blk_-1454180604336519770
081111 050126 19 INFO dfs.FSDataset: Deleting block blk_-1460796803971862151 file /mnt/hadoop/dfs/data/current/subdir51/blk_-1460796803971862151
081111 050126 19 INFO dfs.FSDataset: Deleting block blk_-1490752835882343593 file /mnt/hadoop/dfs/data/current/subdir54/blk_-1490752835882343593
081111 050126 19 INFO dfs.FSDataset: Deleting block blk_-1495948484416703083 file /mnt/hadoop/dfs/data/current/subdir49/blk_-1495948484416703083
081111 050126 19 INFO dfs.FSDataset: Deleting block blk_-1523797471178905151 file /mnt/hadoop/dfs/data/current/subdir48/blk_-1523797471178905151
081111 050127 19 INFO dfs.FSDataset: Deleting block blk_-1366814536359070478 file /mnt/hadoop/dfs/data/current/subdir48/blk_-1366814536359070478
081111 050127 19 INFO dfs.FSDataset: Deleting block blk_-1389686081981440558 file /mnt/hadoop/dfs/data/current/subdir45/blk_-1389686081981440558
081111 050127 19 INFO dfs.FSDataset: Deleting block blk_-1411617143720256387 file /mnt/hadoop/dfs/data/current/subdir55/blk_-1411617143720256387
081111 050127 19 INFO dfs.FSDataset: Deleting block blk_-1416865698186028519 file /mnt/hadoop/dfs/data/current/subdir43/blk_-1416865698186028519
081111 050127 19 INFO dfs.FSDataset: Deleting block blk_-1418740719438242982 file /mnt/hadoop/dfs/data/current/subdir51/blk_-1418740719438242982
081111 050128 19 INFO dfs.FSDataset: Deleting block blk_-1290891165876402136 file /mnt/hadoop/dfs/data/current/subdir54/blk_-1290891165876402136
081111 050128 19 INFO dfs.FSDataset: Deleting block blk_-1299461105079473540 file /mnt/hadoop/dfs/data/current/subdir52/blk_-1299461105079473540
081111 050128 19 INFO dfs.FSDataset: Deleting block blk_-1325497108017134245 file /mnt/hadoop/dfs/data/current/blk_-1325497108017134245
081111 050129 19 INFO dfs.FSDataset: Deleting block blk_-1208571736615335670 file /mnt/hadoop/dfs/data/current/subdir50/blk_-1208571736615335670
081111 050129 19 INFO dfs.FSDataset: Deleting block blk_-1285961141029914008 file /mnt/hadoop/dfs/data/current/subdir49/blk_-1285961141029914008
081111 050130 19 INFO dfs.FSDataset: Deleting block blk_-1203885382035640648 file /mnt/hadoop/dfs/data/current/subdir48/blk_-1203885382035640648
081111 050130 19 INFO dfs.FSDataset: Deleting block blk_-4388789989861775532 file /mnt/hadoop/dfs/data/current/subdir22/blk_-4388789989861775532
081111 050131 19 INFO dfs.FSDataset: Deleting block blk_-1121099456500374351 file /mnt/hadoop/dfs/data/current/subdir53/blk_-1121099456500374351
081111 050131 19 INFO dfs.FSDataset: Deleting block blk_-1169784583555891677 file /mnt/hadoop/dfs/data/current/subdir47/blk_-1169784583555891677
081111 050131 19 INFO dfs.FSDataset: Deleting block blk_-1181347767258356490 file /mnt/hadoop/dfs/data/current/subdir42/blk_-1181347767258356490
081111 050132 13 INFO dfs.DataBlockScanner: Verification succeeded for blk_-8708489027937429467
081111 050132 19 INFO dfs.FSDataset: Deleting block blk_-1044119089971620696 file /mnt/hadoop/dfs/data/current/subdir46/blk_-1044119089971620696
081111 050132 19 INFO dfs.FSDataset: Deleting block blk_-1063664654528531514 file /mnt/hadoop/dfs/data/current/subdir47/blk_-1063664654528531514
081111 050132 19 INFO dfs.FSDataset: Deleting block blk_-1070272075760447326 file /mnt/hadoop/dfs/data/current/subdir56/blk_-1070272075760447326
081111 050133 19 INFO dfs.FSDataset: Deleting block blk_-1028061594134928044 file /mnt/hadoop/dfs/data/current/subdir49/blk_-1028061594134928044
081111 050133 19 INFO dfs.FSDataset: Deleting block blk_-1033023976506130543 file /mnt/hadoop/dfs/data/current/subdir52/blk_-1033023976506130543
081111 050134 13 INFO dfs.DataBlockScanner: Verification succeeded for blk_-4029662144946339984
081111 050134 19 INFO dfs.FSDataset: Deleting block blk_-1026186885187513136 file /mnt/hadoop/dfs/data/current/subdir46/blk_-1026186885187513136
081111 050136 19 INFO dfs.FSDataset: Deleting block blk_-4376402887359579290 file /mnt/hadoop/dfs/data/current/blk_-4376402887359579290
081111 050137 19 INFO dfs.FSDataset: Deleting block blk_-1004165820501088245 file /mnt/hadoop/dfs/data/current/subdir43/blk_-1004165820501088245
081111 050138 19 INFO dfs.FSDataset: Deleting block blk_-888175340410801361 file /mnt/hadoop/dfs/data/current/subdir43/blk_-888175340410801361
081111 050138 19 INFO dfs.FSDataset: Deleting block blk_-948211661752789259 file /mnt/hadoop/dfs/data/current/subdir48/blk_-948211661752789259
081111 050138 19 INFO dfs.FSDataset: Deleting block blk_-986422521685025110 file /mnt/hadoop/dfs/data/current/subdir47/blk_-986422521685025110
081111 050138 19 INFO dfs.FSDataset: Deleting block blk_-987941384783887526 file /mnt/hadoop/dfs/data/current/subdir50/blk_-987941384783887526
081111 050139 19 INFO dfs.FSDataset: Deleting block blk_-857098197960239226 file /mnt/hadoop/dfs/data/current/subdir45/blk_-857098197960239226
081111 050140 19 INFO dfs.FSDataset: Deleting block blk_-838924194416404497 file /mnt/hadoop/dfs/data/current/subdir49/blk_-838924194416404497
081111 050140 19 INFO dfs.FSDataset: Deleting block blk_-838971629682457116 file /mnt/hadoop/dfs/data/current/subdir55/blk_-838971629682457116
081111 050141 19 INFO dfs.FSDataset: Deleting block blk_-752091966498881380 file /mnt/hadoop/dfs/data/current/subdir49/blk_-752091966498881380
081111 050141 19 INFO dfs.FSDataset: Deleting block blk_-754444750293784898 file /mnt/hadoop/dfs/data/current/subdir55/blk_-754444750293784898
081111 050141 19 INFO dfs.FSDataset: Deleting block blk_-783178528396049750 file /mnt/hadoop/dfs/data/current/subdir52/blk_-783178528396049750
081111 050141 19 INFO dfs.FSDataset: Deleting block blk_-834781389385790883 file /mnt/hadoop/dfs/data/current/subdir45/blk_-834781389385790883
081111 050142 19 INFO dfs.FSDataset: Deleting block blk_-721026326444305273 file /mnt/hadoop/dfs/data/current/subdir43/blk_-721026326444305273
081111 050143 19 INFO dfs.FSDataset: Deleting block blk_-4344262033246163285 file /mnt/hadoop/dfs/data/current/subdir19/blk_-4344262033246163285
081111 050143 19 INFO dfs.FSDataset: Deleting block blk_-702734228256607821 file /mnt/hadoop/dfs/data/current/subdir49/blk_-702734228256607821
081111 050144 19 INFO dfs.FSDataset: Deleting block blk_-660013383189333861 file /mnt/hadoop/dfs/data/current/subdir47/blk_-660013383189333861
081111 050146 19 INFO dfs.FSDataset: Deleting block blk_-646946545280096433 file /mnt/hadoop/dfs/data/current/subdir45/blk_-646946545280096433
081111 050147 19 INFO dfs.FSDataset: Deleting block blk_-398271896579253307 file /mnt/hadoop/dfs/data/current/subdir47/blk_-398271896579253307
081111 050147 19 INFO dfs.FSDataset: Deleting block blk_-407112071527323464 file /mnt/hadoop/dfs/data/current/subdir50/blk_-407112071527323464
081111 050147 19 INFO dfs.FSDataset: Deleting block blk_-458996193081484820 file /mnt/hadoop/dfs/data/current/subdir44/blk_-458996193081484820
081111 050147 19 INFO dfs.FSDataset: Deleting block blk_-499680117534617747 file /mnt/hadoop/dfs/data/current/subdir43/blk_-499680117534617747
081111 050147 19 INFO dfs.FSDataset: Deleting block blk_-503879878906795723 file /mnt/hadoop/dfs/data/current/subdir51/blk_-503879878906795723
081111 050147 19 INFO dfs.FSDataset: Deleting block blk_-555589353141301598 file /mnt/hadoop/dfs/data/current/subdir52/blk_-555589353141301598
081111 050147 19 INFO dfs.FSDataset: Deleting block blk_-588922390694232067 file /mnt/hadoop/dfs/data/current/subdir52/blk_-588922390694232067
081111 050147 19 INFO dfs.FSDataset: Deleting block blk_-608388856480281809 file /mnt/hadoop/dfs/data/current/blk_-608388856480281809
081111 050147 19 INFO dfs.FSDataset: Deleting block blk_-642432470588119133 file /mnt/hadoop/dfs/data/current/subdir50/blk_-642432470588119133
081111 050148 19 INFO dfs.FSDataset: Deleting block blk_-275294198409702612 file /mnt/hadoop/dfs/data/current/subdir42/blk_-275294198409702612
081111 050148 19 INFO dfs.FSDataset: Deleting block blk_-282087299134940738 file /mnt/hadoop/dfs/data/current/subdir53/blk_-282087299134940738
081111 050148 19 INFO dfs.FSDataset: Deleting block blk_-318352086915102682 file /mnt/hadoop/dfs/data/current/subdir44/blk_-318352086915102682
081111 050148 19 INFO dfs.FSDataset: Deleting block blk_-324797813092005921 file /mnt/hadoop/dfs/data/current/subdir55/blk_-324797813092005921
081111 050148 19 INFO dfs.FSDataset: Deleting block blk_-338559918021220352 file /mnt/hadoop/dfs/data/current/subdir51/blk_-338559918021220352
081111 050148 19 INFO dfs.FSDataset: Deleting block blk_-378200868165472570 file /mnt/hadoop/dfs/data/current/subdir52/blk_-378200868165472570
081111 050148 19 INFO dfs.FSDataset: Deleting block blk_-394446547396639161 file /mnt/hadoop/dfs/data/current/subdir55/blk_-394446547396639161
081111 050149 19 INFO dfs.FSDataset: Deleting block blk_-242946108501170429 file /mnt/hadoop/dfs/data/current/subdir48/blk_-242946108501170429
081111 050149 19 INFO dfs.FSDataset: Deleting block blk_-247437380901492726 file /mnt/hadoop/dfs/data/current/subdir63/blk_-247437380901492726
081111 050149 19 INFO dfs.FSDataset: Deleting block blk_-258208676394879471 file /mnt/hadoop/dfs/data/current/subdir55/blk_-258208676394879471
081111 050149 19 INFO dfs.FSDataset: Deleting block blk_-266159926975874708 file /mnt/hadoop/dfs/data/current/subdir44/blk_-266159926975874708
081111 050149 19 INFO dfs.FSDataset: Deleting block blk_-4333630569080428004 file /mnt/hadoop/dfs/data/current/subdir22/blk_-4333630569080428004
081111 050151 19 INFO dfs.FSDataset: Deleting block blk_-4272155908313168596 file /mnt/hadoop/dfs/data/current/subdir20/blk_-4272155908313168596
081111 050152 19 INFO dfs.FSDataset: Deleting block blk_-234410537441426051 file /mnt/hadoop/dfs/data/current/subdir53/blk_-234410537441426051
081111 050153 19 INFO dfs.FSDataset: Deleting block blk_-219736057377938961 file /mnt/hadoop/dfs/data/current/subdir48/blk_-219736057377938961
081111 050153 19 INFO dfs.FSDataset: Deleting block blk_-220737590458956427 file /mnt/hadoop/dfs/data/current/subdir42/blk_-220737590458956427
081111 050154 13 INFO dfs.DataBlockScanner: Verification succeeded for blk_7935049790161884659
081111 050154 19 INFO dfs.FSDataset: Deleting block blk_-173930349027861467 file /mnt/hadoop/dfs/data/current/subdir48/blk_-173930349027861467
081111 050154 19 INFO dfs.FSDataset: Deleting block blk_-182923938491030246 file /mnt/hadoop/dfs/data/current/subdir48/blk_-182923938491030246
081111 050154 19 INFO dfs.FSDataset: Deleting block blk_-188650847653855942 file /mnt/hadoop/dfs/data/current/subdir46/blk_-188650847653855942
081111 050155 19 INFO dfs.FSDataset: Deleting block blk_6183119066339739966 file /mnt/hadoop/dfs/data/current/subdir12/blk_6183119066339739966
081111 050156 19 INFO dfs.FSDataset: Deleting block blk_-145465118678548281 file /mnt/hadoop/dfs/data/current/subdir42/blk_-145465118678548281
081111 050156 19 INFO dfs.FSDataset: Deleting block blk_-4271727999857444726 file /mnt/hadoop/dfs/data/current/subdir22/blk_-4271727999857444726
081111 050157 19 INFO dfs.FSDataset: Deleting block blk_-65220412610469666 file /mnt/hadoop/dfs/data/current/subdir54/blk_-65220412610469666
081111 050157 19 INFO dfs.FSDataset: Deleting block blk_-81539158690235728 file /mnt/hadoop/dfs/data/current/subdir55/blk_-81539158690235728
081111 050158 13 INFO dfs.DataBlockScanner: Verification succeeded for blk_6570903228324075217
081111 050158 19 INFO dfs.FSDataset: Deleting block blk_-57496359791892585 file /mnt/hadoop/dfs/data/current/subdir53/blk_-57496359791892585
081111 050159 13 INFO dfs.DataBlockScanner: Verification succeeded for blk_-8751311511889357069
081111 050159 19 INFO dfs.FSDataset: Deleting block blk_-19132062052842092 file /mnt/hadoop/dfs/data/current/subdir54/blk_-19132062052842092
081111 050159 19 INFO dfs.FSDataset: Deleting block blk_-20853571402338765 file /mnt/hadoop/dfs/data/current/subdir51/blk_-20853571402338765
081111 050159 19 INFO dfs.FSDataset: Deleting block blk_-2623416675652331272 file /mnt/hadoop/dfs/data/current/subdir29/blk_-2623416675652331272
081111 050159 19 INFO dfs.FSDataset: Deleting block blk_-27613149914759407 file /mnt/hadoop/dfs/data/current/subdir48/blk_-27613149914759407
081111 050159 19 INFO dfs.FSDataset: Deleting block blk_3138528865940364457 file /mnt/hadoop/dfs/data/current/subdir0/blk_3138528865940364457
081111 050159 19 INFO dfs.FSDataset: Deleting block blk_-3513668252487119 file /mnt/hadoop/dfs/data/current/blk_-3513668252487119
081111 050159 19 INFO dfs.FSDataset: Deleting block blk_-4262646822082772935 file /mnt/hadoop/dfs/data/current/subdir21/blk_-4262646822082772935
081111 050159 19 INFO dfs.FSDataset: Deleting block blk_-4318580529561113 file /mnt/hadoop/dfs/data/current/subdir48/blk_-4318580529561113
081111 050159 19 INFO dfs.FSDataset: Deleting block blk_-5045144756510626150 file /mnt/hadoop/dfs/data/current/subdir56/blk_-5045144756510626150
081111 050159 19 INFO dfs.FSDataset: Deleting block blk_-7096761259845787702 file /mnt/hadoop/dfs/data/current/subdir16/blk_-7096761259845787702
081111 050200 18 INFO dfs.FSDataset: Deleting block blk_-6798363867478204139 file /mnt/hadoop/dfs/data/current/subdir27/blk_-6798363867478204139
081111 050200 19 INFO dfs.FSDataset: Deleting block blk_-1307194606560428311 file /mnt/hadoop/dfs/data/current/subdir6/blk_-1307194606560428311
081111 050200 19 INFO dfs.FSDataset: Deleting block blk_1370157082054943084 file /mnt/hadoop/dfs/data/current/subdir12/blk_1370157082054943084
081111 050200 19 INFO dfs.FSDataset: Deleting block blk_-1391028917183580 file /mnt/hadoop/dfs/data/current/subdir55/blk_-1391028917183580
081111 050200 19 INFO dfs.FSDataset: Deleting block blk_1590199011323801375 file /mnt/hadoop/dfs/data/current/subdir53/blk_1590199011323801375
081111 050200 19 INFO dfs.FSDataset: Deleting block blk_-1911219968433509759 file /mnt/hadoop/dfs/data/current/subdir9/blk_-1911219968433509759
081111 050200 19 INFO dfs.FSDataset: Deleting block blk_-2290427324890649148 file /mnt/hadoop/dfs/data/current/subdir7/blk_-2290427324890649148
081111 050200 19 INFO dfs.FSDataset: Deleting block blk_2501474452214723887 file /mnt/hadoop/dfs/data/current/subdir54/blk_2501474452214723887
081111 050200 19 INFO dfs.FSDataset: Deleting block blk_-2801330474103171888 file /mnt/hadoop/dfs/data/current/subdir39/blk_-2801330474103171888
081111 050200 19 INFO dfs.FSDataset: Deleting block blk_-3403184044742203263 file /mnt/hadoop/dfs/data/current/subdir37/blk_-3403184044742203263
081111 050200 19 INFO dfs.FSDataset: Deleting block blk_-4908766336508700237 file /mnt/hadoop/dfs/data/current/subdir8/blk_-4908766336508700237
081111 050200 19 INFO dfs.FSDataset: Deleting block blk_-5127964626786752033 file /mnt/hadoop/dfs/data/current/subdir45/blk_-5127964626786752033
081111 050200 19 INFO dfs.FSDataset: Deleting block blk_5245201709372394355 file /mnt/hadoop/dfs/data/current/subdir57/blk_5245201709372394355
081111 050200 19 INFO dfs.FSDataset: Deleting block blk_5631143400420392748 file /mnt/hadoop/dfs/data/current/subdir16/blk_5631143400420392748
081111 050200 19 INFO dfs.FSDataset: Deleting block blk_-5880851838852508825 file /mnt/hadoop/dfs/data/current/subdir17/blk_-5880851838852508825
081111 050200 19 INFO dfs.FSDataset: Deleting block blk_-6011230079668384498 file /mnt/hadoop/dfs/data/current/subdir31/blk_-6011230079668384498
081111 050200 19 INFO dfs.FSDataset: Deleting block blk_-6172720725714119017 file /mnt/hadoop/dfs/data/current/subdir31/blk_-6172720725714119017
081111 050200 19 INFO dfs.FSDataset: Deleting block blk_6398954314152006276 file /mnt/hadoop/dfs/data/current/subdir50/blk_6398954314152006276
081111 050200 19 INFO dfs.FSDataset: Deleting block blk_-6427498333881469153 file /mnt/hadoop/dfs/data/current/subdir56/blk_-6427498333881469153
081111 050200 19 INFO dfs.FSDataset: Deleting block blk_6662589818782802968 file /mnt/hadoop/dfs/data/current/subdir14/blk_6662589818782802968
081111 050200 19 INFO dfs.FSDataset: Deleting block blk_-7078402906213013306 file /mnt/hadoop/dfs/data/current/subdir14/blk_-7078402906213013306
081111 050200 19 INFO dfs.FSDataset: Deleting block blk_7080654202909793774 file /mnt/hadoop/dfs/data/current/subdir24/blk_7080654202909793774
081111 050200 19 INFO dfs.FSDataset: Deleting block blk_7511886852471714387 file /mnt/hadoop/dfs/data/current/subdir44/blk_7511886852471714387
081111 050200 19 INFO dfs.FSDataset: Deleting block blk_765862315716134311 file /mnt/hadoop/dfs/data/current/subdir9/blk_765862315716134311
081111 050200 19 INFO dfs.FSDataset: Deleting block blk_8620168693542617014 file /mnt/hadoop/dfs/data/current/subdir14/blk_8620168693542617014
081111 050200 19 INFO dfs.FSDataset: Deleting block blk_8693484520727562405 file /mnt/hadoop/dfs/data/current/subdir18/blk_8693484520727562405
081111 050200 19 INFO dfs.FSDataset: Deleting block blk_-8924995820328699977 file /mnt/hadoop/dfs/data/current/subdir23/blk_-8924995820328699977
081111 050201 19 INFO dfs.FSDataset: Deleting block blk_106666730732769658 file /mnt/hadoop/dfs/data/current/subdir43/blk_106666730732769658
081111 050201 19 INFO dfs.FSDataset: Deleting block blk_-1124756897240082649 file /mnt/hadoop/dfs/data/current/subdir27/blk_-1124756897240082649
081111 050201 19 INFO dfs.FSDataset: Deleting block blk_-1311976739916489373 file /mnt/hadoop/dfs/data/current/subdir45/blk_-1311976739916489373
081111 050201 19 INFO dfs.FSDataset: Deleting block blk_-1317619555359658107 file /mnt/hadoop/dfs/data/current/subdir25/blk_-1317619555359658107
081111 050201 19 INFO dfs.FSDataset: Deleting block blk_-1436419295646776390 file /mnt/hadoop/dfs/data/current/subdir37/blk_-1436419295646776390
081111 050201 19 INFO dfs.FSDataset: Deleting block blk_1638449906190970300 file /mnt/hadoop/dfs/data/current/subdir18/blk_1638449906190970300
081111 050201 19 INFO dfs.FSDataset: Deleting block blk_289878492777781744 file /mnt/hadoop/dfs/data/current/subdir45/blk_289878492777781744
081111 050201 19 INFO dfs.FSDataset: Deleting block blk_3327189652383595148 file /mnt/hadoop/dfs/data/current/subdir24/blk_3327189652383595148
081111 050201 19 INFO dfs.FSDataset: Deleting block blk_3526305887089294017 file /mnt/hadoop/dfs/data/current/subdir21/blk_3526305887089294017
081111 050201 19 INFO dfs.FSDataset: Deleting block blk_4160086240496474615 file /mnt/hadoop/dfs/data/current/subdir28/blk_4160086240496474615
081111 050201 19 INFO dfs.FSDataset: Deleting block blk_-4353277642250622010 file /mnt/hadoop/dfs/data/current/subdir51/blk_-4353277642250622010
081111 050201 19 INFO dfs.FSDataset: Deleting block blk_-4488278292623850673 file /mnt/hadoop/dfs/data/current/subdir44/blk_-4488278292623850673
081111 050201 19 INFO dfs.FSDataset: Deleting block blk_-4749446581493237503 file /mnt/hadoop/dfs/data/current/subdir53/blk_-4749446581493237503
081111 050201 19 INFO dfs.FSDataset: Deleting block blk_5037602641135020 file /mnt/hadoop/dfs/data/current/subdir47/blk_5037602641135020
081111 050201 19 INFO dfs.FSDataset: Deleting block blk_5248431706625489737 file /mnt/hadoop/dfs/data/current/subdir16/blk_5248431706625489737
081111 050201 19 INFO dfs.FSDataset: Deleting block blk_-5358278671023261950 file /mnt/hadoop/dfs/data/current/subdir61/blk_-5358278671023261950
081111 050201 19 INFO dfs.FSDataset: Deleting block blk_5566017485642373513 file /mnt/hadoop/dfs/data/current/subdir58/blk_5566017485642373513
081111 050201 19 INFO dfs.FSDataset: Deleting block blk_-5688420431157681828 file /mnt/hadoop/dfs/data/current/subdir59/blk_-5688420431157681828
081111 050201 19 INFO dfs.FSDataset: Deleting block blk_-5917250400836020346 file /mnt/hadoop/dfs/data/current/subdir26/blk_-5917250400836020346
081111 050201 19 INFO dfs.FSDataset: Deleting block blk_-6980852861428141026 file /mnt/hadoop/dfs/data/current/subdir15/blk_-6980852861428141026
081111 050201 19 INFO dfs.FSDataset: Deleting block blk_-7053340342409796709 file /mnt/hadoop/dfs/data/current/subdir61/blk_-7053340342409796709
081111 050201 19 INFO dfs.FSDataset: Deleting block blk_-730011113124416460 file /mnt/hadoop/dfs/data/current/subdir13/blk_-730011113124416460
081111 050201 19 INFO dfs.FSDataset: Deleting block blk_-7635487378593679293 file /mnt/hadoop/dfs/data/current/subdir35/blk_-7635487378593679293
081111 050201 19 INFO dfs.FSDataset: Deleting block blk_77003875332081350 file /mnt/hadoop/dfs/data/current/subdir49/blk_77003875332081350
081111 050201 19 INFO dfs.FSDataset: Deleting block blk_-7728590502682425635 file /mnt/hadoop/dfs/data/current/subdir48/blk_-7728590502682425635
081111 050201 19 INFO dfs.FSDataset: Deleting block blk_77517938787043428 file /mnt/hadoop/dfs/data/current/subdir45/blk_77517938787043428
081111 050201 19 INFO dfs.FSDataset: Deleting block blk_79894297935773519 file /mnt/hadoop/dfs/data/current/subdir46/blk_79894297935773519
081111 050201 19 INFO dfs.FSDataset: Deleting block blk_8723098667092295151 file /mnt/hadoop/dfs/data/current/subdir30/blk_8723098667092295151
081111 050201 19 INFO dfs.FSDataset: Deleting block blk_-8840776894774116564 file /mnt/hadoop/dfs/data/current/subdir22/blk_-8840776894774116564
081111 050201 19 INFO dfs.FSDataset: Deleting block blk_9041125105835658514 file /mnt/hadoop/dfs/data/current/subdir41/blk_9041125105835658514
081111 050201 19 INFO dfs.FSDataset: Deleting block blk_928050162784819470 file /mnt/hadoop/dfs/data/current/subdir37/blk_928050162784819470
081111 050202 18 INFO dfs.FSDataset: Deleting block blk_-2579000145750888968 file /mnt/hadoop/dfs/data/current/subdir22/blk_-2579000145750888968
081111 050202 18 INFO dfs.FSDataset: Deleting block blk_3892860055991613192 file /mnt/hadoop/dfs/data/current/subdir30/blk_3892860055991613192
081111 050202 19 INFO dfs.FSDataset: Deleting block blk_-1060774765824706733 file /mnt/hadoop/dfs/data/current/subdir43/blk_-1060774765824706733
081111 050202 19 INFO dfs.FSDataset: Deleting block blk_1166020309963994270 file /mnt/hadoop/dfs/data/current/subdir0/blk_1166020309963994270
081111 050202 19 INFO dfs.FSDataset: Deleting block blk_-1259412848186511120 file /mnt/hadoop/dfs/data/current/subdir13/blk_-1259412848186511120
081111 050202 19 INFO dfs.FSDataset: Deleting block blk_1282671453441931968 file /mnt/hadoop/dfs/data/current/subdir55/blk_1282671453441931968
081111 050202 19 INFO dfs.FSDataset: Deleting block blk_1351901275027056776 file /mnt/hadoop/dfs/data/current/subdir59/blk_1351901275027056776
081111 050202 19 INFO dfs.FSDataset: Deleting block blk_1361234530812094185 file /mnt/hadoop/dfs/data/current/subdir30/blk_1361234530812094185
081111 050202 19 INFO dfs.FSDataset: Deleting block blk_-1484454237547609345 file /mnt/hadoop/dfs/data/current/subdir5/blk_-1484454237547609345
081111 050202 19 INFO dfs.FSDataset: Deleting block blk_150759120583178589 file /mnt/hadoop/dfs/data/current/subdir48/blk_150759120583178589
081111 050202 19 INFO dfs.FSDataset: Deleting block blk_-154600013573668394 file /mnt/hadoop/dfs/data/current/subdir53/blk_-154600013573668394
081111 050202 19 INFO dfs.FSDataset: Deleting block blk_-1648544399468856257 file /mnt/hadoop/dfs/data/current/subdir3/blk_-1648544399468856257
081111 050202 19 INFO dfs.FSDataset: Deleting block blk_1700818127755290804 file /mnt/hadoop/dfs/data/current/subdir11/blk_1700818127755290804
081111 050202 19 INFO dfs.FSDataset: Deleting block blk_180028673308537650 file /mnt/hadoop/dfs/data/current/blk_180028673308537650
081111 050202 19 INFO dfs.FSDataset: Deleting block blk_189460139184360297 file /mnt/hadoop/dfs/data/current/subdir55/blk_189460139184360297
081111 050202 19 INFO dfs.FSDataset: Deleting block blk_192065791347373981 file /mnt/hadoop/dfs/data/current/subdir43/blk_192065791347373981
081111 050202 19 INFO dfs.FSDataset: Deleting block blk_-2053223430132514551 file /mnt/hadoop/dfs/data/current/subdir59/blk_-2053223430132514551
081111 050202 19 INFO dfs.FSDataset: Deleting block blk_-2053395598096799659 file /mnt/hadoop/dfs/data/current/subdir14/blk_-2053395598096799659
081111 050202 19 INFO dfs.FSDataset: Deleting block blk_-2061390662344687438 file /mnt/hadoop/dfs/data/current/subdir59/blk_-2061390662344687438
081111 050202 19 INFO dfs.FSDataset: Deleting block blk_-2268287553447069566 file /mnt/hadoop/dfs/data/current/subdir22/blk_-2268287553447069566
081111 050202 19 INFO dfs.FSDataset: Deleting block blk_-2420099873337475867 file /mnt/hadoop/dfs/data/current/subdir55/blk_-2420099873337475867
081111 050202 19 INFO dfs.FSDataset: Deleting block blk_249846220161363760 file /mnt/hadoop/dfs/data/current/subdir54/blk_249846220161363760
081111 050202 19 INFO dfs.FSDataset: Deleting block blk_-2565820084746490828 file /mnt/hadoop/dfs/data/current/subdir12/blk_-2565820084746490828
081111 050202 19 INFO dfs.FSDataset: Deleting block blk_2679767897964759066 file /mnt/hadoop/dfs/data/current/subdir30/blk_2679767897964759066
081111 050202 19 INFO dfs.FSDataset: Deleting block blk_2742043129861473940 file /mnt/hadoop/dfs/data/current/subdir25/blk_2742043129861473940
081111 050202 19 INFO dfs.FSDataset: Deleting block blk_280586842917249597 file /mnt/hadoop/dfs/data/current/subdir43/blk_280586842917249597
081111 050202 19 INFO dfs.FSDataset: Deleting block blk_283041440966876926 file /mnt/hadoop/dfs/data/current/subdir55/blk_283041440966876926
081111 050202 19 INFO dfs.FSDataset: Deleting block blk_-2972785782691459930 file /mnt/hadoop/dfs/data/current/subdir23/blk_-2972785782691459930
081111 050202 19 INFO dfs.FSDataset: Deleting block blk_-328184881305454918 file /mnt/hadoop/dfs/data/current/subdir51/blk_-328184881305454918
081111 050202 19 INFO dfs.FSDataset: Deleting block blk_376113157996933322 file /mnt/hadoop/dfs/data/current/subdir46/blk_376113157996933322
081111 050202 19 INFO dfs.FSDataset: Deleting block blk_376281707181837068 file /mnt/hadoop/dfs/data/current/subdir46/blk_376281707181837068
081111 050202 19 INFO dfs.FSDataset: Deleting block blk_3799066438435640351 file /mnt/hadoop/dfs/data/current/subdir6/blk_3799066438435640351
081111 050202 19 INFO dfs.FSDataset: Deleting block blk_3855590356038554176 file /mnt/hadoop/dfs/data/current/subdir57/blk_3855590356038554176
081111 050202 19 INFO dfs.FSDataset: Deleting block blk_3971280432092660389 file /mnt/hadoop/dfs/data/current/subdir35/blk_3971280432092660389
081111 050202 19 INFO dfs.FSDataset: Deleting block blk_3998699292780369635 file /mnt/hadoop/dfs/data/current/subdir13/blk_3998699292780369635
081111 050202 19 INFO dfs.FSDataset: Deleting block blk_-4016440996219085831 file /mnt/hadoop/dfs/data/current/subdir23/blk_-4016440996219085831
081111 050202 19 INFO dfs.FSDataset: Deleting block blk_4039268104999340451 file /mnt/hadoop/dfs/data/current/subdir24/blk_4039268104999340451
081111 050202 19 INFO dfs.FSDataset: Deleting block blk_4135961393491233786 file /mnt/hadoop/dfs/data/current/subdir27/blk_4135961393491233786
081111 050202 19 INFO dfs.FSDataset: Deleting block blk_-4181853851448903779 file /mnt/hadoop/dfs/data/current/subdir18/blk_-4181853851448903779
081111 050202 19 INFO dfs.FSDataset: Deleting block blk_4284688617983009262 file /mnt/hadoop/dfs/data/current/subdir12/blk_4284688617983009262
081111 050202 19 INFO dfs.FSDataset: Deleting block blk_-4603498808077439024 file /mnt/hadoop/dfs/data/current/subdir22/blk_-4603498808077439024
081111 050202 19 INFO dfs.FSDataset: Deleting block blk_-4820952717561967344 file /mnt/hadoop/dfs/data/current/subdir60/blk_-4820952717561967344
081111 050202 19 INFO dfs.FSDataset: Deleting block blk_-5414463238003700273 file /mnt/hadoop/dfs/data/current/subdir49/blk_-5414463238003700273
081111 050202 19 INFO dfs.FSDataset: Deleting block blk_-5479354145807660469 file /mnt/hadoop/dfs/data/current/subdir42/blk_-5479354145807660469
081111 050202 19 INFO dfs.FSDataset: Deleting block blk_5718657311223039033 file /mnt/hadoop/dfs/data/current/subdir4/blk_5718657311223039033
081111 050202 19 INFO dfs.FSDataset: Deleting block blk_6050772869675559644 file /mnt/hadoop/dfs/data/current/subdir36/blk_6050772869675559644
081111 050202 19 INFO dfs.FSDataset: Deleting block blk_-613284482107548441 file /mnt/hadoop/dfs/data/current/subdir33/blk_-613284482107548441
081111 050202 19 INFO dfs.FSDataset: Deleting block blk_-6540455811923725840 file /mnt/hadoop/dfs/data/current/subdir22/blk_-6540455811923725840
081111 050202 19 INFO dfs.FSDataset: Deleting block blk_-6624156494922281539 file /mnt/hadoop/dfs/data/current/subdir24/blk_-6624156494922281539
081111 050202 19 INFO dfs.FSDataset: Deleting block blk_-662812684367045800 file /mnt/hadoop/dfs/data/current/subdir33/blk_-662812684367045800
081111 050202 19 INFO dfs.FSDataset: Deleting block blk_6673349560386299698 file /mnt/hadoop/dfs/data/current/subdir36/blk_6673349560386299698
081111 050202 19 INFO dfs.FSDataset: Deleting block blk_-6821531572808680617 file /mnt/hadoop/dfs/data/current/subdir22/blk_-6821531572808680617
081111 050202 19 INFO dfs.FSDataset: Deleting block blk_7054930979344338627 file /mnt/hadoop/dfs/data/current/subdir1/blk_7054930979344338627
081111 050202 19 INFO dfs.FSDataset: Deleting block blk_-74511355666073839 file /mnt/hadoop/dfs/data/current/subdir37/blk_-74511355666073839
081111 050202 19 INFO dfs.FSDataset: Deleting block blk_-7598975233423282549 file /mnt/hadoop/dfs/data/current/subdir34/blk_-7598975233423282549
081111 050202 19 INFO dfs.FSDataset: Deleting block blk_-7719605769736195884 file /mnt/hadoop/dfs/data/current/subdir27/blk_-7719605769736195884
081111 050202 19 INFO dfs.FSDataset: Deleting block blk_-7960277849902824355 file /mnt/hadoop/dfs/data/current/subdir33/blk_-7960277849902824355
081111 050202 19 INFO dfs.FSDataset: Deleting block blk_-831533455108609445 file /mnt/hadoop/dfs/data/current/subdir23/blk_-831533455108609445
081111 050202 19 INFO dfs.FSDataset: Deleting block blk_-8357690020005626844 file /mnt/hadoop/dfs/data/current/subdir50/blk_-8357690020005626844
081111 050202 19 INFO dfs.FSDataset: Deleting block blk_-8589710395467361503 file /mnt/hadoop/dfs/data/current/subdir1/blk_-8589710395467361503
081111 050202 19 INFO dfs.FSDataset: Deleting block blk_-8633979604066624752 file /mnt/hadoop/dfs/data/current/subdir7/blk_-8633979604066624752
081111 050202 19 INFO dfs.FSDataset: Deleting block blk_-8695715290502978219 file /mnt/hadoop/dfs/data/current/subdir19/blk_-8695715290502978219
081111 050202 19 INFO dfs.FSDataset: Deleting block blk_8828212415539393524 file /mnt/hadoop/dfs/data/current/subdir39/blk_8828212415539393524
081111 050203 19 INFO dfs.FSDataset: Deleting block blk_1089063253636726328 file /mnt/hadoop/dfs/data/current/subdir16/blk_1089063253636726328
081111 050203 19 INFO dfs.FSDataset: Deleting block blk_-1117433920220380684 file /mnt/hadoop/dfs/data/current/subdir36/blk_-1117433920220380684
081111 050203 19 INFO dfs.FSDataset: Deleting block blk_1220732485242822820 file /mnt/hadoop/dfs/data/current/subdir41/blk_1220732485242822820
081111 050203 19 INFO dfs.FSDataset: Deleting block blk_1275411311744847956 file /mnt/hadoop/dfs/data/current/subdir23/blk_1275411311744847956
081111 050203 19 INFO dfs.FSDataset: Deleting block blk_1573819421731287229 file /mnt/hadoop/dfs/data/current/subdir42/blk_1573819421731287229
081111 050203 19 INFO dfs.FSDataset: Deleting block blk_170797471938936306 file /mnt/hadoop/dfs/data/current/subdir40/blk_170797471938936306
081111 050203 19 INFO dfs.FSDataset: Deleting block blk_-2053186601418213487 file /mnt/hadoop/dfs/data/current/subdir26/blk_-2053186601418213487
081111 050203 19 INFO dfs.FSDataset: Deleting block blk_2631203309690589892 file /mnt/hadoop/dfs/data/current/subdir13/blk_2631203309690589892
081111 050203 19 INFO dfs.FSDataset: Deleting block blk_-2656145783807936305 file /mnt/hadoop/dfs/data/current/subdir13/blk_-2656145783807936305
081111 050203 19 INFO dfs.FSDataset: Deleting block blk_2779284128756372684 file /mnt/hadoop/dfs/data/current/subdir31/blk_2779284128756372684
081111 050203 19 INFO dfs.FSDataset: Deleting block blk_3343606774977388288 file /mnt/hadoop/dfs/data/current/subdir42/blk_3343606774977388288
081111 050203 19 INFO dfs.FSDataset: Deleting block blk_-3392801443599729609 file /mnt/hadoop/dfs/data/current/subdir32/blk_-3392801443599729609
081111 050203 19 INFO dfs.FSDataset: Deleting block blk_-3434008087455024625 file /mnt/hadoop/dfs/data/current/subdir21/blk_-3434008087455024625
081111 050203 19 INFO dfs.FSDataset: Deleting block blk_395721401692435462 file /mnt/hadoop/dfs/data/current/subdir53/blk_395721401692435462
081111 050203 19 INFO dfs.FSDataset: Deleting block blk_-403484948095905094 file /mnt/hadoop/dfs/data/current/subdir49/blk_-403484948095905094
081111 050203 19 INFO dfs.FSDataset: Deleting block blk_406611771744085331 file /mnt/hadoop/dfs/data/current/subdir42/blk_406611771744085331
081111 050203 19 INFO dfs.FSDataset: Deleting block blk_4177144742783979247 file /mnt/hadoop/dfs/data/current/subdir15/blk_4177144742783979247
081111 050203 19 INFO dfs.FSDataset: Deleting block blk_4337012286763415503 file /mnt/hadoop/dfs/data/current/subdir62/blk_4337012286763415503
081111 050203 19 INFO dfs.FSDataset: Deleting block blk_4472276507855141100 file /mnt/hadoop/dfs/data/current/subdir29/blk_4472276507855141100
081111 050203 19 INFO dfs.FSDataset: Deleting block blk_453057019712333427 file /mnt/hadoop/dfs/data/current/subdir47/blk_453057019712333427
081111 050203 19 INFO dfs.FSDataset: Deleting block blk_460968318250999435 file /mnt/hadoop/dfs/data/current/subdir63/blk_460968318250999435
081111 050203 19 INFO dfs.FSDataset: Deleting block blk_4612214524526295060 file /mnt/hadoop/dfs/data/current/subdir14/blk_4612214524526295060
081111 050203 19 INFO dfs.FSDataset: Deleting block blk_4633040974576458155 file /mnt/hadoop/dfs/data/current/subdir22/blk_4633040974576458155
081111 050203 19 INFO dfs.FSDataset: Deleting block blk_4912900130707335756 file /mnt/hadoop/dfs/data/current/subdir53/blk_4912900130707335756
081111 050203 19 INFO dfs.FSDataset: Deleting block blk_495953433386943749 file /mnt/hadoop/dfs/data/current/subdir43/blk_495953433386943749
081111 050203 19 INFO dfs.FSDataset: Deleting block blk_-4978669537693416492 file /mnt/hadoop/dfs/data/current/subdir44/blk_-4978669537693416492
081111 050203 19 INFO dfs.FSDataset: Deleting block blk_-5056337063603785074 file /mnt/hadoop/dfs/data/current/subdir17/blk_-5056337063603785074
081111 050203 19 INFO dfs.FSDataset: Deleting block blk_513516812379818537 file /mnt/hadoop/dfs/data/current/subdir51/blk_513516812379818537
081111 050203 19 INFO dfs.FSDataset: Deleting block blk_5160484382975745314 file /mnt/hadoop/dfs/data/current/subdir46/blk_5160484382975745314
081111 050203 19 INFO dfs.FSDataset: Deleting block blk_-5631288568735989687 file /mnt/hadoop/dfs/data/current/subdir13/blk_-5631288568735989687
081111 050203 19 INFO dfs.FSDataset: Deleting block blk_5943475081819999972 file /mnt/hadoop/dfs/data/current/subdir16/blk_5943475081819999972
081111 050203 19 INFO dfs.FSDataset: Deleting block blk_6094823566810908126 file /mnt/hadoop/dfs/data/current/subdir51/blk_6094823566810908126
081111 050203 19 INFO dfs.FSDataset: Deleting block blk_6368513961002225767 file /mnt/hadoop/dfs/data/current/subdir44/blk_6368513961002225767
081111 050203 19 INFO dfs.FSDataset: Deleting block blk_6948081799716938984 file /mnt/hadoop/dfs/data/current/subdir9/blk_6948081799716938984
081111 050203 19 INFO dfs.FSDataset: Deleting block blk_7255555405463679678 file /mnt/hadoop/dfs/data/current/subdir54/blk_7255555405463679678
081111 050203 19 INFO dfs.FSDataset: Deleting block blk_-74932573178055020 file /mnt/hadoop/dfs/data/current/subdir7/blk_-74932573178055020
081111 050203 19 INFO dfs.FSDataset: Deleting block blk_7680468813801773871 file /mnt/hadoop/dfs/data/current/subdir16/blk_7680468813801773871
081111 050203 19 INFO dfs.FSDataset: Deleting block blk_-8911704522573882730 file /mnt/hadoop/dfs/data/current/subdir43/blk_-8911704522573882730
081111 050203 19 INFO dfs.FSDataset: Deleting block blk_-9062695784977764919 file /mnt/hadoop/dfs/data/current/subdir7/blk_-9062695784977764919
081111 050203 19 INFO dfs.FSDataset: Deleting block blk_-9182413948406078387 file /mnt/hadoop/dfs/data/current/subdir27/blk_-9182413948406078387
081111 050203 19 INFO dfs.FSDataset: Deleting block blk_9183427441149827982 file /mnt/hadoop/dfs/data/current/subdir46/blk_9183427441149827982
