1127519682 2005.09.23 NULL 2005-09-23-16.54.42.091673 NULL RAS BGLMASTER INFO BGLMaster has been started: ./BGLMaster --consoleip 127.0.0.1 --consoleport 32035 --configfile bglmaster.init --autorestart y
1127519683 2005.09.23 NULL 2005-09-23-16.54.43.816917 NULL RAS MMCS INFO idoproxydb has been started: $Name: V1R1M0_250_2005 $ Input parameters: -enableflush -loguserinfo db.properties BlueGene1
1127519684 2005.09.23 NULL 2005-09-23-16.54.44.568504 NULL RAS MMCS INFO ciodb has been restarted.
1127519684 2005.09.23 NULL 2005-09-23-16.54.44.636048 NULL RAS MMCS INFO mmcs_db_server has been started: ./mmcs_db_server --useDatabase BGL --dbproperties serverdb.properties --iolog /bgl/BlueLight/logs/BGL --reconnect-blocks all --shutdown-timeout 120
1127519773 2005.09.23 UNKNOWN_LOCATION 2005-09-23-16.56.13.056198 UNKNOWN_LOCATION NULL CMCS INFO Starting SystemController
1127519776 2005.09.23 UNKNOWN_LOCATION 2005-09-23-16.56.16.728251 UNKNOWN_LOCATION NULL CMCS INFO Controlling BG/L rows [ 0 1 2 3 4 5 6 7 ]
1127519776 2005.09.23 UNKNOWN_LOCATION 2005-09-23-16.56.16.862607 UNKNOWN_LOCATION NULL CMCS INFO Running as background command
1127520281 2005.09.23 UNKNOWN_LOCATION 2005-09-23-17.04.41.688520 UNKNOWN_LOCATION NULL DISCOVERY INFO Ido chip status changed: FF:F2:9F:16:E9:9D:00:0D:60:E9:16:62 ip=10.0.0.168 v=13 t=4 status=M Fri Sep 23 16:56:23 PDT 2005
1127524570 2005.09.23 UNKNOWN_LOCATION 2005-09-23-18.16.10.535789 UNKNOWN_LOCATION NULL DISCOVERY INFO New ido chip inserted into the database: FF:F2:9F:16:CE:DB:00:0D:60:E9:31:24 ip=10.4.0.121 v=13 t=4
1127524659 2005.09.23 UNKNOWN_LOCATION 2005-09-23-18.17.39.299542 UNKNOWN_LOCATION NULL DISCOVERY WARNING Node card is not fully functional
1127524659 2005.09.23 UNKNOWN_LOCATION 2005-09-23-18.17.39.514454 UNKNOWN_LOCATION NULL DISCOVERY SEVERE Can not get assembly information for node card
1127524659 2005.09.23 UNKNOWN_LOCATION 2005-09-23-18.17.39.543202 UNKNOWN_LOCATION NULL DISCOVERY ERROR Node card status: no ALERTs are active. Clock Mode is Low. Clock Select is Midplane. Phy JTAG Reset is asserted. ASIC JTAG Reset is asserted. Temperature Mask is not active. No temperature error. Temperature Limit Error Latch is clear. PGOOD IS NOT ASSERTED. PGOOD ERROR LATCH IS ACTIVE. MPGOOD IS NOT OK. MPGOOD ERROR LATCH IS ACTIVE. The 2.5 volt rail is OK. The 1.5 volt rail is OK.
1127524682 2005.09.23 UNKNOWN_LOCATION 2005-09-23-18.18.02.061352 UNKNOWN_LOCATION NULL DISCOVERY INFO Node card VPD check: U01 node in processor card slot J02 do not match. VPD ecid 04CD81264E2FFFFF09071BD04EE9, found 04C481C5E12FFFFF05051A608CC9
1127524682 2005.09.23 UNKNOWN_LOCATION 2005-09-23-18.18.02.075040 UNKNOWN_LOCATION NULL DISCOVERY INFO Node card VPD check: U11 node in processor card slot J02 do not match. VPD ecid 04C68125962FFFFF06071C4056F0, found 04C581C5612FFFFF090F1B304EDB
1127524682 2005.09.23 UNKNOWN_LOCATION 2005-09-23-18.18.02.794112 UNKNOWN_LOCATION NULL DISCOVERY INFO Node card VPD check: U01 node in processor card slot J03 do not match. VPD ecid 075C0D42A12FFFFF060E1A8098C8, found 04DF81C5472FFFFF020B1B9054E1
1127524682 2005.09.23 UNKNOWN_LOCATION 2005-09-23-18.18.02.823328 UNKNOWN_LOCATION NULL DISCOVERY INFO Node card VPD check: U11 node in processor card slot J03 do not match. VPD ecid 075C0D42A12FFFFF060F1A4084C3, found 04C581C5612FFFFF0D0C1B1052D8
1127524683 2005.09.23 UNKNOWN_LOCATION 2005-09-23-18.18.03.392531 UNKNOWN_LOCATION NULL DISCOVERY INFO Node card VPD check: U01 node in processor card slot J04 do not match. VPD ecid 04CD81264E2FFFFF030A1BC08AE7, found 04DF81C5472FFFFF0E091B304CDB
1127524683 2005.09.23 UNKNOWN_LOCATION 2005-09-23-18.18.03.409654 UNKNOWN_LOCATION NULL DISCOVERY INFO Node card VPD check: U11 node in processor card slot J04 do not match. VPD ecid 04CC8125902FFFFF030B1B7090DF, found 04C481C5E12FFFFF05041A608AC9
1127524683 2005.09.23 UNKNOWN_LOCATION 2005-09-23-18.18.03.931916 UNKNOWN_LOCATION NULL DISCOVERY INFO Node card VPD check: U01 node in processor card slot J05 do not match. VPD ecid 07430D42442FFFFF060319C082BB, found 04CA7DB7507BFFFF0B071B708CDE
1127524683 2005.09.23 UNKNOWN_LOCATION 2005-09-23-18.18.03.948929 UNKNOWN_LOCATION NULL DISCOVERY INFO Node card VPD check: U11 node in processor card slot J05 do not match. VPD ecid 07460D42C02FFFFF0C0E1A408AC5, found 04CA7DB7507BFFFF03061B70CEDC
1127524684 2005.09.23 UNKNOWN_LOCATION 2005-09-23-18.18.04.535589 UNKNOWN_LOCATION NULL DISCOVERY INFO Node card VPD check: U01 node in processor card slot J06 do not match. VPD ecid 04CC8125902FFFFF0A061C0052EA, found 04C481C5622FFFFF070619A0CCBA
1127524684 2005.09.23 UNKNOWN_LOCATION 2005-09-23-18.18.04.546837 UNKNOWN_LOCATION NULL DISCOVERY INFO Node card VPD check: U11 node in processor card slot J06 do not match. VPD ecid 04CD81264E2FFFFF0C091BD046E9, found 04DF81C5472FFFFF100B1BC0E2E7
1127524685 2005.09.23 UNKNOWN_LOCATION 2005-09-23-18.18.05.080989 UNKNOWN_LOCATION NULL DISCOVERY INFO Node card VPD check: U01 node in processor card slot J07 do not match. VPD ecid 04C08087912FFFFF070F1BC05AE2, found 04C981C5DC2FFFFF0C0E1BC046E6
1127524685 2005.09.23 UNKNOWN_LOCATION 2005-09-23-18.18.05.098088 UNKNOWN_LOCATION NULL DISCOVERY INFO Node card VPD check: U11 node in processor card slot J07 do not match. VPD ecid 04E38088112FFFFF0E071B4050DA, found 04C581C5612FFFFF08101B3092DA
1127524685 2005.09.23 UNKNOWN_LOCATION 2005-09-23-18.18.05.678862 UNKNOWN_LOCATION NULL DISCOVERY INFO Node card VPD check: U01 node in processor card slot J08 do not match. VPD ecid 07400D42992FFFFF04041A6098C7, found 04C781C5DE2FFFFF0D051B705EE1
1127524685 2005.09.23 UNKNOWN_LOCATION 2005-09-23-18.18.05.701293 UNKNOWN_LOCATION NULL DISCOVERY INFO Node card VPD check: U11 node in processor card slot J08 do not match. VPD ecid 074E0D425D2FFFFF050919F0C6BD, found 04C781C5DE2FFFFF090B1AD09CD1
1127524686 2005.09.23 UNKNOWN_LOCATION 2005-09-23-18.18.06.259117 UNKNOWN_LOCATION NULL DISCOVERY INFO Node card VPD check: U01 node in processor card slot J09 do not match. VPD ecid 04CD81264E2FFFFF04071BC08EE5, found 04C481C5622FFFFF090519D0CABD
1127524686 2005.09.23 UNKNOWN_LOCATION 2005-09-23-18.18.06.288540 UNKNOWN_LOCATION NULL DISCOVERY INFO Node card VPD check: U11 node in processor card slot J09 do not match. VPD ecid 04D381255C2FFFFF080F1C104CEC, found 04DF81C5472FFFFF0F081B3054DC
1127524686 2005.09.23 UNKNOWN_LOCATION 2005-09-23-18.18.06.857801 UNKNOWN_LOCATION NULL DISCOVERY INFO Node card VPD check: U01 node in processor card slot J10 do not match. VPD ecid 04CC8125902FFFFF050E1C10A4ED, found 04DF81C5472FFFFF03071B9050E3
1127524686 2005.09.23 UNKNOWN_LOCATION 2005-09-23-18.18.06.892951 UNKNOWN_LOCATION NULL DISCOVERY INFO Node card VPD check: U11 node in processor card slot J10 do not match. VPD ecid 04C68125962FFFFF09061C204EEE, found 04C481C5E12FFFFF0E061A909CCE
1127524687 2005.09.23 UNKNOWN_LOCATION 2005-09-23-18.18.07.527887 UNKNOWN_LOCATION NULL DISCOVERY INFO Node card VPD check: U01 node in processor card slot J11 do not match. VPD ecid 07460D42C02FFFFF060E1A308AC3, found 04C081C5422FFFFF0F0B1A40CCC7
1127524687 2005.09.23 UNKNOWN_LOCATION 2005-09-23-18.18.07.557254 UNKNOWN_LOCATION NULL DISCOVERY INFO Node card VPD check: U11 node in processor card slot J11 do not match. VPD ecid 07600D42CA2FFFFF0F0A1AE096D1, found 04C481C5E12FFFFF06051A70D0CA
1127524688 2005.09.23 UNKNOWN_LOCATION 2005-09-23-18.18.08.194606 UNKNOWN_LOCATION NULL DISCOVERY INFO Node card VPD check: U01 node in processor card slot J12 do not match. VPD ecid 04C68125962FFFFF080B1C1042EB, found 04D581C5232FFFFF0E0D1AD08ED3
1127524688 2005.09.23 UNKNOWN_LOCATION 2005-09-23-18.18.08.215707 UNKNOWN_LOCATION NULL DISCOVERY INFO Node card VPD check: U11 node in processor card slot J12 do not match. VPD ecid 04DB8125542FFFFF090B1B608ADE, found 04DF81C5472FFFFF0F071B3050DB
1127524688 2005.09.23 UNKNOWN_LOCATION 2005-09-23-18.18.08.803811 UNKNOWN_LOCATION NULL DISCOVERY INFO Node card VPD check: U01 node in processor card slot J13 do not match. VPD ecid 04CD81264E2FFFFF080E1C1048ED, found 04C481C5622FFFFF03081A5088C8
1127524688 2005.09.23 UNKNOWN_LOCATION 2005-09-23-18.18.08.832020 UNKNOWN_LOCATION NULL DISCOVERY INFO Node card VPD check: U11 node in processor card slot J13 do not match. VPD ecid 04CC8125902FFFFF060E1C1052EE, found 04C781C5DE2FFFFF080C1B2050DA
1127524689 2005.09.23 UNKNOWN_LOCATION 2005-09-23-18.18.09.371895 UNKNOWN_LOCATION NULL DISCOVERY INFO Node card VPD check: U01 node in processor card slot J14 do not match. VPD ecid 07460D42C02FFFFF0B0E1A2090C3, found 04C781C5DE2FFFFF0B0C1B204EDA
1127524689 2005.09.23 UNKNOWN_LOCATION 2005-09-23-18.18.09.389165 UNKNOWN_LOCATION NULL DISCOVERY INFO Node card VPD check: U11 node in processor card slot J14 do not match. VPD ecid 074E0D425D2FFFFF0B051A408EC5, found 04C781C5DE2FFFFF080A1A508CC8
1127524689 2005.09.23 UNKNOWN_LOCATION 2005-09-23-18.18.09.838171 UNKNOWN_LOCATION NULL DISCOVERY INFO Node card VPD check: U01 node in processor card slot J15 do not match. VPD ecid 07400D42992FFFFF100719E14EBC, found 04C481C5622FFFFF060D1B6096DE
1127524689 2005.09.23 UNKNOWN_LOCATION 2005-09-23-18.18.09.865488 UNKNOWN_LOCATION NULL DISCOVERY INFO Node card VPD check: U11 node in processor card slot J15 do not match. VPD ecid 07410D42972FFFFF0F091A3090C4, found 04C581C5612FFFFF03061B1058D9
1127524690 2005.09.23 UNKNOWN_LOCATION 2005-09-23-18.18.10.386712 UNKNOWN_LOCATION NULL DISCOVERY INFO Node card VPD check: U01 node in processor card slot J16 do not match. VPD ecid 04DB8125542FFFFF0C0B1B804EE2, found 04DF81C5472FFFFF09031B204EDA
1127524690 2005.09.23 UNKNOWN_LOCATION 2005-09-23-18.18.10.404344 UNKNOWN_LOCATION NULL DISCOVERY INFO Node card VPD check: U11 node in processor card slot J16 do not match. VPD ecid 04C68125962FFFFF05091C6050F3, found 04C581C5612FFFFF0E0E1BB0E4E5
1127524690 2005.09.23 UNKNOWN_LOCATION 2005-09-23-18.18.10.972833 UNKNOWN_LOCATION NULL DISCOVERY INFO Node card VPD check: U01 node in processor card slot J17 do not match. VPD ecid 04CC8125902FFFFF020B1BE0A2E9, found 04E37DB75C7BFFFF0E051C2098ED
1127524690 2005.09.23 UNKNOWN_LOCATION 2005-09-23-18.18.10.988373 UNKNOWN_LOCATION NULL DISCOVERY INFO Node card VPD check: U11 node in processor card slot J17 do not match. VPD ecid 04CC8125902FFFFF0C0E1C5062F0, found 04CA7DB7507BFFFF02071B50E2DB
1127592506 2005.09.24 - 2005-09-24-13.08.26.675369 RAS KERNEL FATAL Kill job 45640 timed out. Block freed.
1127654504 2005.09.25 UNKNOWN_LOCATION 2005-09-25-06.21.44.813108 UNKNOWN_LOCATION NULL DISCOVERY INFO Ido chip status changed: FF:F2:9F:16:E9:F7:00:0D:60:E9:16:08 ip=10.0.0.38 v=13 t=4 status=M Sun Sep 25 06:13:44 PDT 2005
