2015-10-18 18:01:48,137 INFO [main] org.apache.hadoop.mapreduce.v2.app.MRAppMaster: Created MRAppMaster for application appattempt_1445144423722_0021_000001
2015-10-18 18:01:48,699 INFO [main] org.apache.hadoop.mapreduce.v2.app.MRAppMaster: Executing with tokens:
2015-10-18 18:01:48,699 INFO [main] org.apache.hadoop.mapreduce.v2.app.MRAppMaster: Kind: YARN_AM_RM_TOKEN, Service: , Ident: (appAttemptId { application_id { id: 21 cluster_timestamp: 1445144423722 } attemptId: 1 } keyId: -127633188)
2015-10-18 18:01:48,980 INFO [main] org.apache.hadoop.mapreduce.v2.app.MRAppMaster: Using mapred newApiCommitter.
2015-10-18 18:01:49,840 INFO [main] org.apache.hadoop.mapreduce.v2.app.MRAppMaster: OutputCommitter set in config null
2015-10-18 18:01:49,918 INFO [main] org.apache.hadoop.mapreduce.v2.app.MRAppMaster: OutputCommitter is org.apache.hadoop.mapreduce.lib.output.FileOutputCommitter
2015-10-18 18:01:50,699 INFO [main] org.apache.hadoop.mapreduce.v2.app.MRAppMaster: MRAppMaster launching normal, non-uberized, multi-container job job_1445144423722_0021.
2015-10-18 18:05:24,812 INFO [Thread-94] org.apache.hadoop.mapreduce.v2.app.MRAppMaster: We are finishing cleanly so this is the last retry
2015-10-18 18:05:24,812 INFO [Thread-94] org.apache.hadoop.mapreduce.v2.app.MRAppMaster: Notify RMCommunicator isAMLastRetry: true
2015-10-18 18:05:24,812 INFO [Thread-94] org.apache.hadoop.mapreduce.v2.app.MRAppMaster: Notify JHEH isAMLastRetry: true
2015-10-18 18:05:24,812 INFO [Thread-94] org.apache.hadoop.mapreduce.v2.app.MRAppMaster: Calling stop for all the services
2015-10-18 18:05:49,750 INFO [Thread-94] org.apache.hadoop.mapreduce.v2.app.MRAppMaster: Deleting staging directory hdfs://msra-sa-41:9000 /tmp/hadoop-yarn/staging/msrabi/.staging/job_1445144423722_0021
2015-10-18 18:01:51,853 INFO [main] org.apache.hadoop.mapreduce.v2.app.MRAppMaster: Created MRAppMaster for application appattempt_1445144423722_0023_000001
2015-10-18 18:01:53,010 INFO [main] org.apache.hadoop.mapreduce.v2.app.MRAppMaster: Executing with tokens:
2015-10-18 18:01:53,010 INFO [main] org.apache.hadoop.mapreduce.v2.app.MRAppMaster: Kind: YARN_AM_RM_TOKEN, Service: , Ident: (appAttemptId { application_id { id: 23 cluster_timestamp: 1445144423722 } attemptId: 1 } keyId: -127633188)
2015-10-18 18:01:53,260 INFO [main] org.apache.hadoop.mapreduce.v2.app.MRAppMaster: Using mapred newApiCommitter.
2015-10-18 18:01:54,697 INFO [main] org.apache.hadoop.mapreduce.v2.app.MRAppMaster: OutputCommitter set in config null
2015-10-18 18:01:54,791 INFO [main] org.apache.hadoop.mapreduce.v2.app.MRAppMaster: OutputCommitter is org.apache.hadoop.mapreduce.lib.output.FileOutputCommitter
2015-10-18 18:01:55,650 INFO [main] org.apache.hadoop.mapreduce.v2.app.MRAppMaster: MRAppMaster launching normal, non-uberized, multi-container job job_1445144423722_0023.
2015-10-18 18:10:56,874 INFO [Thread-581] org.apache.hadoop.mapreduce.v2.app.MRAppMaster: We are finishing cleanly so this is the last retry
2015-10-18 18:10:56,874 INFO [Thread-581] org.apache.hadoop.mapreduce.v2.app.MRAppMaster: Notify RMCommunicator isAMLastRetry: true
2015-10-18 18:10:56,874 INFO [Thread-581] org.apache.hadoop.mapreduce.v2.app.MRAppMaster: Notify JHEH isAMLastRetry: true
2015-10-18 18:10:56,874 INFO [Thread-581] org.apache.hadoop.mapreduce.v2.app.MRAppMaster: Calling stop for all the services
2015-10-18 18:10:57,905 INFO [Thread-581] org.apache.hadoop.mapreduce.v2.app.MRAppMaster: Skipping cleaning up the staging dir. assuming AM will be retried.
2015-10-18 18:10:57,905 WARN [Thread-581] org.apache.hadoop.mapreduce.v2.app.MRAppMaster: Graceful stop failed 
2015-10-18 18:17:06,237 INFO [main] org.apache.hadoop.mapreduce.v2.app.MRAppMaster: Created MRAppMaster for application appattempt_1445144423722_0023_000002
2015-10-18 18:17:06,672 INFO [main] org.apache.hadoop.mapreduce.v2.app.MRAppMaster: Executing with tokens:
2015-10-18 18:17:06,672 INFO [main] org.apache.hadoop.mapreduce.v2.app.MRAppMaster: Kind: YARN_AM_RM_TOKEN, Service: , Ident: (appAttemptId { application_id { id: 23 cluster_timestamp: 1445144423722 } attemptId: 2 } keyId: -127633188)
2015-10-18 18:17:06,818 INFO [main] org.apache.hadoop.mapreduce.v2.app.MRAppMaster: Using mapred newApiCommitter.
2015-10-18 18:17:07,473 INFO [main] org.apache.hadoop.mapreduce.v2.app.MRAppMaster: OutputCommitter set in config null
2015-10-18 18:17:07,526 INFO [main] org.apache.hadoop.mapreduce.v2.app.MRAppMaster: OutputCommitter is org.apache.hadoop.mapreduce.lib.output.FileOutputCommitter
2015-10-18 18:17:07,659 INFO [main] org.apache.hadoop.mapreduce.v2.app.MRAppMaster: Recovery is enabled. Will try to recover from previous life on best effort basis.
2015-10-18 18:17:07,684 INFO [main] org.apache.hadoop.mapreduce.v2.app.MRAppMaster: Previous history file is at hdfs://msra-sa-41:9000/tmp/hadoop-yarn/staging/msrabi/.staging/job_1445144423722_0023/job_1445144423722_0023_1.jhist
2015-10-18 18:17:07,700 WARN [main] org.apache.hadoop.mapreduce.v2.app.MRAppMaster: Unable to parse prior job history, aborting recovery
2015-10-18 18:17:07,727 INFO [main] org.apache.hadoop.mapreduce.v2.app.MRAppMaster: Previous history file is at hdfs://msra-sa-41:9000/tmp/hadoop-yarn/staging/msrabi/.staging/job_1445144423722_0023/job_1445144423722_0023_1.jhist
2015-10-18 18:17:07,728 WARN [main] org.apache.hadoop.mapreduce.v2.app.MRAppMaster: Could not parse the old history file. Will not have old AMinfos 
2015-10-18 18:17:08,214 INFO [main] org.apache.hadoop.mapreduce.v2.app.MRAppMaster: MRAppMaster launching normal, non-uberized, multi-container job job_1445144423722_0023.
2015-10-18 18:23:03,941 INFO [Thread-110] org.apache.hadoop.mapreduce.v2.app.MRAppMaster: We are finishing cleanly so this is the last retry
2015-10-18 18:23:03,941 INFO [Thread-110] org.apache.hadoop.mapreduce.v2.app.MRAppMaster: Notify RMCommunicator isAMLastRetry: true
2015-10-18 18:23:03,941 INFO [Thread-110] org.apache.hadoop.mapreduce.v2.app.MRAppMaster: Notify JHEH isAMLastRetry: true
2015-10-18 18:23:03,941 INFO [Thread-110] org.apache.hadoop.mapreduce.v2.app.MRAppMaster: Calling stop for all the services
2015-10-18 18:23:06,382 INFO [Thread-110] org.apache.hadoop.mapreduce.v2.app.MRAppMaster: Deleting staging directory hdfs://msra-sa-41:9000 /tmp/hadoop-yarn/staging/msrabi/.staging/job_1445144423722_0023
