- 1132912060 2005.11.25 R30-M0-N7-C:J09-U01 2005-11-25-01.47.40.000604 R30-M0-N7-C:J09-U01 RAS KERNEL INFO 1 ddr error(s) detected and corrected on rank 0, symbol 26 over 4962 seconds
- 1132912060 2005.11.25 R30-M0-N7-C:J09-U01 2005-11-25-01.47.40.152777 R30-M0-N7-C:J09-U01 RAS KERNEL INFO CE sym 26, at 0x07a95e80, mask 0x10
- 1132912060 2005.11.25 R30-M0-N7-C:J09-U01 2005-11-25-01.47.40.296034 R30-M0-N7-C:J09-U01 RAS KERNEL INFO total of 1 ddr error(s) detected and corrected over 4962 seconds
- 1132912233 2005.11.25 R55-M0-N9-C:J06-U11 2005-11-25-01.50.33.557239 R55-M0-N9-C:J06-U11 RAS KERNEL INFO 1 torus receiver x+ input pipe error(s) (dcr 0x02ec) detected and corrected over 4962 seconds
- 1132912233 2005.11.25 R55-M0-N9-C:J06-U11 2005-11-25-01.50.33.721657 R55-M0-N9-C:J06-U11 RAS KERNEL INFO 1 torus receiver z- input pipe error(s) (dcr 0x02f1) detected and corrected over 5139 seconds
- 1132912233 2005.11.25 R55-M0-N9-C:J06-U11 2005-11-25-01.50.33.883641 R55-M0-N9-C:J06-U11 RAS KERNEL INFO 1 tree receiver 1 in re-synch state event(s) (dcr 0x0185) detected over 5139 seconds
- 1132912234 2005.11.25 R55-M0-N9-C:J06-U11 2005-11-25-01.50.34.043830 R55-M0-N9-C:J06-U11 RAS KERNEL INFO 4 tree receiver 2 in re-synch state event(s) (dcr 0x019a) detected over 5139 seconds
- 1132940079 2005.11.25 R47-M1-N4-C:J17-U11 2005-11-25-09.34.39.935806 R47-M1-N4-C:J17-U11 RAS KERNEL INFO ddr: activating redundant bit steering for next allocation: rank=0 symbol=27
- 1132940626 2005.11.25 R11-M0-N3-C:J17-U01 2005-11-25-09.43.46.188532 R11-M0-N3-C:J17-U01 RAS KERNEL INFO 1 ddr error(s) detected and corrected on rank 0, symbol 1 over 1042 seconds
- 1132940626 2005.11.25 R11-M0-N3-C:J17-U01 2005-11-25-09.43.46.339505 R11-M0-N3-C:J17-U01 RAS KERNEL INFO CE sym 1, at 0x159a7420, mask 0x80
- 1132940626 2005.11.25 R11-M0-N3-C:J17-U01 2005-11-25-09.43.46.489320 R11-M0-N3-C:J17-U01 RAS KERNEL INFO total of 1 ddr error(s) detected and corrected over 1042 seconds
- 1132940626 2005.11.25 R30-M0-N7-C:J09-U01 2005-11-25-09.43.46.975218 R30-M0-N7-C:J09-U01 RAS KERNEL INFO 1 ddr error(s) detected and corrected on rank 0, symbol 26 over 1042 seconds
- 1132940627 2005.11.25 R30-M0-N7-C:J09-U01 2005-11-25-09.43.47.122365 R30-M0-N7-C:J09-U01 RAS KERNEL INFO CE sym 26, at 0x07a95e80, mask 0x10
- 1132940627 2005.11.25 R30-M0-N7-C:J09-U01 2005-11-25-09.43.47.362672 R30-M0-N7-C:J09-U01 RAS KERNEL INFO total of 1 ddr error(s) detected and corrected over 1042 seconds
- 1132940789 2005.11.25 R47-M1-N4-C:J17-U11 2005-11-25-09.46.29.953165 R47-M1-N4-C:J17-U11 RAS KERNEL INFO 298 ddr error(s) detected and corrected on rank 0, symbol 27 over 1044 seconds
- 1132940790 2005.11.25 R47-M1-N4-C:J17-U11 2005-11-25-09.46.30.101197 R47-M1-N4-C:J17-U11 RAS KERNEL INFO CE sym 27, at 0x00008e60, mask 0x01
- 1132940790 2005.11.25 R47-M1-N4-C:J17-U11 2005-11-25-09.46.30.257065 R47-M1-N4-C:J17-U11 RAS KERNEL INFO CE sym 27, at 0x000101c0, mask 0x01
- 1132940790 2005.11.25 R47-M1-N4-C:J17-U11 2005-11-25-09.46.30.408387 R47-M1-N4-C:J17-U11 RAS KERNEL INFO CE sym 27, at 0x000022a0, mask 0x10
- 1132940790 2005.11.25 R47-M1-N4-C:J17-U11 2005-11-25-09.46.30.558637 R47-M1-N4-C:J17-U11 RAS KERNEL INFO CE sym 27, at 0x00002320, mask 0x11
- 1132940790 2005.11.25 R47-M1-N4-C:J17-U11 2005-11-25-09.46.30.708191 R47-M1-N4-C:J17-U11 RAS KERNEL INFO CE sym 27, at 0x00002460, mask 0x10
- 1132940790 2005.11.25 R47-M1-N4-C:J17-U11 2005-11-25-09.46.30.863066 R47-M1-N4-C:J17-U11 RAS KERNEL INFO CE sym 27, at 0x000024e0, mask 0x10
- 1132940791 2005.11.25 R47-M1-N4-C:J17-U11 2005-11-25-09.46.31.023237 R47-M1-N4-C:J17-U11 RAS KERNEL INFO CE sym 27, at 0x000105c0, mask 0x01
- 1132940791 2005.11.25 R47-M1-N4-C:J17-U11 2005-11-25-09.46.31.175517 R47-M1-N4-C:J17-U11 RAS KERNEL INFO CE sym 27, at 0x00018aa0, mask 0x11
- 1132940791 2005.11.25 R47-M1-N4-C:J17-U11 2005-11-25-09.46.31.325128 R47-M1-N4-C:J17-U11 RAS KERNEL INFO CE sym 27, at 0x0001a0c0, mask 0x10
- 1132940791 2005.11.25 R47-M1-N4-C:J17-U11 2005-11-25-09.46.31.474620 R47-M1-N4-C:J17-U11 RAS KERNEL INFO CE sym 27, at 0x0001c440, mask 0x10
- 1132940791 2005.11.25 R47-M1-N4-C:J17-U11 2005-11-25-09.46.31.624164 R47-M1-N4-C:J17-U11 RAS KERNEL INFO CE sym 27, at 0x00286da0, mask 0x10
- 1132940791 2005.11.25 R47-M1-N4-C:J17-U11 2005-11-25-09.46.31.773369 R47-M1-N4-C:J17-U11 RAS KERNEL INFO CE sym 27, at 0x002bc520, mask 0x10
- 1132940791 2005.11.25 R47-M1-N4-C:J17-U11 2005-11-25-09.46.31.922858 R47-M1-N4-C:J17-U11 RAS KERNEL INFO CE sym 27, at 0x002ea820, mask 0x10
- 1132940792 2005.11.25 R47-M1-N4-C:J17-U11 2005-11-25-09.46.32.079502 R47-M1-N4-C:J17-U11 RAS KERNEL INFO CE sym 27, at 0x00323da0, mask 0x10
- 1132940792 2005.11.25 R47-M1-N4-C:J17-U11 2005-11-25-09.46.32.238986 R47-M1-N4-C:J17-U11 RAS KERNEL INFO CE sym 27, at 0x0035d0a0, mask 0x10
- 1132940792 2005.11.25 R47-M1-N4-C:J17-U11 2005-11-25-09.46.32.395413 R47-M1-N4-C:J17-U11 RAS KERNEL INFO CE sym 27, at 0x0039ad20, mask 0x10
- 1132940792 2005.11.25 R47-M1-N4-C:J17-U11 2005-11-25-09.46.32.551731 R47-M1-N4-C:J17-U11 RAS KERNEL INFO CE sym 27, at 0x003c81a0, mask 0x10
- 1132940792 2005.11.25 R47-M1-N4-C:J17-U11 2005-11-25-09.46.32.706690 R47-M1-N4-C:J17-U11 RAS KERNEL INFO CE sym 27, at 0x003fa3a0, mask 0x10
- 1132940792 2005.11.25 R47-M1-N4-C:J17-U11 2005-11-25-09.46.32.862614 R47-M1-N4-C:J17-U11 RAS KERNEL INFO CE sym 27, at 0x004322a0, mask 0x10
- 1132940793 2005.11.25 R47-M1-N4-C:J17-U11 2005-11-25-09.46.33.024030 R47-M1-N4-C:J17-U11 RAS KERNEL INFO CE sym 27, at 0x0046a1a0, mask 0x10
- 1132940793 2005.11.25 R47-M1-N4-C:J17-U11 2005-11-25-09.46.33.179872 R47-M1-N4-C:J17-U11 RAS KERNEL INFO CE sym 27, at 0x0049ca20, mask 0x10
- 1132940793 2005.11.25 R47-M1-N4-C:J17-U11 2005-11-25-09.46.33.347412 R47-M1-N4-C:J17-U11 RAS KERNEL INFO CE sym 27, at 0x004d1820, mask 0x10
- 1132940793 2005.11.25 R47-M1-N4-C:J17-U11 2005-11-25-09.46.33.520823 R47-M1-N4-C:J17-U11 RAS KERNEL INFO CE sym 27, at 0x00505520, mask 0x10
- 1132940793 2005.11.25 R47-M1-N4-C:J17-U11 2005-11-25-09.46.33.742003 R47-M1-N4-C:J17-U11 RAS KERNEL INFO CE sym 27, at 0x00536c20, mask 0x10
- 1132940793 2005.11.25 R47-M1-N4-C:J17-U11 2005-11-25-09.46.33.916536 R47-M1-N4-C:J17-U11 RAS KERNEL INFO CE sym 27, at 0x0056d3a0, mask 0x10
- 1132940794 2005.11.25 R47-M1-N4-C:J17-U11 2005-11-25-09.46.34.077592 R47-M1-N4-C:J17-U11 RAS KERNEL INFO CE sym 27, at 0x005a35a0, mask 0x10
- 1132940794 2005.11.25 R47-M1-N4-C:J17-U11 2005-11-25-09.46.34.233466 R47-M1-N4-C:J17-U11 RAS KERNEL INFO CE sym 27, at 0x005da2a0, mask 0x10
- 1132940794 2005.11.25 R47-M1-N4-C:J17-U11 2005-11-25-09.46.34.389103 R47-M1-N4-C:J17-U11 RAS KERNEL INFO CE sym 27, at 0x00613220, mask 0x10
- 1132940794 2005.11.25 R47-M1-N4-C:J17-U11 2005-11-25-09.46.34.544916 R47-M1-N4-C:J17-U11 RAS KERNEL INFO CE sym 27, at 0x00653800, mask 0x11
- 1132940794 2005.11.25 R47-M1-N4-C:J17-U11 2005-11-25-09.46.34.711624 R47-M1-N4-C:J17-U11 RAS KERNEL INFO CE sym 27, at 0x1ff7af40, mask 0x01
- 1132940794 2005.11.25 R47-M1-N4-C:J17-U11 2005-11-25-09.46.34.885994 R47-M1-N4-C:J17-U11 RAS KERNEL INFO CE sym 27, at 0x1ff7b160, mask 0x11
- 1132940795 2005.11.25 R47-M1-N4-C:J17-U11 2005-11-25-09.46.35.041302 R47-M1-N4-C:J17-U11 RAS KERNEL INFO CE sym 27, at 0x1ff7b040, mask 0x11
- 1132940795 2005.11.25 R47-M1-N4-C:J17-U11 2005-11-25-09.46.35.209772 R47-M1-N4-C:J17-U11 RAS KERNEL INFO total of 298 ddr error(s) detected and corrected over 1044 seconds
