2015-10-17 17:06:25,314 INFO [main] org.apache.hadoop.mapreduce.v2.app.MRAppMaster: Created MRAppMaster for application appattempt_1445062781478_0019_000001
2015-10-17 17:06:26,141 INFO [main] org.apache.hadoop.mapreduce.v2.app.MRAppMaster: Executing with tokens:
2015-10-17 17:06:26,141 INFO [main] org.apache.hadoop.mapreduce.v2.app.MRAppMaster: Kind: YARN_AM_RM_TOKEN, Service: , Ident: (appAttemptId { application_id { id: 19 cluster_timestamp: 1445062781478 } attemptId: 1 } keyId: 471522253)
2015-10-17 17:06:26,408 INFO [main] org.apache.hadoop.mapreduce.v2.app.MRAppMaster: Using mapred newApiCommitter.
2015-10-17 17:06:27,284 INFO [main] org.apache.hadoop.mapreduce.v2.app.MRAppMaster: OutputCommitter set in config null
2015-10-17 17:06:27,331 INFO [main] org.apache.hadoop.mapreduce.v2.app.MRAppMaster: OutputCommitter is org.apache.hadoop.mapreduce.lib.output.FileOutputCommitter
2015-10-17 17:06:27,948 INFO [main] org.apache.hadoop.mapreduce.v2.app.MRAppMaster: MRAppMaster launching normal, non-uberized, multi-container job job_1445062781478_0019.
2015-10-17 17:11:07,483 INFO [Thread-100] org.apache.hadoop.mapreduce.v2.app.MRAppMaster: We are finishing cleanly so this is the last retry
2015-10-17 17:11:07,484 INFO [Thread-100] org.apache.hadoop.mapreduce.v2.app.MRAppMaster: Notify RMCommunicator isAMLastRetry: true
2015-10-17 17:11:07,484 INFO [Thread-100] org.apache.hadoop.mapreduce.v2.app.MRAppMaster: Notify JHEH isAMLastRetry: true
2015-10-17 17:11:07,484 INFO [Thread-100] org.apache.hadoop.mapreduce.v2.app.MRAppMaster: Calling stop for all the services
2015-10-17 17:11:08,926 INFO [Thread-100] org.apache.hadoop.mapreduce.v2.app.MRAppMaster: Deleting staging directory hdfs://msra-sa-41:9000 /tmp/hadoop-yarn/staging/msrabi/.staging/job_1445062781478_0019
2015-10-18 21:33:04,047 INFO [main] org.apache.hadoop.mapreduce.v2.app.MRAppMaster: Created MRAppMaster for application appattempt_1445175094696_0001_000001
2015-10-18 21:33:04,672 INFO [main] org.apache.hadoop.mapreduce.v2.app.MRAppMaster: Executing with tokens:
2015-10-18 21:33:04,672 INFO [main] org.apache.hadoop.mapreduce.v2.app.MRAppMaster: Kind: YARN_AM_RM_TOKEN, Service: , Ident: (appAttemptId { application_id { id: 1 cluster_timestamp: 1445175094696 } attemptId: 1 } keyId: -2054027300)
2015-10-18 21:33:04,984 INFO [main] org.apache.hadoop.mapreduce.v2.app.MRAppMaster: Using mapred newApiCommitter.
2015-10-18 21:33:05,843 INFO [main] org.apache.hadoop.mapreduce.v2.app.MRAppMaster: OutputCommitter set in config null
2015-10-18 21:33:05,922 INFO [main] org.apache.hadoop.mapreduce.v2.app.MRAppMaster: OutputCommitter is org.apache.hadoop.mapreduce.lib.output.FileOutputCommitter
2015-10-18 21:33:06,750 INFO [main] org.apache.hadoop.mapreduce.v2.app.MRAppMaster: MRAppMaster launching normal, non-uberized, multi-container job job_1445175094696_0001.
2015-10-18 21:45:30,254 INFO [Thread-123] org.apache.hadoop.mapreduce.v2.app.MRAppMaster: We are finishing cleanly so this is the last retry
2015-10-18 21:45:30,254 INFO [Thread-123] org.apache.hadoop.mapreduce.v2.app.MRAppMaster: Notify RMCommunicator isAMLastRetry: true
2015-10-18 21:45:30,254 INFO [Thread-123] org.apache.hadoop.mapreduce.v2.app.MRAppMaster: Notify JHEH isAMLastRetry: true
2015-10-18 21:45:30,254 INFO [Thread-123] org.apache.hadoop.mapreduce.v2.app.MRAppMaster: Calling stop for all the services
2015-10-18 21:45:53,208 INFO [Thread-123] org.apache.hadoop.mapreduce.v2.app.MRAppMaster: Deleting staging directory hdfs://msra-sa-41:9000 /tmp/hadoop-yarn/staging/msrabi/.staging/job_1445175094696_0001
