2015-10-18 18:01:48,137 INFO [main] org.apache.hadoop.mapreduce.v2.app.MRAppMaster: Created MRAppMaster for application appattempt_1445144423722_0021_000001
2015-10-18 18:01:48,699 INFO [main] org.apache.hadoop.mapreduce.v2.app.MRAppMaster: Executing with tokens:
2015-10-18 18:01:48,699 INFO [main] org.apache.hadoop.mapreduce.v2.app.MRAppMaster: Kind: YARN_AM_RM_TOKEN, Service: , Ident: (appAttemptId { application_id { id: 21 cluster_timestamp: 1445144423722 } attemptId: 1 } keyId: -127633188)
2015-10-18 18:01:48,980 INFO [main] org.apache.hadoop.mapreduce.v2.app.MRAppMaster: Using mapred newApiCommitter.
2015-10-18 18:01:49,840 INFO [main] org.apache.hadoop.mapreduce.v2.app.MRAppMaster: OutputCommitter set in config null
2015-10-18 18:01:49,918 INFO [main] org.apache.hadoop.mapreduce.v2.app.MRAppMaster: OutputCommitter is org.apache.hadoop.mapreduce.lib.output.FileOutputCommitter
2015-10-18 18:01:50,699 INFO [main] org.apache.hadoop.mapreduce.v2.app.MRAppMaster: MRAppMaster launching normal, non-uberized, multi-container job job_1445144423722_0021.
2015-10-18 18:05:24,812 INFO [Thread-94] org.apache.hadoop.mapreduce.v2.app.MRAppMaster: We are finishing cleanly so this is the last retry
2015-10-18 18:05:24,812 INFO [Thread-94] org.apache.hadoop.mapreduce.v2.app.MRAppMaster: Notify RMCommunicator isAMLastRetry: true
2015-10-18 18:05:24,812 INFO [Thread-94] org.apache.hadoop.mapreduce.v2.app.MRAppMaster: Notify JHEH isAMLastRetry: true
2015-10-18 18:05:24,812 INFO [Thread-94] org.apache.hadoop.mapreduce.v2.app.MRAppMaster: Calling stop for all the services
2015-10-18 18:05:49,750 INFO [Thread-94] org.apache.hadoop.mapreduce.v2.app.MRAppMaster: Deleting staging directory hdfs://msra-sa-41:9000 /tmp/hadoop-yarn/staging/msrabi/.staging/job_1445144423722_0021
2015-10-17 15:38:02,829 INFO [main] org.apache.hadoop.mapreduce.v2.app.MRAppMaster: Created MRAppMaster for application appattempt_1445062781478_0014_000001
2015-10-17 15:38:04,032 INFO [main] org.apache.hadoop.mapreduce.v2.app.MRAppMaster: Executing with tokens:
2015-10-17 15:38:04,032 INFO [main] org.apache.hadoop.mapreduce.v2.app.MRAppMaster: Kind: YARN_AM_RM_TOKEN, Service: , Ident: (appAttemptId { application_id { id: 14 cluster_timestamp: 1445062781478 } attemptId: 1 } keyId: 471522253)
2015-10-17 15:38:04,579 INFO [main] org.apache.hadoop.mapreduce.v2.app.MRAppMaster: Using mapred newApiCommitter.
2015-10-17 15:38:06,095 INFO [main] org.apache.hadoop.mapreduce.v2.app.MRAppMaster: OutputCommitter set in config null
2015-10-17 15:38:06,204 INFO [main] org.apache.hadoop.mapreduce.v2.app.MRAppMaster: OutputCommitter is org.apache.hadoop.mapreduce.lib.output.FileOutputCommitter
2015-10-17 15:38:07,501 INFO [main] org.apache.hadoop.mapreduce.v2.app.MRAppMaster: MRAppMaster launching normal, non-uberized, multi-container job job_1445062781478_0014.
2015-10-17 15:47:17,906 INFO [Thread-111] org.apache.hadoop.mapreduce.v2.app.MRAppMaster: We are finishing cleanly so this is the last retry
2015-10-17 15:47:17,906 INFO [Thread-111] org.apache.hadoop.mapreduce.v2.app.MRAppMaster: Notify RMCommunicator isAMLastRetry: true
2015-10-17 15:47:17,906 INFO [Thread-111] org.apache.hadoop.mapreduce.v2.app.MRAppMaster: Notify JHEH isAMLastRetry: true
2015-10-17 15:47:17,906 INFO [Thread-111] org.apache.hadoop.mapreduce.v2.app.MRAppMaster: Calling stop for all the services
2015-10-17 15:47:23,516 INFO [Thread-111] org.apache.hadoop.mapreduce.v2.app.MRAppMaster: Deleting staging directory hdfs://msra-sa-41:9000 /tmp/hadoop-yarn/staging/msrabi/.staging/job_1445062781478_0014
