2015-10-18 21:45:46,935 INFO [main] org.apache.hadoop.mapreduce.v2.app.MRAppMaster: Created MRAppMaster for application appattempt_1445175094696_0005_000001
2015-10-18 21:45:47,279 INFO [main] org.apache.hadoop.mapreduce.v2.app.MRAppMaster: Executing with tokens:
2015-10-18 21:45:47,279 INFO [main] org.apache.hadoop.mapreduce.v2.app.MRAppMaster: Kind: YARN_AM_RM_TOKEN, Service: , Ident: (appAttemptId { application_id { id: 5 cluster_timestamp: 1445175094696 } attemptId: 1 } keyId: -2054027300)
2015-10-18 21:45:47,545 INFO [main] org.apache.hadoop.mapreduce.v2.app.MRAppMaster: Using mapred newApiCommitter.
2015-10-18 21:45:48,545 INFO [main] org.apache.hadoop.mapreduce.v2.app.MRAppMaster: OutputCommitter set in config null
2015-10-18 21:45:48,607 INFO [main] org.apache.hadoop.mapreduce.v2.app.MRAppMaster: OutputCommitter is org.apache.hadoop.mapreduce.lib.output.FileOutputCommitter
2015-10-18 21:45:49,951 INFO [main] org.apache.hadoop.mapreduce.v2.app.MRAppMaster: MRAppMaster launching normal, non-uberized, multi-container job job_1445175094696_0005.
2015-10-18 21:54:38,015 INFO [Thread-106] org.apache.hadoop.mapreduce.v2.app.MRAppMaster: We are finishing cleanly so this is the last retry
2015-10-18 21:54:38,015 INFO [Thread-106] org.apache.hadoop.mapreduce.v2.app.MRAppMaster: Notify RMCommunicator isAMLastRetry: true
2015-10-18 21:54:38,015 INFO [Thread-106] org.apache.hadoop.mapreduce.v2.app.MRAppMaster: Notify JHEH isAMLastRetry: true
2015-10-18 21:54:38,015 INFO [Thread-106] org.apache.hadoop.mapreduce.v2.app.MRAppMaster: Calling stop for all the services
2015-10-18 21:54:39,609 INFO [Thread-106] org.apache.hadoop.mapreduce.v2.app.MRAppMaster: Deleting staging directory hdfs://msra-sa-41:9000 /tmp/hadoop-yarn/staging/msrabi/.staging/job_1445175094696_0005
2015-10-18 21:33:02,241 INFO [main] org.apache.hadoop.mapreduce.v2.app.MRAppMaster: Created MRAppMaster for application appattempt_1445175094696_0003_000001
2015-10-18 21:33:03,053 INFO [main] org.apache.hadoop.mapreduce.v2.app.MRAppMaster: Executing with tokens:
2015-10-18 21:33:03,053 INFO [main] org.apache.hadoop.mapreduce.v2.app.MRAppMaster: Kind: YARN_AM_RM_TOKEN, Service: , Ident: (appAttemptId { application_id { id: 3 cluster_timestamp: 1445175094696 } attemptId: 1 } keyId: -2054027300)
2015-10-18 21:33:03,350 INFO [main] org.apache.hadoop.mapreduce.v2.app.MRAppMaster: Using mapred newApiCommitter.
2015-10-18 21:33:04,319 INFO [main] org.apache.hadoop.mapreduce.v2.app.MRAppMaster: OutputCommitter set in config null
2015-10-18 21:33:04,413 INFO [main] org.apache.hadoop.mapreduce.v2.app.MRAppMaster: OutputCommitter is org.apache.hadoop.mapreduce.lib.output.FileOutputCommitter
2015-10-18 21:33:05,241 INFO [main] org.apache.hadoop.mapreduce.v2.app.MRAppMaster: MRAppMaster launching normal, non-uberized, multi-container job job_1445175094696_0003.
2015-10-18 21:45:16,032 INFO [Thread-626] org.apache.hadoop.mapreduce.v2.app.MRAppMaster: We are finishing cleanly so this is the last retry
2015-10-18 21:45:16,032 INFO [Thread-626] org.apache.hadoop.mapreduce.v2.app.MRAppMaster: Notify RMCommunicator isAMLastRetry: true
2015-10-18 21:45:16,032 INFO [Thread-626] org.apache.hadoop.mapreduce.v2.app.MRAppMaster: Notify JHEH isAMLastRetry: true
2015-10-18 21:45:16,032 INFO [Thread-626] org.apache.hadoop.mapreduce.v2.app.MRAppMaster: Calling stop for all the services
2015-10-18 21:45:17,064 INFO [Thread-626] org.apache.hadoop.mapreduce.v2.app.MRAppMaster: Skipping cleaning up the staging dir. assuming AM will be retried.
2015-10-18 21:45:17,064 WARN [Thread-626] org.apache.hadoop.mapreduce.v2.app.MRAppMaster: Graceful stop failed 
2015-10-18 21:51:38,174 INFO [main] org.apache.hadoop.mapreduce.v2.app.MRAppMaster: Created MRAppMaster for application appattempt_1445175094696_0003_000002
2015-10-18 21:51:38,596 INFO [main] org.apache.hadoop.mapreduce.v2.app.MRAppMaster: Executing with tokens:
2015-10-18 21:51:38,596 INFO [main] org.apache.hadoop.mapreduce.v2.app.MRAppMaster: Kind: YARN_AM_RM_TOKEN, Service: , Ident: (appAttemptId { application_id { id: 3 cluster_timestamp: 1445175094696 } attemptId: 2 } keyId: -2054027300)
2015-10-18 21:51:38,846 INFO [main] org.apache.hadoop.mapreduce.v2.app.MRAppMaster: Using mapred newApiCommitter.
2015-10-18 21:51:40,065 INFO [main] org.apache.hadoop.mapreduce.v2.app.MRAppMaster: OutputCommitter set in config null
2015-10-18 21:51:40,190 INFO [main] org.apache.hadoop.mapreduce.v2.app.MRAppMaster: OutputCommitter is org.apache.hadoop.mapreduce.lib.output.FileOutputCommitter
2015-10-18 21:51:40,471 INFO [main] org.apache.hadoop.mapreduce.v2.app.MRAppMaster: Recovery is enabled. Will try to recover from previous life on best effort basis.
2015-10-18 21:51:40,518 INFO [main] org.apache.hadoop.mapreduce.v2.app.MRAppMaster: Previous history file is at hdfs://msra-sa-41:9000/tmp/hadoop-yarn/staging/msrabi/.staging/job_1445175094696_0003/job_1445175094696_0003_1.jhist
2015-10-18 21:51:41,846 INFO [main] org.apache.hadoop.mapreduce.v2.app.MRAppMaster: Read from history task task_1445175094696_0003_m_000004
2015-10-18 21:51:41,846 INFO [main] org.apache.hadoop.mapreduce.v2.app.MRAppMaster: Read from history task task_1445175094696_0003_m_000003
2015-10-18 21:51:41,846 INFO [main] org.apache.hadoop.mapreduce.v2.app.MRAppMaster: Read from history task task_1445175094696_0003_m_000002
2015-10-18 21:51:41,846 INFO [main] org.apache.hadoop.mapreduce.v2.app.MRAppMaster: Read from history task task_1445175094696_0003_m_000001
2015-10-18 21:51:41,846 INFO [main] org.apache.hadoop.mapreduce.v2.app.MRAppMaster: Read from history task task_1445175094696_0003_m_000000
2015-10-18 21:51:41,846 INFO [main] org.apache.hadoop.mapreduce.v2.app.MRAppMaster: Read from history task task_1445175094696_0003_m_000009
2015-10-18 21:51:41,846 INFO [main] org.apache.hadoop.mapreduce.v2.app.MRAppMaster: Read from history task task_1445175094696_0003_m_000008
2015-10-18 21:51:41,846 INFO [main] org.apache.hadoop.mapreduce.v2.app.MRAppMaster: Read from history task task_1445175094696_0003_m_000007
2015-10-18 21:51:41,846 INFO [main] org.apache.hadoop.mapreduce.v2.app.MRAppMaster: Read from history task task_1445175094696_0003_m_000006
2015-10-18 21:51:41,846 INFO [main] org.apache.hadoop.mapreduce.v2.app.MRAppMaster: Read from history task task_1445175094696_0003_m_000005
2015-10-18 21:51:41,846 INFO [main] org.apache.hadoop.mapreduce.v2.app.MRAppMaster: Read completed tasks from history 10
2015-10-18 21:51:42,206 INFO [main] org.apache.hadoop.mapreduce.v2.app.MRAppMaster: MRAppMaster launching normal, non-uberized, multi-container job job_1445175094696_0003.
2015-10-18 21:56:39,699 INFO [Thread-81] org.apache.hadoop.mapreduce.v2.app.MRAppMaster: We are finishing cleanly so this is the last retry
2015-10-18 21:56:39,699 INFO [Thread-81] org.apache.hadoop.mapreduce.v2.app.MRAppMaster: Notify RMCommunicator isAMLastRetry: true
2015-10-18 21:56:39,699 INFO [Thread-81] org.apache.hadoop.mapreduce.v2.app.MRAppMaster: Notify JHEH isAMLastRetry: true
2015-10-18 21:56:39,699 INFO [Thread-81] org.apache.hadoop.mapreduce.v2.app.MRAppMaster: Calling stop for all the services
2015-10-18 21:56:41,058 INFO [Thread-81] org.apache.hadoop.mapreduce.v2.app.MRAppMaster: Deleting staging directory hdfs://msra-sa-41:9000 /tmp/hadoop-yarn/staging/msrabi/.staging/job_1445175094696_0003
