2015-10-18 18:09:35,551 INFO [main] org.apache.hadoop.mapreduce.v2.app.MRAppMaster: Created MRAppMaster for application appattempt_1445144423722_0024_000001
2015-10-18 18:09:36,394 INFO [main] org.apache.hadoop.mapreduce.v2.app.MRAppMaster: Executing with tokens:
2015-10-18 18:09:36,394 INFO [main] org.apache.hadoop.mapreduce.v2.app.MRAppMaster: Kind: YARN_AM_RM_TOKEN, Service: , Ident: (appAttemptId { application_id { id: 24 cluster_timestamp: 1445144423722 } attemptId: 1 } keyId: -127633188)
2015-10-18 18:09:36,738 INFO [main] org.apache.hadoop.mapreduce.v2.app.MRAppMaster: Using mapred newApiCommitter.
2015-10-18 18:09:37,879 INFO [main] org.apache.hadoop.mapreduce.v2.app.MRAppMaster: OutputCommitter set in config null
2015-10-18 18:09:37,988 INFO [main] org.apache.hadoop.mapreduce.v2.app.MRAppMaster: OutputCommitter is org.apache.hadoop.mapreduce.lib.output.FileOutputCommitter
2015-10-18 18:09:39,520 INFO [main] org.apache.hadoop.mapreduce.v2.app.MRAppMaster: MRAppMaster launching normal, non-uberized, multi-container job job_1445144423722_0024.
2015-10-18 18:20:19,151 INFO [Thread-111] org.apache.hadoop.mapreduce.v2.app.MRAppMaster: We are finishing cleanly so this is the last retry
2015-10-18 18:20:19,151 INFO [Thread-111] org.apache.hadoop.mapreduce.v2.app.MRAppMaster: Notify RMCommunicator isAMLastRetry: true
2015-10-18 18:20:19,151 INFO [Thread-111] org.apache.hadoop.mapreduce.v2.app.MRAppMaster: Notify JHEH isAMLastRetry: true
2015-10-18 18:20:19,151 INFO [Thread-111] org.apache.hadoop.mapreduce.v2.app.MRAppMaster: Calling stop for all the services
2015-10-18 18:20:23,995 INFO [Thread-111] org.apache.hadoop.mapreduce.v2.app.MRAppMaster: Deleting staging directory hdfs://msra-sa-41:9000 /tmp/hadoop-yarn/staging/msrabi/.staging/job_1445144423722_0024
2015-10-17 16:47:38,357 INFO [main] org.apache.hadoop.mapreduce.v2.app.MRAppMaster: Created MRAppMaster for application appattempt_1445062781478_0018_000001
2015-10-17 16:47:38,951 INFO [main] org.apache.hadoop.mapreduce.v2.app.MRAppMaster: Executing with tokens:
2015-10-17 16:47:38,951 INFO [main] org.apache.hadoop.mapreduce.v2.app.MRAppMaster: Kind: YARN_AM_RM_TOKEN, Service: , Ident: (appAttemptId { application_id { id: 18 cluster_timestamp: 1445062781478 } attemptId: 1 } keyId: 471522253)
2015-10-17 16:47:39,185 INFO [main] org.apache.hadoop.mapreduce.v2.app.MRAppMaster: Using mapred newApiCommitter.
2015-10-17 16:47:40,029 INFO [main] org.apache.hadoop.mapreduce.v2.app.MRAppMaster: OutputCommitter set in config null
2015-10-17 16:47:40,107 INFO [main] org.apache.hadoop.mapreduce.v2.app.MRAppMaster: OutputCommitter is org.apache.hadoop.mapreduce.lib.output.FileOutputCommitter
2015-10-17 16:47:40,904 INFO [main] org.apache.hadoop.mapreduce.v2.app.MRAppMaster: MRAppMaster launching normal, non-uberized, multi-container job job_1445062781478_0018.
2015-10-17 17:11:17,981 INFO [main] org.apache.hadoop.mapreduce.v2.app.MRAppMaster: Created MRAppMaster for application appattempt_1445062781478_0018_000002
2015-10-17 17:11:18,370 INFO [main] org.apache.hadoop.mapreduce.v2.app.MRAppMaster: Executing with tokens:
2015-10-17 17:11:18,371 INFO [main] org.apache.hadoop.mapreduce.v2.app.MRAppMaster: Kind: YARN_AM_RM_TOKEN, Service: , Ident: (appAttemptId { application_id { id: 18 cluster_timestamp: 1445062781478 } attemptId: 2 } keyId: 471522253)
2015-10-17 17:11:18,507 INFO [main] org.apache.hadoop.mapreduce.v2.app.MRAppMaster: Using mapred newApiCommitter.
2015-10-17 17:11:19,150 INFO [main] org.apache.hadoop.mapreduce.v2.app.MRAppMaster: OutputCommitter set in config null
2015-10-17 17:11:19,201 INFO [main] org.apache.hadoop.mapreduce.v2.app.MRAppMaster: OutputCommitter is org.apache.hadoop.mapreduce.lib.output.FileOutputCommitter
2015-10-17 17:11:19,338 INFO [main] org.apache.hadoop.mapreduce.v2.app.MRAppMaster: Recovery is enabled. Will try to recover from previous life on best effort basis.
2015-10-17 17:11:19,364 INFO [main] org.apache.hadoop.mapreduce.v2.app.MRAppMaster: Previous history file is at hdfs://msra-sa-41:9000/tmp/hadoop-yarn/staging/msrabi/.staging/job_1445062781478_0018/job_1445062781478_0018_1.jhist
2015-10-17 17:11:21,181 INFO [main] org.apache.hadoop.mapreduce.v2.app.MRAppMaster: Read from history task task_1445062781478_0018_m_000008
2015-10-17 17:11:21,182 INFO [main] org.apache.hadoop.mapreduce.v2.app.MRAppMaster: Read from history task task_1445062781478_0018_m_000009
2015-10-17 17:11:21,182 INFO [main] org.apache.hadoop.mapreduce.v2.app.MRAppMaster: Read from history task task_1445062781478_0018_m_000006
2015-10-17 17:11:21,182 INFO [main] org.apache.hadoop.mapreduce.v2.app.MRAppMaster: Read from history task task_1445062781478_0018_m_000004
2015-10-17 17:11:21,182 INFO [main] org.apache.hadoop.mapreduce.v2.app.MRAppMaster: Read from history task task_1445062781478_0018_m_000005
2015-10-17 17:11:21,183 INFO [main] org.apache.hadoop.mapreduce.v2.app.MRAppMaster: Read from history task task_1445062781478_0018_m_000002
2015-10-17 17:11:21,183 INFO [main] org.apache.hadoop.mapreduce.v2.app.MRAppMaster: Read from history task task_1445062781478_0018_m_000003
2015-10-17 17:11:21,183 INFO [main] org.apache.hadoop.mapreduce.v2.app.MRAppMaster: Read from history task task_1445062781478_0018_m_000000
2015-10-17 17:11:21,183 INFO [main] org.apache.hadoop.mapreduce.v2.app.MRAppMaster: Read from history task task_1445062781478_0018_m_000001
2015-10-17 17:11:21,183 INFO [main] org.apache.hadoop.mapreduce.v2.app.MRAppMaster: Read completed tasks from history 9
2015-10-17 17:11:21,521 INFO [main] org.apache.hadoop.mapreduce.v2.app.MRAppMaster: MRAppMaster launching normal, non-uberized, multi-container job job_1445062781478_0018.
2015-10-17 17:15:06,952 INFO [Thread-79] org.apache.hadoop.mapreduce.v2.app.MRAppMaster: We are finishing cleanly so this is the last retry
2015-10-17 17:15:06,953 INFO [Thread-79] org.apache.hadoop.mapreduce.v2.app.MRAppMaster: Notify RMCommunicator isAMLastRetry: true
2015-10-17 17:15:06,953 INFO [Thread-79] org.apache.hadoop.mapreduce.v2.app.MRAppMaster: Notify JHEH isAMLastRetry: true
2015-10-17 17:15:06,953 INFO [Thread-79] org.apache.hadoop.mapreduce.v2.app.MRAppMaster: Calling stop for all the services
2015-10-17 17:15:08,344 INFO [Thread-79] org.apache.hadoop.mapreduce.v2.app.MRAppMaster: Deleting staging directory hdfs://msra-sa-41:9000 /tmp/hadoop-yarn/staging/msrabi/.staging/job_1445062781478_0018
