- 1118543334 2005.06.11 R00-M1-NF-C:J13-U11 2005-06-11-19.28.54.924021 R00-M1-NF-C:J13-U11 RAS KERNEL INFO 1 ddr errors(s) detected and corrected on rank 0, symbol 4, bit 3
- 1118543334 2005.06.11 R14-M0-NE-C:J17-U01 2005-06-11-19.28.54.950025 R14-M0-NE-C:J17-U01 RAS KERNEL INFO 6 ddr errors(s) detected and corrected on rank 0, symbol 35, bit 3
- 1118543335 2005.06.11 R04-M0-NC-C:J09-U11 2005-06-11-19.28.55.039940 R04-M0-NC-C:J09-U11 RAS KERNEL INFO generating core.1206
- 1118543335 2005.06.11 R13-M0-NA-C:J14-U01 2005-06-11-19.28.55.081820 R13-M0-NA-C:J14-U01 RAS KERNEL INFO 44666591 L3 EDRAM error(s) (dcr 0x0157) detected and corrected
- 1118543335 2005.06.11 R03-M0-NB-C:J10-U11 2005-06-11-19.28.55.114836 R03-M0-NB-C:J10-U11 RAS KERNEL INFO 4 ddr errors(s) detected and corrected on rank 0, symbol 12, bit 0
- 1118543335 2005.06.11 R00-M0-NB-C:J16-U01 2005-06-11-19.28.55.141435 R00-M0-NB-C:J16-U01 RAS KERNEL INFO 3 ddr errors(s) detected and corrected on rank 0, symbol 7, bit 2
- 1118543335 2005.06.11 R16-M0-NE-C:J02-U11 2005-06-11-19.28.55.167840 R16-M0-NE-C:J02-U11 RAS KERNEL INFO 2 ddr errors(s) detected and corrected on rank 0, symbol 22, bit 0
- 1118543335 2005.06.11 R14-M1-NF-C:J17-U11 2005-06-11-19.28.55.845660 R14-M1-NF-C:J17-U11 RAS KERNEL INFO 4 ddr errors(s) detected and corrected on rank 0, symbol 5, bit 5
- 1118543335 2005.06.11 R00-M1-NF-C:J13-U11 2005-06-11-19.28.55.864280 R00-M1-NF-C:J13-U11 RAS KERNEL INFO CE sym 4, at 0x0371a2a0, mask 0x10
- 1118543335 2005.06.11 R14-M0-NE-C:J17-U01 2005-06-11-19.28.55.918332 R14-M0-NE-C:J17-U01 RAS KERNEL INFO CE sym 35, at 0x15b83f00, mask 0x10
- 1118543336 2005.06.11 R01-M1-ND-C:J15-U11 2005-06-11-19.28.56.140609 R01-M1-ND-C:J15-U11 RAS KERNEL INFO 5 ddr errors(s) detected and corrected on rank 0, symbol 5, bit 5
- 1118543336 2005.06.11 R16-M1-ND-C:J09-U11 2005-06-11-19.28.56.166310 R16-M1-ND-C:J09-U11 RAS KERNEL INFO generating core.1338
- 1118543336 2005.06.11 R17-M1-NE-C:J03-U01 2005-06-11-19.28.56.217113 R17-M1-NE-C:J03-U01 RAS KERNEL INFO 1 L3 EDRAM error(s) (dcr 0x0157) detected and corrected
- 1118543336 2005.06.11 R03-M0-NB-C:J10-U11 2005-06-11-19.28.56.359947 R03-M0-NB-C:J10-U11 RAS KERNEL INFO 8 ddr errors(s) detected and corrected on rank 0, symbol 12, bit 1
- 1118543336 2005.06.11 R00-M0-NB-C:J16-U01 2005-06-11-19.28.56.380472 R00-M0-NB-C:J16-U01 RAS KERNEL INFO CE sym 7, at 0x15a02bc0, mask 0x20
- 1118543336 2005.06.11 R16-M0-NE-C:J02-U11 2005-06-11-19.28.56.499589 R16-M0-NE-C:J02-U11 RAS KERNEL INFO CE sym 22, at 0x0e784740, mask 0x80
- 1118543336 2005.06.11 R12-M1-NC-C:J08-U01 2005-06-11-19.28.56.617851 R12-M1-NC-C:J08-U01 RAS KERNEL INFO generating core.1422
- 1118543336 2005.06.11 R14-M1-NF-C:J17-U11 2005-06-11-19.28.56.979098 R14-M1-NF-C:J17-U11 RAS KERNEL INFO CE sym 5, at 0x0acd3300, mask 0x04
- 1118543336 2005.06.11 R00-M1-NF-C:J13-U11 2005-06-11-19.28.56.997750 R00-M1-NF-C:J13-U11 RAS KERNEL INFO total of 1 ddr error(s) detected and corrected
- 1118543337 2005.06.11 R14-M0-NE-C:J17-U01 2005-06-11-19.28.57.051636 R14-M0-NE-C:J17-U01 RAS KERNEL INFO CE sym 35, at 0x15b83f00, mask 0x10
- 1118543337 2005.06.11 R01-M1-ND-C:J15-U11 2005-06-11-19.28.57.156021 R01-M1-ND-C:J15-U11 RAS KERNEL INFO CE sym 5, at 0x11042a80, mask 0x04
- 1118543337 2005.06.11 R03-M0-NB-C:J10-U11 2005-06-11-19.28.57.191167 R03-M0-NB-C:J10-U11 RAS KERNEL INFO 10 ddr errors(s) detected and corrected on rank 0, symbol 12, bit 2
- 1118543337 2005.06.11 R00-M0-NB-C:J16-U01 2005-06-11-19.28.57.305650 R00-M0-NB-C:J16-U01 RAS KERNEL INFO CE sym 7, at 0x15a02bc0, mask 0x20
- 1118543337 2005.06.11 R16-M0-NE-C:J02-U11 2005-06-11-19.28.57.362529 R16-M0-NE-C:J02-U11 RAS KERNEL INFO CE sym 22, at 0x0e784740, mask 0x80
- 1118543337 2005.06.11 R14-M1-NF-C:J17-U11 2005-06-11-19.28.57.882884 R14-M1-NF-C:J17-U11 RAS KERNEL INFO CE sym 5, at 0x0acd3300, mask 0x04
- 1118543337 2005.06.11 R14-M0-NE-C:J17-U01 2005-06-11-19.28.57.900830 R14-M0-NE-C:J17-U01 RAS KERNEL INFO CE sym 35, at 0x15b83f00, mask 0x10
- 1118543337 2005.06.11 R01-M1-ND-C:J15-U11 2005-06-11-19.28.57.968126 R01-M1-ND-C:J15-U11 RAS KERNEL INFO CE sym 5, at 0x11042a80, mask 0x04
- 1118543338 2005.06.11 R03-M0-NB-C:J10-U11 2005-06-11-19.28.58.007865 R03-M0-NB-C:J10-U11 RAS KERNEL INFO 5 ddr errors(s) detected and corrected on rank 0, symbol 12, bit 3
- 1118543338 2005.06.11 R00-M0-NB-C:J16-U01 2005-06-11-19.28.58.026470 R00-M0-NB-C:J16-U01 RAS KERNEL INFO CE sym 7, at 0x15a02bc0, mask 0x20
- 1118543338 2005.06.11 R16-M0-NE-C:J02-U11 2005-06-11-19.28.58.126033 R16-M0-NE-C:J02-U11 RAS KERNEL INFO total of 2 ddr error(s) detected and corrected
- 1118543338 2005.06.11 R14-M1-NF-C:J17-U11 2005-06-11-19.28.58.503154 R14-M1-NF-C:J17-U11 RAS KERNEL INFO CE sym 5, at 0x0acd3300, mask 0x04
- 1118543338 2005.06.11 R14-M0-NE-C:J17-U01 2005-06-11-19.28.58.520658 R14-M0-NE-C:J17-U01 RAS KERNEL INFO CE sym 35, at 0x15b83f00, mask 0x10
- 1118543338 2005.06.11 R01-M1-ND-C:J15-U11 2005-06-11-19.28.58.604261 R01-M1-ND-C:J15-U11 RAS KERNEL INFO CE sym 5, at 0x11042a80, mask 0x04
- 1118543338 2005.06.11 R03-M0-NB-C:J10-U11 2005-06-11-19.28.58.623420 R03-M0-NB-C:J10-U11 RAS KERNEL INFO 5 ddr errors(s) detected and corrected on rank 0, symbol 12, bit 4
- 1118543338 2005.06.11 R00-M0-NB-C:J16-U01 2005-06-11-19.28.58.644072 R00-M0-NB-C:J16-U01 RAS KERNEL INFO total of 3 ddr error(s) detected and corrected
- 1118543339 2005.06.11 R14-M1-NF-C:J17-U11 2005-06-11-19.28.59.088788 R14-M1-NF-C:J17-U11 RAS KERNEL INFO CE sym 5, at 0x0acd3300, mask 0x04
- 1118543339 2005.06.11 R14-M0-NE-C:J17-U01 2005-06-11-19.28.59.121826 R14-M0-NE-C:J17-U01 RAS KERNEL INFO CE sym 35, at 0x15b83f00, mask 0x10
- 1118543339 2005.06.11 R01-M1-ND-C:J15-U11 2005-06-11-19.28.59.180920 R01-M1-ND-C:J15-U11 RAS KERNEL INFO CE sym 5, at 0x11042a80, mask 0x04
- 1118543339 2005.06.11 R03-M0-NB-C:J10-U11 2005-06-11-19.28.59.200953 R03-M0-NB-C:J10-U11 RAS KERNEL INFO 1 ddr errors(s) detected and corrected on rank 0, symbol 12, bit 5
- 1118543339 2005.06.11 R14-M1-NF-C:J17-U11 2005-06-11-19.28.59.553061 R14-M1-NF-C:J17-U11 RAS KERNEL INFO total of 4 ddr error(s) detected and corrected
- 1118543339 2005.06.11 R14-M0-NE-C:J17-U01 2005-06-11-19.28.59.575195 R14-M0-NE-C:J17-U01 RAS KERNEL INFO CE sym 35, at 0x15b83f00, mask 0x10
- 1118543339 2005.06.11 R01-M1-ND-C:J15-U11 2005-06-11-19.28.59.632816 R01-M1-ND-C:J15-U11 RAS KERNEL INFO CE sym 5, at 0x11042a80, mask 0x04
- 1118543339 2005.06.11 R03-M0-NB-C:J10-U11 2005-06-11-19.28.59.650871 R03-M0-NB-C:J10-U11 RAS KERNEL INFO 3 ddr errors(s) detected and corrected on rank 0, symbol 12, bit 6
- 1118543340 2005.06.11 R14-M0-NE-C:J17-U01 2005-06-11-19.29.00.121349 R14-M0-NE-C:J17-U01 RAS KERNEL INFO total of 6 ddr error(s) detected and corrected
- 1118543340 2005.06.11 R01-M1-ND-C:J15-U11 2005-06-11-19.29.00.142580 R01-M1-ND-C:J15-U11 RAS KERNEL INFO total of 5 ddr error(s) detected and corrected
- 1118543340 2005.06.11 R03-M0-NB-C:J10-U11 2005-06-11-19.29.00.200964 R03-M0-NB-C:J10-U11 RAS KERNEL INFO 11 ddr errors(s) detected and corrected on rank 0, symbol 12, bit 7
- 1118543340 2005.06.11 R03-M0-NB-C:J10-U11 2005-06-11-19.29.00.497305 R03-M0-NB-C:J10-U11 RAS KERNEL INFO CE sym 12, at 0x0b786b40, mask 0x01
- 1118543340 2005.06.11 R03-M0-NB-C:J10-U11 2005-06-11-19.29.00.833285 R03-M0-NB-C:J10-U11 RAS KERNEL INFO CE sym 12, at 0x0b7bc700, mask 0x10
- 1118543341 2005.06.11 R03-M0-NB-C:J10-U11 2005-06-11-19.29.01.130472 R03-M0-NB-C:J10-U11 RAS KERNEL INFO CE sym 12, at 0x0b7bc700, mask 0x10
- 1118543341 2005.06.11 R03-M0-NB-C:J10-U11 2005-06-11-19.29.01.474181 R03-M0-NB-C:J10-U11 RAS KERNEL INFO CE sym 12, at 0x0b79c540, mask 0x04
- 1118543341 2005.06.11 R03-M0-NB-C:J10-U11 2005-06-11-19.29.01.704031 R03-M0-NB-C:J10-U11 RAS KERNEL INFO CE sym 12, at 0x0b79e700, mask 0x40
- 1118543342 2005.06.11 R03-M0-NB-C:J10-U11 2005-06-11-19.29.02.036173 R03-M0-NB-C:J10-U11 RAS KERNEL INFO CE sym 12, at 0x0b716100, mask 0x80
- 1118543342 2005.06.11 R03-M0-NB-C:J10-U11 2005-06-11-19.29.02.254068 R03-M0-NB-C:J10-U11 RAS KERNEL INFO CE sym 12, at 0x0b716320, mask 0x02
- 1118543342 2005.06.11 R03-M0-NB-C:J10-U11 2005-06-11-19.29.02.695577 R03-M0-NB-C:J10-U11 RAS KERNEL INFO CE sym 12, at 0x0b716940, mask 0x02
- 1118543343 2005.06.11 R03-M0-NB-C:J10-U11 2005-06-11-19.29.03.041471 R03-M0-NB-C:J10-U11 RAS KERNEL INFO CE sym 12, at 0x0b706b40, mask 0x01
- 1118543343 2005.06.11 R03-M0-NB-C:J10-U11 2005-06-11-19.29.03.270883 R03-M0-NB-C:J10-U11 RAS KERNEL INFO CE sym 12, at 0x0b707320, mask 0x40
- 1118543343 2005.06.11 R03-M0-NB-C:J10-U11 2005-06-11-19.29.03.623298 R03-M0-NB-C:J10-U11 RAS KERNEL INFO CE sym 12, at 0x0b713f00, mask 0x20
- 1118543344 2005.06.11 R03-M0-NB-C:J10-U11 2005-06-11-19.29.04.018034 R03-M0-NB-C:J10-U11 RAS KERNEL INFO CE sym 12, at 0x0b793f00, mask 0x20
- 1118543344 2005.06.11 R03-M0-NB-C:J10-U11 2005-06-11-19.29.04.240148 R03-M0-NB-C:J10-U11 RAS KERNEL INFO CE sym 12, at 0x0b797940, mask 0x80
- 1118543344 2005.06.11 R03-M0-NB-C:J10-U11 2005-06-11-19.29.04.557120 R03-M0-NB-C:J10-U11 RAS KERNEL INFO CE sym 12, at 0x0b7b6d00, mask 0x20
- 1118543344 2005.06.11 R03-M0-NB-C:J10-U11 2005-06-11-19.29.04.916048 R03-M0-NB-C:J10-U11 RAS KERNEL INFO CE sym 12, at 0x0b7b9f60, mask 0x08
- 1118543345 2005.06.11 R03-M0-NB-C:J10-U11 2005-06-11-19.29.05.216530 R03-M0-NB-C:J10-U11 RAS KERNEL INFO CE sym 12, at 0x0b7bc700, mask 0x10
- 1118543345 2005.06.11 R03-M0-NB-C:J10-U11 2005-06-11-19.29.05.558917 R03-M0-NB-C:J10-U11 RAS KERNEL INFO CE sym 12, at 0x0b70f960, mask 0x01
- 1118543345 2005.06.11 R03-M0-NB-C:J10-U11 2005-06-11-19.29.05.787600 R03-M0-NB-C:J10-U11 RAS KERNEL INFO CE sym 12, at 0x0b786b40, mask 0x01
- 1118543346 2005.06.11 R03-M0-NB-C:J10-U11 2005-06-11-19.29.06.071381 R03-M0-NB-C:J10-U11 RAS KERNEL INFO CE sym 12, at 0x0b786b40, mask 0x01
- 1118543346 2005.06.11 R03-M0-NB-C:J10-U11 2005-06-11-19.29.06.363246 R03-M0-NB-C:J10-U11 RAS KERNEL INFO CE sym 12, at 0x0b712f00, mask 0x20
- 1118543346 2005.06.11 R03-M0-NB-C:J10-U11 2005-06-11-19.29.06.707510 R03-M0-NB-C:J10-U11 RAS KERNEL INFO CE sym 12, at 0x0b7fe700, mask 0x40
- 1118543347 2005.06.11 R03-M0-NB-C:J10-U11 2005-06-11-19.29.07.024792 R03-M0-NB-C:J10-U11 RAS KERNEL INFO CE sym 12, at 0x0b712f00, mask 0x20
- 1118543347 2005.06.11 R03-M0-NB-C:J10-U11 2005-06-11-19.29.07.257754 R03-M0-NB-C:J10-U11 RAS KERNEL INFO CE sym 12, at 0x0b70f960, mask 0x01
- 1118543347 2005.06.11 R03-M0-NB-C:J10-U11 2005-06-11-19.29.07.601256 R03-M0-NB-C:J10-U11 RAS KERNEL INFO CE sym 12, at 0x0b78ed40, mask 0x40
- 1118543347 2005.06.11 R03-M0-NB-C:J10-U11 2005-06-11-19.29.07.830003 R03-M0-NB-C:J10-U11 RAS KERNEL INFO CE sym 12, at 0x0b786b40, mask 0x01
- 1118543348 2005.06.11 R03-M0-NB-C:J10-U11 2005-06-11-19.29.08.106359 R03-M0-NB-C:J10-U11 RAS KERNEL INFO CE sym 12, at 0x0b79d540, mask 0x20
- 1118543348 2005.06.11 R03-M0-NB-C:J10-U11 2005-06-11-19.29.08.317631 R03-M0-NB-C:J10-U11 RAS KERNEL INFO CE sym 12, at 0x0b791f60, mask 0x08
- 1118543348 2005.06.11 R03-M0-NB-C:J10-U11 2005-06-11-19.29.08.706863 R03-M0-NB-C:J10-U11 RAS KERNEL INFO CE sym 12, at 0x0b70f960, mask 0x01
- 1118543349 2005.06.11 R03-M0-NB-C:J10-U11 2005-06-11-19.29.09.065807 R03-M0-NB-C:J10-U11 RAS KERNEL INFO CE sym 12, at 0x0b791f60, mask 0x08
- 1118543349 2005.06.11 R03-M0-NB-C:J10-U11 2005-06-11-19.29.09.322491 R03-M0-NB-C:J10-U11 RAS KERNEL INFO CE sym 12, at 0x0b700900, mask 0x40
- 1118543349 2005.06.11 R03-M0-NB-C:J10-U11 2005-06-11-19.29.09.625865 R03-M0-NB-C:J10-U11 RAS KERNEL INFO CE sym 12, at 0x0b705960, mask 0x01
- 1118543349 2005.06.11 R03-M0-NB-C:J10-U11 2005-06-11-19.29.09.870749 R03-M0-NB-C:J10-U11 RAS KERNEL INFO CE sym 12, at 0x0b706b40, mask 0x01
- 1118543350 2005.06.11 R03-M0-NB-C:J10-U11 2005-06-11-19.29.10.211101 R03-M0-NB-C:J10-U11 RAS KERNEL INFO CE sym 12, at 0x0b707320, mask 0x40
- 1118543350 2005.06.11 R03-M0-NB-C:J10-U11 2005-06-11-19.29.10.524804 R03-M0-NB-C:J10-U11 RAS KERNEL INFO CE sym 12, at 0x0b707900, mask 0x10
- 1118543350 2005.06.11 R03-M0-NB-C:J10-U11 2005-06-11-19.29.10.731276 R03-M0-NB-C:J10-U11 RAS KERNEL INFO CE sym 12, at 0x0b711560, mask 0x20
- 1118543350 2005.06.11 R03-M0-NB-C:J10-U11 2005-06-11-19.29.10.941337 R03-M0-NB-C:J10-U11 RAS KERNEL INFO CE sym 12, at 0x0b712f00, mask 0x20
- 1118543351 2005.06.11 R03-M0-NB-C:J10-U11 2005-06-11-19.29.11.230587 R03-M0-NB-C:J10-U11 RAS KERNEL INFO CE sym 12, at 0x0b713560, mask 0x20
- 1118543351 2005.06.11 R03-M0-NB-C:J10-U11 2005-06-11-19.29.11.630085 R03-M0-NB-C:J10-U11 RAS KERNEL INFO CE sym 12, at 0x0b713720, mask 0x80
- 1118543351 2005.06.11 R03-M0-NB-C:J10-U11 2005-06-11-19.29.11.910630 R03-M0-NB-C:J10-U11 RAS KERNEL INFO CE sym 12, at 0x0b714900, mask 0x08
- 1118543352 2005.06.11 R03-M0-NB-C:J10-U11 2005-06-11-19.29.12.181657 R03-M0-NB-C:J10-U11 RAS KERNEL INFO CE sym 12, at 0x0b716120, mask 0x08
- 1118543352 2005.06.11 R03-M0-NB-C:J10-U11 2005-06-11-19.29.12.395864 R03-M0-NB-C:J10-U11 RAS KERNEL INFO CE sym 12, at 0x0b716320, mask 0x02
- 1118543352 2005.06.11 R03-M0-NB-C:J10-U11 2005-06-11-19.29.12.777568 R03-M0-NB-C:J10-U11 RAS KERNEL INFO CE sym 12, at 0x0b716760, mask 0x80
- 1118543353 2005.06.11 R03-M0-NB-C:J10-U11 2005-06-11-19.29.13.071789 R03-M0-NB-C:J10-U11 RAS KERNEL INFO CE sym 12, at 0x0b716d40, mask 0x40
- 1118543353 2005.06.11 R03-M0-NB-C:J10-U11 2005-06-11-19.29.13.281809 R03-M0-NB-C:J10-U11 RAS KERNEL INFO CE sym 12, at 0x0b71b560, mask 0x20
- 1118543353 2005.06.11 R03-M0-NB-C:J10-U11 2005-06-11-19.29.13.490177 R03-M0-NB-C:J10-U11 RAS KERNEL INFO CE sym 12, at 0x0b79e700, mask 0x40
- 1118543353 2005.06.11 R03-M0-NB-C:J10-U11 2005-06-11-19.29.13.779220 R03-M0-NB-C:J10-U11 RAS KERNEL INFO CE sym 12, at 0x0b7bc700, mask 0x10
- 1118543354 2005.06.11 R03-M0-NB-C:J10-U11 2005-06-11-19.29.14.102247 R03-M0-NB-C:J10-U11 RAS KERNEL INFO CE sym 12, at 0x0b70f960, mask 0x01
- 1118543354 2005.06.11 R03-M0-NB-C:J10-U11 2005-06-11-19.29.14.442616 R03-M0-NB-C:J10-U11 RAS KERNEL INFO total of 47 ddr error(s) detected and corrected
